          0 :                            include "mc68hc16.inc"
(1)       0 :                    ;;; -*- mode: asm; mode: flyspell-prog; -*-
(1)       0 :                    ;;; MC68HC16
(1)       0 :                            cpu     68hc16
(1)       0 :                    ;;; Condition Code Register (CCR)
(1)       0 : =100               CC_CARRY      equ  %0000000100000000 ; set to 1 if carry occurred
(1)       0 : =200               CC_OVERFLOW   equ  %0000001000000000 ; set to 1 if overflow occurred
(1)       0 : =400               CC_ZERO       equ  %0000010000000000 ; set to 1 if result is zero
(1)       0 : =800               CC_NEGATIVE   equ  %0000100000000000 ; set to 1 if result is negative
(1)       0 : =1000              CC_EV         equ  %0001000000000000 ; set to 1 if AM overflowed into AM[35:32]
(1)       0 : =2000              CC_HALF_CARRY equ  %0010000000000000 ; if 1, decimal carry from least digit occurred
(1)       0 : =4000              CC_MV         equ  %0100000000000000 ; set to 1 if AM overflowed
(1)       0 : =8000              CC_STOP       equ  %1000000000000000 ; if 1, LPSTOP is disabled
(1)       0 : =E0                CC_IP_gm      equ  %0000000011100000 ; interrupt priority mask; CLI and SEI
(1)       0 :                                                         ; are ANDP/ORP on it
(1)       0 : =10                CC_SM         equ  %0000000000010000 ; saturate mode for MAC
(1)       0 : =F                 CC_PK_gm      equ  %0000000000001111 ; program bank
(1)       0 :
(1)       0 :                    ;;; Vector (CPU16RM Table 9-1); exception handlers run in bank 0
(1)       0 : =0                 VEC_RESET:      equ     $0000   ; $0000: ZK:SK:PK, PC, SP, IZ
(1)       0 : =8                 VEC_BKPT:       equ     $0008   ; $0008: Breakpoint
(1)       0 : =A                 VEC_BERR:       equ     $000A   ; $000A: Bus Error
(1)       0 : =C                 VEC_SWI:        equ     $000C   ; $000C: Software Interrupt
(1)       0 : =E                 VEC_ILLEGAL:    equ     $000E   ; $000E: Illegal Instruction
(1)       0 : =10                VEC_DIV0:       equ     $0010   ; $0010: Division by Zero
(1)       0 : =1E                VEC_UNINIT:     equ     $001E   ; $001E: Uninitialized Interrupt
(1)       0 : =22                VEC_IRQ1:       equ     $0022   ; $0022: Level 1 Interrupt Autovector
(1)       0 : =2E                VEC_IRQ7:       equ     $002E   ; $002E: Level 7 Interrupt Autovector
(1)       0 : =30                VEC_SPURIOUS:   equ     $0030   ; $0030: Spurious Interrupt
(1)       0 :
(1)       0 :                    ;;; MC6850 Asynchronous Communication Interface Adapter at $FFE00:
(1)       0 :                    ;;; reached as ACIA_xxx,Z with ZK:IZ pointing at it.
(1)       0 : =FFE00             ACIA_BASE:      equ     $FFE00
(1)       0 : =0                 ACIA:           equ     0
          0 :
          0 :                            include "../mc6800/mc6850.inc"
(1)       0 :                    ;;; -*- mode: asm; mode: flyspell-prog; -*-
(1)       0 :
(1)       0 :                    ;;; MC6850
(1)       0 :                    ;;; Asynchronous Communication Interface Adapter
(1)       0 :
(1)       0 :                    ;;; Control register
(1)       0 : =0                 ACIA_control:   equ     ACIA+0
(1)       0 :                            ;; Counter Divider Select Bits
(1)       0 : =3                 CDS_gm:         equ     %11    ; Group mask
(1)       0 : =0                 CDS_DIV1_gc:    equ     %00000000 ; /1
(1)       0 : =1                 CDS_DIV16_gc:   equ     %00000001 ; /16
(1)       0 : =2                 CDS_DIV64_gc:   equ     %00000010 ; /64
(1)       0 : =3                 CDS_RESET_gc:   equ     %00000011 ; Master Reset
(1)       0 :                            ;; Word Select Bits
(1)       0 : =1C                WSB_gm:         equ     %00011100 ; Group mask
(1)       0 : =0                 WSB_7E2_gc:     equ     %00000000 ; 7 Bits + Even Parity + 2 Stop Bits
(1)       0 : =4                 WSB_7O2_gc:     equ     %00000100 ; 7 bits + Odd Parity  + 2 Stop Bits
(1)       0 : =8                 WSB_7E1_gc:     equ     %00001000 ; 7 bits + Even Parity + 1 Stop Bits
(1)       0 : =C                 WSB_7O1_gc:     equ     %00001100 ; 7 bits + Odd Parity  + 1 Stop Bits
(1)       0 : =10                WSB_8N2_gc:     equ     %00010000 ; 8 bits + No Parity   + 2 Stop Bits
(1)       0 : =14                WSB_8N1_gc:     equ     %00010100 ; 8 bits + No Parity   + 1 Stop Bits
(1)       0 : =18                WSB_8E1_gc:     equ     %00011000 ; 8 bits + Even Parity + 1 Stop Bits
(1)       0 : =1C                WSB_8O1_gc:     equ     %00011100 ; 8 bits + Odd Parity  + 1 Stop Bits
(1)       0 :                            ;; Transmit Control Bits
(1)       0 : =60                TCB_gm:         equ     %01100000 ; Group mask
(1)       0 : =0                 TCB_DI_gc:      equ     %00000000 ; RTS=Low,  Tx Interrupt Disabled
(1)       0 : =20                TCB_EI_gc:      equ     %00100000 ; RTS=Low,  Tx Interrupt Enabled
(1)       0 : =40                TCB_RTS_gc:     equ     %01000000 ; RTS=High, Tx Interrupt Disabled
(1)       0 : =60                TCB_BREAK_gc:   equ     %01100000 ; RTS=Low,  Tx Interrupt Disabled
(1)       0 :                                                      ; Transmit Break Level
(1)       0 : =80                RIEB_bm:        equ     %10000000 ; Receive Interrupt Enable Bit mask
(1)       0 :
(1)       0 :                    ;;; Status register
(1)       0 : =0                 ACIA_status:    equ     ACIA+0
(1)       0 : =1                 RDRF_bm:        equ     %00000001 ; Receive Data Register Full
(1)       0 : =2                 TDRE_bm:        equ     %00000010 ; Transmit Data Register Empty
(1)       0 : =4                 DCDF_bm:        equ     %00000100 ; Data Carrier Detect Flag
(1)       0 : =8                 CTSF_bm:        equ     %00001000 ; Clear To Send Flag
(1)       0 : =10                FERR_bm:        equ     %00010000 ; Frame Error Flag
(1)       0 : =20                OVRN_bm:        equ     %00100000 ; Receiver Overrun Flag
(1)       0 : =40                PERR_bm:        equ     %01000000 ; Parity Error Flag
(1)       0 : =80                IRQF_bm:        equ     %10000000 ; Interrupt Request Flag
(1)       0 :
(1)       0 :                    ;;; Data register
(1)       0 : =1                 ACIA_data:      equ     ACIA+1          ; Data register
          0 :
       2000 :                            org     $2000
       2000 :
       2000 : =80                rx_queue_size:  equ     128
       2000 :                    rx_queue:       rmb     rx_queue_size
       2080 : =94                RX_INT_TX_NO:   equ     WSB_8N1_gc|RIEB_bm
       2080 :
       2080 : =FFE               stack:  equ     $1000-2         ; PSHM stores at SP, then decrements it
       2080 :
         22 :                            org     VEC_IRQ1
         22 : 02 BA                      fdb     isr_irq
         24 :
          C :                            org     VEC_SWI
          C : 00 0C                      fdb     VEC_SWI         ; for halt to system
          E :
          0 :                            org     VEC_RESET
          0 : 0F 00                      fdb     (ACIA_BASE>>16)<<8 ; ZK:SK:PK: Z in the ACIA's bank
          2 : 02 00                      fdb     initialize
          4 : 0F FE                      fdb     stack
          6 : FE 00                      fdb     ACIA_BASE&$FFFF ; IZ
          8 :
        200 :                            org     $0200
        200 :                    initialize:
        200 : 37 15                      clrb
        202 : 27 FA                      tbek                    ; data, X and Y in bank 0
        204 : 37 9C                      tbxk
        206 : 37 9D                      tbyk
        208 : 37 BF 0F FE                lds     #stack
        20C : 37 BC 20 00                ldx     #rx_queue
        210 : F5 80                      ldab    #rx_queue_size
        212 : FA 00 02 54                jsr     queue_init
        216 :                            ;; initialize ACIA
        216 : 75 03                      ldaa    #CDS_RESET_gc   ; Master reset
        218 : 6A 00                      staa    ACIA_control,z
        21A : 75 94                      ldaa    #RX_INT_TX_NO
        21C : 6A 00                      staa    ACIA_control,z
        21E : 37 3A FF 1F                cli                     ; Enable IRQ
        222 : 37 BC 20 00                ldx     #rx_queue
        226 : B0 FE                      bra     loop
        228 :
        228 :                    wait:
        228 : B0 FC                      bra     loop            ; spin, IRQ enabled: it comes in running code
        22A :                    loop:
        22A : 37 3B 00 E0                sei                     ; Disable IRQ
        22E : FA 00 02 90                jsr     queue_remove
        232 : 37 3A FF 1F                cli                     ; Enable IRQ
        236 : B4 EC                      bcc     wait
        238 : 37 06                      tsta
        23A : B7 08                      beq     halt_to_system
        23C : 36 08                      bsr     putchar
        23E : 78 0D                      cmpa    #$0D
        240 : B6 E4                      bne     loop
        242 : 75 0A                      ldaa    #$0A
        244 : 36 00                      bsr     putchar
        246 : B0 DE                      bra     loop
        248 :                    halt_to_system:
        248 : 37 20                      swi                     ; halt_to_system
        24A :
        24A :                    putchar:
        24A : E5 00                      ldab    ACIA_status,z
        24C : F9 02                      bitb    #TDRE_bm
        24E : B7 F6                      beq     putchar
        250 : 6A 01                      staa    ACIA_data,z
        252 : 27 F7                      rts
        254 :
        254 :                            include "../mc6801/queue.inc"
(1)     254 :                    ;;; [queue] queue structure
(1)     254 : =0                 queue_len:      equ     0       ; queue length
(1)     254 : =1                 queue_size:     equ     1       ; buffer size
(1)     254 : =2                 queue_put:      equ     2       ; queue put index
(1)     254 : =3                 queue_get:      equ     3       ; queue get index
(1)     254 : =4                 queue_buf:      equ     4       ; buffer start offset
(1)     254 :
(1)     254 :                    ;;; [queue] Initialize queue
(1)     254 :                    ;;; @param X queue work space pointer
(1)     254 :                    ;;; @param B queue work space size
(1)     254 :                    ;;; @clobber B
(1)     254 :                    queue_init:
(1)     254 : 37 18                      pshb
(1)     256 : 34 04                      pshx
(1)     258 :                    queue_init_loop:
(1)     258 : 05 00                      clr     0,x
(1)     25A : 3C 01                      inx
(1)     25C : 37 11                      decb
(1)     25E : B6 F4                      bne     queue_init_loop
(1)     260 : 35 10                      pulx
(1)     262 : 37 19                      pulb
(1)     264 : F0 04                      subb    #queue_buf
(1)     266 : CA 01                      stab    queue_size,x
(1)     268 : 27 F7                      rts
(1)     26A :
(1)     26A :                    ;;; [queue] Add an element to queue
(1)     26A :                    ;;; @param X queue work space pointer
(1)     26A :                    ;;; @param A an element
(1)     26A :                    ;;; @return CC.C 0 if queue is full
(1)     26A :                    queue_add:
(1)     26A : 37 18              	pshb
(1)     26C : C5 00                      ldab    queue_len,x
(1)     26E : C8 01                      cmpb    queue_size,x
(1)     270 : B4 16                      bhs     queue_add_return ; carry is cleared
(1)     272 : C5 02                      ldab    queue_put,x     ; 8 bits offset
(1)     274 : 34 04                      pshx
(1)     276 : 37 4F                      abx                     ; X+=B
(1)     278 : 4A 04                      staa    queue_buf,x     ; store an element
(1)     27A : 35 10                      pulx
(1)     27C : 03 00                      inc     queue_len,x
(1)     27E : 37 13                      incb
(1)     280 : CA 02                      stab    queue_put,x
(1)     282 : C8 01                      cmpb    queue_size,x
(1)     284 : B5 02                      blo     queue_add_return ; carry is set
(1)     286 : 05 02                      clr     queue_put,x
(1)     288 : 37 3B 01 00                sec                     ; set carry
(1)     28C :                    queue_add_return:
(1)     28C : 37 19              	pulb
(1)     28E : 27 F7                      rts
(1)     290 :
(1)     290 :                    ;;; [queue] Remove an element from queue
(1)     290 :                    ;;; @param X queue work space pointer
(1)     290 :                    ;;; @return A an element
(1)     290 :                    ;;; @return CC.C 0 if queue is empty
(1)     290 :                    queue_remove:
(1)     290 : 06 00                      tst     queue_len,x
(1)     292 : B6 02                      bne     queue_remove_elem
(1)     294 : 37 3A FE FF                clc                     ; clear carry
(1)     298 : 27 F7                      rts
(1)     29A :                    queue_remove_elem:
(1)     29A : 37 18              	pshb
(1)     29C : C5 03                      ldab    queue_get,x     ; 8 bits offset
(1)     29E : 34 04                      pshx
(1)     2A0 : 37 4F                      abx                     ; X+=B
(1)     2A2 : 45 04                      ldaa    queue_buf,x     ; read an element
(1)     2A4 : 35 10                      pulx
(1)     2A6 : 01 00                      dec     queue_len,x
(1)     2A8 : 37 13                      incb
(1)     2AA : CA 03                      stab    queue_get,x
(1)     2AC : C8 01                      cmpb    queue_size,x
(1)     2AE : B5 02                      blo     queue_remove_return ; carry is set
(1)     2B0 : 05 03                      clr     queue_get,x
(1)     2B2 : 37 3B 01 00                sec                     ; set carry
(1)     2B6 :                    queue_remove_return:
(1)     2B6 : 37 19                      pulb
(1)     2B8 : 27 F7                      rts
(1)     2BA :
(1)     2BA :                    ;;; Local Variables:
(1)     2BA :                    ;;; mode: asm
(1)     2BA :                    ;;; End:
(1)     2BA :                    ;;; vim: set ft=asm et ts=4 sw=4:
        2BA :
        2BA :                    isr_irq:
        2BA : E5 00                      ldab    ACIA_status,z
        2BC : F9 80                      bitb    #IRQF_bm
        2BE : B7 0A                      beq     isr_irq_return
        2C0 :                    isr_irq_receive:
        2C0 : F9 01                      bitb    #RDRF_bm
        2C2 : B7 06                      beq     isr_irq_return
        2C4 : 65 01                      ldaa    ACIA_data,z
        2C6 : 37 BC 20 00                ldx     #rx_queue
        2CA : FA 00 02 6A                jsr     queue_add
        2CE :                    isr_irq_return:
        2CE : 27 77                      rti
