          0 :                            include "mc68hc16.inc"
(1)       0 :                    ;;; -*- mode: asm; mode: flyspell-prog; -*-
(1)       0 :                    ;;; MC68HC16
(1)       0 :                            cpu     68hc16
(1)       0 :                    ;;; Condition Code Register (CCR)
(1)       0 : =100               CC_CARRY      equ  %0000000100000000 ; set to 1 if carry occurred
(1)       0 : =200               CC_OVERFLOW   equ  %0000001000000000 ; set to 1 if overflow occurred
(1)       0 : =400               CC_ZERO       equ  %0000010000000000 ; set to 1 if result is zero
(1)       0 : =800               CC_NEGATIVE   equ  %0000100000000000 ; set to 1 if result is negative
(1)       0 : =1000              CC_EV         equ  %0001000000000000 ; set to 1 if AM overflowed into AM[35:32]
(1)       0 : =2000              CC_HALF_CARRY equ  %0010000000000000 ; if 1, decimal carry from least digit occurred
(1)       0 : =4000              CC_MV         equ  %0100000000000000 ; set to 1 if AM overflowed
(1)       0 : =8000              CC_STOP       equ  %1000000000000000 ; if 1, LPSTOP is disabled
(1)       0 : =E0                CC_IP_gm      equ  %0000000011100000 ; interrupt priority mask; CLI and SEI
(1)       0 :                                                         ; are ANDP/ORP on it
(1)       0 : =10                CC_SM         equ  %0000000000010000 ; saturate mode for MAC
(1)       0 : =F                 CC_PK_gm      equ  %0000000000001111 ; program bank
(1)       0 :
(1)       0 :                    ;;; Vector (CPU16RM Table 9-1); exception handlers run in bank 0
(1)       0 : =0                 VEC_RESET:      equ     $0000   ; $0000: ZK:SK:PK, PC, SP, IZ
(1)       0 : =8                 VEC_BKPT:       equ     $0008   ; $0008: Breakpoint
(1)       0 : =A                 VEC_BERR:       equ     $000A   ; $000A: Bus Error
(1)       0 : =C                 VEC_SWI:        equ     $000C   ; $000C: Software Interrupt
(1)       0 : =E                 VEC_ILLEGAL:    equ     $000E   ; $000E: Illegal Instruction
(1)       0 : =10                VEC_DIV0:       equ     $0010   ; $0010: Division by Zero
(1)       0 : =1E                VEC_UNINIT:     equ     $001E   ; $001E: Uninitialized Interrupt
(1)       0 : =22                VEC_IRQ1:       equ     $0022   ; $0022: Level 1 Interrupt Autovector
(1)       0 : =2E                VEC_IRQ7:       equ     $002E   ; $002E: Level 7 Interrupt Autovector
(1)       0 : =30                VEC_SPURIOUS:   equ     $0030   ; $0030: Spurious Interrupt
(1)       0 :
(1)       0 :                    ;;; MC6850 Asynchronous Communication Interface Adapter at $FFE00:
(1)       0 :                    ;;; reached as ACIA_xxx,Z with ZK:IZ pointing at it.
(1)       0 : =FFE00             ACIA_BASE:      equ     $FFE00
(1)       0 : =0                 ACIA:           equ     0
          0 :
          0 :                            include "../mc6800/mc6850.inc"
(1)       0 :                    ;;; -*- mode: asm; mode: flyspell-prog; -*-
(1)       0 :
(1)       0 :                    ;;; MC6850
(1)       0 :                    ;;; Asynchronous Communication Interface Adapter
(1)       0 :
(1)       0 :                    ;;; Control register
(1)       0 : =0                 ACIA_control:   equ     ACIA+0
(1)       0 :                            ;; Counter Divider Select Bits
(1)       0 : =3                 CDS_gm:         equ     %11    ; Group mask
(1)       0 : =0                 CDS_DIV1_gc:    equ     %00000000 ; /1
(1)       0 : =1                 CDS_DIV16_gc:   equ     %00000001 ; /16
(1)       0 : =2                 CDS_DIV64_gc:   equ     %00000010 ; /64
(1)       0 : =3                 CDS_RESET_gc:   equ     %00000011 ; Master Reset
(1)       0 :                            ;; Word Select Bits
(1)       0 : =1C                WSB_gm:         equ     %00011100 ; Group mask
(1)       0 : =0                 WSB_7E2_gc:     equ     %00000000 ; 7 Bits + Even Parity + 2 Stop Bits
(1)       0 : =4                 WSB_7O2_gc:     equ     %00000100 ; 7 bits + Odd Parity  + 2 Stop Bits
(1)       0 : =8                 WSB_7E1_gc:     equ     %00001000 ; 7 bits + Even Parity + 1 Stop Bits
(1)       0 : =C                 WSB_7O1_gc:     equ     %00001100 ; 7 bits + Odd Parity  + 1 Stop Bits
(1)       0 : =10                WSB_8N2_gc:     equ     %00010000 ; 8 bits + No Parity   + 2 Stop Bits
(1)       0 : =14                WSB_8N1_gc:     equ     %00010100 ; 8 bits + No Parity   + 1 Stop Bits
(1)       0 : =18                WSB_8E1_gc:     equ     %00011000 ; 8 bits + Even Parity + 1 Stop Bits
(1)       0 : =1C                WSB_8O1_gc:     equ     %00011100 ; 8 bits + Odd Parity  + 1 Stop Bits
(1)       0 :                            ;; Transmit Control Bits
(1)       0 : =60                TCB_gm:         equ     %01100000 ; Group mask
(1)       0 : =0                 TCB_DI_gc:      equ     %00000000 ; RTS=Low,  Tx Interrupt Disabled
(1)       0 : =20                TCB_EI_gc:      equ     %00100000 ; RTS=Low,  Tx Interrupt Enabled
(1)       0 : =40                TCB_RTS_gc:     equ     %01000000 ; RTS=High, Tx Interrupt Disabled
(1)       0 : =60                TCB_BREAK_gc:   equ     %01100000 ; RTS=Low,  Tx Interrupt Disabled
(1)       0 :                                                      ; Transmit Break Level
(1)       0 : =80                RIEB_bm:        equ     %10000000 ; Receive Interrupt Enable Bit mask
(1)       0 :
(1)       0 :                    ;;; Status register
(1)       0 : =0                 ACIA_status:    equ     ACIA+0
(1)       0 : =1                 RDRF_bm:        equ     %00000001 ; Receive Data Register Full
(1)       0 : =2                 TDRE_bm:        equ     %00000010 ; Transmit Data Register Empty
(1)       0 : =4                 DCDF_bm:        equ     %00000100 ; Data Carrier Detect Flag
(1)       0 : =8                 CTSF_bm:        equ     %00001000 ; Clear To Send Flag
(1)       0 : =10                FERR_bm:        equ     %00010000 ; Frame Error Flag
(1)       0 : =20                OVRN_bm:        equ     %00100000 ; Receiver Overrun Flag
(1)       0 : =40                PERR_bm:        equ     %01000000 ; Parity Error Flag
(1)       0 : =80                IRQF_bm:        equ     %10000000 ; Interrupt Request Flag
(1)       0 :
(1)       0 :                    ;;; Data register
(1)       0 : =1                 ACIA_data:      equ     ACIA+1          ; Data register
          0 : =94                RX_INT_TX_NO:   equ     WSB_8N1_gc|RIEB_bm
          0 : =B4                RX_INT_TX_INT:  equ     WSB_8N1_gc|RIEB_bm|TCB_EI_gc
          0 :
       2000 :                            org     $2000
       2000 :
       2000 : =80                rx_queue_size:  equ     128
       2000 :                    rx_queue:       rmb     rx_queue_size
       2080 : =80                tx_queue_size:  equ     128
       2080 :                    tx_queue:       rmb     tx_queue_size
       2100 :
       2100 : =FFE               stack:  equ     $1000-2         ; PSHM stores at SP, then decrements it
       2100 :
         22 :                            org     VEC_IRQ1
         22 : 03 36                      fdb     isr_irq
         24 :
          C :                            org     VEC_SWI
          C : 00 0C                      fdb     VEC_SWI         ; for halt to system
          E :
          0 :                            org     VEC_RESET
          0 : 0F 00                      fdb     (ACIA_BASE>>16)<<8 ; ZK:SK:PK: Z in the ACIA's bank
          2 : 02 00                      fdb     initialize
          4 : 0F FE                      fdb     stack
          6 : FE 00                      fdb     ACIA_BASE&$FFFF ; IZ
          8 :
        200 :                            org     $0200
        200 :                    initialize:
        200 : 37 15                      clrb
        202 : 27 FA                      tbek                    ; data, X and Y in bank 0
        204 : 37 9C                      tbxk
        206 : 37 9D                      tbyk
        208 : 37 BF 0F FE                lds     #stack
        20C : 37 BC 20 00                ldx     #rx_queue
        210 : F5 80                      ldab    #rx_queue_size
        212 : FA 00 02 D0                jsr     queue_init
        216 : 37 BC 20 80                ldx     #tx_queue
        21A : F5 80                      ldab    #tx_queue_size
        21C : FA 00 02 D0                jsr     queue_init
        220 :                            ;; initialize ACIA
        220 : 75 03                      ldaa    #CDS_RESET_gc   ; master reset
        222 : 6A 00                      staa    ACIA_control,z
        224 : 75 94                      ldaa    #RX_INT_TX_NO   ; disable Tx interrupt
        226 : 6A 00                      staa    ACIA_control,z
        228 : 37 3A FF 1F                cli                     ; enable IRQ
        22C : B0 FE                      bra     loop
        22E :
        22E :                    wait:
        22E : 27 F3                      wai
        230 :                    loop:
        230 : 36 64                      bsr     getchar
        232 : B4 F6                      bcc     wait
        234 : 37 06                      tsta
        236 : B7 10                      beq     halt_to_system
        238 : 37 17                      tab
        23A : 36 70                      bsr     putchar         ; echo
        23C : 75 20                      ldaa    #' '            ; space
        23E : 36 6C                      bsr     putchar
        240 : 36 10                      bsr     put_hex8        ; print in hex
        242 : 75 20                      ldaa    #' '            ; space
        244 : 36 66                      bsr     putchar
        246 : 36 2E                      bsr     put_bin8        ; print in binary
        248 : 36 00                      bsr     newline
        24A : B0 E0                      bra     loop
        24C :                    halt_to_system:
        24C : 37 20                      swi
        24E :
        24E :                    ;;; Put newline
        24E :                    ;;; @clobber A
        24E :                    newline:
        24E : 75 0D                      ldaa    #$0D
        250 : 36 5A                      bsr     putchar
        252 : 75 0A                      ldaa    #$0A
        254 : B0 56                      bra     putchar
        256 :
        256 :                    ;;; Print uint8_t in hex
        256 :                    ;;; @param B uint8_t value to be printed in hex.
        256 :                    ;;; @clobber A
        256 :                    put_hex8:
        256 : 75 30                      ldaa    #'0'
        258 : 36 52                      bsr     putchar
        25A : 75 78                      ldaa    #'x'
        25C : 36 4E                      bsr     putchar
        25E : 37 07                      tba
        260 : 37 0F                      lsra
        262 : 37 0F                      lsra
        264 : 37 0F                      lsra
        266 : 37 0F                      lsra
        268 : 36 FE                      bsr     put_hex4
        26A : 37 07                      tba
        26C :                    put_hex4:
        26C : 76 0F                      anda    #$0F
        26E : 78 0A                      cmpa    #10
        270 : B5 00                      blo     put_hex8_dec
        272 : 71 37                      adda    #'A'-10
        274 : B0 36                      bra     putchar
        276 :                    put_hex8_dec:
        276 : 71 30                      adda    #'0'
        278 : B0 32                      bra     putchar
        27A :
        27A :                    ;;; Print uint8_t in binary
        27A :                    ;;; @param B uint8_t value to be printed in binary.
        27A :                    ;;; @clobber A
        27A :                    put_bin8:
        27A : 37 18                      pshb
        27C : 75 30                      ldaa    #'0'
        27E : 36 2C                      bsr     putchar
        280 : 75 62                      ldaa    #'b'
        282 : 36 28                      bsr     putchar
        284 : 36 02                      bsr     put_bin4
        286 : 36 00                      bsr     put_bin4
        288 : 37 19                      pulb
        28A : 27 F7                      rts
        28C :                    put_bin4:
        28C : 36 FC                      bsr     put_bin2
        28E :                    put_bin2:
        28E : 36 FC                      bsr     put_bin1
        290 :                    put_bin1:
        290 : 75 30                      ldaa    #'0'
        292 : 37 14                      lslb                    ; C=MSB
        294 : B4 16                      bcc     putchar         ; MSB=0
        296 : 37 03                      inca                    ; MSB=1
        298 : B0 12                      bra     putchar
        29A :
        29A :                    ;;; Get character
        29A :                    ;;; @return A
        29A :                    ;;; @return CC.C 0 if no character
        29A :                    getchar:
        29A : 34 04                      pshx
        29C : 37 3B 00 E0                sei                     ; disable IRQ
        2A0 : 37 BC 20 00                ldx     #rx_queue
        2A4 : FA 00 03 0C                jsr     queue_remove
        2A8 : 37 3A FF 1F                cli
        2AC : 35 10                      pulx
        2AE : 27 F7                      rts
        2B0 :
        2B0 :                    ;;; Put character
        2B0 :                    ;;; @param A
        2B0 :                    putchar:
        2B0 : 37 08                      psha
        2B2 : 34 04                      pshx
        2B4 : 37 BC 20 80                ldx     #tx_queue
        2B8 :                    putchar_retry:
        2B8 : 37 3B 00 E0                sei                     ; disable IRQ
        2BC : FA 00 02 E6                jsr     queue_add
        2C0 : 37 3A FF 1F                cli                     ; enable IRQ
        2C4 : B4 EE                      bcc     putchar_retry   ; branch if queue is full
        2C6 : 75 B4                      ldaa    #RX_INT_TX_INT  ; enable Tx interrupt
        2C8 : 6A 00                      staa    ACIA_control,z
        2CA : 35 10                      pulx
        2CC : 37 09                      pula
        2CE : 27 F7                      rts
        2D0 :
        2D0 :                            include "../mc6801/queue.inc"
(1)     2D0 :                    ;;; [queue] queue structure
(1)     2D0 : =0                 queue_len:      equ     0       ; queue length
(1)     2D0 : =1                 queue_size:     equ     1       ; buffer size
(1)     2D0 : =2                 queue_put:      equ     2       ; queue put index
(1)     2D0 : =3                 queue_get:      equ     3       ; queue get index
(1)     2D0 : =4                 queue_buf:      equ     4       ; buffer start offset
(1)     2D0 :
(1)     2D0 :                    ;;; [queue] Initialize queue
(1)     2D0 :                    ;;; @param X queue work space pointer
(1)     2D0 :                    ;;; @param B queue work space size
(1)     2D0 :                    ;;; @clobber B
(1)     2D0 :                    queue_init:
(1)     2D0 : 37 18                      pshb
(1)     2D2 : 34 04                      pshx
(1)     2D4 :                    queue_init_loop:
(1)     2D4 : 05 00                      clr     0,x
(1)     2D6 : 3C 01                      inx
(1)     2D8 : 37 11                      decb
(1)     2DA : B6 F4                      bne     queue_init_loop
(1)     2DC : 35 10                      pulx
(1)     2DE : 37 19                      pulb
(1)     2E0 : F0 04                      subb    #queue_buf
(1)     2E2 : CA 01                      stab    queue_size,x
(1)     2E4 : 27 F7                      rts
(1)     2E6 :
(1)     2E6 :                    ;;; [queue] Add an element to queue
(1)     2E6 :                    ;;; @param X queue work space pointer
(1)     2E6 :                    ;;; @param A an element
(1)     2E6 :                    ;;; @return CC.C 0 if queue is full
(1)     2E6 :                    queue_add:
(1)     2E6 : 37 18              	pshb
(1)     2E8 : C5 00                      ldab    queue_len,x
(1)     2EA : C8 01                      cmpb    queue_size,x
(1)     2EC : B4 16                      bhs     queue_add_return ; carry is cleared
(1)     2EE : C5 02                      ldab    queue_put,x     ; 8 bits offset
(1)     2F0 : 34 04                      pshx
(1)     2F2 : 37 4F                      abx                     ; X+=B
(1)     2F4 : 4A 04                      staa    queue_buf,x     ; store an element
(1)     2F6 : 35 10                      pulx
(1)     2F8 : 03 00                      inc     queue_len,x
(1)     2FA : 37 13                      incb
(1)     2FC : CA 02                      stab    queue_put,x
(1)     2FE : C8 01                      cmpb    queue_size,x
(1)     300 : B5 02                      blo     queue_add_return ; carry is set
(1)     302 : 05 02                      clr     queue_put,x
(1)     304 : 37 3B 01 00                sec                     ; set carry
(1)     308 :                    queue_add_return:
(1)     308 : 37 19              	pulb
(1)     30A : 27 F7                      rts
(1)     30C :
(1)     30C :                    ;;; [queue] Remove an element from queue
(1)     30C :                    ;;; @param X queue work space pointer
(1)     30C :                    ;;; @return A an element
(1)     30C :                    ;;; @return CC.C 0 if queue is empty
(1)     30C :                    queue_remove:
(1)     30C : 06 00                      tst     queue_len,x
(1)     30E : B6 02                      bne     queue_remove_elem
(1)     310 : 37 3A FE FF                clc                     ; clear carry
(1)     314 : 27 F7                      rts
(1)     316 :                    queue_remove_elem:
(1)     316 : 37 18              	pshb
(1)     318 : C5 03                      ldab    queue_get,x     ; 8 bits offset
(1)     31A : 34 04                      pshx
(1)     31C : 37 4F                      abx                     ; X+=B
(1)     31E : 45 04                      ldaa    queue_buf,x     ; read an element
(1)     320 : 35 10                      pulx
(1)     322 : 01 00                      dec     queue_len,x
(1)     324 : 37 13                      incb
(1)     326 : CA 03                      stab    queue_get,x
(1)     328 : C8 01                      cmpb    queue_size,x
(1)     32A : B5 02                      blo     queue_remove_return ; carry is set
(1)     32C : 05 03                      clr     queue_get,x
(1)     32E : 37 3B 01 00                sec                     ; set carry
(1)     332 :                    queue_remove_return:
(1)     332 : 37 19                      pulb
(1)     334 : 27 F7                      rts
(1)     336 :
(1)     336 :                    ;;; Local Variables:
(1)     336 :                    ;;; mode: asm
(1)     336 :                    ;;; End:
(1)     336 :                    ;;; vim: set ft=asm et ts=4 sw=4:
        336 :
        336 :                    isr_irq:
        336 : E5 00                      ldab    ACIA_status,z
        338 : F9 80                      bitb    #IRQF_bm
        33A : B7 1A                      beq     isr_irq_exit
        33C : F9 01                      bitb    #RDRF_bm
        33E : B7 06                      beq     isr_irq_send
        340 : 65 01                      ldaa    ACIA_data,z     ; receive character
        342 : 37 BC 20 00                ldx     #rx_queue
        346 : FA 00 02 E6                jsr     queue_add
        34A :                    isr_irq_send:
        34A : F9 02                      bitb    #TDRE_bm
        34C : B7 08                      beq     isr_irq_exit
        34E : 37 BC 20 80                ldx     #tx_queue
        352 : FA 00 03 0C                jsr     queue_remove
        356 : B4 00                      bcc     isr_irq_send_empty
        358 : 6A 01                      staa    ACIA_data,z     ; send character
        35A :                    isr_irq_exit:
        35A : 27 77                      rti
        35C :                    isr_irq_send_empty:
        35C : 75 94                      ldaa    #RX_INT_TX_NO
        35E : 6A 00                      staa    ACIA_control,z  ; disable Tx interrupt
        360 : 27 77                      rti
