          0 :                    ;;; -*- mode: asm; mode: flyspell-prog; -*-
          0 :                            cpu     8048
          0 :                            include "i8048.inc"
(1)       0 :                    ;;; -*- mode: asm; mode: flyspell-prog; -*-
(1)       0 :                    ;;; i8048
(1)       0 :                    ;;; PSW Register
(1)       0 : =80                PSW_CY:         equ     10000000B ; set to 1 if carry
(1)       0 : =40                PSW_AC:         equ     01000000B ; set to 1 if auxillary carry
(1)       0 : =10                PSW_F0:         equ     00010000B ; flag 0
(1)       0 : =4                 PSW_BS:         equ     00000100B ; register bank select
(1)       0 : =7                 PSW_SP:         equ     00000111B ; stack pointer (grow upward)
(1)       0 :                    ;;; Interrupt origin
(1)       0 : =0                 ORG_RESET:      equ     000H    ; RESET
(1)       0 : =3                 ORG_INT:        equ     003H    ; #INT
(1)       0 :                    ;;; Register bank and stack
(1)       0 : =0                 BASE_BANK0:     equ     00H     ; R0-R7
(1)       0 : =8                 BASE_STACK:     equ     08H     ; PSW:PC
(1)       0 : =18                BASE_BANK1:     equ     18H     ; R0-R7
(1)       0 : =20                BASE_MEMORY:    equ     20H     ; general purpose memory
          0 :
          0 :                    ;;; i8251 Universal Synchronous/Asynchronous Receiver/Transmitter
          0 : =FC                USART:          equ     0FCH
          0 : =FC                USARTD:         equ     USART+0 ; Receive/Transmit data
          0 : =FD                USARTS:         equ     USART+1 ; Srtatus register
          0 : =FD                USARTC:         equ     USART+1 ; Control register
          0 : =FE                USARTRV:        equ     USART+2 ; Receive interrupt vector (ORG_*)
          0 : =FF                USARTTV:        equ     USART+3 ; Transmit interrupt vector (ORG_*)
          0 :                            include "i8251.inc"
(1)       0 :                    ;;; -*- mode: asm; mode: flyspell-prog; -*-
(1)       0 :
(1)       0 :                    ;;; i8251 USART device emulator.
(1)       0 : =6                 MODE_STOP_gp:   equ     6
(1)       0 : =C0                MODE_STOP_gm:   equ     11000000B
(1)       0 : =40                MODE_STOP1_gc:  equ     (1 << MODE_STOP_gp)
(1)       0 : =80                MODE_STOP15_gc: equ     (2 << MODE_STOP_gp)
(1)       0 : =C0                MODE_STOP2_gc:  equ     (3 << MODE_STOP_gp)
(1)       0 : =20                MODE_EVEN_bm:   equ     00100000B
(1)       0 : =10                MODE_PARITY_bm: equ     00010000B
(1)       0 : =2                 MODE_LEN_gp:    equ     2
(1)       0 : =C                 MODE_LEN_gm:    equ     00001100B
(1)       0 : =0                 MODE_LEN5_gc:   equ     (0 << MODE_LEN_gp)
(1)       0 : =4                 MODE_LEN6_gc:   equ     (1 << MODE_LEN_gp)
(1)       0 : =8                 MODE_LEN7_gc:   equ     (2 << MODE_LEN_gp)
(1)       0 : =C                 MODE_LEN8_gc:   equ     (3 << MODE_LEN_gp)
(1)       0 : =0                 MODE_BAUD_gp:   equ     0
(1)       0 : =3                 MODE_BAUD_gm:   equ     00000011B
(1)       0 : =1                 MODE_BAUD_X1:   equ     (1 << MODE_BAUD_gp)
(1)       0 : =2                 MODE_BAUD_X16:  equ (2 << MODE_BAUD_gp)
(1)       0 : =3                 MODE_BAUD_X64:  equ (3 << MODE_BAUD_gp)
(1)       0 :                    ;;; Bit Definition of command register
(1)       0 : =80                CMD_EH_bm:      equ     10000000B   ; Enter hunt mode
(1)       0 : =40                CMD_IR_bm:      equ     01000000B   ; Internal Reset
(1)       0 : =20                CMD_RTS_bm:     equ     00100000B   ; Request To Send
(1)       0 : =10                CMD_ER_bm:      equ     00010000B   ; Error Reset
(1)       0 : =8                 CMD_SBRK_bm:    equ     00001000B   ; Send Break
(1)       0 : =4                 CMD_RxEN_bm:    equ     00000100B   ; Receive Enable
(1)       0 : =2                 CMD_DTR_bm:     equ     00000010B   ; Data Terminal Ready
(1)       0 : =1                 CMD_TxEN_bm:    equ     00000001B   ; Transmit enable
(1)       0 :
(1)       0 :                    ;;; Bit definition of status register
(1)       0 : =80                ST_DSR_bm:      equ     10000000B   ; Data Set Ready
(1)       0 : =40                ST_BRK_bm:      equ     01000000B   ; BREAK detected
(1)       0 : =20                ST_FE_bm:       equ     00100000B   ; Framing Error
(1)       0 : =10                ST_OE_bm:       equ     00010000B   ; Overrun Error
(1)       0 : =8                 ST_PE_bm:       equ     00001000B   ; Parity Error
(1)       0 : =4                 ST_TxEMPTY_bm:  equ     00000100B   ; Transmitter empty
(1)       0 : =2                 ST_RxRDY_bm:    equ     00000010B   ; Receiver ready
(1)       0 : =1                 ST_TxRDY_bm:    equ     00000001B   ; Transmitter ready
(1)       0 : =1                 ST_RxRDY_bp:    equ     1           ; Receiver ready
(1)       0 : =0                 ST_TxRDY_bp:    equ     0           ; Transmitter ready
          0 :                    ;;; Async 1stop 8data x16
          0 : =4E                ASYNC_MODE:     equ     MODE_STOP1_gc|MODE_LEN8_gc|MODE_BAUD_X16
          0 :                    ;;; RTS/DTR, error reset, Rx enable, Tx enable
          0 : =37                RX_EN_TX_EN:    equ     CMD_RTS_bm|CMD_DTR_bm|CMD_ER_bm|CMD_RxEN_bm|CMD_TxEN_bm
          0 : =36                RX_EN_TX_DIS:   equ     CMD_RTS_bm|CMD_DTR_bm|CMD_ER_bm|CMD_RxEN_bm
          0 :
          0 :                    ;;; External data memory
          0 :                            org     00H
          0 : =8                 rx_queue_size:  equ     8
          0 :                    rx_queue_buf:   ds      rx_queue_size
          8 : =38                tx_queue_size:  equ     56
          8 :                    tx_queue_buf:   ds      tx_queue_size
         40 :                            ds      4
         44 :                    isr_stack:                      ; the ISR's software stack, R1 of BANK1
         FC :                            org     USART
         FC :                    ;;;  Software stack; pre-decrement, post-increment pointed by R1 on
         FC :                    ;;;  external data memory
         FC : =FC                stack:          equ     $
         FC :
         FC :                    ;;; Internal data memory
         20 :                            org     BASE_MEMORY
         20 :                    rx_queue:       ds      queue_work_size
         25 :                    tx_queue:       ds      queue_work_size
         2A :
          0 :                            org     ORG_RESET
          0 : 04 05                      jmp     init
          3 :                            org     ORG_INT
          3 : 24 17                      jmp     isr_intr
          5 :                    init:
          5 : B9 FC                      mov     R1, #stack
          7 : D5                         sel     RB1
          8 : B9 44                      mov     R1, #isr_stack
          A : C5                         sel     RB0
          B : B8 20                      mov     R0, #rx_queue
          D : BA 00                      mov     R2, #rx_queue_buf
          F : 23 08                      mov     A, #rx_queue_size
         11 : 14 AC                      call    queue_init
         13 : B8 25                      mov     R0, #tx_queue
         15 : BA 08                      mov     R2, #tx_queue_buf
         17 : 23 38                      mov     A, #tx_queue_size
         19 : 14 AC                      call    queue_init
         1B :                    init_usart:
         1B : B8 FD                      mov     R0, #USARTC
         1D : 27                         clr     A
         1E : 90                         movx    @R0, A
         1F : 90                         movx    @R0, A
         20 : 90                         movx    @R0, A          ; safest way to sync mode
         21 : 23 40                      mov     a, #CMD_IR_bm
         23 : 90                         movx    @R0, A          ; reset
         24 : 00                         nop
         25 : 00                         nop
         26 : 23 4E                      mov     a, #ASYNC_MODE
         28 : 90                         movx    @R0, A
         29 : 00                         nop
         2A : 00                         nop
         2B : 23 37                      mov     a, #RX_EN_TX_EN
         2D : 90                         movx    @R0, A
         2E : 23 03                      mov     a, #ORG_INT
         30 : B8 FE                      mov     R0, #USARTRV
         32 : 90                         movx    @R0, A          ; enable RxRDY interrupt
         33 : 18                         inc     R0
         34 : 90                         movx    @R0, A          ; enable TxRDY interrupt
         35 : 05                         en      I
         36 :
         36 :                    receive_loop:
         36 : 14 7F                      call    getchar
         38 : E6 36                      jnc     receive_loop
         3A : C6 4B                      jz      halt_to_system
         3C : AB                         mov     R3, A           ; save letter
         3D : 14 97                      call    putchar         ; echo
         3F : 14 8D                      call    putspace
         41 : 14 4C                      call    put_hex8        ; print in hex
         43 : 14 8D                      call    putspace
         45 : 14 65                      call    put_bin8        ; print in binary
         47 : 14 91                      call    newline
         49 : 04 36                      jmp     receive_loop
         4B :                    halt_to_system:
         4B : 01                         db      01H
         4C :
         4C :                    ;;; Print uint8_t in hex
         4C :                    ;;; @param R3 uint8_t value to be printed in hex.
         4C :                    ;;; @clobber A
         4C :                    put_hex8:
         4C : 23 30                      mov     A, #'0'
         4E : 14 97                      call    putchar
         50 : 23 78                      mov     A, #'x'
         52 : 14 97                      call    putchar
         54 : FB                         mov     A, R3
         55 : 47                         swap    A
         56 : 14 59                      call    put_hex4
         58 : FB                         mov     A, R3
         59 :                    put_hex4:
         59 : 53 0F                      anl     A, #0FH
         5B : 03 F6                      add     A, #-10
         5D : E6 61                      jnc     put_hex8_dec    ; A<10
         5F : 03 07                      add     A, #'A'-('0'+10)
         61 :                    put_hex8_dec:
         61 : 03 3A                      add     A, #'0'+10
         63 : 04 97                      jmp     putchar
         65 :
         65 :                    ;;; Print uint8_t in binary
         65 :                    ;;; @param R3 uint8_t value to be printed in binary.
         65 :                    ;;; @clobber A R2
         65 :                    put_bin8:
         65 : 23 30                      mov     A, #'0'
         67 : 14 97                      call    putchar
         69 : 23 62                      mov     A, #'b'
         6B : 14 97                      call    putchar
         6D : FB                         mov     A, R3
         6E : AA                         mov     R2, A
         6F : 14 71                      call    put_bin4
         71 :                    put_bin4:
         71 : 14 73                      call    put_bin2
         73 :                    put_bin2:
         73 : 14 75                      call    put_bin1
         75 :                    put_bin1:
         75 : FA                         mov     A, R2
         76 : F7                         rlc     A               ; C=MSB
         77 : AA                         mov     R2, A
         78 : 23 30                      mov     A, #'0'
         7A : E6 97                      jnc     putchar         ; MSB=0
         7C : 17                         inc     A
         7D : 04 97                      jmp     putchar
         7F :                            
         7F :                    ;;; Get character
         7F :                    ;;; @return A
         7F :                    ;;; @return PSW.C 0 if no character
         7F :                    getchar:
         7F : F8                         mov     A, R0
         80 : C9                         dec     R1
         81 : 91                         movx    @R1, A          ; save R0
         82 : B8 20                      mov     R0, #rx_queue
         84 : 15                         dis     I
         85 : 14 EF                      call    queue_remove
         87 : 05                         en      I
         88 : 28                         xch     A, R0           ; save character
         89 : 81                         movx    A, @R1          ; restore R0
         8A : 19                         inc     R1
         8B : 28                         xch     A, R0           ; restore character
         8C : 83                         ret
         8D :
         8D :                    ;;; Put space
         8D :                    ;;; @clobber A
         8D :                    putspace:
         8D : 23 20                      mov     A, #' '
         8F : 04 97                      jmp     putchar
         91 :
         91 :                    ;;; Put newline
         91 :                    ;;; @clobber A
         91 :                    newline:
         91 : 23 0D                      mov     A, #0DH
         93 : 14 97                      call    putchar
         95 : 23 0A                      mov     A, #0AH
         97 :
         97 :                    ;;; Put character
         97 :                    ;;; @param A
         97 :                    ;;; @clobber A
         97 :                    putchar:
         97 : 28                         xch     A, R0           ; save character
         98 : C9                         dec     R1
         99 : 91                         movx    @R1, A          ; save R0
         9A : F8                         mov     A, R0           ; restore character
         9B :                    putchar_loop:
         9B : B8 25                      mov     R0, #tx_queue
         9D : 15                         dis     I
         9E : 14 C2                      call    queue_add
         A0 : 05                         en      I
         A1 : E6 9B                      jnc     putchar_loop    ; branch if queue is full
         A3 : B8 FD                      mov     R0, #USARTC
         A5 : 23 37                      mov     A, #RX_EN_TX_EN ; enable Tx
         A7 : 90                         movx    @R0, A
         A8 : 81                         movx    A, @R1
         A9 : 19                         inc     R1
         AA : A8                         mov     R0, A           ; restore R0
         AB : 83                         ret
         AC :
         AC :                            include "queue.inc"
(1)      AC :                    ;;; -*- mode: asm; mode: flyspell-prog; -*-
(1)      AC :                    ;;; [queue] queue structure on internal data memory
(1)      AC : =0                 queue_len:      equ     0       ; queue length
(1)      AC : =1                 queue_size:     equ     1       ; buffer size
(1)      AC : =2                 queue_buf:      equ     2       ; buffer pointer to external data memory
(1)      AC : =3                 queue_put:      equ     3       ; queue put index
(1)      AC : =4                 queue_get:      equ     4       ; queue get index
(1)      AC : =5                 queue_work_size:        equ     5
(1)      AC :
(1)      AC :                    ;;; [queue] Initialize queue
(1)      AC :                    ;;; @param R0 queue work space pointer
(1)      AC :                    ;;; @param R2 queue buffer pointer
(1)      AC :                    ;;; @param A queue buffer size
(1)      AC :                    ;;; @clobber A R0
(1)      AC :                    queue_init:
(1)      AC : AF                         mov     R7, A
(1)      AD : B0 00                      mov     @R0, #0         ; queue_len
(1)      AF : 18                         inc     R0
(1)      B0 : A0                         mov     @R0, A          ; queue_size
(1)      B1 : 18                         inc     R0
(1)      B2 : FA                         mov     A, R2
(1)      B3 : A0                         mov     @R0, A          ; queue_buffer
(1)      B4 : 18                         inc     R0
(1)      B5 : B0 00                      mov     @R0, #0         ; queue_put
(1)      B7 : 18                         inc     R0
(1)      B8 : B0 00                      mov     @R0, #0         ; queue_get
(1)      BA : FA                         mov     A, R2
(1)      BB : A8                         mov     R0, A           ; R0=queue_buffer
(1)      BC : 27                         clr     A
(1)      BD :                    queue_init_loop:
(1)      BD : 90                         movx    @R0, A
(1)      BE : 18                         inc     R0
(1)      BF : EF BD                      djnz    R7, queue_init_loop
(1)      C1 : 83                         ret
(1)      C2 :
(1)      C2 :                    ;;; [queue] Add an element to queue
(1)      C2 :                    ;;; @param R0 queue work space pointer
(1)      C2 :                    ;;; @param A an element
(1)      C2 :                    ;;; @return PSW.C 0 if queue is full
(1)      C2 :                    ;;; @clobber R0
(1)      C2 :                    queue_add:
(1)      C2 : C9                         dec     R1
(1)      C3 : 91                         movx    @R1, A          ; save A
(1)      C4 : F0                         mov     A, @R0          ; queue_len
(1)      C5 : 18                         inc     R0
(1)      C6 : D0                         xrl     A, @R0          ; queue_size
(1)      C7 : 96 CD                      jnz     queue_add_store
(1)      C9 : 81                         movx    A, @R1          ; restore A
(1)      CA : 19                         inc     R1
(1)      CB : 97                         clr     C               ; PSW.C=0
(1)      CC : 83                         ret
(1)      CD :                    queue_add_store:
(1)      CD : 81                         movx    A, @R1          ; restore A
(1)      CE : 2F                         xch     A, R7           ; R7=an element
(1)      CF : C9                         dec     R1
(1)      D0 : 91                         movx    @R1, A          ; save R7
(1)      D1 : C8                         dec     R0
(1)      D2 : 10                         inc     @R0             ; queue_len++
(1)      D3 : 18                         inc     R0
(1)      D4 : 18                         inc     R0
(1)      D5 : F0                         mov     A, @R0          ; A=queue_buf
(1)      D6 : 18                         inc     R0
(1)      D7 : 60                         add     A, @R0          ; A=queue_buf+queue_put
(1)      D8 : 29                         xch     A, R1           ; A=R1, R0=&queue_buf[queue_put]
(1)      D9 : 2F                         xch     A, R7           ; A=an element, R7=R1
(1)      DA : 91                         movx    @R1, A          ; add an element
(1)      DB : FF                         mov     A, R7           ; A=R1
(1)      DC : A9                         mov     R1, A           ; restore R1
(1)      DD : C8                         dec     R0
(1)      DE : C8                         dec     R0
(1)      DF : F0                         mov     A, @R0          ; A=queue_size
(1)      E0 : 18                         inc     R0
(1)      E1 : 18                         inc     R0
(1)      E2 : 10                         inc     @R0             ; queue_put++
(1)      E3 : D0                         xrl     A, @R0
(1)      E4 : 96 E7                      jnz     queue_add_end
(1)      E6 : A0                         mov     @R0, A          ; queue_put=0
(1)      E7 :                    queue_add_end:
(1)      E7 : 81                         movx    A, @R1
(1)      E8 : 19                         inc     R1
(1)      E9 : AF                         mov     R7, A           ; restore R7
(1)      EA : 81                         movx    A, @R1          ; restore A
(1)      EB : 19                         inc     R1
(1)      EC : 97                         clr     C
(1)      ED : A7                         cpl     C
(1)      EE : 83                         ret
(1)      EF :
(1)      EF :                    ;;; [queue] Remove an element from queue
(1)      EF :                    ;;; @param R0 queue work space pointer
(1)      EF :                    ;;; @return A an element
(1)      EF :                    ;;; @return PSW.C 0 if queue is empty
(1)      EF :                    ;;; @clobber R0
(1)      EF :                    queue_remove:
(1)      EF : F0                         mov     A, @R0            ; queue_len
(1)      F0 : 96 F4                      jnz     queue_remove_elem ; queue_len > 0
(1)      F2 : 97                         clr     C                 ; PSW.C=0
(1)      F3 : 83                         ret
(1)      F4 :                    queue_remove_elem:
(1)      F4 : FF                         mov     A, R7
(1)      F5 : C9                         dec     R1
(1)      F6 : 91                         movx    @R1, A          ; save R7
(1)      F7 : F0                         mov     A, @R0          ; queue_len--
(1)      F8 : 07                         dec     A
(1)      F9 : A0                         mov     @R0, A
(1)      FA : 18                         inc     R0
(1)      FB : 18                         inc     R0
(1)      FC : F0                         mov     A, @R0          ; A=queue_buf
(1)      FD : 18                         inc     R0
(1)      FE : 18                         inc     R0
(1)      FF : 60                         add     A, @R0          ; A=queue_buf+queue_get
(1)     100 : 29                         xch     A, R1           ; A=R1
(1)     101 : 2F                         xch     A, R7           ; R7=R1
(1)     102 : 81                         movx    A, @R1
(1)     103 : 2F                         xch     A, R7           ; A=R1, R7=an element
(1)     104 : A9                         mov     R1, A           ; restore R1
(1)     105 : C8                         dec     R0
(1)     106 : C8                         dec     R0
(1)     107 : C8                         dec     R0
(1)     108 : F0                         mov     A, @R0          ; A=queue_size
(1)     109 : 18                         inc     R0
(1)     10A : 18                         inc     R0
(1)     10B : 18                         inc     R0
(1)     10C : 10                         inc     @R0             ; queue_get++
(1)     10D : D0                         xrl     A, @R0          ; queue_get
(1)     10E : 96 11                      jnz     queue_remove_end
(1)     110 : A0                         mov     @R0, A          ; queue_get=0
(1)     111 :                    queue_remove_end:
(1)     111 : 81                         movx    A, @R1          ; restore R7
(1)     112 : 19                         inc     R1
(1)     113 : 2F                         xch     A, R7           ; A=an element
(1)     114 : 97                         clr     C
(1)     115 : A7                         cpl     C
(1)     116 : 83                         ret
        117 :
        117 :                    isr_intr:
        117 : D5                         sel     RB1             ; switch context
        118 : AA                         mov     R2, A           ; save A
        119 : B8 FD                      mov     R0, #USARTS
        11B : 80                         movx    A, @R0
        11C : 37                         cpl     A
        11D : 32 26                      jb      ST_RxRDY_bp, isr_intr_tx
        11F : B8 FC                      mov     R0, #USARTD
        121 : 80                         movx    A, @R0
        122 : B8 20                      mov     R0, #rx_queue
        124 : 14 C2                      call    queue_add
        126 :                    isr_intr_tx:    
        126 : B8 FD                      mov     R0, #USARTS
        128 : 80                         movx    A, @R0
        129 : 37                         cpl     A
        12A : 12 35                      jb      ST_TxRDY_bp, isr_intr_exit
        12C : B8 25                      mov     R0, #tx_queue
        12E : 14 EF                      call    queue_remove
        130 : E6 37                      jnc     isr_intr_empty
        132 : B8 FC                      mov     R0, #USARTD
        134 : 90                         movx    @R0, A          ; send character
        135 :                    isr_intr_exit:
        135 : FA                         mov     A, R2           ; restore A
        136 : 93                         retr
        137 :                    isr_intr_empty:
        137 : B8 FD                      mov     R0, #USARTC
        139 : 23 36                      mov     A, #RX_EN_TX_DIS
        13B : 90                         movx    @R0, A          ; disable Tx
        13C : FA                         mov     A, R2           ; restore A
        13D : 93                         retr
        13E :
        13E :                            end
