          0 :                    ;;; -*- mode: asm; mode: flyspell-prog; -*-
          0 :                            cpu     8048
          0 :                            include "i8048.inc"
(1)       0 :                    ;;; -*- mode: asm; mode: flyspell-prog; -*-
(1)       0 :                    ;;; i8048
(1)       0 :                    ;;; PSW Register
(1)       0 : =80                PSW_CY:         equ     10000000B ; set to 1 if carry
(1)       0 : =40                PSW_AC:         equ     01000000B ; set to 1 if auxillary carry
(1)       0 : =10                PSW_F0:         equ     00010000B ; flag 0
(1)       0 : =4                 PSW_BS:         equ     00000100B ; register bank select
(1)       0 : =7                 PSW_SP:         equ     00000111B ; stack pointer (grow upward)
(1)       0 :                    ;;; Interrupt origin
(1)       0 : =0                 ORG_RESET:      equ     000H    ; RESET
(1)       0 : =3                 ORG_INT:        equ     003H    ; #INT
(1)       0 :                    ;;; Register bank and stack
(1)       0 : =0                 BASE_BANK0:     equ     00H     ; R0-R7
(1)       0 : =8                 BASE_STACK:     equ     08H     ; PSW:PC
(1)       0 : =18                BASE_BANK1:     equ     18H     ; R0-R7
(1)       0 : =20                BASE_MEMORY:    equ     20H     ; general purpose memory
          0 :
          0 :                    ;;; i8251 Universal Synchronous/Asynchronous Receiver/Transmitter
          0 : =FC                USART:          equ     0FCH
          0 : =FC                USARTD:         equ     USART+0 ; Receive/Transmit data
          0 : =FD                USARTS:         equ     USART+1 ; Srtatus register
          0 : =FD                USARTC:         equ     USART+1 ; Control register
          0 : =FE                USARTRV:        equ     USART+2 ; Receive interrupt vector (ORG_*)
          0 : =FF                USARTTV:        equ     USART+3 ; Transmit interrupt vector (ORG_*)
          0 :                            include "i8251.inc"
(1)       0 :                    ;;; -*- mode: asm; mode: flyspell-prog; -*-
(1)       0 :
(1)       0 :                    ;;; i8251 USART device emulator.
(1)       0 : =6                 MODE_STOP_gp:   equ     6
(1)       0 : =C0                MODE_STOP_gm:   equ     11000000B
(1)       0 : =40                MODE_STOP1_gc:  equ     (1 << MODE_STOP_gp)
(1)       0 : =80                MODE_STOP15_gc: equ     (2 << MODE_STOP_gp)
(1)       0 : =C0                MODE_STOP2_gc:  equ     (3 << MODE_STOP_gp)
(1)       0 : =20                MODE_EVEN_bm:   equ     00100000B
(1)       0 : =10                MODE_PARITY_bm: equ     00010000B
(1)       0 : =2                 MODE_LEN_gp:    equ     2
(1)       0 : =C                 MODE_LEN_gm:    equ     00001100B
(1)       0 : =0                 MODE_LEN5_gc:   equ     (0 << MODE_LEN_gp)
(1)       0 : =4                 MODE_LEN6_gc:   equ     (1 << MODE_LEN_gp)
(1)       0 : =8                 MODE_LEN7_gc:   equ     (2 << MODE_LEN_gp)
(1)       0 : =C                 MODE_LEN8_gc:   equ     (3 << MODE_LEN_gp)
(1)       0 : =0                 MODE_BAUD_gp:   equ     0
(1)       0 : =3                 MODE_BAUD_gm:   equ     00000011B
(1)       0 : =1                 MODE_BAUD_X1:   equ     (1 << MODE_BAUD_gp)
(1)       0 : =2                 MODE_BAUD_X16:  equ (2 << MODE_BAUD_gp)
(1)       0 : =3                 MODE_BAUD_X64:  equ (3 << MODE_BAUD_gp)
(1)       0 :                    ;;; Bit Definition of command register
(1)       0 : =80                CMD_EH_bm:      equ     10000000B   ; Enter hunt mode
(1)       0 : =40                CMD_IR_bm:      equ     01000000B   ; Internal Reset
(1)       0 : =20                CMD_RTS_bm:     equ     00100000B   ; Request To Send
(1)       0 : =10                CMD_ER_bm:      equ     00010000B   ; Error Reset
(1)       0 : =8                 CMD_SBRK_bm:    equ     00001000B   ; Send Break
(1)       0 : =4                 CMD_RxEN_bm:    equ     00000100B   ; Receive Enable
(1)       0 : =2                 CMD_DTR_bm:     equ     00000010B   ; Data Terminal Ready
(1)       0 : =1                 CMD_TxEN_bm:    equ     00000001B   ; Transmit enable
(1)       0 :
(1)       0 :                    ;;; Bit definition of status register
(1)       0 : =80                ST_DSR_bm:      equ     10000000B   ; Data Set Ready
(1)       0 : =40                ST_BRK_bm:      equ     01000000B   ; BREAK detected
(1)       0 : =20                ST_FE_bm:       equ     00100000B   ; Framing Error
(1)       0 : =10                ST_OE_bm:       equ     00010000B   ; Overrun Error
(1)       0 : =8                 ST_PE_bm:       equ     00001000B   ; Parity Error
(1)       0 : =4                 ST_TxEMPTY_bm:  equ     00000100B   ; Transmitter empty
(1)       0 : =2                 ST_RxRDY_bm:    equ     00000010B   ; Receiver ready
(1)       0 : =1                 ST_TxRDY_bm:    equ     00000001B   ; Transmitter ready
(1)       0 : =1                 ST_RxRDY_bp:    equ     1           ; Receiver ready
(1)       0 : =0                 ST_TxRDY_bp:    equ     0           ; Transmitter ready
          0 :                    ;;; Async 1stop 8data x16
          0 : =4E                ASYNC_MODE:     equ     MODE_STOP1_gc|MODE_LEN8_gc|MODE_BAUD_X16
          0 :                    ;;; RTS/DTR, error reset, Rx enable, Tx enable
          0 : =37                RX_EN_TX_EN:    equ     CMD_RTS_bm|CMD_DTR_bm|CMD_ER_bm|CMD_RxEN_bm|CMD_TxEN_bm
          0 : =36                RX_EN_TX_DIS:   equ     CMD_RTS_bm|CMD_DTR_bm|CMD_ER_bm|CMD_RxEN_bm
          0 :
          0 :                    ;;; External data memory
          0 :                            org     00H
          0 : =8                 rx_queue_size:  equ     8
          0 :                    rx_queue_buf:   ds      rx_queue_size
          8 : =38                tx_queue_size:  equ     56
          8 :                    tx_queue_buf:   ds      tx_queue_size
         40 :                    print_uint16_buf:
         40 :                            ds      8
         48 :                            ds      4
         4C :                    isr_stack:                      ; the ISR's software stack, R1 of BANK1
         FC :                            org     USART
         FC :                    ;;;  Software stack; pre-decrement, post-increment pointed by R1 on
         FC :                    ;;;  external data memory
         FC : =FC                stack:          equ     $
         FC :
         FC :                    ;;; Internal data memory
         1C :                            org     BASE_BANK1+4    ; R0~R3 of BANK1 is reserved for ISR
         1C :                    rx_queue:       ds      queue_work_size
         21 :                    tx_queue:       ds      queue_work_size
         26 :                    ;;; Work area for mandelbrot.inc
         26 :                    tmp:    ds      2
         28 :                    vF:     ds      2
         2A :                    vC:     ds      2
         2C :                    vD:     ds      2
         2E :                    vA:     ds      2
         30 :                    vB:     ds      2
         32 :                    vP:     ds      2
         34 :                    vQ:     ds      2
         36 :                    vS:     ds      2
         38 :                    vT:     ds      2
         3A :                    vY:     ds      1
         3B :                    vX:     ds      1
         3C :                    vI:     ds      1
         3D :
          0 :                            org     ORG_RESET
          0 : 04 05                      jmp     init
          3 :                            org     ORG_INT
          3 : 04 69                      jmp     isr_intr
          5 :                    init:
          5 : B9 FC                      mov     R1, #stack
          7 : D5                         sel     RB1
          8 : B9 4C                      mov     R1, #isr_stack
          A : C5                         sel     RB0
          B : B8 1C                      mov     R0, #rx_queue
          D : BA 00                      mov     R2, #rx_queue_buf
          F : 23 08                      mov     A, #rx_queue_size
         11 : 94 70                      call    queue_init
         13 : B8 21                      mov     R0, #tx_queue
         15 : BA 08                      mov     R2, #tx_queue_buf
         17 : 23 38                      mov     A, #tx_queue_size
         19 : 94 70                      call    queue_init
         1B :                    init_usart:
         1B : B8 FD                      mov     R0, #USARTC
         1D : 27                         clr     A
         1E : 90                         movx    @R0, A
         1F : 90                         movx    @R0, A
         20 : 90                         movx    @R0, A          ; safest way to sync mode
         21 : 23 40                      mov     a, #CMD_IR_bm
         23 : 90                         movx    @R0, A          ; reset
         24 : 00                         nop
         25 : 00                         nop
         26 : 23 4E                      mov     a, #ASYNC_MODE
         28 : 90                         movx    @R0, A
         29 : 00                         nop
         2A : 00                         nop
         2B : 23 37                      mov     a, #RX_EN_TX_EN
         2D : 90                         movx    @R0, A
         2E : 23 03                      mov     a, #ORG_INT
         30 : B8 FE                      mov     R0, #USARTRV
         32 : 90                         movx    @R0, A          ; enable RxRDY interrupt
         33 : 18                         inc     R0
         34 : 90                         movx    @R0, A          ; enable TxRDY interrupt
         35 : 05                         en      I
         36 :
         36 :                    loop:
         36 : 14 90                      call    mandelbrot
         38 : 14 4A                      call    newline
         3A : 04 36                      jmp     loop
         3C :
         3C :                    ;;; Get character
         3C :                    ;;; @return A
         3C :                    ;;; @return PSW.C 0 if no character
         3C :                    getchar:
         3C : F8                         mov     A, R0
         3D : C9                         dec     R1
         3E : 91                         movx    @R1, A          ; save R0
         3F : B8 1C                      mov     R0, #rx_queue
         41 : 15                         dis     I
         42 : 94 B3                      call    queue_remove
         44 : 05                         en      I
         45 : 28                         xch     A, R0           ; save character
         46 : 81                         movx    A, @R1          ; restore R0
         47 : 19                         inc     R1
         48 : 28                         xch     A, R0           ; restore character
         49 : 83                         ret
         4A :
         4A :                    ;;; Put newline
         4A :                    ;;; @clobber A
         4A :                    newline:
         4A : 23 0D                      mov     A, #0DH
         4C : 14 54                      call    putchar
         4E : 23 0A                      mov     A, #0AH
         50 : 04 54                      jmp     putchar
         52 :
         52 :                    ;;; Put space
         52 :                    ;;; @clobber A
         52 :                    putspace:
         52 : 23 20                      mov     A, #' '
         54 :
         54 :                    ;;; Put character
         54 :                    ;;; @param A
         54 :                    ;;; @clobber A
         54 :                    putchar:
         54 : 28                         xch     A, R0           ; save character
         55 : C9                         dec     R1
         56 : 91                         movx    @R1, A          ; save R0
         57 : F8                         mov     A, R0           ; restore character
         58 :                    putchar_loop:
         58 : B8 21                      mov     R0, #tx_queue
         5A : 15                         dis     I
         5B : 94 86                      call    queue_add
         5D : 05                         en      I
         5E : E6 58                      jnc     putchar_loop    ; branch if queue is full
         60 : B8 FD                      mov     R0, #USARTC
         62 : 23 37                      mov     A, #RX_EN_TX_EN ; enable Tx
         64 : 90                         movx    @R0, A
         65 : 81                         movx    A, @R1
         66 : 19                         inc     R1
         67 : A8                         mov     R0, A           ; restore R0
         68 : 83                         ret
         69 :
         69 :                    isr_intr:
         69 : D5                         sel     RB1             ; switch context
         6A : AA                         mov     R2, A           ; save A
         6B : B8 FD                      mov     R0, #USARTS
         6D : 80                         movx    A, @R0
         6E : 37                         cpl     A
         6F : 32 78                      jb      ST_RxRDY_bp, isr_intr_tx
         71 : B8 FC                      mov     R0, #USARTD
         73 : 80                         movx    A, @R0
         74 : B8 1C                      mov     R0, #rx_queue
         76 : 94 86                      call    queue_add
         78 :                    isr_intr_tx:
         78 : B8 FD                      mov     R0, #USARTS
         7A : 80                         movx    A, @R0
         7B : 37                         cpl     A
         7C : 12 87                      jb      ST_TxRDY_bp, isr_intr_exit
         7E : B8 21                      mov     R0, #tx_queue
         80 : 94 B3                      call    queue_remove
         82 : E6 89                      jnc     isr_intr_empty
         84 : B8 FC                      mov     R0, #USARTD
         86 : 90                         movx    @R0, A          ; send character
         87 :                    isr_intr_exit:
         87 : FA                         mov     A, R2           ; restore A
         88 : 93                         retr
         89 :                    isr_intr_empty:
         89 : B8 FD                      mov     R0, #USARTC
         8B : 23 36                      mov     A, #RX_EN_TX_DIS
         8D : 90                         movx    @R0, A          ; disable Tx
         8E : FA                         mov     A, R2           ; restore A
         8F : 93                         retr
         90 :
         90 :                            include "mandelbrot.inc"
(1)      90 :                    ;;; -*- mode: asm; mode: flyspell-prog; -*-
(1)      90 :
(1)      90 :                    mandelbrot:
(1)      90 : BC 32                      mov     R4, #LOW(50)
(1)      92 : BD 00                      mov     R5, #HIGH(50)
(1)      94 : BB 28                      mov     R3, #vF         ; F=50
(1)      96 : 34 CC                      call    set
(1)      98 : B8 3A                      mov     R0, #vY
(1)      9A : 23 F4                      mov     A, #-12
(1)      9C : A0                         mov     @R0, A          ; Y=-12
(1)      9D :                    loop_y:
(1)      9D : B8 3B                      mov     R0, #vX
(1)      9F : 23 CF                      mov     A, #-49
(1)      A1 : A0                         mov     @R0, A          ; X=-49
(1)      A2 :                    loop_x:
(1)      A2 : BA 2A                      mov     R2, #vC
(1)      A4 : BB 3B                      mov     R3, #vX
(1)      A6 : 34 D4                      call    assign8         ; C=X
(1)      A8 : BC E5                      mov     R4, #LOW(229)
(1)      AA : BD 00                      mov     R5, #HIGH(229)
(1)      AC : BB 26                      mov     R3, #tmp
(1)      AE : 34 CC                      call    set             ; tmp=229
(1)      B0 : 74 A2                      call    mulsi2          ; C=X*229
(1)      B2 : BA 2A                      mov     R2, #vC
(1)      B4 : BC 64                      mov     R4, #LOW(100)
(1)      B6 : BD 00                      mov     R5, #HIGH(100)
(1)      B8 : BB 26                      mov     R3, #tmp
(1)      BA : 34 CC                      call    set             ; tmp=100
(1)      BC : 94 3A                      call    divsi2          ; C=X*229/100
(1)      BE : BA 2C                      mov     R2, #vD
(1)      C0 : BB 3A                      mov     R3, #vY
(1)      C2 : 34 D4                      call    assign8         ; D=Y
(1)      C4 : BC A0                      mov     R4, #LOW(416)
(1)      C6 : BD 01                      mov     R5, #HIGH(416)
(1)      C8 : BB 26                      mov     R3, #tmp
(1)      CA : 34 CC                      call    set             ; tmp=416
(1)      CC : 74 A2                      call    mulsi2          ; D=Y*416
(1)      CE : BA 2C                      mov     R2, #vD
(1)      D0 : BC 64                      mov     R4, #LOW(100)
(1)      D2 : BD 00                      mov     R5, #HIGH(100)
(1)      D4 : BB 26                      mov     R3, #tmp
(1)      D6 : 34 CC                      call    set             ; tmp=100
(1)      D8 : 94 3A                      call    divsi2          ; D=Y*416/100
(1)      DA : BA 2E                      mov     R2, #vA
(1)      DC : BB 2A                      mov     R3, #vC
(1)      DE : 34 E9                      call    assign          ; A=C
(1)      E0 : BA 30                      mov     R2, #vB
(1)      E2 : BB 2C                      mov     R3, #vD
(1)      E4 : 34 E9                      call    assign          ; B=D
(1)      E6 : B8 3C                      mov     R0, #vI
(1)      E8 : 27                         clr     A
(1)      E9 : A0                         mov     @R0, A          ; I=0
(1)      EA :
(1)      EA :                            ;; mov     R2, #tmp
(1)      EA :                            ;; mov     R3, #vY
(1)      EA :                            ;; call    assign8
(1)      EA :                            ;; mov     A, #'Y'
(1)      EA :                            ;; call    print           ; print Y
(1)      EA :                            ;; mov     R2, #tmp
(1)      EA :                            ;; mov     R3, #vX
(1)      EA :                            ;; call    assign8
(1)      EA :                            ;; mov     A, #'X'
(1)      EA :                            ;; call    print           ; print X
(1)      EA :                            ;; mov     R2, #vC
(1)      EA :                            ;; mov     A, #'C'
(1)      EA :                            ;; call    print           ; print C
(1)      EA :                            ;; mov     R2, #vD
(1)      EA :                            ;; mov     A, #'D'
(1)      EA :                            ;; call    print           ; print D
(1)      EA :                            ;; call    newline
(1)      EA :
(1)      EA :                    loop_i:
(1)      EA : BA 34                      mov     R2, #vQ
(1)      EC : BB 30                      mov     R3, #vB
(1)      EE : 34 E9                      call    assign          ; Q=B
(1)      F0 : BB 28                      mov     R3, #vF
(1)      F2 : 94 3A                      call    divsi2          ; Q=B/F
(1)      F4 : BA 26                      mov     R2, #tmp
(1)      F6 : BB 34                      mov     R3, #vQ
(1)      F8 : 34 E9                      call    assign          ; tmp=Q
(1)      FA : BB 28                      mov     R3, #vF
(1)      FC : 74 A2                      call    mulsi2          ; tmp=Q*F
(1)      FE : BA 36                      mov     R2, #vS
(1)     100 : BB 30                      mov     R3, #vB
(1)     102 : 34 E9                      call    assign          ; S=B
(1)     104 : BB 26                      mov     R3, #tmp
(1)     106 : 74 3A                      call    subsi2          ; S=B-Q*F
(1)     108 : BA 26                      mov     R2, #tmp
(1)     10A : BB 30                      mov     R3, #vB
(1)     10C : 34 E9                      call    assign          ; tmp=B
(1)     10E : 74 A2                      call    mulsi2          ; tmp=B*B
(1)     110 : BA 38                      mov     R2, #vT
(1)     112 : BB 2E                      mov     R3, #vA
(1)     114 : 34 E9                      call    assign          ; T=A
(1)     116 : 74 A2                      call    mulsi2          ; T=A*A
(1)     118 : BA 38                      mov     R2, #vT
(1)     11A : BB 26                      mov     R3, #tmp
(1)     11C : 74 3A                      call    subsi2          ; T=A*A-B*B
(1)     11E : BA 38                      mov     R2, #vT
(1)     120 : BB 28                      mov     R3, #vF
(1)     122 : 94 3A                      call    divsi2          ; T=(A*A-B*B)/F
(1)     124 : BA 38                      mov     R2, #vT
(1)     126 : BB 2A                      mov     R3, #vC
(1)     128 : 74 2A                      call    addsi2          ; T=(A*A-B*B)/F+C
(1)     12A : BA 26                      mov     R2, #tmp
(1)     12C : BB 2E                      mov     R3, #vA         ; tmp=A
(1)     12E : 34 E9                      call    assign
(1)     130 : BB 36                      mov     R3, #vS
(1)     132 : 74 A2                      call    mulsi2          ; tmp=A*S
(1)     134 : BA 26                      mov     R2, #tmp
(1)     136 : BB 28                      mov     R3, #vF
(1)     138 : 94 3A                      call    divsi2          ; tmp=A*S/F
(1)     13A : BA 30                      mov     R2, #vB
(1)     13C : BB 2E                      mov     R3, #vA
(1)     13E : 34 E9                      call    assign          ; B=A
(1)     140 : BB 34                      mov     R3, #vQ
(1)     142 : 74 A2                      call    mulsi2          ; B=A*Q
(1)     144 : BA 30                      mov     R2, #vB
(1)     146 : BB 26                      mov     R3, #tmp
(1)     148 : 74 2A                      call    addsi2          ; B=A*Q+A*S/F
(1)     14A : BA 30                      mov     R2, #vB
(1)     14C : BB 30                      mov     R3, #vB
(1)     14E : 74 2A                      call    addsi2          ; B=2*(A*Q+A*S/F)
(1)     150 : BA 30                      mov     R2, #vB
(1)     152 : BB 2C                      mov     R3, #vD
(1)     154 : 74 2A                      call    addsi2          ; B=2*(A*Q+A*S/F)+D
(1)     156 : BA 2E                      mov     R2, #vA
(1)     158 : BB 38                      mov     R3, #vT
(1)     15A : 34 E9                      call    assign          ; A=T
(1)     15C : BA 32                      mov     R2, #vP
(1)     15E : 34 E9                      call    assign          ; P=A
(1)     160 : BB 28                      mov     R3, #vF
(1)     162 : 94 3A                      call    divsi2          ; P=A/F
(1)     164 : BA 34                      mov     R2, #vQ
(1)     166 : BB 30                      mov     R3, #vB
(1)     168 : 34 E9                      call    assign          ; Q=B
(1)     16A : BB 28                      mov     R3, #vF
(1)     16C : 94 3A                      call    divsi2          ; Q=B/F
(1)     16E : BA 26                      mov     R2, #tmp
(1)     170 : BB 34                      mov     R3, #vQ
(1)     172 : 34 E9                      call    assign          ; tmp=Q
(1)     174 : 74 A2                      call    mulsi2          ; tmp=Q*Q
(1)     176 : BA 38                      mov     R2, #vT
(1)     178 : BB 32                      mov     R3, #vP
(1)     17A : 34 E9                      call    assign          ; T=P
(1)     17C : 74 A2                      call    mulsi2          ; T=P*P
(1)     17E : BA 38                      mov     R2, #vT
(1)     180 : BB 26                      mov     R3, #tmp
(1)     182 : 74 2A                      call    addsi2          ; T=P*P+Q*Q (T>=0)
(1)     184 :
(1)     184 :                            ;; call    putspace
(1)     184 :                            ;; mov     R2, #tmp
(1)     184 :                            ;; mov     R3, #vI
(1)     184 :                            ;; call    assign8
(1)     184 :                            ;; mov     A, #'I'
(1)     184 :                            ;; call    print           ; print I
(1)     184 :                            ;; mov     R2, #vA
(1)     184 :                            ;; mov     A, #'A'
(1)     184 :                            ;; call    print           ; print A
(1)     184 :                            ;; mov     R2, #vB
(1)     184 :                            ;; mov     A, #'B'
(1)     184 :                            ;; call    print           ; print B
(1)     184 :                            ;; mov     R2, #vP
(1)     184 :                            ;; mov     A, #'P'
(1)     184 :                            ;; call    print           ; print P
(1)     184 :                            ;; mov     R2, #vQ
(1)     184 :                            ;; mov     A, #'Q'
(1)     184 :                            ;; call    print           ; print Q
(1)     184 :                            ;; mov     R2, #vT
(1)     184 :                            ;; mov     A, #'T'
(1)     184 :                            ;; call    print           ; print T
(1)     184 :                            ;; call    newline
(1)     184 :
(1)     184 : B8 39                      mov     R0, #vT+1
(1)     186 : F0                         mov     A, @R0          ; A=hi(T)
(1)     187 : 96 9D                      jnz     print_i         ; if T>=256
(1)     189 : C8                         dec     R0
(1)     18A : F0                         mov     A, @R0          ; A=lo(T)
(1)     18B : 03 FB                      add     A, #-(4+1)
(1)     18D : F6 9D                      jc      print_i         ; if T>=5
(1)     18F : B8 3C                      mov     R0, #vI
(1)     191 : 10                         inc     @R0             ; I+=1
(1)     192 : F0                         mov     A, @R0          ; A=I (I>=0)
(1)     193 : 03 F0                      add     A, #-16
(1)     195 : F6 99                      jc      print_space
(1)     197 : 04 EA                      jmp     loop_i          ; if I<16
(1)     199 :                    print_space:
(1)     199 : 23 20                      mov     A, #' '
(1)     19B : 24 A8                      jmp     print_char
(1)     19D :                    print_i:
(1)     19D : B8 3C                      mov     R0, #vI
(1)     19F : F0                         mov     A, @R0
(1)     1A0 : 03 F6                      add     A, #-10
(1)     1A2 : E6 A6                      jnc     print_dec       ; if I<10
(1)     1A4 : 03 07                      add     A, #'A'-('0'+10)
(1)     1A6 :                    print_dec:
(1)     1A6 : 03 3A                      add     A, #10+'0'
(1)     1A8 :                    print_char:
(1)     1A8 :                            ;; dec     R1
(1)     1A8 :                            ;; movx    @R1, A          ; push A
(1)     1A8 :                            ;; mov     A, #'@'
(1)     1A8 :                            ;; call    putchar
(1)     1A8 :                            ;; mov     A, #'='
(1)     1A8 :                            ;; call    putchar
(1)     1A8 :                            ;; movx    A, @R1          ; restore A
(1)     1A8 :                            ;; call    putchar
(1)     1A8 :                            ;; call    newline
(1)     1A8 :                            ;; movx    A, @R1
(1)     1A8 :                            ;; inc     R1              ; pop A
(1)     1A8 :
(1)     1A8 : 14 54                      call    putchar
(1)     1AA : 14 3C                      call    getchar
(1)     1AC : E6 B1                      jnc     next_x
(1)     1AE : 96 B1                      jnz     next_x
(1)     1B0 : 01                         db      01H             ; halt to system
(1)     1B1 :                    next_x:
(1)     1B1 : B8 3B                      mov     R0, #vX
(1)     1B3 : 10                         inc     @R0             ; X+=1
(1)     1B4 : F0                         mov     A, @R0
(1)     1B5 : F2 BB                      jb      7, jmp_loop_x   ; if X<0
(1)     1B7 : 03 E2                      add     A, #-30
(1)     1B9 : F6 BD                      jc      next_y
(1)     1BB :                    jmp_loop_x:
(1)     1BB : 04 A2                      jmp     loop_x          ; if X<30
(1)     1BD :                    next_y:
(1)     1BD : 14 4A                      call    newline
(1)     1BF : B8 3A                      mov     R0, #vY
(1)     1C1 : 10                         inc     @R0             ; Y+=1
(1)     1C2 : F0                         mov     A, @R0
(1)     1C3 : F2 C9                      jb      7, jmp_loop_y   ; if Y<0
(1)     1C5 : 03 F3                      add     A, #-13
(1)     1C7 : F6 CB                      jc      mandelbrot_end
(1)     1C9 :                    jmp_loop_y:
(1)     1C9 : 04 9D                      jmp     loop_y          ; if Y<13
(1)     1CB :                    mandelbrot_end:
(1)     1CB : 83                         ret
(1)     1CC :
(1)     1CC :                    ;;; Set value to variable
(1)     1CC :                    ;;; @param R5:R4 value
(1)     1CC :                    ;;; @param R3 &variable
(1)     1CC :                    ;;; @clobber A R0
(1)     1CC :                    set:
(1)     1CC : FB                         mov     A, R3
(1)     1CD : A8                         mov     R0, A
(1)     1CE : FC                         mov     A, R4
(1)     1CF : A0                         mov     @R0, A
(1)     1D0 : FD                         mov     A, R5
(1)     1D1 : 18                         inc     R0
(1)     1D2 : A0                         mov     @R0, A
(1)     1D3 : 83                         ret
(1)     1D4 :
(1)     1D4 :                    ;;; Assign 8-bit variable; v1 = v2
(1)     1D4 :                    ;;; @param R2 &v1
(1)     1D4 :                    ;;; @param R3 &v2
(1)     1D4 :                    ;;; @clobber A R0
(1)     1D4 :                    assign8:
(1)     1D4 : 23 FF                      mov     A, #-1
(1)     1D6 : 2B                         xch     A, R3           ; A=&v2, R3=-1
(1)     1D7 : A8                         mov     R0, A           ; R0=&v2
(1)     1D8 : F0                         mov     A, @R0          ; A=v2
(1)     1D9 : F2 DD                      jb      7, assign8_hi   ; jump if v2 < 0
(1)     1DB : BB 00                      mov     R3, #0          ; R3=0
(1)     1DD :                    assign8_hi:
(1)     1DD : 2B                         xch     A, R3           ; R3=v2, A=hi(v2)
(1)     1DE : 2A                         xch     A, R2           ; R2=hi(v2), A=&v1
(1)     1DF : 28                         xch     A, R0           ; R0=&v1, A=&v2
(1)     1E0 : 2B                         xch     A, R3           ; R3=&v2, A=v2
(1)     1E1 : A0                         mov     @R0, A          ; lo(v1)=v2
(1)     1E2 : FA                         mov     A, R2           ; A=hi(v2)
(1)     1E3 : 18                         inc     R0              ; R0=&v1+1
(1)     1E4 : A0                         mov     @R0, A          ; hi(v1)=hi(v2)
(1)     1E5 : C8                         dec     R0              ; R0=&v1
(1)     1E6 : F8                         mov     A, R0
(1)     1E7 : AA                         mov     R2, A           ; R2=&v1
(1)     1E8 : 83                         ret
(1)     1E9 :
(1)     1E9 :                    ;;; Assign 16-bit variable; v1 = v2
(1)     1E9 :                    ;;; @param R2 &v1
(1)     1E9 :                    ;;; @param R3 &v2
(1)     1E9 :                    ;;; @clobber A R0
(1)     1E9 :                    assign:
(1)     1E9 : FB                         mov     A, R3
(1)     1EA : A8                         mov     R0, A           ; R0=&v2
(1)     1EB : F0                         mov     A, @R0
(1)     1EC : AB                         mov     R3, A           ; R3=lo(v2)
(1)     1ED : 18                         inc     R0              ; R0=&v2+1
(1)     1EE : F0                         mov     A, @R0          ; A=hi(v2)
(1)     1EF : 2A                         xch     A, R2           ; R2=hi(v2), A=&v1
(1)     1F0 : 28                         xch     A, R0           ; R0=&v1, A=&v2+1
(1)     1F1 : 2B                         xch     A, R3           ; R3=&v2+1, A=lo(v2)
(1)     1F2 : CB                         dec     R3              ; R3=&v2
(1)     1F3 : A0                         mov     @R0, A          ; lo(v1)=lo(v2)
(1)     1F4 : FA                         mov     A, R2           ; A=hi(v2)
(1)     1F5 : 18                         inc     R0              ; R0=&v1+1
(1)     1F6 : A0                         mov     @R0, A          ; hi(v1)=hi(v2)
(1)     1F7 : C8                         dec     R0              ; R0=&v1
(1)     1F8 : F8                         mov     A, R0
(1)     1F9 : AA                         mov     R2, A           ; R2=&v1
(1)     1FA : 83                         ret
(1)     1FB :
(1)     1FB :                    ;;; Print variable
(1)     1FB :                    ;;; @param A: variable name
(1)     1FB :                    ;;; @param R2: &variable
(1)     1FB :                    ;;; @clobber A R0
(1)     1FB :                    print:
(1)     1FB : 14 54                      call    putchar
(1)     1FD : 23 3D                      mov     A, #'='
(1)     1FF : 14 54                      call    putchar
(1)     201 : FA                         mov     A, R2
(1)     202 : A8                         mov     R0, A
(1)     203 : 54 07                      call    print_int16
(1)     205 : 04 52                      jmp     putspace
        207 :                            include "arith.inc"
(1)     207 :                    ;;; -*- mode: asm; mode: flyspell-prog; -*-
(1)     207 :                            cpu     8048
(1)     207 :
(1)     207 :                    ;;; Print signed 16-bit integer as decimal
(1)     207 :                    ;;; @param R0 &value
(1)     207 :                    ;;; @clobber A
(1)     207 :                    print_int16:
(1)     207 : F8                         mov     A, R0
(1)     208 : C9                         dec     R1
(1)     209 : 91                         movx    @R1, A          ; save R0
(1)     20A : F0                         mov     A, @R0
(1)     20B : 2A                         xch     A, R2
(1)     20C : C9                         dec     R1
(1)     20D : 91                         movx    @R1, A          ; save R2
(1)     20E : 18                         inc     R0
(1)     20F : F0                         mov     A, @R0
(1)     210 : 2B                         xch     A, R3
(1)     211 : C9                         dec     R1
(1)     212 : 91                         movx    @R1, A          ; save R3
(1)     213 : FB                         mov     A, R3
(1)     214 : 37                         cpl     A
(1)     215 : F2 1D                      jb      7, print_uint16
(1)     217 : 23 2D                      mov     A, #'-'
(1)     219 : 14 54                      call    putchar         ; print '-'
(1)     21B : 74 00                      call    neg_R3R2        ; negate value
(1)     21D :                    ;;; Print unsigned 16-bit integer as decimal
(1)     21D :                    ;;; @param R2:R3: value
(1)     21D :                    ;;; @param print_uint16_buf external data memory
(1)     21D :                    ;;; @clobber A
(1)     21D :                    print_uint16:
(1)     21D : 23 40                      mov     A, #print_uint16_buf
(1)     21F : C9                         dec     R1
(1)     220 : 91                         movx    @R1, A          ; save buffer pointer
(1)     221 : A8                         mov     R0, A
(1)     222 : 27                         clr     A
(1)     223 : 90                         movx    @R0, A          ; mark EOS
(1)     224 :                    print_uint16_loop:
(1)     224 : BC 0A                      mov     R4, #LOW(10)
(1)     226 : BD 00                      mov     R5, #HIGH(10)
(1)     228 : 74 D8                      call    udiv16
(1)     22A : 81                         movx    A, @R1
(1)     22B : A8                         mov     R0, A           ; restore buffer pointer
(1)     22C : FC                         mov     A, R4           ; lo(remainder)
(1)     22D : 03 30                      add     A, #'0'
(1)     22F : 18                         inc     R0
(1)     230 : 90                         movx    @R0, A          ; write to buffer
(1)     231 : F8                         mov     A, R0
(1)     232 : 91                         movx    @R1, A          ; save buffer pointer
(1)     233 : FA                         mov     A, R2
(1)     234 : 4B                         orl     A, R3
(1)     235 : 96 24                      jnz     print_uint16_loop ; until value == 0
(1)     237 :                    print_uint16_out:
(1)     237 : 80                         movx    A, @R0
(1)     238 : C6 3F                      jz      print_uint16_end
(1)     23A : 14 54                      call    putchar
(1)     23C : C8                         dec     R0
(1)     23D : 44 37                      jmp     print_uint16_out
(1)     23F :                    print_uint16_end:
(1)     23F : 19                         inc     R1              ; discard buffer pointer
(1)     240 : 81                         movx    A, @R1
(1)     241 : 19                         inc     R1
(1)     242 : AB                         mov     R3, A           ; restore R3
(1)     243 : 81                         movx    A, @R1
(1)     244 : 19                         inc     R1
(1)     245 : AA                         mov     R2, A           ; restore R2
(1)     246 : 81                         movx    A, @R1
(1)     247 : 19                         inc     R1
(1)     248 : A8                         mov     R0, A           ; restore R0
(1)     249 : 83                         ret
(1)     24A :
(1)     300 :                            org     $+(256-LOW($))
(1)     300 :
(1)     300 :                    ;;; Negation; result = -result
(1)     300 :                    ;;; @param R3:R2 result
(1)     300 :                    ;;; @clobber A
(1)     300 :                    neg_R3R2:
(1)     300 : FA                         mov     A, R2
(1)     301 : 37                         cpl     A
(1)     302 : 03 01                      add     A, #1
(1)     304 : AA                         mov     R2, A
(1)     305 : FB                         mov     A, R3
(1)     306 : 37                         cpl     A
(1)     307 : 13 00                      addc    A, #0
(1)     309 : AB                         mov     R3, A
(1)     30A : 83                         ret
(1)     30B :
(1)     30B :                    ;;; Negation; result = -result
(1)     30B :                    ;;; @param R5:R4 result
(1)     30B :                    ;;; @clobber A
(1)     30B :                    neg_R5R4:
(1)     30B : FC                         mov     A, R4
(1)     30C : 37                         cpl     A
(1)     30D : 03 01                      add     A, #1
(1)     30F : AC                         mov     R4, A
(1)     310 : FD                         mov     A, R5
(1)     311 : 37                         cpl     A
(1)     312 : 13 00                      addc    A, #0
(1)     314 : AD                         mov     R5, A
(1)     315 : 83                         ret
(1)     316 :
(1)     316 :                    ;;; Negation; result = -value
(1)     316 :                    ;;; @param R2: &result
(1)     316 :                    ;;; @param R3: &value
(1)     316 :                    ;;; @clobber A R0 R2 R3
(1)     316 :                    negsi2:
(1)     316 : FB                         mov     A, R3
(1)     317 : A8                         mov     R0, A           ; R0=&value
(1)     318 : F0                         mov     A, @R0          ; A=lo(value)
(1)     319 : 37                         cpl     A
(1)     31A : 03 01                      add     A, #1
(1)     31C : AB                         mov     R3, A           ; R3=lo(-value)
(1)     31D : 18                         inc     R0
(1)     31E : F0                         mov     A, @R0          ; A=hi(value)
(1)     31F : 37                         cpl     A
(1)     320 : 13 00                      addc    A, #0           ; A=hi(-value)
(1)     322 : 2A                         xch     A, R2           ; R2=hi(-value)
(1)     323 : A8                         mov     R0, A           ; R0=&result
(1)     324 : FB                         mov     A, R3
(1)     325 : A0                         mov     @R0, A          ; store lo(-value)
(1)     326 : 18                         inc     R0
(1)     327 : FA                         mov     A, R2
(1)     328 : A0                         mov     @R0, A          ; store hi(-value)
(1)     329 : 83                         ret
(1)     32A :
(1)     32A :                    ;;; Signed addition: summand += addend
(1)     32A :                    ;;; @param R2: &summand
(1)     32A :                    ;;; @param R3: &addend
(1)     32A :                    ;;; @clobber A R2 R3
(1)     32A :                    addsi2:
(1)     32A : FB                         mov     A, R3
(1)     32B : A8                         mov     R0, A           ; R0=&addend
(1)     32C : F0                         mov     A, @R0          ; A=lo(addend)
(1)     32D : AB                         mov     R3, A           ; R3=lo(addend)
(1)     32E : 18                         inc     R0
(1)     32F : F0                         mov     A, @R0          ; A=hi(addend)
(1)     330 : 2A                         xch     A, R2           ; R2=hi(addend)
(1)     331 : A8                         mov     R0, A           ; R0=&summand
(1)     332 : F0                         mov     A, @R0          ; A=lo(summand)
(1)     333 : 6B                         add     A, R3           ; A=lo(summand+addend)
(1)     334 : A0                         mov     @R0, A
(1)     335 : 18                         inc     R0
(1)     336 : F0                         mov     A, @R0          ; A=hi(summand)
(1)     337 : 7A                         addc    A, R2           ; A=hi(summand+addend)
(1)     338 : A0                         mov     @R0, A
(1)     339 : 83                         ret
(1)     33A :
(1)     33A :                    ;;; Signed subtraction: minuend -= subtrahend
(1)     33A :                    ;;; @param R2: &minuend
(1)     33A :                    ;;; @param R3: &subtrahend
(1)     33A :                    ;;; @clobber A R0 R2 R3
(1)     33A :                    subsi2:
(1)     33A : FB                         mov     A, R3
(1)     33B : A8                         mov     R0, A           ; R0=&subtrahend
(1)     33C : F0                         mov     A, @R0          ; A=lo(subtrahend)
(1)     33D : 37                         cpl     A
(1)     33E : 03 01                      add     A, #1           ; A=lo(-subtrahend)
(1)     340 : AB                         mov     R3, A           ; R3=lo(-subtrahend)
(1)     341 : 18                         inc     R0
(1)     342 : F0                         mov     A, @R0          ; A=hi(subtrahend)
(1)     343 : 37                         cpl     A
(1)     344 : 13 00                      addc    A, #0           ; A=hi(-subtrahend)
(1)     346 : 2A                         xch     A, R2           ; R2=hi(-subtrahend)
(1)     347 : A8                         mov     R0, A           ; R0=&minuend
(1)     348 : F0                         mov     A, @R0          ; A=lo(minuend)
(1)     349 : 6B                         add     A, R3           ; A=lo(minuend-subtrahend)
(1)     34A : A0                         mov     @R0, A
(1)     34B : 18                         inc     R0
(1)     34C : F0                         mov     A, @R0          ; A=hi(minuend)
(1)     34D : 7A                         addc    A, R2           ; A=hi(minuend-subtrahend)
(1)     34E : A0                         mov     @R0, A
(1)     34F : 83                         ret
(1)     350 :
(1)     350 :                    ;;; Signed comparison: minuend - subtrahend
(1)     350 :                    ;;; @param R2: &minuend
(1)     350 :                    ;;; @param R3: &subtrahend
(1)     350 :                    ;;; @return A  0: minuend == subtrahend
(1)     350 :                    ;;;         A  1: minuend >  subtrahend
(1)     350 :                    ;;;         A -1: minuend <  subtrahend
(1)     350 :                    ;;; @clobber A R0 R2 R3
(1)     350 :                    cmpsi2:
(1)     350 : FB                         mov     A, R3
(1)     351 : A8                         mov     R0, A           ; R0=&subtrahend
(1)     352 : F0                         mov     A, @R0          ; A=lo(subtrahend)
(1)     353 : 37                         cpl     A
(1)     354 : 03 01                      add     A, #1           ; A=lo(-subtrahend)
(1)     356 : AB                         mov     R3, A           ; R3=lo(-subtrahend)
(1)     357 : 18                         inc     R0
(1)     358 : F0                         mov     A, @R0          ; A=hi(subtrahend)
(1)     359 : C9                         dec     R1
(1)     35A : 91                         movx    @R1, A          ; save hi(subtrahend)
(1)     35B : 37                         cpl     A
(1)     35C : 13 00                      addc    A, #0           ; A=hi(-subtrahend)
(1)     35E : 2A                         xch     A, R2           ; R2=hi(-subtrahend)
(1)     35F : A8                         mov     R0, A           ; R0=&minuend
(1)     360 : F0                         mov     A, @R0          ; A=lo(minuend)
(1)     361 : 6B                         add     A, R3
(1)     362 : AB                         mov     R3, A           ; A=lo(minuend-subtrahend)
(1)     363 : 18                         inc     R0
(1)     364 : 81                         movx    A, @R1          ; restore hi(subtrahend)
(1)     365 : D0                         xrl     A, @R0          ; A=hi(minuend^subtrahend)
(1)     366 : 91                         movx    @R1, A          ; save hi(minuend^subtrahend)
(1)     367 : F0                         mov     A, @R0          ; A=hi(minuend)
(1)     368 : 7A                         addc    A, R2
(1)     369 : AA                         mov     R2, A           ; R2=hi(minuend-subtrahend)
(1)     36A : 4B                         orl     A, R3
(1)     36B : C6 7C                      jz      cmpsi2_eq       ; branch if minuend-subtrahend==0
(1)     36D : FA                         mov     A, R2
(1)     36E : D0                         xrl     A, @R0
(1)     36F : AB                         mov     R3, A           ; R3=hi(minuend-subtrahend)^minuend
(1)     370 : 81                         movx    A, @R1          ; restore hi(minuend^subtrahend)
(1)     371 : 19                         inc     R1
(1)     372 : 5B                         anl     A, R3           ; overflow flag
(1)     373 : DA                         xrl     A, R2
(1)     374 : F2 79                      jb      7, cmpsi2_lt
(1)     376 :                    cmpsi2_gt:
(1)     376 : 23 01                      mov     A, #1
(1)     378 : 83                         ret
(1)     379 :                    cmpsi2_lt:
(1)     379 : 23 FF                      mov     A, #-1
(1)     37B : 83                         ret
(1)     37C :                    cmpsi2_eq:
(1)     37C : 19                         inc     R1              ; discard hi(subtrahend)
(1)     37D : 83                         ret
(1)     37E :
(1)     37E :                    ;;; Unsigned multiplication: result = multiplicand * multiplier
(1)     37E :                    ;;; @param R3:R2 multiplicand
(1)     37E :                    ;;; @param R5:R4 multiplier
(1)     37E :                    ;;; @return R3:R2 result
(1)     37E :                    ;;; @clobber A R2 R3 R4 R5 R6 R7
(1)     37E :                    umul16:
(1)     37E : 27                         clr     A
(1)     37F : AE                         mov     R6, A
(1)     380 : AF                         mov     R7, A           ; R7:R6=result
(1)     381 : 64 99                      jmp     umul16_check
(1)     383 :                    umul16_loop:
(1)     383 : 97                         clr     C
(1)     384 : FD                         mov     A, R5
(1)     385 : 67                         rrc     A
(1)     386 : AD                         mov     R5, A
(1)     387 : FC                         mov     A, R4
(1)     388 : 67                         rrc     A
(1)     389 : AC                         mov     R4, A           ; multiplier >>= 1
(1)     38A : E6 92                      jnc     umul16_next     ; branch if lsb(multiplier)==0
(1)     38C : FE                         mov     A, R6
(1)     38D : 6A                         add     A, R2
(1)     38E : AE                         mov     R6, A
(1)     38F : FF                         mov     A, R7
(1)     390 : 7B                         addc    A, R3
(1)     391 : AF                         mov     R7, A           ; result += multiplicand
(1)     392 :                    umul16_next:
(1)     392 : 97                         clr     C
(1)     393 : FA                         mov     A, R2
(1)     394 : F7                         rlc     A
(1)     395 : AA                         mov     R2, A
(1)     396 : FB                         mov     A, R3
(1)     397 : F7                         rlc     A
(1)     398 : AB                         mov     R3, A           ; multiplicand <<= 1
(1)     399 :                    umul16_check:
(1)     399 : FC                         mov     A, R4
(1)     39A : 4D                         orl     A, R5
(1)     39B : 96 83                      jnz     umul16_loop     ; branch if multiplier != 0
(1)     39D :                    umul16_end:
(1)     39D : FE                         mov     A, R6
(1)     39E : AA                         mov     R2, A
(1)     39F : FF                         mov     A, R7
(1)     3A0 : AB                         mov     R3, A
(1)     3A1 : 83                         ret
(1)     3A2 :
(1)     3A2 :                    ;;; Signed multiplication: multiplicand *= multiplier
(1)     3A2 :                    ;;; @param R2: &multiplicand
(1)     3A2 :                    ;;; @param R3: &multiplier
(1)     3A2 :                    ;;; @clobber A R0 R2 R3 R4 R5 R6 R7
(1)     3A2 :                    mulsi2:
(1)     3A2 : FA                         mov     A, R2
(1)     3A3 : C9                         dec     R1
(1)     3A4 : 91                         movx    @R1, A          ; save &multiplicand
(1)     3A5 : FB                         mov     A, R3
(1)     3A6 : C9                         dec     R1
(1)     3A7 : 91                         movx    @R1, A          ; save &multiplier
(1)     3A8 : A8                         mov     R0, A           ; R0=&multiplier
(1)     3A9 : F0                         mov     A, @R0
(1)     3AA : AC                         mov     R4, A
(1)     3AB : 18                         inc     R0
(1)     3AC : F0                         mov     A, @R0
(1)     3AD : AD                         mov     R5, A           ; R5:R4=multiplier
(1)     3AE : 37                         cpl     A
(1)     3AF : F2 B3                      jb      7, mulsi2_multiplicand
(1)     3B1 : 74 0B                      call    neg_R5R4
(1)     3B3 :                    mulsi2_multiplicand:
(1)     3B3 : FA                         mov     A, R2
(1)     3B4 : A8                         mov     R0, A           ; R0=&multiplicand
(1)     3B5 : F0                         mov     A, @R0
(1)     3B6 : AA                         mov     R2, A
(1)     3B7 : 18                         inc     R0
(1)     3B8 : F0                         mov     A, @R0
(1)     3B9 : AB                         mov     R3, A
(1)     3BA : 37                         cpl     A
(1)     3BB : F2 BF                      jb      7, mulsi2_multiply
(1)     3BD : 74 00                      call    neg_R3R2
(1)     3BF :                    mulsi2_multiply:
(1)     3BF : 74 7E                      call    umul16
(1)     3C1 : 81                         movx    A, @R1
(1)     3C2 : 19                         inc     R1
(1)     3C3 : A8                         mov     R0, A           ; R0=&multiplier
(1)     3C4 : 18                         inc     R0
(1)     3C5 : F0                         mov     A, @R0          ; A=hi(multiplier)
(1)     3C6 : AD                         mov     R5, A           ; R5=hi(multiplier)
(1)     3C7 : 81                         movx    A, @R1
(1)     3C8 : 19                         inc     R1
(1)     3C9 : A8                         mov     R0, A           ; R0=&multiplicand
(1)     3CA : 18                         inc     R0
(1)     3CB : F0                         mov     A, @R0          ; A=hi(multiplicand)
(1)     3CC : DD                         xrl     A, R5           ; A=hi(multiplicand^multiplier)
(1)     3CD : 37                         cpl     A
(1)     3CE : F2 D2                      jb      7, mulsi2_store
(1)     3D0 : 74 00                      call    neg_R3R2
(1)     3D2 :                    mulsi2_store:
(1)     3D2 : FB                         mov     A, R3
(1)     3D3 : A0                         mov     @R0, A
(1)     3D4 : C8                         dec     R0
(1)     3D5 : FA                         mov     A, R2
(1)     3D6 : A0                         mov     @R0, A
(1)     3D7 : 83                         ret
(1)     3D8 :
(1)     3D8 :                    ;;; Unsigned division: dividend / divisor = quotient ... remainder
(1)     3D8 :                    ;;; @param R3:R2 dividend
(1)     3D8 :                    ;;; @param R5:R4 divisor
(1)     3D8 :                    ;;; @return R3:R2 quotient
(1)     3D8 :                    ;;; @return R5:R4 remainder
(1)     3D8 :                    ;;; @clobber A R0 R2 R3 R4 R5 R6 R7
(1)     3D8 :                    udiv16:
(1)     3D8 : FC                         mov     A, R4
(1)     3D9 : 4D                         orl     A, R5
(1)     3DA : 96 DD                      jnz     udiv16_calc     ; branch if divisor != 0
(1)     3DC : 83                         ret
(1)     3DD :                    udiv16_calc:
(1)     3DD : B8 01                      mov     R0, #1          ; R0=bits
(1)     3DF : 64 E9                      jmp     udiv16_prep
(1)     3E1 :                    udiv16_prep_loop:
(1)     3E1 : 97                         clr     C
(1)     3E2 : FC                         mov     A, R4
(1)     3E3 : F7                         rlc     A
(1)     3E4 : AC                         mov     R4, A
(1)     3E5 : FD                         mov     A, R5
(1)     3E6 : F7                         rlc     A
(1)     3E7 : AD                         mov     R5, A           ; divisor <<= 1
(1)     3E8 : 18                         inc     R0              ; bits++
(1)     3E9 :                    udiv16_prep:
(1)     3E9 : FD                         mov     A, R5
(1)     3EA : 37                         cpl     A
(1)     3EB : F2 E1                      jb      7, udiv16_prep_loop ; while msb(divisor) == 0
(1)     3ED : 27                         clr     A
(1)     3EE : C9                         dec     R1
(1)     3EF : 91                         movx    @R1, A
(1)     3F0 : C9                         dec     R1
(1)     3F1 : 91                         movx    @R1, A          ; R1[2:1]=quotient
(1)     3F2 : F9                         mov     A, R1           ; A=&quotient
(1)     3F3 : 28                         xch     A, R0           ; R0=&quotient, A=bits
(1)     3F4 : C9                         dec     R1
(1)     3F5 : 91                         movx    @R1, A          ; R=&bits
(1)     3F6 : 84 08                      jmp     udiv16_enter_loop
(1)     3F8 :                    udiv16_loop:
(1)     3F8 : 97                         clr     C
(1)     3F9 : FD                         mov     A, R5
(1)     3FA : 67                         rrc     A
(1)     3FB : AD                         mov     R5, A
(1)     3FC : FC                         mov     A, R4
(1)     3FD : 67                         rrc     A
(1)     3FE : AC                         mov     R4, A           ; divisor >>= 1
(1)     3FF : 97                         clr     C
(1)     400 : 80                         movx    A, @R0
(1)     401 : F7                         rlc     A
(1)     402 : 90                         movx    @R0, A
(1)     403 : 18                         inc     R0
(1)     404 : 80                         movx    A, @R0
(1)     405 : F7                         rlc     A
(1)     406 : 90                         movx    @R0, A          ; quotient <<= 1
(1)     407 : C8                         dec     R0
(1)     408 :                    udiv16_enter_loop:
(1)     408 : FC                         mov     A, R4
(1)     409 : 37                         cpl     A
(1)     40A : 03 01                      add     A, #1
(1)     40C : AE                         mov     R6, A
(1)     40D : FD                         mov     A, R5
(1)     40E : 37                         cpl     A
(1)     40F : 13 00                      addc    A, #0
(1)     411 : AF                         mov     R7, A           ; R7:R6=-divisor
(1)     412 : FA                         mov     A, R2
(1)     413 : 6E                         add     A, R6
(1)     414 : AA                         mov     R2, A
(1)     415 : FB                         mov     A, R3
(1)     416 : 7F                         addc    A, R7
(1)     417 : AB                         mov     R3, A           ; divident -= divisor
(1)     418 : E6 1F                      jnc     udiv16_readd    ; branch if dividend < 0
(1)     41A : 80                         movx    A, @R0
(1)     41B : 17                         inc     A               ; quotient |= 1
(1)     41C : 90                         movx    @R0, A
(1)     41D : 84 25                      jmp     udiv16_next
(1)     41F :                    udiv16_readd:
(1)     41F : FC                         mov     A, R4
(1)     420 : 6A                         add     A, R2
(1)     421 : AA                         mov     R2, A
(1)     422 : FD                         mov     A, R5
(1)     423 : 7B                         addc    A, R3
(1)     424 : AB                         mov     R3, A           ; dividend += divisor
(1)     425 :                    udiv16_next:
(1)     425 : 81                         movx    A, @R1
(1)     426 : 07                         dec     A
(1)     427 : 91                         movx    @R1, A          ; bits -= 1
(1)     428 : C6 2C                      jz      udiv16_store
(1)     42A : 64 F8                      jmp     udiv16_loop
(1)     42C :                    udiv16_store:
(1)     42C : FA                         mov     A, R2
(1)     42D : AC                         mov     R4, A
(1)     42E : FB                         mov     A, R3
(1)     42F : AD                         mov     R5, A           ; store remainder
(1)     430 : 80                         movx    A, @R0
(1)     431 : AA                         mov     R2, A
(1)     432 : 18                         inc     R0
(1)     433 : 80                         movx    A, @R0
(1)     434 : AB                         mov     R3, A           ; store quotient
(1)     435 : 19                         inc     R1
(1)     436 : 19                         inc     R1
(1)     437 : 19                         inc     R1              ; discard bits and quotient
(1)     438 : F1                         mov     A, @R1
(1)     439 : 83                         ret
(1)     43A :
(1)     43A :
(1)     43A :                    ;;; Signed division: dividend /= divisor
(1)     43A :                    ;;; @param R2: &dividend
(1)     43A :                    ;;; @param R3: &divisor
(1)     43A :                    ;;; @clobber A R0 R2 R3 R4 R5 R6 R7
(1)     43A :                    divsi2:
(1)     43A : FA                         mov     A, R2
(1)     43B : C9                         dec     R1
(1)     43C : 91                         movx    @R1, A          ; save &dividend
(1)     43D : FB                         mov     A, R3
(1)     43E : C9                         dec     R1
(1)     43F : 91                         movx    @R1, A          ; save &divisor
(1)     440 : A8                         mov     R0, A           ; R0=&divisor
(1)     441 : F0                         mov     A, @R0
(1)     442 : AC                         mov     R4, A
(1)     443 : 18                         inc     R0
(1)     444 : F0                         mov     A, @R0
(1)     445 : AD                         mov     R5, A           ; R5:R4=divisor
(1)     446 : 37                         cpl     A
(1)     447 : F2 4B                      jb      7, divsi2_dividend
(1)     449 : 74 0B                      call    neg_R5R4
(1)     44B :                    divsi2_dividend:
(1)     44B : FA                         mov     A, R2
(1)     44C : A8                         mov     R0, A           ; R0=&dividend
(1)     44D : F0                         mov     A, @R0
(1)     44E : AA                         mov     R2, A
(1)     44F : 18                         inc     R0
(1)     450 : F0                         mov     A, @R0
(1)     451 : AB                         mov     R3, A
(1)     452 : 37                         cpl     A
(1)     453 : F2 57                      jb      7, divsi2_divide
(1)     455 : 74 00                      call    neg_R3R2
(1)     457 :                    divsi2_divide:
(1)     457 : 74 D8                      call    udiv16
(1)     459 : 81                         movx    A, @R1
(1)     45A : 19                         inc     R1
(1)     45B : A8                         mov     R0, A           ; R0=&divisor
(1)     45C : 18                         inc     R0
(1)     45D : F0                         mov     A, @R0          ; A=hi(divisor)
(1)     45E : AD                         mov     R5, A           ; R5=hi(divisor)
(1)     45F : 81                         movx    A, @R1
(1)     460 : 19                         inc     R1
(1)     461 : A8                         mov     R0, A           ; R0=&dividend
(1)     462 : 18                         inc     R0
(1)     463 : F0                         mov     A, @R0          ; A=hi(dividend)
(1)     464 : DD                         xrl     A, R5           ; A=hi(dividend^divisor)
(1)     465 : 37                         cpl     A
(1)     466 : F2 6A                      jb      7, divsi2_store
(1)     468 : 74 00                      call    neg_R3R2
(1)     46A :                    divsi2_store:
(1)     46A : FB                         mov     A, R3
(1)     46B : A0                         mov     @R0, A
(1)     46C : C8                         dec     R0
(1)     46D : FA                         mov     A, R2
(1)     46E : A0                         mov     @R0, A
(1)     46F : 83                         ret
        470 :                            include "queue.inc"
(1)     470 :                    ;;; -*- mode: asm; mode: flyspell-prog; -*-
(1)     470 :                    ;;; [queue] queue structure on internal data memory
(1)     470 : =0                 queue_len:      equ     0       ; queue length
(1)     470 : =1                 queue_size:     equ     1       ; buffer size
(1)     470 : =2                 queue_buf:      equ     2       ; buffer pointer to external data memory
(1)     470 : =3                 queue_put:      equ     3       ; queue put index
(1)     470 : =4                 queue_get:      equ     4       ; queue get index
(1)     470 : =5                 queue_work_size:        equ     5
(1)     470 :
(1)     470 :                    ;;; [queue] Initialize queue
(1)     470 :                    ;;; @param R0 queue work space pointer
(1)     470 :                    ;;; @param R2 queue buffer pointer
(1)     470 :                    ;;; @param A queue buffer size
(1)     470 :                    ;;; @clobber A R0
(1)     470 :                    queue_init:
(1)     470 : AF                         mov     R7, A
(1)     471 : B0 00                      mov     @R0, #0         ; queue_len
(1)     473 : 18                         inc     R0
(1)     474 : A0                         mov     @R0, A          ; queue_size
(1)     475 : 18                         inc     R0
(1)     476 : FA                         mov     A, R2
(1)     477 : A0                         mov     @R0, A          ; queue_buffer
(1)     478 : 18                         inc     R0
(1)     479 : B0 00                      mov     @R0, #0         ; queue_put
(1)     47B : 18                         inc     R0
(1)     47C : B0 00                      mov     @R0, #0         ; queue_get
(1)     47E : FA                         mov     A, R2
(1)     47F : A8                         mov     R0, A           ; R0=queue_buffer
(1)     480 : 27                         clr     A
(1)     481 :                    queue_init_loop:
(1)     481 : 90                         movx    @R0, A
(1)     482 : 18                         inc     R0
(1)     483 : EF 81                      djnz    R7, queue_init_loop
(1)     485 : 83                         ret
(1)     486 :
(1)     486 :                    ;;; [queue] Add an element to queue
(1)     486 :                    ;;; @param R0 queue work space pointer
(1)     486 :                    ;;; @param A an element
(1)     486 :                    ;;; @return PSW.C 0 if queue is full
(1)     486 :                    ;;; @clobber R0
(1)     486 :                    queue_add:
(1)     486 : C9                         dec     R1
(1)     487 : 91                         movx    @R1, A          ; save A
(1)     488 : F0                         mov     A, @R0          ; queue_len
(1)     489 : 18                         inc     R0
(1)     48A : D0                         xrl     A, @R0          ; queue_size
(1)     48B : 96 91                      jnz     queue_add_store
(1)     48D : 81                         movx    A, @R1          ; restore A
(1)     48E : 19                         inc     R1
(1)     48F : 97                         clr     C               ; PSW.C=0
(1)     490 : 83                         ret
(1)     491 :                    queue_add_store:
(1)     491 : 81                         movx    A, @R1          ; restore A
(1)     492 : 2F                         xch     A, R7           ; R7=an element
(1)     493 : C9                         dec     R1
(1)     494 : 91                         movx    @R1, A          ; save R7
(1)     495 : C8                         dec     R0
(1)     496 : 10                         inc     @R0             ; queue_len++
(1)     497 : 18                         inc     R0
(1)     498 : 18                         inc     R0
(1)     499 : F0                         mov     A, @R0          ; A=queue_buf
(1)     49A : 18                         inc     R0
(1)     49B : 60                         add     A, @R0          ; A=queue_buf+queue_put
(1)     49C : 29                         xch     A, R1           ; A=R1, R0=&queue_buf[queue_put]
(1)     49D : 2F                         xch     A, R7           ; A=an element, R7=R1
(1)     49E : 91                         movx    @R1, A          ; add an element
(1)     49F : FF                         mov     A, R7           ; A=R1
(1)     4A0 : A9                         mov     R1, A           ; restore R1
(1)     4A1 : C8                         dec     R0
(1)     4A2 : C8                         dec     R0
(1)     4A3 : F0                         mov     A, @R0          ; A=queue_size
(1)     4A4 : 18                         inc     R0
(1)     4A5 : 18                         inc     R0
(1)     4A6 : 10                         inc     @R0             ; queue_put++
(1)     4A7 : D0                         xrl     A, @R0
(1)     4A8 : 96 AB                      jnz     queue_add_end
(1)     4AA : A0                         mov     @R0, A          ; queue_put=0
(1)     4AB :                    queue_add_end:
(1)     4AB : 81                         movx    A, @R1
(1)     4AC : 19                         inc     R1
(1)     4AD : AF                         mov     R7, A           ; restore R7
(1)     4AE : 81                         movx    A, @R1          ; restore A
(1)     4AF : 19                         inc     R1
(1)     4B0 : 97                         clr     C
(1)     4B1 : A7                         cpl     C
(1)     4B2 : 83                         ret
(1)     4B3 :
(1)     4B3 :                    ;;; [queue] Remove an element from queue
(1)     4B3 :                    ;;; @param R0 queue work space pointer
(1)     4B3 :                    ;;; @return A an element
(1)     4B3 :                    ;;; @return PSW.C 0 if queue is empty
(1)     4B3 :                    ;;; @clobber R0
(1)     4B3 :                    queue_remove:
(1)     4B3 : F0                         mov     A, @R0            ; queue_len
(1)     4B4 : 96 B8                      jnz     queue_remove_elem ; queue_len > 0
(1)     4B6 : 97                         clr     C                 ; PSW.C=0
(1)     4B7 : 83                         ret
(1)     4B8 :                    queue_remove_elem:
(1)     4B8 : FF                         mov     A, R7
(1)     4B9 : C9                         dec     R1
(1)     4BA : 91                         movx    @R1, A          ; save R7
(1)     4BB : F0                         mov     A, @R0          ; queue_len--
(1)     4BC : 07                         dec     A
(1)     4BD : A0                         mov     @R0, A
(1)     4BE : 18                         inc     R0
(1)     4BF : 18                         inc     R0
(1)     4C0 : F0                         mov     A, @R0          ; A=queue_buf
(1)     4C1 : 18                         inc     R0
(1)     4C2 : 18                         inc     R0
(1)     4C3 : 60                         add     A, @R0          ; A=queue_buf+queue_get
(1)     4C4 : 29                         xch     A, R1           ; A=R1
(1)     4C5 : 2F                         xch     A, R7           ; R7=R1
(1)     4C6 : 81                         movx    A, @R1
(1)     4C7 : 2F                         xch     A, R7           ; A=R1, R7=an element
(1)     4C8 : A9                         mov     R1, A           ; restore R1
(1)     4C9 : C8                         dec     R0
(1)     4CA : C8                         dec     R0
(1)     4CB : C8                         dec     R0
(1)     4CC : F0                         mov     A, @R0          ; A=queue_size
(1)     4CD : 18                         inc     R0
(1)     4CE : 18                         inc     R0
(1)     4CF : 18                         inc     R0
(1)     4D0 : 10                         inc     @R0             ; queue_get++
(1)     4D1 : D0                         xrl     A, @R0          ; queue_get
(1)     4D2 : 96 D5                      jnz     queue_remove_end
(1)     4D4 : A0                         mov     @R0, A          ; queue_get=0
(1)     4D5 :                    queue_remove_end:
(1)     4D5 : 81                         movx    A, @R1          ; restore R7
(1)     4D6 : 19                         inc     R1
(1)     4D7 : 2F                         xch     A, R7           ; A=an element
(1)     4D8 : 97                         clr     C
(1)     4D9 : A7                         cpl     C
(1)     4DA : 83                         ret
        4DB :
        4DB :                            end
