          0 :                            include "mc68hc11.inc"
(1)       0 :                    ;;; -*- mode: asm; mode: flyspell-prog; -*-
(1)       0 :                    ;;; MC68HC11
(1)       0 :                            cpu     6811
(1)       0 :                    ;;; Condition Code Register (CC)
(1)       0 : =1                 CC_CARRY      equ  %00000001   ; set to 1 if carry occurred
(1)       0 : =2                 CC_OVERFLOW   equ  %00000010   ; set to 1 if overflow occurred
(1)       0 : =4                 CC_ZERO       equ  %00000100   ; set to 1 if result is zero
(1)       0 : =8                 CC_NEGATIVE   equ  %00001000   ; set to 1 if result is negative
(1)       0 : =10                CC_IRQ        equ  %00010000   ; if 1, IRQ is masked
(1)       0 : =20                CC_HALF_CARRY equ  %00100000   ; if 1, decimal carry from least digit occurred
(1)       0 : =40                CC_XIRQ       equ  %01000000   ; if 1, XIRQ is masked
(1)       0 : =80                CC_STOP       equ  %10000000   ; if 1, STOP instruction is disabled
(1)       0 :
(1)       0 :                    ;;; Vector
(1)       0 : =FFF2              VEC_IRQ:        equ     $FFF2  ; $FFF2: #IRQ 
(1)       0 : =FFF4              VEC_XIRQ:       equ     $FFF4  ; $FFF4: #XIRQ
(1)       0 : =FFF6              VEC_SWI:        equ     $FFF6  ; $FFF6: Software Interrupt
(1)       0 : =FFF8              VEC_ILOP:       equ     $FFF8  ; $FFF8: Illegal Opcode Trap
(1)       0 : =FFFA              VEC_COP:        equ     $FFFA  ; $FFFA: COP (Watchdog) Failure
(1)       0 : =FFFC              VEC_CMF:        equ     $FFFC  ; $FFFC: Clock Monitor Fail
(1)       0 : =FFFE              VEC_RESET:      equ     $FFFE  ; $FFFE: Reset
          0 :
          0 :                    ;;; MC6850 Asynchronous Communication Interface Adapter
          0 : =DF00              ACIA:   equ     $DF00
          0 :                            include "../mc6800/mc6850.inc"
(1)       0 :                    ;;; -*- mode: asm; mode: flyspell-prog; -*-
(1)       0 :
(1)       0 :                    ;;; MC6850
(1)       0 :                    ;;; Asynchronous Communication Interface Adapter
(1)       0 :
(1)       0 :                    ;;; Control register
(1)       0 : =DF00              ACIA_control:   equ     ACIA+0
(1)       0 :                            ;; Counter Divider Select Bits
(1)       0 : =3                 CDS_gm:         equ     %11    ; Group mask
(1)       0 : =0                 CDS_DIV1_gc:    equ     %00000000 ; /1
(1)       0 : =1                 CDS_DIV16_gc:   equ     %00000001 ; /16
(1)       0 : =2                 CDS_DIV64_gc:   equ     %00000010 ; /64
(1)       0 : =3                 CDS_RESET_gc:   equ     %00000011 ; Master Reset
(1)       0 :                            ;; Word Select Bits
(1)       0 : =1C                WSB_gm:         equ     %00011100 ; Group mask
(1)       0 : =0                 WSB_7E2_gc:     equ     %00000000 ; 7 Bits + Even Parity + 2 Stop Bits
(1)       0 : =4                 WSB_7O2_gc:     equ     %00000100 ; 7 bits + Odd Parity  + 2 Stop Bits
(1)       0 : =8                 WSB_7E1_gc:     equ     %00001000 ; 7 bits + Even Parity + 1 Stop Bits
(1)       0 : =C                 WSB_7O1_gc:     equ     %00001100 ; 7 bits + Odd Parity  + 1 Stop Bits
(1)       0 : =10                WSB_8N2_gc:     equ     %00010000 ; 8 bits + No Parity   + 2 Stop Bits
(1)       0 : =14                WSB_8N1_gc:     equ     %00010100 ; 8 bits + No Parity   + 1 Stop Bits
(1)       0 : =18                WSB_8E1_gc:     equ     %00011000 ; 8 bits + Even Parity + 1 Stop Bits
(1)       0 : =1C                WSB_8O1_gc:     equ     %00011100 ; 8 bits + Odd Parity  + 1 Stop Bits
(1)       0 :                            ;; Transmit Control Bits
(1)       0 : =60                TCB_gm:         equ     %01100000 ; Group mask
(1)       0 : =0                 TCB_DI_gc:      equ     %00000000 ; RTS=Low,  Tx Interrupt Disabled
(1)       0 : =20                TCB_EI_gc:      equ     %00100000 ; RTS=Low,  Tx Interrupt Enabled
(1)       0 : =40                TCB_RTS_gc:     equ     %01000000 ; RTS=High, Tx Interrupt Disabled
(1)       0 : =60                TCB_BREAK_gc:   equ     %01100000 ; RTS=Low,  Tx Interrupt Disabled
(1)       0 :                                                      ; Transmit Break Level
(1)       0 : =80                RIEB_bm:        equ     %10000000 ; Receive Interrupt Enable Bit mask
(1)       0 :
(1)       0 :                    ;;; Status register
(1)       0 : =DF00              ACIA_status:    equ     ACIA+0
(1)       0 : =1                 RDRF_bm:        equ     %00000001 ; Receive Data Register Full
(1)       0 : =2                 TDRE_bm:        equ     %00000010 ; Transmit Data Register Empty
(1)       0 : =4                 DCDF_bm:        equ     %00000100 ; Data Carrier Detect Flag
(1)       0 : =8                 CTSF_bm:        equ     %00001000 ; Clear To Send Flag
(1)       0 : =10                FERR_bm:        equ     %00010000 ; Frame Error Flag
(1)       0 : =20                OVRN_bm:        equ     %00100000 ; Receiver Overrun Flag
(1)       0 : =40                PERR_bm:        equ     %01000000 ; Parity Error Flag
(1)       0 : =80                IRQF_bm:        equ     %10000000 ; Interrupt Request Flag
(1)       0 :
(1)       0 :                    ;;; Data register
(1)       0 : =DF01              ACIA_data:      equ     ACIA+1          ; Data register
          0 :
       2000 :                            org     $2000
       2000 :
       2000 : =80                rx_queue_size:  equ     128
       2000 :                    rx_queue:       rmb     rx_queue_size
       2080 : =94                RX_INT_TX_NO:   equ     WSB_8N1_gc|RIEB_bm
       2080 :
       1000 :                            org     $1000
       1000 : =FFF               stack:  equ     *-1             ; MC6801's SP is post-decrement/pre-increment
       1000 :
       FFF2 :                            org     VEC_IRQ
       FFF2 : 01 86                      fdb     isr_irq
       FFF4 :
       FFF6 :                            org     VEC_SWI
       FFF6 : FF F6                      fdb     VEC_SWI         ; for halt to system
       FFF8 :
       FFFE :                            org     VEC_RESET
       FFFE : 01 00                      fdb     initialize
      10000 :
        100 :                            org     $0100
        100 :                    initialize:
        100 : 8E 0F FF                   lds     #stack
        103 : CE 20 00                   ldx     #rx_queue
        106 : C6 80                      ldab    #rx_queue_size
        108 : BD 01 3F                   jsr     queue_init
        10B :                            ;; initialize ACIA
        10B : 86 03                      ldaa    #CDS_RESET_gc   ; Master reset
        10D : B7 DF 00                   staa    ACIA_control
        110 : 86 94                      ldaa    #RX_INT_TX_NO
        112 : B7 DF 00                   staa    ACIA_control
        115 : 0E                         cli                     ; Enable IRQ
        116 : CE 20 00                   ldx     #rx_queue
        119 : 20 02                      bra     loop
        11B :
        11B :                    wait:
        11B : 20 00                      bra     loop            ; spin, IRQ enabled: it comes in running code
        11D :                    loop:
        11D : 0F                         sei                     ; Disable IRQ
        11E : BD 01 6A                   jsr     queue_remove
        121 : 0E                         cli                     ; Enable IRQ
        122 : 24 F7                      bcc     wait
        124 : 4D                         tsta
        125 : 27 0C                      beq     halt_to_system
        127 : 8D 0B                      bsr     putchar
        129 : 81 0D                      cmpa    #$0D
        12B : 26 F0                      bne     loop
        12D : 86 0A                      ldaa    #$0A
        12F : 8D 03                      bsr     putchar
        131 : 20 EA                      bra     loop
        133 :                    halt_to_system:
        133 : 3F                         swi                     ; halt_to_system
        134 :
        134 :                    putchar:
        134 : F6 DF 00                   ldab    ACIA_status
        137 : C5 02                      bitb    #TDRE_bm
        139 : 27 F9                      beq     putchar
        13B : B7 DF 01                   staa    ACIA_data
        13E : 39                         rts
        13F :
        13F :                            include "../mc6801/queue.inc"
(1)     13F :                    ;;; [queue] queue structure
(1)     13F : =0                 queue_len:      equ     0       ; queue length
(1)     13F : =1                 queue_size:     equ     1       ; buffer size
(1)     13F : =2                 queue_put:      equ     2       ; queue put index
(1)     13F : =3                 queue_get:      equ     3       ; queue get index
(1)     13F : =4                 queue_buf:      equ     4       ; buffer start offset
(1)     13F :
(1)     13F :                    ;;; [queue] Initialize queue
(1)     13F :                    ;;; @param X queue work space pointer
(1)     13F :                    ;;; @param B queue work space size
(1)     13F :                    ;;; @clobber B
(1)     13F :                    queue_init:
(1)     13F : 37                         pshb
(1)     140 : 3C                         pshx
(1)     141 :                    queue_init_loop:
(1)     141 : 6F 00                      clr     0,x
(1)     143 : 08                         inx
(1)     144 : 5A                         decb
(1)     145 : 26 FA                      bne     queue_init_loop
(1)     147 : 38                         pulx
(1)     148 : 33                         pulb
(1)     149 : C0 04                      subb    #queue_buf
(1)     14B : E7 01                      stab    queue_size,x
(1)     14D : 39                         rts
(1)     14E :
(1)     14E :                    ;;; [queue] Add an element to queue
(1)     14E :                    ;;; @param X queue work space pointer
(1)     14E :                    ;;; @param A an element
(1)     14E :                    ;;; @return CC.C 0 if queue is full
(1)     14E :                    queue_add:
(1)     14E : 37                 	pshb
(1)     14F : E6 00                      ldab    queue_len,x
(1)     151 : E1 01                      cmpb    queue_size,x
(1)     153 : 24 13                      bhs     queue_add_return ; carry is cleared
(1)     155 : E6 02                      ldab    queue_put,x     ; 8 bits offset
(1)     157 : 3C                         pshx
(1)     158 : 3A                         abx                     ; X+=B
(1)     159 : A7 04                      staa    queue_buf,x     ; store an element
(1)     15B : 38                         pulx
(1)     15C : 6C 00                      inc     queue_len,x
(1)     15E : 5C                         incb
(1)     15F : E7 02                      stab    queue_put,x
(1)     161 : E1 01                      cmpb    queue_size,x
(1)     163 : 25 03                      blo     queue_add_return ; carry is set
(1)     165 : 6F 02                      clr     queue_put,x
(1)     167 : 0D                         sec                     ; set carry
(1)     168 :                    queue_add_return:
(1)     168 : 33                 	pulb
(1)     169 : 39                         rts
(1)     16A :
(1)     16A :                    ;;; [queue] Remove an element from queue
(1)     16A :                    ;;; @param X queue work space pointer
(1)     16A :                    ;;; @return A an element
(1)     16A :                    ;;; @return CC.C 0 if queue is empty
(1)     16A :                    queue_remove:
(1)     16A : 6D 00                      tst     queue_len,x
(1)     16C : 26 02                      bne     queue_remove_elem
(1)     16E : 0C                         clc                     ; clear carry
(1)     16F : 39                         rts
(1)     170 :                    queue_remove_elem:
(1)     170 : 37                 	pshb
(1)     171 : E6 03                      ldab    queue_get,x     ; 8 bits offset
(1)     173 : 3C                         pshx
(1)     174 : 3A                         abx                     ; X+=B
(1)     175 : A6 04                      ldaa    queue_buf,x     ; read an element
(1)     177 : 38                         pulx
(1)     178 : 6A 00                      dec     queue_len,x
(1)     17A : 5C                         incb
(1)     17B : E7 03                      stab    queue_get,x
(1)     17D : E1 01                      cmpb    queue_size,x
(1)     17F : 25 03                      blo     queue_remove_return ; carry is set
(1)     181 : 6F 03                      clr     queue_get,x
(1)     183 : 0D                         sec                     ; set carry
(1)     184 :                    queue_remove_return:
(1)     184 : 33                         pulb
(1)     185 : 39                         rts
(1)     186 :
(1)     186 :                    ;;; Local Variables:
(1)     186 :                    ;;; mode: asm
(1)     186 :                    ;;; End:
(1)     186 :                    ;;; vim: set ft=asm et ts=4 sw=4:
        186 :
        186 :                    isr_irq:
        186 : F6 DF 00                   ldab    ACIA_status
        189 : C5 80                      bitb    #IRQF_bm
        18B : 27 0D                      beq     isr_irq_return
        18D :                    isr_irq_receive:
        18D : C5 01                      bitb    #RDRF_bm
        18F : 27 09                      beq     isr_irq_return
        191 : B6 DF 01                   ldaa    ACIA_data
        194 : CE 20 00                   ldx     #rx_queue
        197 : BD 01 4E                   jsr     queue_add
        19A :                    isr_irq_return:
        19A : 3B                         rti
