          0 :                    ;;; -*- mode: asm; mode: flyspell-prog; -*-
          0 :                            .include "mos6502.inc"
(1)       0 :                    ;;; -*- mode: asm; mode: flyspell-prog; -*-
(1)       0 :                    ;;; MOS6502
(1)       0 :                            cpu     6502
(1)       0 :                    ;;; Processor Status Register P
(1)       0 : =1                 P_CARRY         =       %00000001   ; set to 1 if carry occurred
(1)       0 : =2                 P_ZERO          =       %00000010   ; set to 1 if result is zero
(1)       0 : =4                 P_IRQ           =       %00000100   ; if 1, IRQ is disabled
(1)       0 : =8                 P_DECIMAL       =       %00001000   ; if 1, decimal mode
(1)       0 : =10                P_BRK           =       %00010000   ; if 1, BRK command
(1)       0 : =40                P_OVERFLOW      =       %01000000   ; set to 1 if overflow occurred
(1)       0 : =80                P_NEGATIVE      =       %10000000   ; set to 1 if result is negative
(1)       0 :
(1)       0 :                    ;;; Vector
(1)       0 : =FFFA              VEC_NMI         =       $FFFA  ; $FFFA: Non Maskable Interrupt
(1)       0 : =FFFC              VEC_RESET       =       $FFFC  ; $FFFC: Reset
(1)       0 : =FFFE              VEC_IRQ         =       $FFFE  ; $FFFE: Interrupt Request and BRK command
          0 :
          0 :                    ;;; MC6850 Asynchronous Communication Interface Adapter
          0 : =DF00              ACIA    =       $DF00
          0 :                            .include "mc6850.inc"
(1)       0 :                    ;;; -*- mode: asm; mode: flyspell-prog; -*-
(1)       0 :
(1)       0 :                    ;;; MC6850
(1)       0 :                    ;;; Asynchronous Communication Interface Adapter
(1)       0 :
(1)       0 :                    ;;; Control register
(1)       0 : =DF00              ACIA_control    =       ACIA+0
(1)       0 :                            ;; Counter Divider Select Bits
(1)       0 : =3                 CDS_gm          =       %11    ; Group mask
(1)       0 : =0                 CDS_DIV1_gc     =       %00000000 ; /1
(1)       0 : =1                 CDS_DIV16_gc    =       %00000001 ; /16
(1)       0 : =2                 CDS_DIV64_gc    =       %00000010 ; /64
(1)       0 : =3                 CDS_RESET_gc    =       %00000011 ; Master Reset
(1)       0 :                            ;; Word Select Bits
(1)       0 : =1C                WSB_gm          =       %00011100 ; Group mask
(1)       0 : =0                 WSB_7E2_gc      =       %00000000 ; 7 Bits + Even Parity + 2 Stop Bits
(1)       0 : =4                 WSB_7O2_gc      =       %00000100 ; 7 bits + Odd Parity  + 2 Stop Bits
(1)       0 : =8                 WSB_7E1_gc      =       %00001000 ; 7 bits + Even Parity + 1 Stop Bits
(1)       0 : =C                 WSB_7O1_gc      =       %00001100 ; 7 bits + Odd Parity  + 1 Stop Bits
(1)       0 : =10                WSB_8N2_gc      =       %00010000 ; 8 bits + No Parity   + 2 Stop Bits
(1)       0 : =14                WSB_8N1_gc      =       %00010100 ; 8 bits + No Parity   + 1 Stop Bits
(1)       0 : =18                WSB_8E1_gc      =       %00011000 ; 8 bits + Even Parity + 1 Stop Bits
(1)       0 : =1C                WSB_8O1_gc      =       %00011100 ; 8 bits + Odd Parity  + 1 Stop Bits
(1)       0 :                            ;; Transmit Control Bits
(1)       0 : =60                TCB_gm          =       %01100000 ; Group mask
(1)       0 : =0                 TCB_DI_gc       =       %00000000 ; RTS=Low,  Tx Interrupt Disabled
(1)       0 : =20                TCB_EI_gc       =       %00100000 ; RTS=Low,  Tx Interrupt Enabled
(1)       0 : =40                TCB_RTS_gc      =       %01000000 ; RTS=High, Tx Interrupt Disabled
(1)       0 : =60                TCB_BREAK_gc    =       %01100000 ; RTS=Low,  Tx Interrupt Disabled
(1)       0 :                                                      ; Transmit Break Level
(1)       0 : =80                RIEB_bm         =       %10000000 ; Receive Interrupt Enable Bit mask
(1)       0 :
(1)       0 :                    ;;; Status register
(1)       0 : =DF00              ACIA_status     =       ACIA+0
(1)       0 : =1                 RDRF_bm         =       %00000001 ; Receive Data Register Full
(1)       0 : =2                 TDRE_bm         =       %00000010 ; Transmit Data Register Empty
(1)       0 : =4                 DCDF_bm         =       %00000100 ; Data Carrier Detect Flag
(1)       0 : =8                 CTSF_bm         =       %00001000 ; Clear To Send Flag
(1)       0 : =10                FERR_bm         =       %00010000 ; Frame Error Flag
(1)       0 : =20                OVRN_bm         =       %00100000 ; Receiver Overrun Flag
(1)       0 : =40                PERR_bm         =       %01000000 ; Parity Error Flag
(1)       0 : =80                IRQF_bm         =       %10000000 ; Interrupt Request Flag
(1)       0 :
(1)       0 :                    ;;; Data register
(1)       0 : =DF01              ACIA_data       =       ACIA+1          ; Data register
          0 :
       FFFC :                            *=      VEC_RESET
       FFFC : 00 10                      .word   initialize
       FFFE :
       FFFE :                    ;;; Work area for arith.inc
         10 :                            *=      $10
         10 :                    R0:
         10 : 00                 R0L:    .byte   0
         11 : 00                 R0H:    .byte   0
         12 :                    R1:
         12 : 00                 R1L:    .byte   0
         13 : 00                 R1H:    .byte   0
         14 :                    R2:
         14 : 00                 R2L:    .byte   0
         15 : 00                 R2H:    .byte   0
         16 :                    arith_work:
         16 : 00 00                      .word   0
         18 :
       1000 :                            *=      $1000
       1000 : =1FF               stack   =       $01ff
       1000 :                    initialize:
       1000 : A2 FF                      ldx     #stack & 0xFF
       1002 : 9A                         txs
       1003 : D8                         cld                     ; clear decimal flag
       1004 : A9 03                      lda     #CDS_RESET_gc   ; Master reset
       1006 : 8D 00 DF                   sta     ACIA_control
       1009 : A9 14                      lda     #WSB_8N1_gc     ; 8 bits + No Parity + 1 Stop Bits
       100B :                                                    ; Transmit, Receive interrupts disabled
       100B : 8D 00 DF                   sta     ACIA_control
       100E :
       100E : 20 78 10                   jsr     arith
       1011 : 00                         brk
       1012 : 00                         .byte   0               ; halt to system
       1013 :
       1013 :                    ;;; Print out char
       1013 :                    ;;; @param A char
       1013 :                    ;;; @clobber A
       1013 :                    putchar:
       1013 : 48                         pha                     ; save A
       1014 :                    putchar_loop:
       1014 : AD 00 DF                   lda     ACIA_status
       1017 : 29 02                      and     #TDRE_bm
       1019 : F0 F9                      beq     putchar_loop
       101B : 68                         pla                     ; restore A
       101C : 8D 01 DF                   sta     ACIA_data
       101F : 60                         rts
       1020 :
       1020 :                    newline:
       1020 : A9 0D                      lda     #$0D
       1022 : 20 13 10                   jsr     putchar
       1025 : A9 0A                      lda     #$0A
       1027 : D0 EA                      bne     putchar         ; always branch
       1029 :
       1029 :                    putspace:
       1029 : A9 20                      lda     #' '
       102B : D0 E6                      bne     putchar         ; always branch
       102D :
       102D :                    ;;; Print "R1 op R2"
       102D :                    ;;; @param A op letter
       102D :                    ;;; @clobber R0
       102D :                    expr:
       102D : 48                         pha                     ; save op letter
       102E : A5 13                      lda     R1H
       1030 : A6 12                      ldx     R1L
       1032 : 85 11                      sta     R0H
       1034 : 86 10                      stx     R0L
       1036 : 20 A1 12                   jsr     print_int16
       1039 : 20 29 10                   jsr     putspace
       103C : 68                         pla                     ; restore op letter
       103D : 20 13 10                   jsr     putchar
       1040 : 20 29 10                   jsr     putspace
       1043 : A5 15                      lda     R2H
       1045 : A6 14                      ldx     R2L
       1047 : 85 11                      sta     R0H
       1049 : 86 10                      stx     R0L
       104B : 4C A1 12                   jmp     print_int16
       104E :
       104E :                    ;;; Print " = R0\n"
       104E :                    answer:
       104E : 20 29 10                   jsr     putspace
       1051 : A9 3D                      lda     #'='
       1053 : 20 13 10                   jsr     putchar
       1056 : 20 29 10                   jsr     putspace
       1059 : 20 A1 12                   jsr     print_int16
       105C : 4C 20 10                   jmp     newline
       105F :
       105F :                    ;;; Print "R1 rel R2"
       105F :                    ;;; @clobber R0 R1 R2
       105F :                    comp:
       105F : 20 5F 13                   jsr     cmpsi2
       1062 : A5 10                      lda     R0L
       1064 : F0 06                      beq     comp_eq
       1066 : 30 08                      bmi     comp_lt
       1068 :                    comp_gt:
       1068 : A9 3E                      lda     #'>'
       106A : D0 06                      bne     comp_out
       106C :                    comp_eq:
       106C : A9 3D                      lda     #'='
       106E : D0 02                      bne     comp_out
       1070 :                    comp_lt:
       1070 : A9 3C                      lda     #'<'
       1072 :                    comp_out:
       1072 : 20 2D 10                   jsr     expr
       1075 : 4C 20 10                   jmp     newline
       1078 :
       1078 :                    arith:
       1078 : 20 CB 12                   jsr     set_R1
       107B : 50 46                      .word   18000
       107D : 20 D0 12                   jsr     set_R2
       1080 : 60 6D                      .word   28000
       1082 : A9 2B                      lda     #'+'
       1084 : 20 2D 10                   jsr     expr
       1087 : 20 43 13                   jsr     addsi2
       108A : 20 4E 10                   jsr     answer          ; -19536
       108D :
       108D : 20 CB 12                   jsr     set_R1
       1090 : 50 46                      .word   18000
       1092 : 20 D0 12                   jsr     set_R2
       1095 : B0 B9                      .word   -18000
       1097 : A9 2B                      lda     #'+'
       1099 : 20 2D 10                   jsr     expr
       109C : 20 43 13                   jsr     addsi2
       109F : 20 4E 10                   jsr     answer          ; 0
       10A2 :
       10A2 : 20 CB 12                   jsr     set_R1
       10A5 : B0 B9                      .word   -18000
       10A7 : 20 D0 12                   jsr     set_R2
       10AA : B0 B9                      .word   -18000
       10AC : A9 2B                      lda     #'+'
       10AE : 20 2D 10                   jsr     expr
       10B1 : 20 43 13                   jsr     addsi2
       10B4 : 20 4E 10                   jsr     answer          ; 29536
       10B7 :
       10B7 : 20 CB 12                   jsr     set_R1
       10BA : B0 B9                      .word   -18000
       10BC : 20 D0 12                   jsr     set_R2
       10BF : A0 92                      .word   -28000
       10C1 : A9 2D                      lda     #'-'
       10C3 : 20 2D 10                   jsr     expr
       10C6 : 20 51 13                   jsr     subsi2
       10C9 : 20 4E 10                   jsr     answer          ; 10000
       10CC :
       10CC : 20 CB 12                   jsr     set_R1
       10CF : 50 46                      .word   18000
       10D1 : 20 D0 12                   jsr     set_R2
       10D4 : B0 B9                      .word   -18000
       10D6 : A9 2D                      lda     #'-'
       10D8 : 20 2D 10                   jsr     expr
       10DB : 20 51 13                   jsr     subsi2
       10DE : 20 4E 10                   jsr     answer          ; -29536
       10E1 :
       10E1 : 20 CB 12                   jsr     set_R1
       10E4 : A0 92                      .word   -28000
       10E6 : 20 D0 12                   jsr     set_R2
       10E9 : B0 B9                      .word   -18000
       10EB : A9 2D                      lda     #'-'
       10ED : 20 2D 10                   jsr     expr
       10F0 : 20 51 13                   jsr     subsi2
       10F3 : 20 4E 10                   jsr     answer          ; -10000
       10F6 :
       10F6 : 20 CB 12                   jsr     set_R1
       10F9 : 64 00                      .word   100
       10FB : 20 D0 12                   jsr     set_R2
       10FE : 2C 01                      .word   300
       1100 : A9 2A                      lda     #'*'
       1102 : 20 2D 10                   jsr     expr
       1105 : 20 B2 13                   jsr     mulsi2
       1108 : 20 4E 10                   jsr     answer          ; 30000
       110B :
       110B : 20 CB 12                   jsr     set_R1
       110E : C8 00                      .word   200
       1110 : 20 D0 12                   jsr     set_R2
       1113 : 64 00                      .word   100
       1115 : A9 2A                      lda     #'*'
       1117 : 20 2D 10                   jsr     expr
       111A : 20 B2 13                   jsr     mulsi2
       111D : 20 4E 10                   jsr     answer          ; 20000
       1120 :
       1120 : 20 CB 12                   jsr     set_R1
       1123 : 2C 01                      .word   300
       1125 : 20 D0 12                   jsr     set_R2
       1128 : 38 FF                      .word   -200
       112A : A9 2A                      lda     #'*'
       112C : 20 2D 10                   jsr     expr
       112F : 20 B2 13                   jsr     mulsi2
       1132 : 20 4E 10                   jsr     answer          ; 5536
       1135 :
       1135 : 20 CB 12                   jsr     set_R1
       1138 : 64 00                      .word   100
       113A : 20 D0 12                   jsr     set_R2
       113D : D4 FE                      .word   -300
       113F : A9 2A                      lda     #'*'
       1141 : 20 2D 10                   jsr     expr
       1144 : 20 B2 13                   jsr     mulsi2
       1147 : 20 4E 10                   jsr     answer          ; -30000
       114A :
       114A : 20 CB 12                   jsr     set_R1
       114D : 38 FF                      .word   -200
       114F : 20 D0 12                   jsr     set_R2
       1152 : 9C FF                      .word   -100
       1154 : A9 2A                      lda     #'*'
       1156 : 20 2D 10                   jsr     expr
       1159 : 20 B2 13                   jsr     mulsi2
       115C : 20 4E 10                   jsr     answer          ; 20000
       115F :
       115F : 20 CB 12                   jsr     set_R1
       1162 : 30 75                      .word   30000
       1164 : 20 D0 12                   jsr     set_R2
       1167 : 64 00                      .word   100
       1169 : A9 2F                      lda     #'/'
       116B : 20 2D 10                   jsr     expr
       116E : 20 26 14                   jsr     divsi2
       1171 : 20 4E 10                   jsr     answer          ; 300
       1174 :
       1174 : 20 CB 12                   jsr     set_R1
       1177 : 38 FF                      .word   -200
       1179 : 20 D0 12                   jsr     set_R2
       117C : 64 00                      .word   100
       117E : A9 2F                      lda     #'/'
       1180 : 20 2D 10                   jsr     expr
       1183 : 20 26 14                   jsr     divsi2
       1186 : 20 4E 10                   jsr     answer          ; -2
       1189 :
       1189 : 20 CB 12                   jsr     set_R1
       118C : D0 8A                      .word   -30000
       118E : 20 D0 12                   jsr     set_R2
       1191 : 38 FF                      .word   -200
       1193 : A9 2F                      lda     #'/'
       1195 : 20 2D 10                   jsr     expr
       1198 : 20 26 14                   jsr     divsi2
       119B : 20 4E 10                   jsr     answer          ; 150
       119E :
       119E : 20 CB 12                   jsr     set_R1
       11A1 : D0 8A                      .word   -30000
       11A3 : 20 D0 12                   jsr     set_R2
       11A6 : 4E 00                      .word   78
       11A8 : A9 2F                      lda     #'/'
       11AA : 20 2D 10                   jsr     expr
       11AD : 20 26 14                   jsr     divsi2
       11B0 : 20 4E 10                   jsr     answer          ; -384
       11B3 :
       11B3 : 20 CB 12                   jsr     set_R1
       11B6 : 88 13                      .word   5000
       11B8 : 20 D0 12                   jsr     set_R2
       11BB : A0 0F                      .word   4000
       11BD : 20 5F 10                   jsr     comp
       11C0 :
       11C0 : 20 CB 12                   jsr     set_R1
       11C3 : 88 13                      .word   5000
       11C5 : 20 D0 12                   jsr     set_R2
       11C8 : 88 13                      .word   5000
       11CA : 20 5F 10                   jsr     comp
       11CD :
       11CD : 20 CB 12                   jsr     set_R1
       11D0 : A0 0F                      .word   4000
       11D2 : 20 D0 12                   jsr     set_R2
       11D5 : 88 13                      .word   5000
       11D7 : 20 5F 10                   jsr     comp
       11DA :
       11DA : 20 CB 12                   jsr     set_R1
       11DD : 78 EC                      .word   -5000
       11DF : 20 D0 12                   jsr     set_R2
       11E2 : 60 F0                      .word   -4000
       11E4 : 20 5F 10                   jsr     comp
       11E7 :
       11E7 : 20 CB 12                   jsr     set_R1
       11EA : 78 EC                      .word   -5000
       11EC : 20 D0 12                   jsr     set_R2
       11EF : 78 EC                      .word   -5000
       11F1 : 20 5F 10                   jsr     comp
       11F4 :
       11F4 : 20 CB 12                   jsr     set_R1
       11F7 : 60 F0                      .word   -4000
       11F9 : 20 D0 12                   jsr     set_R2
       11FC : 78 EC                      .word   -5000
       11FE : 20 5F 10                   jsr     comp
       1201 :
       1201 : 20 CB 12                   jsr     set_R1
       1204 : BC 7F                      .word   32700
       1206 : 20 D0 12                   jsr     set_R2
       1209 : 58 7F                      .word   32600
       120B : 20 5F 10                   jsr     comp
       120E :
       120E : 20 CB 12                   jsr     set_R1
       1211 : BC 7F                      .word   32700
       1213 : 20 D0 12                   jsr     set_R2
       1216 : BC 7F                      .word   32700
       1218 : 20 5F 10                   jsr     comp
       121B :
       121B : 20 CB 12                   jsr     set_R1
       121E : 58 7F                      .word   32600
       1220 : 20 D0 12                   jsr     set_R2
       1223 : BC 7F                      .word   32700
       1225 : 20 5F 10                   jsr     comp
       1228 :
       1228 : 20 CB 12                   jsr     set_R1
       122B : 44 80                      .word   -32700
       122D : 20 D0 12                   jsr     set_R2
       1230 : A8 80                      .word   -32600
       1232 : 20 5F 10                   jsr     comp
       1235 :
       1235 : 20 CB 12                   jsr     set_R1
       1238 : 44 80                      .word   -32700
       123A : 20 D0 12                   jsr     set_R2
       123D : 44 80                      .word   -32700
       123F : 20 5F 10                   jsr     comp
       1242 :
       1242 : 20 CB 12                   jsr     set_R1
       1245 : A8 80                      .word   -32600
       1247 : 20 D0 12                   jsr     set_R2
       124A : 44 80                      .word   -32700
       124C : 20 5F 10                   jsr     comp
       124F :
       124F : 20 CB 12                   jsr     set_R1
       1252 : 50 46                      .word   18000
       1254 : 20 D0 12                   jsr     set_R2
       1257 : A0 92                      .word   -28000
       1259 : 20 5F 10                   jsr     comp
       125C :
       125C : 20 CB 12                   jsr     set_R1
       125F : A0 92                      .word   -28000
       1261 : 20 D0 12                   jsr     set_R2
       1264 : A0 92                      .word   -28000
       1266 : 20 5F 10                   jsr     comp
       1269 :
       1269 : 20 CB 12                   jsr     set_R1
       126C : A0 92                      .word   -28000
       126E : 20 D0 12                   jsr     set_R2
       1271 : 50 46                      .word   18000
       1273 : 20 5F 10                   jsr     comp
       1276 :
       1276 : 60                         rts
       1277 :
       1277 :                            .include "arith.inc"
(1)    1277 :                    ;;; -*- mode: asm; mode: flyspell-prog; -*-
(1)    1277 :                            cpu     6502
(1)    1277 :
(1)    1277 :                    ;;; Print unsigned 16-bit integer as decimal
(1)    1277 :                    ;;; @param R0 value
(1)    1277 :                    ;;; @clobber R0 R1 R2
(1)    1277 :                    print_uint16:
(1)    1277 : A5 11                      lda     R0H
(1)    1279 : 05 10                      ora     R0L
(1)    127B : F0 1E                      beq     print_uint16_digit ; branch if value==0
(1)    127D :                    print_uint16_inner:
(1)    127D : A5 11                      lda     R0H
(1)    127F : A6 10                      ldx     R0L
(1)    1281 : 85 13                      sta     R1H
(1)    1283 : 86 12                      stx     R1L
(1)    1285 : 05 10                      ora     R0L
(1)    1287 : F0 17                      beq     print_uint16_exit
(1)    1289 : A9 00                      lda     #0
(1)    128B : A2 0A                      ldx     #10
(1)    128D : 85 15                      sta     R2H
(1)    128F : 86 14                      stx     R2L             ; divisor=10
(1)    1291 : 20 D5 13                   jsr     udiv16          ; R0=value/10
(1)    1294 : A5 12                      lda     R1L
(1)    1296 : 48                         pha                     ; push remainder
(1)    1297 : 20 7D 12                   jsr     print_uint16_inner
(1)    129A : 68                         pla                     ; pop remainder
(1)    129B :                    print_uint16_digit:
(1)    129B : 09 30                      ora     #'0'
(1)    129D : 4C 13 10                   jmp     putchar
(1)    12A0 :                    print_uint16_exit:
(1)    12A0 : 60                         rts
(1)    12A1 :
(1)    12A1 :                    ;;; Print signed 16-bit integer as decimal
(1)    12A1 :                    ;;; @param R0 value
(1)    12A1 :                    ;;; @clobber R0
(1)    12A1 :                    print_int16:
(1)    12A1 : A5 13                      lda     R1H
(1)    12A3 : 48                         pha
(1)    12A4 : A5 12                      lda     R1L
(1)    12A6 : 48                         pha
(1)    12A7 : A5 15                      lda     R2H
(1)    12A9 : 48                         pha
(1)    12AA : A5 14                      lda     R2L
(1)    12AC : 48                         pha
(1)    12AD : A5 11                      lda     R0H
(1)    12AF : 10 0A                      bpl     print_value
(1)    12B1 : A9 2D                      lda     #'-'
(1)    12B3 : 20 13 10                   jsr     putchar
(1)    12B6 : A2 10                      ldx     #R0
(1)    12B8 : 20 35 13                   jsr     neg16           ; negate R0
(1)    12BB :                    print_value:
(1)    12BB : 20 77 12                   jsr     print_uint16
(1)    12BE : 68                         pla
(1)    12BF : 85 14                      sta     R2L
(1)    12C1 : 68                         pla
(1)    12C2 : 85 15                      sta     R2H
(1)    12C4 : 68                         pla
(1)    12C5 : 85 12                      sta     R1L
(1)    12C7 : 68                         pla
(1)    12C8 : 85 13                      sta     R1H
(1)    12CA : 60                         rts
(1)    12CB :
(1)    12CB :                    ;;; Set constant to R1
(1)    12CB :                    ;;;     jsr     set_R1
(1)    12CB :                    ;;;     .word   constant
(1)    12CB :                    ;;; @clobber A Y
(1)    12CB :                    set_R1:
(1)    12CB : A2 12                      ldx     #R1
(1)    12CD : 4C D5 12                   jmp     set_RX
(1)    12D0 :
(1)    12D0 :                    ;;; Set constant to R2
(1)    12D0 :                    ;;;     jsr     set_R2
(1)    12D0 :                    ;;;     .word   constant
(1)    12D0 :                    ;;; @clobber A Y
(1)    12D0 :                    set_R2:
(1)    12D0 : A2 14                      ldx     #R2
(1)    12D2 : 4C D5 12                   jmp     set_RX
(1)    12D5 :
(1)    12D5 :                    ;;; Set constant to RX
(1)    12D5 :                    ;;;     ldx     #Rx
(1)    12D5 :                    ;;;     jsr     set_RX
(1)    12D5 :                    ;;;     .word   constant
(1)    12D5 :                    ;;; @clobber A Y
(1)    12D5 :                    set_RX:
(1)    12D5 : 68                         pla
(1)    12D6 : 85 16                      sta     arith_work
(1)    12D8 : 68                         pla
(1)    12D9 : 85 17                      sta     arith_work+1
(1)    12DB : A0 01                      ldy     #1
(1)    12DD : B1 16                      lda     (arith_work),Y
(1)    12DF : 95 00                      sta     0,X
(1)    12E1 : C8                         iny
(1)    12E2 : B1 16                      lda     (arith_work),Y
(1)    12E4 : 95 01                      sta     1,X
(1)    12E6 : 18                         clc
(1)    12E7 : A5 16                      lda     arith_work
(1)    12E9 : 69 03                      adc     #3
(1)    12EB : 85 16                      sta     arith_work
(1)    12ED : A5 17                      lda     arith_work+1
(1)    12EF : 69 00                      adc     #0
(1)    12F1 : 85 17                      sta     arith_work+1
(1)    12F3 : 6C 16 00                   jmp     (arith_work)
(1)    12F6 :
(1)    12F6 :                    ;;; Store R0 to R1
(1)    12F6 :                    store_R1:
(1)    12F6 : A5 10                      lda     R0L
(1)    12F8 : 85 12                      sta     R1L
(1)    12FA : A5 11                      lda     R0H
(1)    12FC : 85 13                      sta     R1H
(1)    12FE : 60                         rts
(1)    12FF :
(1)    12FF :                    ;;; Store R0 to R2
(1)    12FF :                    store_R2:       
(1)    12FF : A5 10                      lda     R0L
(1)    1301 : 85 14                      sta     R2L
(1)    1303 : A5 11                      lda     R0H
(1)    1305 : 85 15                      sta     R2H
(1)    1307 : 60                         rts
(1)    1308 :
(1)    1308 :                    ;;; Store R0 to variable
(1)    1308 :                    ;;; @param R0
(1)    1308 :                    ;;; @param X &variable
(1)    1308 :                    store_RX:
(1)    1308 : A5 10                      lda     R0L
(1)    130A : 95 00                      sta     0,X
(1)    130C : A5 11                      lda     R0H
(1)    130E : 95 01                      sta     1,X
(1)    1310 : 60                         rts
(1)    1311 :
(1)    1311 :                    ;;; Load variable to R0
(1)    1311 :                    ;;; @param X &variable
(1)    1311 :                    ;;; @return R0 variable
(1)    1311 :                    load_R0:
(1)    1311 : B5 00                      lda     0,X
(1)    1313 : 85 10                      sta     R0L
(1)    1315 : B5 01                      lda     1,X
(1)    1317 : 85 11                      sta     R0H
(1)    1319 : 60                         rts
(1)    131A :
(1)    131A :                    ;;; Load variable to R1
(1)    131A :                    ;;; @param X &variable
(1)    131A :                    ;;; @return R1 variable
(1)    131A :                    load_R1:
(1)    131A : B5 00                      lda     0,X
(1)    131C : 85 12                      sta     R1L
(1)    131E : B5 01                      lda     1,X
(1)    1320 : 85 13                      sta     R1H
(1)    1322 : 60                         rts
(1)    1323 :
(1)    1323 :                    ;;; Load variable to R2
(1)    1323 :                    ;;; @param X &variable
(1)    1323 :                    ;;; @return R2 variable
(1)    1323 :                    load_R2:
(1)    1323 : B5 00                      lda     0,X
(1)    1325 : 85 14                      sta     R2L
(1)    1327 : B5 01                      lda     1,X
(1)    1329 : 85 15                      sta     R2H
(1)    132B : 60                         rts
(1)    132C :
(1)    132C :                    ;;; Sign extend A into X
(1)    132C :                    ;;; @param A 8-bit value
(1)    132C :                    ;;; @return X:A sign extended 16-bit value
(1)    132C :                    sex_A:  
(1)    132C : A2 00                      ldx     #0
(1)    132E : 09 00                      ora     #0
(1)    1330 : 10 02                      bpl     sex_A_return
(1)    1332 : A2 FF                      ldx     #-1
(1)    1334 :                    sex_A_return:
(1)    1334 : 60                         rts
(1)    1335 :
(1)    1335 :                    ;;; Negate
(1)    1335 :                    ;;; @param X point to value
(1)    1335 :                    ;;; @clobber A
(1)    1335 :                    neg16:
(1)    1335 : 38                         sec
(1)    1336 : A9 00                      lda     #0
(1)    1338 : F5 00                      sbc     0,x
(1)    133A : 95 00                      sta     0,x
(1)    133C : A9 00                      lda     #0
(1)    133E : F5 01                      sbc     1,x
(1)    1340 : 95 01                      sta     1,x
(1)    1342 : 60                         rts
(1)    1343 :
(1)    1343 :                    ;;; Addition
(1)    1343 :                    ;;; @param R1 summand
(1)    1343 :                    ;;; @param R2 addend
(1)    1343 :                    ;;; @return R0 R1+R2
(1)    1343 :                    addsi2:
(1)    1343 : 18                         clc
(1)    1344 : A5 12                      lda     R1L
(1)    1346 : 65 14                      adc     R2L
(1)    1348 : 85 10                      sta     R0L
(1)    134A : A5 13                      lda     R1H
(1)    134C : 65 15                      adc     R2H
(1)    134E : 85 11                      sta     R0H
(1)    1350 : 60                         rts
(1)    1351 :
(1)    1351 :                    ;;; Subtraction
(1)    1351 :                    ;;; @param R1 minuend
(1)    1351 :                    ;;; @param R2 subtrahend
(1)    1351 :                    ;;; @return R0 R1-R2
(1)    1351 :                    subsi2:
(1)    1351 : 38                         sec
(1)    1352 : A5 12                      lda     R1L
(1)    1354 : E5 14                      sbc     R2L
(1)    1356 : 85 10                      sta     R0L
(1)    1358 : A5 13                      lda     R1H
(1)    135A : E5 15                      sbc     R2H
(1)    135C : 85 11                      sta     R0H
(1)    135E : 60                         rts
(1)    135F :
(1)    135F :                    ;;; Signed compare helper
(1)    135F :                    ;;; @param R0 minuend-subtrahend
(1)    135F :                    ;;; @param R1 minuend
(1)    135F :                    ;;; @param R2 subtrahend
(1)    135F :                    ;;; @return R0=0;  BZ (minuend == subtrahend)
(1)    135F :                    ;;;         R0=1;  BP (minuend > subtrahend)
(1)    135F :                    ;;;         R0=-1; BM (minuend < subtrahend)
(1)    135F :                    cmpsi2:
(1)    135F : 38                         sec
(1)    1360 : A5 12                      lda     R1L
(1)    1362 : E5 14                      sbc     R2L
(1)    1364 : 85 10                      sta     R0L
(1)    1366 : A5 13                      lda     R1H
(1)    1368 : E5 15                      sbc     R2H
(1)    136A : 85 11                      sta     R0H             ; R0=R1-R2
(1)    136C : 05 10                      ora     R0L
(1)    136E : F0 17                      beq     cmpsi2_return   ; return with R0=0
(1)    1370 : A5 11                      lda     R0H
(1)    1372 : 70 0B                      bvs     cmpsi2_ov       ; branch if V=1
(1)    1374 : 30 0B                      bmi     cmpsi2_lt       ; branch if V=0, N=1
(1)    1376 :                    cmpsi2_gt:
(1)    1376 : A9 00                      lda     #0              ; N^V=0
(1)    1378 : 85 11                      sta     R0H
(1)    137A : A9 01                      lda     #1
(1)    137C : 85 10                      sta     R0L
(1)    137E : 60                         rts
(1)    137F :                    cmpsi2_ov:
(1)    137F : 30 F5                      bmi     cmpsi2_gt       ; branch if V=1, N=1
(1)    1381 :                    cmpsi2_lt:
(1)    1381 : A9 FF                      lda     #-1             ; N^V=1
(1)    1383 : 85 11                      sta     R0H
(1)    1385 : 85 10                      sta     R0L             ; R0=-1
(1)    1387 :                    cmpsi2_return:
(1)    1387 : 60                         rts
(1)    1388 :
(1)    1388 :                    ;;; Unsigned multiplication: result = multiplicand * multiplier
(1)    1388 :                    ;;; @param R1 multiplicand
(1)    1388 :                    ;;; @param R2 multiplier
(1)    1388 :                    ;;; @return R0 result
(1)    1388 :                    ;;; @clobber R0 R1 R2
(1)    1388 :                    umul16:
(1)    1388 : A9 00                      lda     #0
(1)    138A : 85 11                      sta     R0H
(1)    138C : 85 10                      sta     R0L
(1)    138E : F0 1B                      beq     umul16_check    ; always branch
(1)    1390 :                    umul16_loop:
(1)    1390 : A5 14                      lda     R2L
(1)    1392 : 29 01                      and     #1
(1)    1394 : F0 0D                      beq     umul16_sr
(1)    1396 : A5 12                      lda     R1L
(1)    1398 : 18                         clc
(1)    1399 : 65 10                      adc     R0L
(1)    139B : 85 10                      sta     R0L
(1)    139D : A5 13                      lda     R1H
(1)    139F : 65 11                      adc     R0H
(1)    13A1 : 85 11                      sta     R0H             ; result += multiplicand
(1)    13A3 :                    umul16_sr:
(1)    13A3 : 46 15                      lsr     R2H
(1)    13A5 : 66 14                      ror     R2L             ; multiplier >>= 1
(1)    13A7 : 06 12                      asl     R1L
(1)    13A9 : 26 13                      rol     R1H             ; multiplicand <<= 1
(1)    13AB :                    umul16_check:
(1)    13AB : A5 15                      lda     R2H
(1)    13AD : 05 14                      ora     R2L
(1)    13AF : D0 DF                      bne     umul16_loop     ; while multiplier != 0
(1)    13B1 :                    umul16_end:
(1)    13B1 : 60                         rts
(1)    13B2 :
(1)    13B2 :                    ;;; Multiply helper
(1)    13B2 :                    ;;; @param R1 multiplicand
(1)    13B2 :                    ;;; @param R2 multiplier
(1)    13B2 :                    ;;; @return R0 multiplicand * multiplier
(1)    13B2 :                    ;;; @clobber R1 R2
(1)    13B2 :                    mulsi2:
(1)    13B2 : A5 13                      lda     R1H
(1)    13B4 : 45 15                      eor     R2H
(1)    13B6 : 48                         pha                     ; save hi(multiplicand^multiplier)
(1)    13B7 : A5 15                      lda     R2H             ; A=hi(multiplier)
(1)    13B9 : 10 05                      bpl     mulsi2_multiplicand
(1)    13BB : A2 14                      ldx     #R2
(1)    13BD : 20 35 13                   jsr     neg16           ; negate multiplier
(1)    13C0 :                    mulsi2_multiplicand:
(1)    13C0 : A5 13                      lda     R1H             ; A=hi(multiplicand)
(1)    13C2 : 10 05                      bpl     mulsi2_multiply
(1)    13C4 : A2 12                      ldx     #R1
(1)    13C6 : 20 35 13                   jsr     neg16           ; negate multiplicand
(1)    13C9 :                    mulsi2_multiply:
(1)    13C9 : 20 88 13                   jsr     umul16          ; R0=result
(1)    13CC : 68                         pla                     ; A=(multiplicand^multiplier)
(1)    13CD : 10 05                      bpl     mulsi2_return
(1)    13CF : A2 10                      ldx     #R0
(1)    13D1 : 20 35 13                   jsr     neg16           ; negate result
(1)    13D4 :                    mulsi2_return:
(1)    13D4 : 60                         rts
(1)    13D5 :
(1)    13D5 :                    ;;; Unsigned division: dividend / divisor = quotient ... remainder
(1)    13D5 :                    ;;; @param R1 dividend
(1)    13D5 :                    ;;; @param R2 divisor
(1)    13D5 :                    ;;; @return R0 quotient
(1)    13D5 :                    ;;; @return R1 remainder
(1)    13D5 :                    ;;; @clobber R2
(1)    13D5 :                    udiv16:
(1)    13D5 : A5 15                      lda     R2H
(1)    13D7 : 05 14                      ora     R2L
(1)    13D9 : F0 4A                      beq     udiv16_return   ; branch if R2==0
(1)    13DB : A9 01                      lda     #1              ; A=bits
(1)    13DD : 85 10                      sta     R0L             ; save bits
(1)    13DF : D0 06                      bne     udiv16_prep     ; always branch
(1)    13E1 :                    udiv16_prep_loop:
(1)    13E1 : 06 14                      asl     R2L
(1)    13E3 : 26 15                      rol     R2H             ; divisor <<= 1
(1)    13E5 : E6 10                      inc     R0L             ; ++bits
(1)    13E7 :                    udiv16_prep:
(1)    13E7 : A5 15                      lda     R2H
(1)    13E9 : 10 F6                      bpl     udiv16_prep_loop ; while msb(divisor) == 0
(1)    13EB : A5 10                      lda     R0L
(1)    13ED : 48                         pha                     ; push bits
(1)    13EE : A9 00                      lda     #0
(1)    13F0 : 85 11                      sta     R0H
(1)    13F2 : 85 10                      sta     R0L             ; quotient=0
(1)    13F4 : F0 09                      beq     udiv16_enter_loop ; always branch
(1)    13F6 :                    udiv16_loop:
(1)    13F6 : 48                         pha                     ; save bits
(1)    13F7 : 46 15                      lsr     R2H
(1)    13F9 : 66 14                      ror     R2L             ; divisor >>= 1
(1)    13FB : 06 10                      asl     R0L
(1)    13FD : 26 11                      rol     R0H             ; quotient <<= 1
(1)    13FF :                    udiv16_enter_loop:
(1)    13FF : A5 12                      lda     R1L
(1)    1401 : 38                         sec
(1)    1402 : E5 14                      sbc     R2L
(1)    1404 : 85 12                      sta     R1L
(1)    1406 : A5 13                      lda     R1H
(1)    1408 : E5 15                      sbc     R2H
(1)    140A : 85 13                      sta     R1H             ; dividend -= divisor
(1)    140C : 90 04                      bcc     udiv16_readd
(1)    140E : E6 10                      inc     R0L             ; quotient |= 1
(1)    1410 : D0 0D                      bne     udiv16_next     ; always branch
(1)    1412 :                    udiv16_readd:
(1)    1412 : A5 12                      lda     R1L
(1)    1414 : 18                         clc
(1)    1415 : 65 14                      adc     R2L
(1)    1417 : 85 12                      sta     R1L
(1)    1419 : A5 13                      lda     R1H
(1)    141B : 65 15                      adc     R2H
(1)    141D : 85 13                      sta     R1H             ; dividend += divisor
(1)    141F :                    udiv16_next:
(1)    141F : 68                         pla
(1)    1420 : 38                         sec
(1)    1421 : E9 01                      sbc     #1              ; --bits
(1)    1423 : D0 D1                      bne     udiv16_loop     ; while bits != 0
(1)    1425 :                    udiv16_return:
(1)    1425 : 60                         rts
(1)    1426 :
(1)    1426 :                    ;;; Division helper
(1)    1426 :                    ;;; @param R1 dividend
(1)    1426 :                    ;;; @param R2 divisor
(1)    1426 :                    ;;; @return R0 quotient
(1)    1426 :                    ;;; @return R1 remainder
(1)    1426 :                    ;;; @clobber R2
(1)    1426 :                    divsi2:
(1)    1426 : A5 13                      lda     R1H
(1)    1428 : 45 15                      eor     R2H
(1)    142A : 48                         pha                     ; save hi(dividend^divisor)
(1)    142B : A5 15                      lda     R2H             ; A=hi(divisor)
(1)    142D : 10 05                      bpl     divsi2_dividend
(1)    142F : A2 14                      ldx     #R2
(1)    1431 : 20 35 13                   jsr     neg16           ; negate divisor
(1)    1434 :                    divsi2_dividend:
(1)    1434 : A5 13                      lda     R1H             ; A=hi(dividend)
(1)    1436 : 10 05                      bpl     divsi2_divide
(1)    1438 : A2 12                      ldx     #R1
(1)    143A : 20 35 13                   jsr     neg16           ; negate dividend
(1)    143D :                    divsi2_divide:
(1)    143D : 20 D5 13                   jsr     udiv16          ; R0=result
(1)    1440 : 68                         pla                     ; A=(dividend^divisor)
(1)    1441 : 10 05                      bpl     divsi2_return
(1)    1443 : A2 10                      ldx     #R0L
(1)    1445 : 20 35 13                   jsr     neg16           ; negate result
(1)    1448 :                    divsi2_return:
(1)    1448 : 60                         rts
