          0 :                    ;;; -*- mode: asm; mode: flyspell-prog; -*-
          0 :                            include "z380.inc"
(1)       0 :                    ;;; -*- mode: asm; mode: flyspell-prog; -*-
(1)       0 :                            include "../z80/z80.inc"
(2)       0 :                    ;;; -*- mode: asm; mode: flyspell-prog; -*-
(2)       0 :                    ;;; z80
(2)       0 :                            cpu     z80
(2)       0 :                    ;;; FLAGS Register
(2)       0 : =80                F_SIGN:         equ     10000000B ; set to 1 if negative
(2)       0 : =40                F_ZERO:         equ     01000000B ; set to 1 if zero
(2)       0 : =10                F_HALF_CARRY:   equ     00010000B ; set to 1 if carry from bit-3
(2)       0 : =4                 F_PARITY:       equ     00000100B ; set to 1 if even parity
(2)       0 : =4                 F_OVERFLOW:     equ     00000100B ; set to 1 if overflow
(2)       0 : =2                 F_NBCD:         equ     00000010B ; set to 1 if subtraction
(2)       0 : =1                 F_CARRY:        equ     00000001B ; set to 1 if carry
(2)       0 :                    ;;; Interrupt origin
(2)       0 : =0                 ORG_RESET:      equ     0000H   ; RESET
(2)       0 : =0                 ORG_RST00:      equ     0000H   ; RST 00H
(2)       0 : =8                 ORG_RST08:      equ     0008H   ; RST 08H
(2)       0 : =10                ORG_RST10:      equ     0010H   ; RST 10H
(2)       0 : =18                ORG_RST18:      equ     0018H   ; RST 18H
(2)       0 : =20                ORG_RST20:      equ     0020H   ; RST 20H
(2)       0 : =28                ORG_RST28:      equ     0028H   ; RST 28H
(2)       0 : =30                ORG_RST30:      equ     0030H   ; RST 30H
(2)       0 : =38                ORG_RST38:      equ     0038H   ; RST 38H
(2)       0 : =38                ORG_INT:        equ     0038H   ; Mode 1 INT
(2)       0 : =66                ORG_NMI:        equ     0066H   ; NMI
(1)       0 :                    ;;; Z380
(1)       0 :                            cpu     z380
          0 :                            include "usart.inc"
(1)       0 :                    ;;; -*- mode: asm; mode: flyspell-prog; -*-
(1)       0 :                    ;;; i8251 Universal Synchronous/Asynchronous Receiver/Transmitter
(1)       0 : =140               USART:  equ     140H
(1)       0 : =140               USARTD: equ     USART+0         ; Data register
(1)       0 : =141               USARTS: equ     USART+1         ; Status register
(1)       0 : =141               USARTC: equ     USART+1         ; Control register
(1)       0 : =142               USARTRV:        equ     USART+2 ; Receive interrupt vector (ORG_*)
(1)       0 : =143               USARTTV:        equ     USART+3 ; Transmit interrupt vector (ORG_*)
(1)       0 :                            include "i8251.inc"
(2)       0 :                    ;;; -*- mode: asm; mode: flyspell-prog; -*-
(2)       0 :
(2)       0 :                    ;;; i8251 USART device emulator.
(2)       0 : =6                 MODE_STOP_gp:   equ     6
(2)       0 : =C0                MODE_STOP_gm:   equ     11000000B
(2)       0 : =40                MODE_STOP1_gc:  equ     (1 << MODE_STOP_gp)
(2)       0 : =80                MODE_STOP15_gc: equ     (2 << MODE_STOP_gp)
(2)       0 : =C0                MODE_STOP2_gc:  equ     (3 << MODE_STOP_gp)
(2)       0 : =20                MODE_EVEN_bm:   equ     00100000B
(2)       0 : =10                MODE_PARITY_bm: equ     00010000B
(2)       0 : =2                 MODE_LEN_gp:    equ     2
(2)       0 : =C                 MODE_LEN_gm:    equ     00001100B
(2)       0 : =0                 MODE_LEN5_gc:   equ     (0 << MODE_LEN_gp)
(2)       0 : =4                 MODE_LEN6_gc:   equ     (1 << MODE_LEN_gp)
(2)       0 : =8                 MODE_LEN7_gc:   equ     (2 << MODE_LEN_gp)
(2)       0 : =C                 MODE_LEN8_gc:   equ     (3 << MODE_LEN_gp)
(2)       0 : =0                 MODE_BAUD_gp:   equ     0
(2)       0 : =3                 MODE_BAUD_gm:   equ     00000011B
(2)       0 : =1                 MODE_BAUD_X1:   equ     (1 << MODE_BAUD_gp)
(2)       0 : =2                 MODE_BAUD_X16:  equ (2 << MODE_BAUD_gp)
(2)       0 : =3                 MODE_BAUD_X64:  equ (3 << MODE_BAUD_gp)
(2)       0 :                    ;;; Bit Definition of command register
(2)       0 : =80                CMD_EH_bm:      equ     10000000B   ; Enter hunt mode
(2)       0 : =40                CMD_IR_bm:      equ     01000000B   ; Internal Reset
(2)       0 : =20                CMD_RTS_bm:     equ     00100000B   ; Request To Send
(2)       0 : =10                CMD_ER_bm:      equ     00010000B   ; Error Reset
(2)       0 : =8                 CMD_SBRK_bm:    equ     00001000B   ; Send Break
(2)       0 : =4                 CMD_RxEN_bm:    equ     00000100B   ; Receive Enable
(2)       0 : =2                 CMD_DTR_bm:     equ     00000010B   ; Data Terminal Ready
(2)       0 : =1                 CMD_TxEN_bm:    equ     00000001B   ; Transmit enable
(2)       0 :
(2)       0 :                    ;;; Bit definition of status register
(2)       0 : =80                ST_DSR_bm:      equ     10000000B   ; Data Set Ready
(2)       0 : =40                ST_BRK_bm:      equ     01000000B   ; BREAK detected
(2)       0 : =20                ST_FE_bm:       equ     00100000B   ; Framing Error
(2)       0 : =10                ST_OE_bm:       equ     00010000B   ; Overrun Error
(2)       0 : =8                 ST_PE_bm:       equ     00001000B   ; Parity Error
(2)       0 : =2                 ST_TxEMPTY_bp:  equ     2           ; Transmitter empty
(2)       0 : =1                 ST_RxRDY_bp:    equ     1           ; Receiver ready
(2)       0 : =0                 ST_TxRDY_bp:    equ     0           ; Transmitter ready
(1)       0 :                    ;;; Async 1stop 8data x16
(1)       0 : =4E                ASYNC_MODE:     equ     MODE_STOP1_gc|MODE_LEN8_gc|MODE_BAUD_X16
(1)       0 :                    ;;; RTS/DTR, error reset, Rx enable, Tx enable
(1)       0 : =37                RX_EN_TX_EN:    equ     CMD_RTS_bm|CMD_DTR_bm|CMD_ER_bm|CMD_RxEN_bm|CMD_TxEN_bm
(1)       0 : =36                RX_EN_TX_DIS:   equ     CMD_RTS_bm|CMD_DTR_bm|CMD_ER_bm|CMD_RxEN_bm
          0 :
       1000 :                            org     1000H
       1000 : =1000              stack:  equ     $
       1000 :
          0 :                            org     ORG_RESET
          0 : C3 00 01                   jp      init_usart
          3 :
        100 :                            org     0100H
        100 :                    init_usart:
        100 : 31 00 10                   ld      sp, stack
        103 : AF                         xor     A               ; clear A
        104 : ED D3 41 01                outa    (USARTC), A
        108 : ED D3 41 01                outa    (USARTC), A
        10C : ED D3 41 01                outa    (USARTC), A          ; safest way to sync mode
        110 : 3E 40                      ld      A, CMD_IR_bm
        112 : ED D3 41 01                outa    (USARTC), A          ; reset
        116 : 00                         nop
        117 : 00                         nop
        118 : 3E 4E                      ld      A, ASYNC_MODE
        11A : ED D3 41 01                outa    (USARTC), A
        11E : 00                         nop
        11F : 00                         nop
        120 : 3E 37                      ld      A, RX_EN_TX_EN
        122 : ED D3 41 01                outa    (USARTC), A
        126 :
        126 : CD 00 10                   call    arith
        129 :                    halt_to_system:
        129 : 3E FF                      ld      A, 0FFH
        12B : 32 38 00                   ld      (ORG_RST38), A
        12E : FF                         rst     38h
        12F :
        12F :                    putchar:
        12F : F5                         push    AF
        130 :                    putchar_loop:
        130 : ED DB 41 01                ina     A, (USARTS)
        134 : CB 47                      bit     ST_TxRDY_bp, A
        136 : 28 F8                      jr      Z, putchar_loop
        138 : F1                         pop     AF
        139 : ED D3 40 01                outa    (USARTD), A
        13D : C9                         ret
        13E :
        13E :                    newline:
        13E : F5                         push    AF
        13F : 3E 0D                      ld      A, 0DH
        141 : CD 2F 01                   call    putchar
        144 : 3E 0A                      ld      A, 0AH
        146 : CD 2F 01                   call    putchar
        149 : F1                         pop     AF
        14A : C9                         ret
        14B :
        14B :                    putspace:
        14B : F5                         push    AF
        14C : 3E 20                      ld      A, ' '
        14E : CD 2F 01                   call    putchar
        151 : F1                         pop     AF
        152 : C9                         ret
        153 :
        153 :                    ;;; Print "v1 op v2 = "
        153 :                    ;;; @param v1 BC
        153 :                    ;;; @param v2 DE
        153 :                    ;;; @param op A
        153 :                    ;;; @return v1 HL
        153 :                    ;;; @clobber A
        153 :                    expr:
        153 : F5                         push    AF
        154 : 60                         ld      H, B
        155 : 69                         ld      L, C
        156 : CD 60 11                   call    print_int16
        159 : CD 4B 01                   call    putspace
        15C : F1                         pop     AF
        15D : CD 2F 01                   call    putchar
        160 : CD 4B 01                   call    putspace
        163 : 62                         ld      H, D
        164 : 6B                         ld      L, E
        165 : CD 60 11                   call    print_int16
        168 : 60                         ld      H, B
        169 : 69                         ld      L, C
        16A : C9                         ret
        16B :
        16B :                    ;;; Print " v1\n"
        16B :                    ;;; @param v1 HL
        16B :                    ;;; @clobber A HL
        16B :                    answer:
        16B : CD 4B 01                   call    putspace
        16E : 3E 3D                      ld      A, '='
        170 : CD 2F 01                   call    putchar
        173 : CD 4B 01                   call    putspace
        176 : CD 60 11                   call    print_int16
        179 : 18 C3                      jr      newline
        17B :
        17B :                    ;;; Compare and print "v1 rel v2\n"
        17B :                    ;;; @param v1 BC
        17B :                    ;;; @param v2 DE
        17B :                    ;;; @clobber A HL
        17B :                    comp:
        17B : C5                         push    BC
        17C : D5                         push    DE
        17D : CD 92 11                   call    cmp16
        180 : 28 0E                      jr      Z, comp_eq
        182 : F2 8C 01                   jp      P, comp_gt
        185 : FA 94 01                   jp      M, comp_lt
        188 : 3E 3F                      ld      A, '?'
        18A : 18 0A                      jr      comp_out
        18C :                    comp_gt:
        18C : 3E 3E                      ld      A, '>'
        18E : 18 06                      jr      comp_out
        190 :                    comp_eq:
        190 : 3E 3D                      ld      A, '='
        192 : 18 02                      jr      comp_out
        194 :                    comp_lt:
        194 : 3E 3C                      ld      A, '<'
        196 :                    comp_out:
        196 : D1                         pop     DE
        197 : C1                         pop     BC
        198 : CD 53 01                   call    expr
        19B : 18 A1                      jr      newline
        19D :
       1000 :                            org     1000H
       1000 :
       1000 :                    arith:
       1000 : 01 50 46                   ld      BC, 18000
       1003 : 11 60 6D                   ld      DE, 28000
       1006 : 3E 2B                      ld      A, '+'
       1008 : CD 53 01                   call    expr
       100B : 19                         add     HL, DE
       100C : CD 6B 01                   call    answer          ; -19536
       100F :
       100F : 01 50 46                   ld      BC, 18000
       1012 : 11 B0 B9                   ld      DE, -18000
       1015 : 3E 2B                      ld      A, '+'
       1017 : CD 53 01                   call    expr
       101A : 19                         add     HL, DE
       101B : CD 6B 01                   call    answer          ; 0
       101E :
       101E : 01 B0 B9                   ld      BC, -18000
       1021 : 11 B0 B9                   ld      DE, -18000
       1024 : 3E 2B                      ld      A, '+'
       1026 : CD 53 01                   call    expr
       1029 : 19                         add     HL, DE
       102A : CD 6B 01                   call    answer          ; 29536
       102D :
       102D : 01 B0 B9                   ld      BC, -18000
       1030 : 11 A0 92                   ld      DE, -28000
       1033 : 3E 2D                      ld      A, '-'
       1035 : CD 53 01                   call    expr
       1038 : ED 95                      subw    HL, DE
       103A : CD 6B 01                   call    answer          ; 10000
       103D :
       103D : 01 64 00                   ld      BC, 100
       1040 : 11 2C 01                   ld      DE, 300
       1043 : 3E 2A                      ld      A, '*'
       1045 : CD 53 01                   call    expr
       1048 : ED CB 91                   multw   HL, DE          ; HL(31-0)=v1*v2
       104B : CD 6B 01                   call    answer          ; 30000
       104E :
       104E : 01 2C 01                   ld      BC, 300
       1051 : 11 38 FF                   ld      DE, -200
       1054 : 3E 2A                      ld      A, '*'
       1056 : CD 53 01                   call    expr
       1059 : ED CB 91                   multw   HL, DE          ; HL(31-0)=v1*v2
       105C : CD 6B 01                   call    answer          ; 5536
       105F :
       105F : 01 64 00                   ld      BC, 100
       1062 : 11 D4 FE                   ld      DE, -300
       1065 : 3E 2A                      ld      A, '*'
       1067 : CD 53 01                   call    expr
       106A : ED CB 91                   multw   HL, DE          ; HL(31-0)=v1*v2
       106D : CD 6B 01                   call    answer          ; -30000
       1070 :
       1070 : 01 38 FF                   ld      BC, -200
       1073 : 11 9C FF                   ld      DE, -100
       1076 : 3E 2A                      ld      A, '*'
       1078 : CD 53 01                   call    expr
       107B : ED CB 91                   multw   HL, DE          ; HL(31-0)=v1*v2
       107E : CD 6B 01                   call    answer          ; 20000
       1081 :
       1081 : 01 30 75                   ld      BC, 30000
       1084 : 11 64 00                   ld      DE, 100
       1087 : 3E 2F                      ld      A, '/'
       1089 : CD 53 01                   call    expr
       108C : CD A4 11                   call    div16           ; HL=v1/v2
       108F : CD 6B 01                   call    answer          ; 300
       1092 :
       1092 : 01 38 FF                   ld      BC, -200
       1095 : 11 64 00                   ld      DE, 100
       1098 : 3E 2F                      ld      A, '/'
       109A : CD 53 01                   call    expr
       109D : CD A4 11                   call    div16           ; HL=v1/v2
       10A0 : CD 6B 01                   call    answer          ; -2
       10A3 :
       10A3 : 01 D0 8A                   ld      BC, -30000
       10A6 : 11 38 FF                   ld      DE, -200
       10A9 : 3E 2F                      ld      A, '/'
       10AB : CD 53 01                   call    expr
       10AE : CD A4 11                   call    div16           ; HL=v1/v2
       10B1 : CD 6B 01                   call    answer          ; 150
       10B4 :
       10B4 : 01 D0 8A                   ld      BC, -30000
       10B7 : 11 4E 00                   ld      DE, 78
       10BA : 3E 2F                      ld      A, '/'
       10BC : CD 53 01                   call    expr
       10BF : CD A4 11                   call    div16           ; HL=v1/v2
       10C2 : CD 6B 01                   call    answer          ; -384
       10C5 :
       10C5 : 01 D0 FF                   ld      BC, -48
       10C8 : 11 1E 00                   ld      DE, 30
       10CB : CD 7B 01                   call    comp
       10CE :
       10CE : 01 1E 00                   ld      BC, 30
       10D1 : 11 D0 FF                   ld      DE, -48
       10D4 : CD 7B 01                   call    comp
       10D7 :
       10D7 : 01 88 13                   ld      BC, 5000
       10DA : 11 A0 0F                   ld      DE, 4000
       10DD : CD 7B 01                   call    comp
       10E0 :
       10E0 : 01 88 13                   ld      BC, 5000
       10E3 : 11 88 13                   ld      DE, 5000
       10E6 : CD 7B 01                   call    comp
       10E9 :
       10E9 : 01 A0 0F                   ld      BC, 4000
       10EC : 11 88 13                   ld      DE, 5000
       10EF : CD 7B 01                   call    comp
       10F2 :
       10F2 : 01 78 EC                   ld      BC, -5000
       10F5 : 11 60 F0                   ld      DE, -4000
       10F8 : CD 7B 01                   call    comp
       10FB :
       10FB : 01 78 EC                   ld      BC, -5000
       10FE : 11 78 EC                   ld      DE, -5000
       1101 : CD 7B 01                   call    comp
       1104 :
       1104 : 01 60 F0                   ld      BC, -4000
       1107 : 11 78 EC                   ld      DE, -5000
       110A : CD 7B 01                   call    comp
       110D :
       110D : 01 BC 7F                   ld      BC, 32700
       1110 : 11 58 7F                   ld      DE, 32600
       1113 : CD 7B 01                   call    comp
       1116 :
       1116 : 01 BC 7F                   ld      BC, 32700
       1119 : 11 BC 7F                   ld      DE, 32700
       111C : CD 7B 01                   call    comp
       111F :
       111F : 01 58 7F                   ld      BC, 32600
       1122 : 11 BC 7F                   ld      DE, 32700
       1125 : CD 7B 01                   call    comp
       1128 :
       1128 : 01 44 80                   ld      BC, -32700
       112B : 11 A8 80                   ld      DE, -32600
       112E : CD 7B 01                   call    comp
       1131 :
       1131 : 01 44 80                   ld      BC, -32700
       1134 : 11 44 80                   ld      DE, -32700
       1137 : CD 7B 01                   call    comp
       113A :
       113A : 01 A8 80                   ld      BC, -32600
       113D : 11 44 80                   ld      DE, -32700
       1140 : CD 7B 01                   call    comp
       1143 :
       1143 : 01 50 46                   ld      BC, 18000
       1146 : 11 A0 92                   ld      DE, -28000
       1149 : CD 7B 01                   call    comp
       114C :
       114C : 01 50 46                   ld      BC, 18000
       114F : 11 50 46                   ld      DE, 18000
       1152 : CD 7B 01                   call    comp
       1155 :
       1155 : 01 A0 92                   ld      BC, -28000
       1158 : 11 50 46                   ld      DE, 18000
       115B : CD 7B 01                   call    comp
       115E :
       115E : C9                         ret
       115F :
       115F :                            include "arith.inc"
(1)    115F :                    ;;; -*- mode: asm; mode: flyspell-prog; -*-
(1)    115F :                            cpu     z380
(1)    115F :
(1)    115F :                    ;;; Print signed 16-bit integer as decimal
(1)    115F :                    ;;; @param HL value
(1)    115F :                    ;;; @clobber A HL
(1)    1160 :                            align   2
(1)    1160 :                    print_int16:
(1)    1160 : 7C                         ld      A, H
(1)    1161 : B5                         or      A, L
(1)    1162 : 28 29                      jr      Z, print_uint16_zero
(1)    1164 : CB 7C                      bit     7, H
(1)    1166 : 28 07                      jr      Z, print_uint16
(1)    1168 : 3E 2D                      ld      A, '-'
(1)    116A : CD 2F 01                   call    putchar
(1)    116D : ED 54                      negw    HL              ; HL=-value
(1)    116F :                    print_uint16:
(1)    116F : 7C                         ld      A, H
(1)    1170 : B5                         or      A, L
(1)    1171 : C8                         ret     Z
(1)    1172 : ED 3E                      swap    HL
(1)    1174 : 21 00 00                   ld      HL, 0           ; HL(31-16)=0, HL(15-0) kept
(1)    1177 : ED 3E                      swap    HL
(1)    1179 : ED CB BF 0A 00             divuw   HL, 10          ; HL=value/10, HL(31-16)=value%10
(1)    117E : ED 3E                      swap    HL
(1)    1180 : E5                         push    HL              ; push remainder
(1)    1181 : ED 3E                      swap    HL
(1)    1183 : CD 6F 11                   call    print_uint16
(1)    1186 : E1                         pop     HL              ; pop remainder
(1)    1187 : 7D                         ld      A, L
(1)    1188 : C6 30                      add     A, '0'
(1)    118A : C3 2F 01                   jp      putchar
(1)    118D :                    print_uint16_zero:
(1)    118D : 3E 30                      ld      A, '0'
(1)    118F : C3 2F 01                   jp      putchar
(1)    1192 :
(1)    1192 :                    ;;; Signed comparison; minuend - subtrahend
(1)    1192 :                    ;;; @param BC minuend
(1)    1192 :                    ;;; @param DE subtrahend
(1)    1192 :                    ;;; @return AF.Z, AF.S
(1)    1192 :                    ;;; @clobber A
(1)    1192 :                            align   2
(1)    1192 :                    cmp16:
(1)    1192 : E5                         push    HL
(1)    1193 : 60                         ld      H, B
(1)    1194 : 69                         ld      L, C
(1)    1195 : ED 95                      subw    HL, DE          ; AF.V=overflow, AF.S=sign
(1)    1197 : 28 08                      jr      Z, cmp16_return ; AF.Z=1
(1)    1199 : 7C                         ld      A, H            ; high(minuend-subtrahend)
(1)    119A : E2 9F 11                   jp      PO, cmp16_sign  ; if no overflow
(1)    119D : EE 80                      xor     80H             ; AF.S=overflow^sign
(1)    119F :                    cmp16_sign:
(1)    119F : F6 01                      or      1               ; clear AF.Z
(1)    11A1 :                    cmp16_return:
(1)    11A1 : E1                         pop     HL
(1)    11A2 : C9                         ret
(1)    11A3 :
(1)    11A3 :                    ;;; Signed division; dividend / divisor, rounded toward zero
(1)    11A3 :                    ;;; @param HL dividend
(1)    11A3 :                    ;;; @param DE divisor
(1)    11A3 :                    ;;; @return HL quotient
(1)    11A3 :                    ;;; @return DE remainder, with the dividend's sign
(1)    11A4 :                            align   2
(1)    11A4 :                    div16:
(1)    11A4 : CB 7A                      bit     7, D
(1)    11A6 : 28 0A                      jr      Z, divu16
(1)    11A8 : EB                         ex      DE, HL
(1)    11A9 : ED 54                      negw    HL
(1)    11AB : EB                         ex      DE, HL          ; DE=|divisor|
(1)    11AC : CD B2 11                   call    divu16
(1)    11AF : ED 54                      negw    HL              ; HL=-quotient
(1)    11B1 : C9                         ret
(1)    11B2 :
(1)    11B2 :                    ;;; Signed by unsigned division; dividend / divisor, rounded toward zero
(1)    11B2 :                    ;;; @param HL dividend
(1)    11B2 :                    ;;; @param DE divisor, unsigned
(1)    11B2 :                    ;;; @return HL quotient
(1)    11B2 :                    ;;; @return DE remainder, with the dividend's sign
(1)    11B2 :                            align   2
(1)    11B2 :                    divu16:
(1)    11B2 : CB 7C                      bit     7, H
(1)    11B4 : 20 0C                      jr      NZ, divu16_negative
(1)    11B6 : ED 75                      extsw   HL              ; HL(31-16)=0
(1)    11B8 : ED CB B9                   divuw   HL, DE          ; HL=quotient, HL(31-16)=remainder
(1)    11BB : ED 3E                      swap    HL
(1)    11BD : FD 12                      ld      DE, HL          ; DE=remainder
(1)    11BF : ED 3E                      swap    HL
(1)    11C1 : C9                         ret
(1)    11C2 :                    divu16_negative:
(1)    11C2 : ED 54                      negw    HL              ; HL=|dividend|
(1)    11C4 : ED 3E                      swap    HL
(1)    11C6 : 21 00 00                   ld      HL, 0           ; HL(31-16)=0, HL(15-0) kept
(1)    11C9 : ED 3E                      swap    HL
(1)    11CB : ED CB B9                   divuw   HL, DE          ; HL=quotient, HL(31-16)=remainder
(1)    11CE : ED 3E                      swap    HL
(1)    11D0 : ED 54                      negw    HL
(1)    11D2 : FD 12                      ld      DE, HL          ; DE=-remainder
(1)    11D4 : ED 3E                      swap    HL
(1)    11D6 : ED 54                      negw    HL              ; HL=-quotient
(1)    11D8 : C9                         ret
       11D9 :
       11D9 :                            end
