          0 :                    ;;; -*- mode: asm; mode: flyspell-prog; -*-
          0 :                            include "z380.inc"
(1)       0 :                    ;;; -*- mode: asm; mode: flyspell-prog; -*-
(1)       0 :                            include "../z80/z80.inc"
(2)       0 :                    ;;; -*- mode: asm; mode: flyspell-prog; -*-
(2)       0 :                    ;;; z80
(2)       0 :                            cpu     z80
(2)       0 :                    ;;; FLAGS Register
(2)       0 : =80                F_SIGN:         equ     10000000B ; set to 1 if negative
(2)       0 : =40                F_ZERO:         equ     01000000B ; set to 1 if zero
(2)       0 : =10                F_HALF_CARRY:   equ     00010000B ; set to 1 if carry from bit-3
(2)       0 : =4                 F_PARITY:       equ     00000100B ; set to 1 if even parity
(2)       0 : =4                 F_OVERFLOW:     equ     00000100B ; set to 1 if overflow
(2)       0 : =2                 F_NBCD:         equ     00000010B ; set to 1 if subtraction
(2)       0 : =1                 F_CARRY:        equ     00000001B ; set to 1 if carry
(2)       0 :                    ;;; Interrupt origin
(2)       0 : =0                 ORG_RESET:      equ     0000H   ; RESET
(2)       0 : =0                 ORG_RST00:      equ     0000H   ; RST 00H
(2)       0 : =8                 ORG_RST08:      equ     0008H   ; RST 08H
(2)       0 : =10                ORG_RST10:      equ     0010H   ; RST 10H
(2)       0 : =18                ORG_RST18:      equ     0018H   ; RST 18H
(2)       0 : =20                ORG_RST20:      equ     0020H   ; RST 20H
(2)       0 : =28                ORG_RST28:      equ     0028H   ; RST 28H
(2)       0 : =30                ORG_RST30:      equ     0030H   ; RST 30H
(2)       0 : =38                ORG_RST38:      equ     0038H   ; RST 38H
(2)       0 : =38                ORG_INT:        equ     0038H   ; Mode 1 INT
(2)       0 : =66                ORG_NMI:        equ     0066H   ; NMI
(1)       0 :                    ;;; Z380
(1)       0 :                            cpu     z380
          0 :                            include "usart.inc"
(1)       0 :                    ;;; -*- mode: asm; mode: flyspell-prog; -*-
(1)       0 :                    ;;; i8251 Universal Synchronous/Asynchronous Receiver/Transmitter
(1)       0 : =140               USART:  equ     140H
(1)       0 : =140               USARTD: equ     USART+0         ; Data register
(1)       0 : =141               USARTS: equ     USART+1         ; Status register
(1)       0 : =141               USARTC: equ     USART+1         ; Control register
(1)       0 : =142               USARTRV:        equ     USART+2 ; Receive interrupt vector (ORG_*)
(1)       0 : =143               USARTTV:        equ     USART+3 ; Transmit interrupt vector (ORG_*)
(1)       0 :                            include "i8251.inc"
(2)       0 :                    ;;; -*- mode: asm; mode: flyspell-prog; -*-
(2)       0 :
(2)       0 :                    ;;; i8251 USART device emulator.
(2)       0 : =6                 MODE_STOP_gp:   equ     6
(2)       0 : =C0                MODE_STOP_gm:   equ     11000000B
(2)       0 : =40                MODE_STOP1_gc:  equ     (1 << MODE_STOP_gp)
(2)       0 : =80                MODE_STOP15_gc: equ     (2 << MODE_STOP_gp)
(2)       0 : =C0                MODE_STOP2_gc:  equ     (3 << MODE_STOP_gp)
(2)       0 : =20                MODE_EVEN_bm:   equ     00100000B
(2)       0 : =10                MODE_PARITY_bm: equ     00010000B
(2)       0 : =2                 MODE_LEN_gp:    equ     2
(2)       0 : =C                 MODE_LEN_gm:    equ     00001100B
(2)       0 : =0                 MODE_LEN5_gc:   equ     (0 << MODE_LEN_gp)
(2)       0 : =4                 MODE_LEN6_gc:   equ     (1 << MODE_LEN_gp)
(2)       0 : =8                 MODE_LEN7_gc:   equ     (2 << MODE_LEN_gp)
(2)       0 : =C                 MODE_LEN8_gc:   equ     (3 << MODE_LEN_gp)
(2)       0 : =0                 MODE_BAUD_gp:   equ     0
(2)       0 : =3                 MODE_BAUD_gm:   equ     00000011B
(2)       0 : =1                 MODE_BAUD_X1:   equ     (1 << MODE_BAUD_gp)
(2)       0 : =2                 MODE_BAUD_X16:  equ (2 << MODE_BAUD_gp)
(2)       0 : =3                 MODE_BAUD_X64:  equ (3 << MODE_BAUD_gp)
(2)       0 :                    ;;; Bit Definition of command register
(2)       0 : =80                CMD_EH_bm:      equ     10000000B   ; Enter hunt mode
(2)       0 : =40                CMD_IR_bm:      equ     01000000B   ; Internal Reset
(2)       0 : =20                CMD_RTS_bm:     equ     00100000B   ; Request To Send
(2)       0 : =10                CMD_ER_bm:      equ     00010000B   ; Error Reset
(2)       0 : =8                 CMD_SBRK_bm:    equ     00001000B   ; Send Break
(2)       0 : =4                 CMD_RxEN_bm:    equ     00000100B   ; Receive Enable
(2)       0 : =2                 CMD_DTR_bm:     equ     00000010B   ; Data Terminal Ready
(2)       0 : =1                 CMD_TxEN_bm:    equ     00000001B   ; Transmit enable
(2)       0 :
(2)       0 :                    ;;; Bit definition of status register
(2)       0 : =80                ST_DSR_bm:      equ     10000000B   ; Data Set Ready
(2)       0 : =40                ST_BRK_bm:      equ     01000000B   ; BREAK detected
(2)       0 : =20                ST_FE_bm:       equ     00100000B   ; Framing Error
(2)       0 : =10                ST_OE_bm:       equ     00010000B   ; Overrun Error
(2)       0 : =8                 ST_PE_bm:       equ     00001000B   ; Parity Error
(2)       0 : =2                 ST_TxEMPTY_bp:  equ     2           ; Transmitter empty
(2)       0 : =1                 ST_RxRDY_bp:    equ     1           ; Receiver ready
(2)       0 : =0                 ST_TxRDY_bp:    equ     0           ; Transmitter ready
(1)       0 :                    ;;; Async 1stop 8data x16
(1)       0 : =4E                ASYNC_MODE:     equ     MODE_STOP1_gc|MODE_LEN8_gc|MODE_BAUD_X16
(1)       0 :                    ;;; RTS/DTR, error reset, Rx enable, Tx enable
(1)       0 : =37                RX_EN_TX_EN:    equ     CMD_RTS_bm|CMD_DTR_bm|CMD_ER_bm|CMD_RxEN_bm|CMD_TxEN_bm
(1)       0 : =36                RX_EN_TX_DIS:   equ     CMD_RTS_bm|CMD_DTR_bm|CMD_ER_bm|CMD_RxEN_bm
          0 :
       1000 :                            org     1000H
       1000 : =1000              stack:  equ     $
       1000 :
          0 :                            org     ORG_RESET
          0 : C3 00 01                   jp      init
          3 :
        100 :                            org     0100H
        100 :                    init:
        100 : 31 00 10                   ld      SP, stack
        103 :
        103 :                    init_usart:
        103 : AF                         xor     A               ; clear A
        104 : ED D3 41 01                outa    (USARTC), A
        108 : ED D3 41 01                outa    (USARTC), A
        10C : ED D3 41 01                outa    (USARTC), A     ; safest way to sync mode
        110 : 3E 40                      ld      A, CMD_IR_bm
        112 : ED D3 41 01                outa    (USARTC), A     ; reset
        116 : 00                         nop
        117 : 00                         nop
        118 : 3E 4E                      ld      A, ASYNC_MODE
        11A : ED D3 41 01                outa    (USARTC), A
        11E : 00                         nop
        11F : 00                         nop
        120 : 3E 37                      ld      A, RX_EN_TX_EN
        122 : ED D3 41 01                outa    (USARTC), A
        126 :
        126 :                    receive_loop:
        126 : ED DB 41 01                ina     A, (USARTS)
        12A : CB 4F                      bit     ST_RxRDY_bp, A
        12C : 28 F8                      jr      Z, receive_loop
        12E :                    receive_data:
        12E : ED DB 40 01                ina     A, (USARTD)
        132 : 47                         ld      B, A
        133 : B7                         or      A, A
        134 : 28 15                      jr      Z, halt_to_system
        136 :                    transmit_loop:
        136 : ED DB 41 01                ina     A, (USARTS)
        13A : CB 47                      bit     ST_TxRDY_bp, A
        13C : 28 F8                      jr      Z, transmit_loop
        13E :                    transmit_data:
        13E : 78                         ld      A, B
        13F : ED D3 40 01                outa    (USARTD), A
        143 : FE 0D                      cp      0DH
        145 : 20 DF                      jr      NZ, receive_loop
        147 : 06 0A                      ld      B, 0AH
        149 : 18 EB                      jr      transmit_loop
        14B :                    halt_to_system:
        14B : 3E FF                      ld      A, 0FFH
        14D : 32 38 00                   ld      (ORG_RST38), A
        150 : FF                         rst     38h
