          0 :                    ;;; -*- mode: asm; mode: flyspell-prog; -*-
          0 :                            include "z380.inc"
(1)       0 :                    ;;; -*- mode: asm; mode: flyspell-prog; -*-
(1)       0 :                            include "../z80/z80.inc"
(2)       0 :                    ;;; -*- mode: asm; mode: flyspell-prog; -*-
(2)       0 :                    ;;; z80
(2)       0 :                            cpu     z80
(2)       0 :                    ;;; FLAGS Register
(2)       0 : =80                F_SIGN:         equ     10000000B ; set to 1 if negative
(2)       0 : =40                F_ZERO:         equ     01000000B ; set to 1 if zero
(2)       0 : =10                F_HALF_CARRY:   equ     00010000B ; set to 1 if carry from bit-3
(2)       0 : =4                 F_PARITY:       equ     00000100B ; set to 1 if even parity
(2)       0 : =4                 F_OVERFLOW:     equ     00000100B ; set to 1 if overflow
(2)       0 : =2                 F_NBCD:         equ     00000010B ; set to 1 if subtraction
(2)       0 : =1                 F_CARRY:        equ     00000001B ; set to 1 if carry
(2)       0 :                    ;;; Interrupt origin
(2)       0 : =0                 ORG_RESET:      equ     0000H   ; RESET
(2)       0 : =0                 ORG_RST00:      equ     0000H   ; RST 00H
(2)       0 : =8                 ORG_RST08:      equ     0008H   ; RST 08H
(2)       0 : =10                ORG_RST10:      equ     0010H   ; RST 10H
(2)       0 : =18                ORG_RST18:      equ     0018H   ; RST 18H
(2)       0 : =20                ORG_RST20:      equ     0020H   ; RST 20H
(2)       0 : =28                ORG_RST28:      equ     0028H   ; RST 28H
(2)       0 : =30                ORG_RST30:      equ     0030H   ; RST 30H
(2)       0 : =38                ORG_RST38:      equ     0038H   ; RST 38H
(2)       0 : =38                ORG_INT:        equ     0038H   ; Mode 1 INT
(2)       0 : =66                ORG_NMI:        equ     0066H   ; NMI
(1)       0 :                    ;;; Z380
(1)       0 :                            cpu     z380
          0 :                            include "usart.inc"
(1)       0 :                    ;;; -*- mode: asm; mode: flyspell-prog; -*-
(1)       0 :                    ;;; i8251 Universal Synchronous/Asynchronous Receiver/Transmitter
(1)       0 : =140               USART:  equ     140H
(1)       0 : =140               USARTD: equ     USART+0         ; Data register
(1)       0 : =141               USARTS: equ     USART+1         ; Status register
(1)       0 : =141               USARTC: equ     USART+1         ; Control register
(1)       0 : =142               USARTRV:        equ     USART+2 ; Receive interrupt vector (ORG_*)
(1)       0 : =143               USARTTV:        equ     USART+3 ; Transmit interrupt vector (ORG_*)
(1)       0 :                            include "i8251.inc"
(2)       0 :                    ;;; -*- mode: asm; mode: flyspell-prog; -*-
(2)       0 :
(2)       0 :                    ;;; i8251 USART device emulator.
(2)       0 : =6                 MODE_STOP_gp:   equ     6
(2)       0 : =C0                MODE_STOP_gm:   equ     11000000B
(2)       0 : =40                MODE_STOP1_gc:  equ     (1 << MODE_STOP_gp)
(2)       0 : =80                MODE_STOP15_gc: equ     (2 << MODE_STOP_gp)
(2)       0 : =C0                MODE_STOP2_gc:  equ     (3 << MODE_STOP_gp)
(2)       0 : =20                MODE_EVEN_bm:   equ     00100000B
(2)       0 : =10                MODE_PARITY_bm: equ     00010000B
(2)       0 : =2                 MODE_LEN_gp:    equ     2
(2)       0 : =C                 MODE_LEN_gm:    equ     00001100B
(2)       0 : =0                 MODE_LEN5_gc:   equ     (0 << MODE_LEN_gp)
(2)       0 : =4                 MODE_LEN6_gc:   equ     (1 << MODE_LEN_gp)
(2)       0 : =8                 MODE_LEN7_gc:   equ     (2 << MODE_LEN_gp)
(2)       0 : =C                 MODE_LEN8_gc:   equ     (3 << MODE_LEN_gp)
(2)       0 : =0                 MODE_BAUD_gp:   equ     0
(2)       0 : =3                 MODE_BAUD_gm:   equ     00000011B
(2)       0 : =1                 MODE_BAUD_X1:   equ     (1 << MODE_BAUD_gp)
(2)       0 : =2                 MODE_BAUD_X16:  equ (2 << MODE_BAUD_gp)
(2)       0 : =3                 MODE_BAUD_X64:  equ (3 << MODE_BAUD_gp)
(2)       0 :                    ;;; Bit Definition of command register
(2)       0 : =80                CMD_EH_bm:      equ     10000000B   ; Enter hunt mode
(2)       0 : =40                CMD_IR_bm:      equ     01000000B   ; Internal Reset
(2)       0 : =20                CMD_RTS_bm:     equ     00100000B   ; Request To Send
(2)       0 : =10                CMD_ER_bm:      equ     00010000B   ; Error Reset
(2)       0 : =8                 CMD_SBRK_bm:    equ     00001000B   ; Send Break
(2)       0 : =4                 CMD_RxEN_bm:    equ     00000100B   ; Receive Enable
(2)       0 : =2                 CMD_DTR_bm:     equ     00000010B   ; Data Terminal Ready
(2)       0 : =1                 CMD_TxEN_bm:    equ     00000001B   ; Transmit enable
(2)       0 :
(2)       0 :                    ;;; Bit definition of status register
(2)       0 : =80                ST_DSR_bm:      equ     10000000B   ; Data Set Ready
(2)       0 : =40                ST_BRK_bm:      equ     01000000B   ; BREAK detected
(2)       0 : =20                ST_FE_bm:       equ     00100000B   ; Framing Error
(2)       0 : =10                ST_OE_bm:       equ     00010000B   ; Overrun Error
(2)       0 : =8                 ST_PE_bm:       equ     00001000B   ; Parity Error
(2)       0 : =2                 ST_TxEMPTY_bp:  equ     2           ; Transmitter empty
(2)       0 : =1                 ST_RxRDY_bp:    equ     1           ; Receiver ready
(2)       0 : =0                 ST_TxRDY_bp:    equ     0           ; Transmitter ready
(1)       0 :                    ;;; Async 1stop 8data x16
(1)       0 : =4E                ASYNC_MODE:     equ     MODE_STOP1_gc|MODE_LEN8_gc|MODE_BAUD_X16
(1)       0 :                    ;;; RTS/DTR, error reset, Rx enable, Tx enable
(1)       0 : =37                RX_EN_TX_EN:    equ     CMD_RTS_bm|CMD_DTR_bm|CMD_ER_bm|CMD_RxEN_bm|CMD_TxEN_bm
(1)       0 : =36                RX_EN_TX_DIS:   equ     CMD_RTS_bm|CMD_DTR_bm|CMD_ER_bm|CMD_RxEN_bm
          0 :
       2000 :                            org     2000H
       2000 : =80                rx_queue_size:  equ     128
       2000 :                    rx_queue:       ds      rx_queue_size
       2080 :
       1000 :                            org     1000H
       1000 : =1000              stack:  equ     $
       1000 :
          0 :                            org     ORG_RESET
          0 : C3 00 01                   jp      init
          3 :
         38 :                            org     ORG_INT         ; mode 1
         38 : C3 D8 01                   jp      isr_intr
         3B :
        100 :                            org     0100H
        100 :                    init:
        100 : 31 00 10                   ld      SP, stack
        103 : DD 21 00 20                ld      IX, rx_queue
        107 : 06 80                      ld      B, rx_queue_size
        109 : CD 68 01                   call     queue_init
        10C :                    init_usart:
        10C : AF                         xor     A               ; clear A
        10D : ED D3 41 01                outa    (USARTC), A
        111 : ED D3 41 01                outa    (USARTC), A
        115 : ED D3 41 01                outa    (USARTC), A     ; safest way to sync mode
        119 : 3E 40                      ld      A, CMD_IR_bm
        11B : ED D3 41 01                outa    (USARTC), A     ; reset
        11F : 00                         nop
        120 : 00                         nop
        121 : 3E 4E                      ld      A, ASYNC_MODE
        123 : ED D3 41 01                outa    (USARTC), A
        127 : 00                         nop
        128 : 00                         nop
        129 : 3E 37                      ld      A, RX_EN_TX_EN
        12B : ED D3 41 01                outa    (USARTC), A
        12F : 3E 38                      ld      A, ORG_INT
        131 : ED D3 42 01                outa    (USARTRV), A    ; enable RxRDY interrupt using RST 7
        135 : 3E 00                      ld      A, ORG_RESET
        137 : ED D3 43 01                outa    (USARTTV), A    ; disable TxRDY interrupt
        13B :
        13B : ED 56                      im      1
        13D : FB                         ei
        13E :
        13E : DD 21 00 20                ld      IX, rx_queue
        142 :                    receive_loop:
        142 : F3                         di                      ; Disable INTR
        143 : CD B2 01                   call    queue_remove
        146 : FB                         ei                      ; Enable INTR
        147 : 30 F9                      jr      NC, receive_loop
        149 : 47                         ld      B, A            ; save character
        14A : B7                         or      A
        14B : 28 15                      jr      Z, halt_to_system
        14D :                    transmit_loop:
        14D : ED DB 41 01                ina     A, (USARTS)
        151 : CB 47                      bit     ST_TxRDY_bp, A
        153 : 28 F8                      jr      Z, transmit_loop
        155 :                    transmit_data:
        155 : 78                         ld      A, B
        156 : ED D3 40 01                outa    (USARTD), A
        15A : FE 0D                      cp      0DH
        15C : 20 E4                      jr      NZ, receive_loop
        15E : 06 0A                      ld      B, 0AH
        160 : 18 EB                      jr      transmit_loop
        162 :                    halt_to_system:
        162 : 3E FF                      ld      A, 0FFH
        164 : 32 38 00                   ld      (ORG_RST38), A
        167 : FF                         rst     38h
        168 :
        168 :                            include "queue.inc"
(1)     168 :                    ;;; -*- mode: asm; mode: flyspell-prog; -*-
(1)     168 :                    ;;; [queue] queue structure
(1)     168 : =0                 queue_len:      equ     0       ; queue length
(1)     168 : =1                 queue_size:     equ     1       ; buffer size
(1)     168 : =2                 queue_put:      equ     2       ; queue put index
(1)     168 : =3                 queue_get:      equ     3       ; queue get index
(1)     168 : =4                 queue_buf:      equ     4       ; buffer start offset
(1)     168 :
(1)     168 :                    ;;; [queue] Initialize queue
(1)     168 :                    ;;; @param IX queue work space pointer
(1)     168 :                    ;;; @param B queue work space size
(1)     168 :                    ;;; @clobber B
(1)     168 :                    queue_init:
(1)     168 : F5                         push    AF
(1)     169 : DD E5                      push    IX
(1)     16B : DD 36 00 00                ld      (IX+queue_len), 0
(1)     16F : 78                         ld      A, B
(1)     170 : D6 04                      sub     queue_buf
(1)     172 : DD 77 01                   ld      (IX+queue_size), A
(1)     175 : C6 02                      add     A, 2            ; for queue_put and queue_get
(1)     177 :                    queue_init_loop:
(1)     177 : DD 23                      inc     IX
(1)     179 : DD 36 01 00                ld      (IX+queue_size), 0
(1)     17D : 3D                         dec     A
(1)     17E : 20 F7                      jr      NZ, queue_init_loop
(1)     180 : DD E1                      pop     IX
(1)     182 : F1                         pop     AF
(1)     183 : C9                         ret
(1)     184 :
(1)     184 :                    ;;; [queue] Add an element to queue
(1)     184 :                    ;;; @param IX queue work space pointer
(1)     184 :                    ;;; @param A an element
(1)     184 :                    ;;; @return F.C 0 if queue is full
(1)     184 :                    queue_add:
(1)     184 : D5                         push    DE
(1)     185 : 57                         ld      D, A            ; save an element
(1)     186 : DD 7E 00                   ld      A, (IX+queue_len)
(1)     189 : DD BE 01                   cp      (IX+queue_size)
(1)     18C : 7A                         ld      A, D               ; restore an element
(1)     18D : 38 02                      jr      C, queue_add_store ; queue_len < queue_size
(1)     18F : D1                         pop     DE                 ; F.C=0
(1)     190 : C9                         ret
(1)     191 :                    queue_add_store:
(1)     191 : DD 34 00                   inc     (IX+queue_len)
(1)     194 : DD 5E 02                   ld      E, (IX+queue_put)
(1)     197 : 16 00                      ld      D, 0
(1)     199 : DD E5                      push    IX
(1)     19B : DD 19                      add     IX, DE          ; IX+queue_buf=&queue_buf[queue_put]
(1)     19D : DD 77 04                   ld      (IX+queue_buf), A ; store an element
(1)     1A0 : DD E1                      pop     IX
(1)     1A2 : 57                         ld      D, A            ; save an element
(1)     1A3 : 7B                         ld      A, E
(1)     1A4 : 3C                         inc     A               ; queue_put++
(1)     1A5 : DD BE 01                   cp      (IX+queue_size)
(1)     1A8 : 38 01                      jr      C, queue_add_update ; queue_put < queue_size
(1)     1AA : AF                         xor     A                   ; wrap around
(1)     1AB :                    queue_add_update:
(1)     1AB : DD 77 02                   ld      (IX+queue_put), A
(1)     1AE : 7A                         ld      A, D            ; restore an element
(1)     1AF : D1                         pop     DE
(1)     1B0 : 37                         scf                     ; set carry
(1)     1B1 : C9                         ret
(1)     1B2 :
(1)     1B2 :                    ;;; [queue] Remove an element from queue
(1)     1B2 :                    ;;; @param IX queue work space pointer
(1)     1B2 :                    ;;; @return A an element
(1)     1B2 :                    ;;; @return F.C 0 if queue is empty
(1)     1B2 :                    queue_remove:
(1)     1B2 : DD 7E 00                   ld      A, (IX+queue_len)
(1)     1B5 : B7                         or      A               ; clear carry
(1)     1B6 : C8                         ret     Z               ; queue_len == 0
(1)     1B7 : D5                         push    DE
(1)     1B8 : DD 35 00                   dec     (IX+queue_len)
(1)     1BB : DD 5E 03                   ld      E, (IX+queue_get)
(1)     1BE : 16 00                      ld      D, 0
(1)     1C0 : DD E5                      push    IX
(1)     1C2 : DD 19                      add     IX, DE          ; IX+queue_buf=&queue_buf[queue_get]
(1)     1C4 : DD 56 04                   ld      D, (IX+queue_buf) ; read an element
(1)     1C7 : DD E1                      pop     IX
(1)     1C9 : 7B                         ld      A, E
(1)     1CA : 3C                         inc     A               ; queue_get++
(1)     1CB : DD BE 01                   cp      (IX+queue_size)
(1)     1CE : 38 01                      jr      C, queue_remove_update ; queue_get < queue_size
(1)     1D0 : AF                         xor     A                      ; wrap around
(1)     1D1 :                    queue_remove_update:
(1)     1D1 : DD 77 03                   ld      (IX+queue_get), A
(1)     1D4 : 7A                         ld      A, D            ; an element
(1)     1D5 : D1                         pop     DE
(1)     1D6 : 37                         scf                     ; set carry
(1)     1D7 : C9                         ret
        1D8 :
        1D8 :                    isr_intr:
        1D8 : 08                         ex      AF, AF'
        1D9 : ED D9                      exall                   ; the ISR's own BC, DE, HL, IX and IY
        1DB : ED DB 41 01                ina     A, (USARTS)
        1DF :                    isr_intr_receive:
        1DF : CB 4F                      bit     ST_RxRDY_bp, A
        1E1 : 28 0B                      jr      Z, isr_intr_recv_end
        1E3 : ED DB 40 01                ina     A, (USARTD)
        1E7 : DD 21 00 20                ld      IX, rx_queue
        1EB : CD 84 01                   call    queue_add
        1EE :                    isr_intr_recv_end:
        1EE : ED D9                      exall
        1F0 : 08                         ex      AF, AF'
        1F1 : FB                         ei
        1F2 : ED 4D                      reti
