          0 :                    ;;; -*- mode: asm; mode: flyspell-prog; -*-
          0 :                            include "z380.inc"
(1)       0 :                    ;;; -*- mode: asm; mode: flyspell-prog; -*-
(1)       0 :                            include "../z80/z80.inc"
(2)       0 :                    ;;; -*- mode: asm; mode: flyspell-prog; -*-
(2)       0 :                    ;;; z80
(2)       0 :                            cpu     z80
(2)       0 :                    ;;; FLAGS Register
(2)       0 : =80                F_SIGN:         equ     10000000B ; set to 1 if negative
(2)       0 : =40                F_ZERO:         equ     01000000B ; set to 1 if zero
(2)       0 : =10                F_HALF_CARRY:   equ     00010000B ; set to 1 if carry from bit-3
(2)       0 : =4                 F_PARITY:       equ     00000100B ; set to 1 if even parity
(2)       0 : =4                 F_OVERFLOW:     equ     00000100B ; set to 1 if overflow
(2)       0 : =2                 F_NBCD:         equ     00000010B ; set to 1 if subtraction
(2)       0 : =1                 F_CARRY:        equ     00000001B ; set to 1 if carry
(2)       0 :                    ;;; Interrupt origin
(2)       0 : =0                 ORG_RESET:      equ     0000H   ; RESET
(2)       0 : =0                 ORG_RST00:      equ     0000H   ; RST 00H
(2)       0 : =8                 ORG_RST08:      equ     0008H   ; RST 08H
(2)       0 : =10                ORG_RST10:      equ     0010H   ; RST 10H
(2)       0 : =18                ORG_RST18:      equ     0018H   ; RST 18H
(2)       0 : =20                ORG_RST20:      equ     0020H   ; RST 20H
(2)       0 : =28                ORG_RST28:      equ     0028H   ; RST 28H
(2)       0 : =30                ORG_RST30:      equ     0030H   ; RST 30H
(2)       0 : =38                ORG_RST38:      equ     0038H   ; RST 38H
(2)       0 : =38                ORG_INT:        equ     0038H   ; Mode 1 INT
(2)       0 : =66                ORG_NMI:        equ     0066H   ; NMI
(1)       0 :                    ;;; Z380
(1)       0 :                            cpu     z380
          0 :                            include "usart.inc"
(1)       0 :                    ;;; -*- mode: asm; mode: flyspell-prog; -*-
(1)       0 :                    ;;; i8251 Universal Synchronous/Asynchronous Receiver/Transmitter
(1)       0 : =140               USART:  equ     140H
(1)       0 : =140               USARTD: equ     USART+0         ; Data register
(1)       0 : =141               USARTS: equ     USART+1         ; Status register
(1)       0 : =141               USARTC: equ     USART+1         ; Control register
(1)       0 : =142               USARTRV:        equ     USART+2 ; Receive interrupt vector (ORG_*)
(1)       0 : =143               USARTTV:        equ     USART+3 ; Transmit interrupt vector (ORG_*)
(1)       0 :                            include "i8251.inc"
(2)       0 :                    ;;; -*- mode: asm; mode: flyspell-prog; -*-
(2)       0 :
(2)       0 :                    ;;; i8251 USART device emulator.
(2)       0 : =6                 MODE_STOP_gp:   equ     6
(2)       0 : =C0                MODE_STOP_gm:   equ     11000000B
(2)       0 : =40                MODE_STOP1_gc:  equ     (1 << MODE_STOP_gp)
(2)       0 : =80                MODE_STOP15_gc: equ     (2 << MODE_STOP_gp)
(2)       0 : =C0                MODE_STOP2_gc:  equ     (3 << MODE_STOP_gp)
(2)       0 : =20                MODE_EVEN_bm:   equ     00100000B
(2)       0 : =10                MODE_PARITY_bm: equ     00010000B
(2)       0 : =2                 MODE_LEN_gp:    equ     2
(2)       0 : =C                 MODE_LEN_gm:    equ     00001100B
(2)       0 : =0                 MODE_LEN5_gc:   equ     (0 << MODE_LEN_gp)
(2)       0 : =4                 MODE_LEN6_gc:   equ     (1 << MODE_LEN_gp)
(2)       0 : =8                 MODE_LEN7_gc:   equ     (2 << MODE_LEN_gp)
(2)       0 : =C                 MODE_LEN8_gc:   equ     (3 << MODE_LEN_gp)
(2)       0 : =0                 MODE_BAUD_gp:   equ     0
(2)       0 : =3                 MODE_BAUD_gm:   equ     00000011B
(2)       0 : =1                 MODE_BAUD_X1:   equ     (1 << MODE_BAUD_gp)
(2)       0 : =2                 MODE_BAUD_X16:  equ (2 << MODE_BAUD_gp)
(2)       0 : =3                 MODE_BAUD_X64:  equ (3 << MODE_BAUD_gp)
(2)       0 :                    ;;; Bit Definition of command register
(2)       0 : =80                CMD_EH_bm:      equ     10000000B   ; Enter hunt mode
(2)       0 : =40                CMD_IR_bm:      equ     01000000B   ; Internal Reset
(2)       0 : =20                CMD_RTS_bm:     equ     00100000B   ; Request To Send
(2)       0 : =10                CMD_ER_bm:      equ     00010000B   ; Error Reset
(2)       0 : =8                 CMD_SBRK_bm:    equ     00001000B   ; Send Break
(2)       0 : =4                 CMD_RxEN_bm:    equ     00000100B   ; Receive Enable
(2)       0 : =2                 CMD_DTR_bm:     equ     00000010B   ; Data Terminal Ready
(2)       0 : =1                 CMD_TxEN_bm:    equ     00000001B   ; Transmit enable
(2)       0 :
(2)       0 :                    ;;; Bit definition of status register
(2)       0 : =80                ST_DSR_bm:      equ     10000000B   ; Data Set Ready
(2)       0 : =40                ST_BRK_bm:      equ     01000000B   ; BREAK detected
(2)       0 : =20                ST_FE_bm:       equ     00100000B   ; Framing Error
(2)       0 : =10                ST_OE_bm:       equ     00010000B   ; Overrun Error
(2)       0 : =8                 ST_PE_bm:       equ     00001000B   ; Parity Error
(2)       0 : =2                 ST_TxEMPTY_bp:  equ     2           ; Transmitter empty
(2)       0 : =1                 ST_RxRDY_bp:    equ     1           ; Receiver ready
(2)       0 : =0                 ST_TxRDY_bp:    equ     0           ; Transmitter ready
(1)       0 :                    ;;; Async 1stop 8data x16
(1)       0 : =4E                ASYNC_MODE:     equ     MODE_STOP1_gc|MODE_LEN8_gc|MODE_BAUD_X16
(1)       0 :                    ;;; RTS/DTR, error reset, Rx enable, Tx enable
(1)       0 : =37                RX_EN_TX_EN:    equ     CMD_RTS_bm|CMD_DTR_bm|CMD_ER_bm|CMD_RxEN_bm|CMD_TxEN_bm
(1)       0 : =36                RX_EN_TX_DIS:   equ     CMD_RTS_bm|CMD_DTR_bm|CMD_ER_bm|CMD_RxEN_bm
          0 :
       2000 :                            org     2000H
       2000 : =80                rx_queue_size:  equ     128
       2000 :                    rx_queue:       ds      rx_queue_size
       2080 : =80                tx_queue_size:  equ     128
       2080 :                    tx_queue:       ds      tx_queue_size
       2100 :
       1000 :                            org     1000H
       1000 : =1000              stack:          equ     $
       1000 :
       1000 : =1000              vec_base:       equ     $
       1012 :                            org     vec_base+12H
       1012 : 96 03              vec_rx: dw      isr_intr_rx
       108A :                            org     vec_base+8AH
       108A : B2 03              vec_tx: dw      isr_intr_tx
       108C :
          0 :                            org     ORG_RESET
          0 : C3 00 01                   jp      init
          3 :
         28 :                            org     ORG_RST28
         28 : C3 96 03                   jp      isr_intr_rx
         2B :
         30 :                            org     ORG_RST30
         30 : C3 B2 03                   jp      isr_intr_tx
         33 :
        100 :                            org     0100H
        100 :                    init:
        100 : 31 00 10                   ld      SP, stack
        103 : DD 21 00 20                ld      IX, rx_queue
        107 : 06 80                      ld      B, rx_queue_size
        109 : CD 26 03                   call    queue_init
        10C : DD 21 80 20                ld      IX, tx_queue
        110 : 06 80                      ld      B, tx_queue_size
        112 : CD 26 03                   call    queue_init
        115 :                    init_usart:
        115 : AF                         xor     A               ; clear A
        116 : ED D3 41 01                outa    (USARTC), A
        11A : ED D3 41 01                outa    (USARTC), A
        11E : ED D3 41 01                outa    (USARTC), A          ; safest way to sync mode
        122 : 3E 40                      ld      A, CMD_IR_bm
        124 : ED D3 41 01                outa    (USARTC), A          ; reset
        128 : 00                         nop
        129 : 00                         nop
        12A : 3E 4E                      ld      A, ASYNC_MODE
        12C : ED D3 41 01                outa    (USARTC), A
        130 : 00                         nop
        131 : 00                         nop
        132 : 3E 36                      ld      A, RX_EN_TX_DIS
        134 : ED D3 41 01                outa    (USARTC), A
        138 :
        138 : 3E                         db      3EH             ; LD A, n
        139 : EF                         rst     28H
        13A : ED D3 42 01                outa    (USARTRV), A    ; set RxRDY interrupt vector RST 28H
        13E : 3E                         db      3EH             ; LD A, n
        13F : F7                         rst     30H
        140 : ED D3 43 01                outa    (USARTTV), A    ; set TxRDY interrupt vector RST 30H
        144 : ED 46                      im      0
        146 :
        146 :                            ;; ld      A, HIGH vec_base
        146 :                            ;; ld      I, A
        146 :                            ;; ld      A, LOW vec_rx
        146 :                            ;; outa    (USARTRV), A    ; set RxRDY interrupt vec_rx
        146 :                            ;; ld      A, LOW vec_tx
        146 :                            ;; outa    (USARTTV), A    ; set TxRDY interrupt vec_tx
        146 :                            ;; im      2
        146 :
        146 : FB                         ei
        147 :
        147 :                    loop:
        147 : CD 82 01                   call    mandelbrot
        14A : CD 5E 01                   call    newline
        14D : 18 F8                      jr      loop
        14F :
        14F :                    ;;; Get character
        14F :                    ;;; @return A
        14F :                    ;;; @return CC.C 0 if no character
        150 :                            align   2
        150 :                    getchar:
        150 : DD E5                      push    IX
        152 : DD 21 00 20                ld      IX, rx_queue
        156 : F3                         di
        157 : CD 70 03                   call    queue_remove
        15A : FB                         ei
        15B : DD E1                      pop     IX
        15D : C9                         ret
        15E :
        15E :                    ;;; Put newline
        15E :                    ;;; @clobber A
        15E :                            align   2
        15E :                    newline:
        15E : 3E 0D                      ld      A, 0DH
        160 : CD 65 01                   call    putchar
        163 : 3E 0A                      ld      A, 0AH
        165 :
        165 :                    ;;; Put character
        165 :                    ;;; @param A
        165 :                    putchar:
        165 : F5                         push    AF
        166 : DD E5                      push    IX
        168 : DD 21 80 20                ld      IX, tx_queue
        16C :                    putchar_retry:
        16C : F3                         di
        16D : CD 42 03                   call    queue_add
        170 : FB                         ei
        171 : 30 F9                      jr      NC, putchar_retry ; branch if queue is full
        173 : DD E1                      pop     IX
        175 : 3E 37                      ld      A, RX_EN_TX_EN  ; enable Tx
        177 : ED D3 41 01                outa    (USARTC), A
        17B :                    putchar_exit:
        17B : F1                         pop     AF
        17C : C9                         ret
        17D :
        17D :                    ;;; Put space
        17D :                    ;;; @clobber A
        17E :                            align   2
        17E :                    putspace:
        17E : 3E 20                      ld      A, ' '
        180 : 18 E3                      jr      putchar
        182 :
        182 :                            include "mandelbrot.inc"
(1)     182 :                    ;;; -*- mode: asm; mode: flyspell-prog; -*-
(1)     182 :
(1)     182 : =32                Fv:     equ     50
(1)     182 :                            align   2
(1)     182 :                    mandelbrot:
(1)     182 : 3E F4                      ld      A, -12
(1)     184 : 32 A8 02                   ld      (vY), A         ; Y=-12
(1)     187 :                    loop_y:
(1)     187 : 3E CF                      ld      A, -49
(1)     189 : 32 A9 02                   ld      (vX), A         ; X=-49
(1)     18C :                    loop_x:
(1)     18C : 3A A9 02                   ld      A, (vX)
(1)     18F : ED 65                      exts    A               ; HL=X
(1)     191 : ED CB 97 E5 00             multw   HL, 229         ; HL(31-0)=X*229
(1)     196 : 11 64 00                   ld      DE, 100
(1)     199 : CD F0 02                   call    div16           ; HL=X*229/100
(1)     19C : 22 98 02                   ld      (vC), HL        ; C=X*229/100
(1)     19F : 22 9C 02                   ld      (vA), HL        ; A=C
(1)     1A2 : 3A A8 02                   ld      A, (vY)
(1)     1A5 : ED 65                      exts    A               ; HL=Y
(1)     1A7 : ED CB 97 A0 01             multw   HL, 416         ; HL(31-0)=Y*416
(1)     1AC : 11 64 00                   ld      DE, 100
(1)     1AF : CD F0 02                   call    div16           ; HL=Y*416/100
(1)     1B2 : 22 9A 02                   ld      (vD), HL        ; D=Y*416/100
(1)     1B5 : 22 9E 02                   ld      (vB), HL        ; B=D
(1)     1B8 : 3E 00                      ld      A, 0
(1)     1BA : 32 AA 02                   ld      (vI), A         ; I=0
(1)     1BD :
(1)     1BD :                            ;; ld      A, (vY)
(1)     1BD :                            ;; exts    A
(1)     1BD :                            ;; ld      A, 'Y'
(1)     1BD :                            ;; call    print
(1)     1BD :                            ;; ld      A, (vX)
(1)     1BD :                            ;; exts    A
(1)     1BD :                            ;; ld      A, 'X'
(1)     1BD :                            ;; call    print
(1)     1BD :                            ;; ld      HL, (vC)
(1)     1BD :                            ;; ld      A, 'C'
(1)     1BD :                            ;; call    print
(1)     1BD :                            ;; ld      HL, (vD)
(1)     1BD :                            ;; ld      A, 'D'
(1)     1BD :                            ;; call    print
(1)     1BD :                            ;; call    newline
(1)     1BD :
(1)     1BD :                    loop_i:
(1)     1BD : 2A 9E 02                   ld      HL, (vB)
(1)     1C0 : 11 32 00                   ld      DE, Fv
(1)     1C3 : CD FE 02                   call    divu16           ; HL=B/F, DE=B-(B/F)*F
(1)     1C6 : 22 A2 02                   ld      (vQ), HL        ; Q=B/F
(1)     1C9 : ED 53 A4 02                ld      (vS), DE        ; S=B-Q*F
(1)     1CD : 2A 9E 02                   ld      HL, (vB)
(1)     1D0 : ED CB 93                   multw   HL, HL          ; HL(31-0)=B*B
(1)     1D3 : E5                         push    HL              ; push B*B
(1)     1D4 : 2A 9C 02                   ld      HL, (vA)
(1)     1D7 : ED CB 93                   multw   HL, HL          ; HL(31-0)=A*A
(1)     1DA : D1                         pop     DE              ; pop B*B
(1)     1DB : ED 95                      subw    HL, DE          ; A*A-B*B
(1)     1DD : 11 32 00                   ld      DE, Fv
(1)     1E0 : CD FE 02                   call    divu16           ; HL=(A*A-B*B)/F
(1)     1E3 : ED 5B 98 02                ld      DE, (vC)
(1)     1E7 : 19                         add     HL, DE          ; (A*A-B*B)/F+C
(1)     1E8 : E5                         push    HL              ; push (A*A-B*B)/F+C
(1)     1E9 : 2A 9C 02                   ld      HL, (vA)
(1)     1EC : ED 5B A4 02                ld      DE, (vS)
(1)     1F0 : ED CB 91                   multw   HL, DE          ; HL(31-0)=A*S
(1)     1F3 : 11 32 00                   ld      DE, Fv
(1)     1F6 : CD FE 02                   call    divu16           ; HL=A*S/F
(1)     1F9 : E5                         push    HL              ; push A*S/F
(1)     1FA : 2A 9C 02                   ld      HL, (vA)
(1)     1FD : ED 5B A2 02                ld      DE, (vQ)
(1)     201 : ED CB 91                   multw   HL, DE          ; HL(31-0)=A*Q
(1)     204 : D1                         pop     DE              ; pop A*S/F
(1)     205 : 19                         add     HL, DE          ; A*Q+A*S/F
(1)     206 : 29                         add     HL, HL          ; 2*(A*Q+A*S/F)
(1)     207 : ED 5B 9A 02                ld      DE, (vD)
(1)     20B : 19                         add     HL, DE          ; 2*(A*Q+A*S/F)+D
(1)     20C : 22 9E 02                   ld      (vB), HL        ; B=2*(A*Q+A*S/F)+D
(1)     20F : E1                         pop     HL              ; pop (A*A-B*B)/F+C
(1)     210 : 22 9C 02                   ld      (vA), HL        ; A=(A*A-B*B)/F+C
(1)     213 : 11 32 00                   ld      DE, Fv
(1)     216 : CD FE 02                   call    divu16           ; HL=A/F
(1)     219 : 22 A0 02                   ld      (vP), HL        ; P=A/F
(1)     21C : ED CB 93                   multw   HL, HL          ; HL(31-0)=P*P
(1)     21F : E5                         push    HL              ; push P*P
(1)     220 : 2A 9E 02                   ld      HL, (vB)
(1)     223 : 11 32 00                   ld      DE, Fv
(1)     226 : CD FE 02                   call    divu16           ; HL=B/F
(1)     229 : 22 A2 02                   ld      (vQ), HL        ; Q=B/F
(1)     22C : ED CB 93                   multw   HL, HL          ; HL(31-0)=Q*Q
(1)     22F : D1                         pop     DE              ; pop P*P
(1)     230 : 19                         add     HL, DE          ; P*P+Q*Q
(1)     231 : 22 A6 02                   ld      (vT), HL        ; T=P*P+Q*Q
(1)     234 :
(1)     234 :                            ;; call    putspace
(1)     234 :                            ;; ld      A, (vI)
(1)     234 :                            ;; exts    A
(1)     234 :                            ;; ld      A, 'I'
(1)     234 :                            ;; call    print
(1)     234 :                            ;; ld      HL, (vA)
(1)     234 :                            ;; ld      A, 'A'
(1)     234 :                            ;; call    print
(1)     234 :                            ;; ld      HL, (vB)
(1)     234 :                            ;; ld      A, 'B'
(1)     234 :                            ;; call    print
(1)     234 :                            ;; ld      HL, (vP)
(1)     234 :                            ;; ld      A, 'P'
(1)     234 :                            ;; call    print
(1)     234 :                            ;; ld      HL, (vQ)
(1)     234 :                            ;; ld      A, 'Q'
(1)     234 :                            ;; call    print
(1)     234 :                            ;; ld      HL, (vT)
(1)     234 :                            ;; ld      A, 'T'
(1)     234 :                            ;; call    print
(1)     234 :                            ;; call    newline
(1)     234 :
(1)     234 : ED BE 05 00                cpw     HL, 4+1
(1)     238 : 30 10                      jr      NC, print_i     ; if 4<T
(1)     23A : 3A AA 02                   ld      A, (vI)
(1)     23D : 3C                         inc     A
(1)     23E : 32 AA 02                   ld      (vI), A
(1)     241 : FE 10                      cp      A, 16
(1)     243 : DA BD 01                   jp      C, loop_i       ; if I<16
(1)     246 : 3E 20                      ld      A, ' '
(1)     248 : 18 09                      jr      print_char
(1)     24A :                    print_i:
(1)     24A : 3A AA 02                   ld      A, (vI)
(1)     24D : C6 90                      add     A, 90H
(1)     24F : 27                         daa
(1)     250 : CE 40                      adc     A, 40H
(1)     252 : 27                         daa
(1)     253 :                    print_char:
(1)     253 : CD 65 01                   call    putchar
(1)     256 :
(1)     256 :                            ;; push    AF
(1)     256 :                            ;; ld      A, '@'
(1)     256 :                            ;; call    putchar
(1)     256 :                            ;; ld      A, '='
(1)     256 :                            ;; call    putchar
(1)     256 :                            ;; pop     AF
(1)     256 :                            ;; call    putchar
(1)     256 :                            ;; call    newline
(1)     256 :
(1)     256 : CD 50 01                   call    getchar
(1)     259 : 30 09                      jr      NC, next_x
(1)     25B : B7                         or      A
(1)     25C : 20 06                      jr      NZ, next_x
(1)     25E :                    halt_to_system:
(1)     25E : 3E FF                      ld      A, 0FFH
(1)     260 : 32 38 00                   ld      (ORG_RST38), A
(1)     263 : FF                         rst     38H
(1)     264 :
(1)     264 :                    next_x:
(1)     264 : 3A A9 02                   ld      A, (vX)
(1)     267 : 3C                         inc     A
(1)     268 : 32 A9 02                   ld      (vX), A         ; X+=1
(1)     26B : CB 7F                      bit     7, A
(1)     26D : C2 8C 01                   jp      NZ, loop_x      ; if X<0
(1)     270 : FE 1E                      cp      A, 30
(1)     272 : DA 8C 01                   jp      C, loop_x       ; if X<30
(1)     275 : CD 5E 01                   call    newline
(1)     278 : 3A A8 02                   ld      A, (vY)
(1)     27B : 3C                         inc     A
(1)     27C : 32 A8 02                   ld      (vY), A         ; Y+=1
(1)     27F : CB 7F                      bit     7, A
(1)     281 : C2 87 01                   jp      NZ, loop_y      ; if Y<0
(1)     284 : FE 0D                      cp      A, 13
(1)     286 : DA 87 01                   jp      C, loop_y       ; if Y<13
(1)     289 : C9                         ret
(1)     28A :
(1)     28A :                    ;;; Print variable
(1)     28A :                    ;;; @param A variable name
(1)     28A :                    ;;; @param HL variable value
(1)     28A :                            align   2
(1)     28A :                    print:
(1)     28A : CD 65 01                   call    putchar
(1)     28D : 3E 3D                      ld      A, '='
(1)     28F : CD 65 01                   call    putchar
(1)     292 : CD AC 02                   call    print_int16
(1)     295 : C3 7E 01                   jp      putspace
(1)     298 :
(1)     298 :                    ;;; workspace
(1)     298 :                            align   2
(1)     298 :                    vC:     ds      2
(1)     29A :                    vD:     ds      2
(1)     29C :                    vA:     ds      2
(1)     29E :                    vB:     ds      2
(1)     2A0 :                    vP:     ds      2
(1)     2A2 :                    vQ:     ds      2
(1)     2A4 :                    vS:     ds      2
(1)     2A6 :                    vT:     ds      2
(1)     2A8 :                    vY:     ds      1
(1)     2A9 :                    vX:     ds      1
(1)     2AA :                    vI:     ds      1
        2AB :                            include "arith.inc"
(1)     2AB :                    ;;; -*- mode: asm; mode: flyspell-prog; -*-
(1)     2AB :                            cpu     z380
(1)     2AB :
(1)     2AB :                    ;;; Print signed 16-bit integer as decimal
(1)     2AB :                    ;;; @param HL value
(1)     2AB :                    ;;; @clobber A HL
(1)     2AC :                            align   2
(1)     2AC :                    print_int16:
(1)     2AC : 7C                         ld      A, H
(1)     2AD : B5                         or      A, L
(1)     2AE : 28 29                      jr      Z, print_uint16_zero
(1)     2B0 : CB 7C                      bit     7, H
(1)     2B2 : 28 07                      jr      Z, print_uint16
(1)     2B4 : 3E 2D                      ld      A, '-'
(1)     2B6 : CD 65 01                   call    putchar
(1)     2B9 : ED 54                      negw    HL              ; HL=-value
(1)     2BB :                    print_uint16:
(1)     2BB : 7C                         ld      A, H
(1)     2BC : B5                         or      A, L
(1)     2BD : C8                         ret     Z
(1)     2BE : ED 3E                      swap    HL
(1)     2C0 : 21 00 00                   ld      HL, 0           ; HL(31-16)=0, HL(15-0) kept
(1)     2C3 : ED 3E                      swap    HL
(1)     2C5 : ED CB BF 0A 00             divuw   HL, 10          ; HL=value/10, HL(31-16)=value%10
(1)     2CA : ED 3E                      swap    HL
(1)     2CC : E5                         push    HL              ; push remainder
(1)     2CD : ED 3E                      swap    HL
(1)     2CF : CD BB 02                   call    print_uint16
(1)     2D2 : E1                         pop     HL              ; pop remainder
(1)     2D3 : 7D                         ld      A, L
(1)     2D4 : C6 30                      add     A, '0'
(1)     2D6 : C3 65 01                   jp      putchar
(1)     2D9 :                    print_uint16_zero:
(1)     2D9 : 3E 30                      ld      A, '0'
(1)     2DB : C3 65 01                   jp      putchar
(1)     2DE :
(1)     2DE :                    ;;; Signed comparison; minuend - subtrahend
(1)     2DE :                    ;;; @param BC minuend
(1)     2DE :                    ;;; @param DE subtrahend
(1)     2DE :                    ;;; @return AF.Z, AF.S
(1)     2DE :                    ;;; @clobber A
(1)     2DE :                            align   2
(1)     2DE :                    cmp16:
(1)     2DE : E5                         push    HL
(1)     2DF : 60                         ld      H, B
(1)     2E0 : 69                         ld      L, C
(1)     2E1 : ED 95                      subw    HL, DE          ; AF.V=overflow, AF.S=sign
(1)     2E3 : 28 08                      jr      Z, cmp16_return ; AF.Z=1
(1)     2E5 : 7C                         ld      A, H            ; high(minuend-subtrahend)
(1)     2E6 : E2 EB 02                   jp      PO, cmp16_sign  ; if no overflow
(1)     2E9 : EE 80                      xor     80H             ; AF.S=overflow^sign
(1)     2EB :                    cmp16_sign:
(1)     2EB : F6 01                      or      1               ; clear AF.Z
(1)     2ED :                    cmp16_return:
(1)     2ED : E1                         pop     HL
(1)     2EE : C9                         ret
(1)     2EF :
(1)     2EF :                    ;;; Signed division; dividend / divisor, rounded toward zero
(1)     2EF :                    ;;; @param HL dividend
(1)     2EF :                    ;;; @param DE divisor
(1)     2EF :                    ;;; @return HL quotient
(1)     2EF :                    ;;; @return DE remainder, with the dividend's sign
(1)     2F0 :                            align   2
(1)     2F0 :                    div16:
(1)     2F0 : CB 7A                      bit     7, D
(1)     2F2 : 28 0A                      jr      Z, divu16
(1)     2F4 : EB                         ex      DE, HL
(1)     2F5 : ED 54                      negw    HL
(1)     2F7 : EB                         ex      DE, HL          ; DE=|divisor|
(1)     2F8 : CD FE 02                   call    divu16
(1)     2FB : ED 54                      negw    HL              ; HL=-quotient
(1)     2FD : C9                         ret
(1)     2FE :
(1)     2FE :                    ;;; Signed by unsigned division; dividend / divisor, rounded toward zero
(1)     2FE :                    ;;; @param HL dividend
(1)     2FE :                    ;;; @param DE divisor, unsigned
(1)     2FE :                    ;;; @return HL quotient
(1)     2FE :                    ;;; @return DE remainder, with the dividend's sign
(1)     2FE :                            align   2
(1)     2FE :                    divu16:
(1)     2FE : CB 7C                      bit     7, H
(1)     300 : 20 0C                      jr      NZ, divu16_negative
(1)     302 : ED 75                      extsw   HL              ; HL(31-16)=0
(1)     304 : ED CB B9                   divuw   HL, DE          ; HL=quotient, HL(31-16)=remainder
(1)     307 : ED 3E                      swap    HL
(1)     309 : FD 12                      ld      DE, HL          ; DE=remainder
(1)     30B : ED 3E                      swap    HL
(1)     30D : C9                         ret
(1)     30E :                    divu16_negative:
(1)     30E : ED 54                      negw    HL              ; HL=|dividend|
(1)     310 : ED 3E                      swap    HL
(1)     312 : 21 00 00                   ld      HL, 0           ; HL(31-16)=0, HL(15-0) kept
(1)     315 : ED 3E                      swap    HL
(1)     317 : ED CB B9                   divuw   HL, DE          ; HL=quotient, HL(31-16)=remainder
(1)     31A : ED 3E                      swap    HL
(1)     31C : ED 54                      negw    HL
(1)     31E : FD 12                      ld      DE, HL          ; DE=-remainder
(1)     320 : ED 3E                      swap    HL
(1)     322 : ED 54                      negw    HL              ; HL=-quotient
(1)     324 : C9                         ret
        325 :                            include "queue.inc"
(1)     325 :                    ;;; -*- mode: asm; mode: flyspell-prog; -*-
(1)     325 :                    ;;; [queue] queue structure
(1)     325 : =0                 queue_len:      equ     0       ; queue length
(1)     325 : =1                 queue_size:     equ     1       ; buffer size
(1)     325 : =2                 queue_put:      equ     2       ; queue put index
(1)     325 : =3                 queue_get:      equ     3       ; queue get index
(1)     325 : =4                 queue_buf:      equ     4       ; buffer start offset
(1)     325 :
(1)     325 :                    ;;; [queue] Initialize queue
(1)     325 :                    ;;; @param IX queue work space pointer
(1)     325 :                    ;;; @param B queue work space size
(1)     325 :                    ;;; @clobber B
(1)     326 :                            align   2
(1)     326 :                    queue_init:
(1)     326 : F5                         push    AF
(1)     327 : DD E5                      push    IX
(1)     329 : DD 36 00 00                ld      (IX+queue_len), 0
(1)     32D : 78                         ld      A, B
(1)     32E : D6 04                      sub     queue_buf
(1)     330 : DD 77 01                   ld      (IX+queue_size), A
(1)     333 : C6 02                      add     A, 2            ; for queue_put and queue_get
(1)     335 :                    queue_init_loop:
(1)     335 : DD 23                      inc     IX
(1)     337 : DD 36 01 00                ld      (IX+queue_size), 0
(1)     33B : 3D                         dec     A
(1)     33C : 20 F7                      jr      NZ, queue_init_loop
(1)     33E : DD E1                      pop     IX
(1)     340 : F1                         pop     AF
(1)     341 : C9                         ret
(1)     342 :
(1)     342 :                    ;;; [queue] Add an element to queue
(1)     342 :                    ;;; @param IX queue work space pointer
(1)     342 :                    ;;; @param A an element
(1)     342 :                    ;;; @return F.C 0 if queue is full
(1)     342 :                            align   2
(1)     342 :                    queue_add:
(1)     342 : D5                         push    DE
(1)     343 : 57                         ld      D, A            ; save an element
(1)     344 : DD 7E 00                   ld      A, (IX+queue_len)
(1)     347 : DD BE 01                   cp      (IX+queue_size)
(1)     34A : 7A                         ld      A, D               ; restore an element
(1)     34B : 38 02                      jr      C, queue_add_store ; queue_len < queue_size
(1)     34D : D1                         pop     DE                 ; F.C=0
(1)     34E : C9                         ret
(1)     34F :                    queue_add_store:
(1)     34F : DD 34 00                   inc     (IX+queue_len)
(1)     352 : DD 5E 02                   ld      E, (IX+queue_put)
(1)     355 : 16 00                      ld      D, 0
(1)     357 : DD E5                      push    IX
(1)     359 : DD 19                      add     IX, DE          ; IX+queue_buf=&queue_buf[queue_put]
(1)     35B : DD 77 04                   ld      (IX+queue_buf), A ; store an element
(1)     35E : DD E1                      pop     IX
(1)     360 : 57                         ld      D, A            ; save an element
(1)     361 : 7B                         ld      A, E
(1)     362 : 3C                         inc     A               ; queue_put++
(1)     363 : DD BE 01                   cp      (IX+queue_size)
(1)     366 : 38 01                      jr      C, queue_add_update ; queue_put < queue_size
(1)     368 : AF                         xor     A                   ; wrap around
(1)     369 :                    queue_add_update:
(1)     369 : DD 77 02                   ld      (IX+queue_put), A
(1)     36C : 7A                         ld      A, D            ; restore an element
(1)     36D : D1                         pop     DE
(1)     36E : 37                         scf                     ; set carry
(1)     36F : C9                         ret
(1)     370 :
(1)     370 :                    ;;; [queue] Remove an element from queue
(1)     370 :                    ;;; @param IX queue work space pointer
(1)     370 :                    ;;; @return A an element
(1)     370 :                    ;;; @return F.C 0 if queue is empty
(1)     370 :                            align   2
(1)     370 :                    queue_remove:
(1)     370 : DD 7E 00                   ld      A, (IX+queue_len)
(1)     373 : B7                         or      A               ; clear carry
(1)     374 : C8                         ret     Z               ; queue_len == 0
(1)     375 : D5                         push    DE
(1)     376 : DD 35 00                   dec     (IX+queue_len)
(1)     379 : DD 5E 03                   ld      E, (IX+queue_get)
(1)     37C : 16 00                      ld      D, 0
(1)     37E : DD E5                      push    IX
(1)     380 : DD 19                      add     IX, DE          ; IX+queue_buf=&queue_buf[queue_get]
(1)     382 : DD 56 04                   ld      D, (IX+queue_buf) ; read an element
(1)     385 : DD E1                      pop     IX
(1)     387 : 7B                         ld      A, E
(1)     388 : 3C                         inc     A               ; queue_get++
(1)     389 : DD BE 01                   cp      (IX+queue_size)
(1)     38C : 38 01                      jr      C, queue_remove_update ; queue_get < queue_size
(1)     38E : AF                         xor     A                      ; wrap around
(1)     38F :                    queue_remove_update:
(1)     38F : DD 77 03                   ld      (IX+queue_get), A
(1)     392 : 7A                         ld      A, D            ; an element
(1)     393 : D1                         pop     DE
(1)     394 : 37                         scf                     ; set carry
(1)     395 : C9                         ret
        396 :
        396 :                            align   2
        396 :                    isr_intr_rx:
        396 : 08                         ex      AF, AF'
        397 : ED D9                      exall                   ; the ISR's own BC, DE, HL, IX and IY
        399 : ED DB 41 01                ina     A, (USARTS)
        39D : CB 4F                      bit     ST_RxRDY_bp, A
        39F : 28 0B                      jr      Z, isr_intr_rx_exit
        3A1 : ED DB 40 01                ina     A, (USARTD)     ; receive character
        3A5 : DD 21 00 20                ld      IX, rx_queue
        3A9 : CD 42 03                   call    queue_add
        3AC :                    isr_intr_rx_exit:
        3AC : ED D9                      exall
        3AE : 08                         ex      AF, AF'
        3AF : FB                         ei
        3B0 : ED 4D                      reti
        3B2 :
        3B2 :                            align   2
        3B2 :                    isr_intr_tx:
        3B2 : 08                         ex      AF, AF'
        3B3 : ED D9                      exall                   ; the ISR's own BC, DE, HL, IX and IY
        3B5 : ED DB 41 01                ina     A, (USARTS)
        3B9 : CB 47                      bit     ST_TxRDY_bp, A
        3BB : 28 0D                      jr      Z, isr_intr_tx_exit
        3BD : DD 21 80 20                ld      IX, tx_queue
        3C1 : CD 70 03                   call    queue_remove
        3C4 : 30 0A                      jr      NC,isr_intr_send_empty
        3C6 : ED D3 40 01                outa    (USARTD), A     ; send character
        3CA :                    isr_intr_tx_exit:
        3CA : ED D9                      exall
        3CC : 08                         ex      AF, AF'
        3CD : FB                         ei
        3CE : ED 4D                      reti
        3D0 :                    isr_intr_send_empty:
        3D0 : 3E 36                      ld      A, RX_EN_TX_DIS
        3D2 : ED D3 41 01                outa    (USARTC), A          ; disable Tx
        3D6 : ED D9                      exall
        3D8 : 08                         ex      AF, AF'
        3D9 : FB                         ei
        3DA : ED 4D                      reti
        3DC :
        3DC :                            end
