          0 :                    *** -*- mode: asm; mode: flyspell-prog; -*-
          0 :                            include "tms99105.inc"
(1)       0 :                    *** -*- mode: asm; mode: flyspell-prog; -*-
(1)       0 :                            *** TMS99105
(1)       0 :                            include "tms9900.inc"
(2)       0 :                    *** -*- mode: asm; mode: flyspell-prog; -*-
(2)       0 :                            *** TMS9900
(2)       0 :                            cpu     tms9900
(2)       0 :                            *** Status Register
(2)       0 : =8000              ST_LGT:         equ     ?1000000000000000 ; Logical Greater Than
(2)       0 : =4000              ST_AGT:         equ     ?0100000000000000 ; Arithmetic Greater Than
(2)       0 : =2000              ST_EQ:          equ     ?0010000000000000 ; Equal
(2)       0 : =1000              ST_C:           equ     ?0001000000000000 ; Carry
(2)       0 : =800               ST_OV:          equ     ?0000100000000000 ; Overflow
(2)       0 : =400               ST_OP:          equ     ?0000010000000000 ; Parity
(2)       0 : =200               ST_X:           equ     ?0000001000000000 ; XOP
(2)       0 : =F                 ST_INT_gm:      equ     ?0000000000001111 ; Interrupt mask
(2)       0 :                            *** Vector
(2)       0 : =0                 VEC_RESET:      equ     >0000   ; Reset
(2)       0 : =4                 VEC_INT1:       equ     >0004   ; INT1
(2)       0 : =10                VEC_INT4:       equ     >0010   ; INT4
(2)       0 : =40                VEC_XOP0:       equ     >0040   ; XOP 0
(2)       0 : =44                VEC_XOP1:       equ     >0044   ; XOP 1
(2)       0 : =48                VEC_XOP2:       equ     >0048   ; XOP 2
(2)       0 : =4C                VEC_XOP3:       equ     >004C   ; XOP 3
(2)       0 : =50                VEC_XOP4:       equ     >0050   ; XOP 4
(2)       0 : =54                VEC_XOP5:       equ     >0054   ; XOP 5
(2)       0 : =58                VEC_XOP6:       equ     >0058   ; XOP 6
(2)       0 : =5C                VEC_XOP7:       equ     >005C   ; XOP 7
(2)       0 : =60                VEC_XOP8:       equ     >0060   ; XOP 8
(2)       0 : =64                VEC_XOP9:       equ     >0064   ; XOP 9
(2)       0 : =68                VEC_XOP10       equ     >0068   ; XOP 10
(2)       0 : =6C                VEC_XOP11:      equ     >006C   ; XOP 11
(2)       0 : =70                VEC_XOP12:      equ     >0070   ; XOP 12
(2)       0 : =74                VEC_XOP13:      equ     >0074   ; XOP 13
(2)       0 : =78                VEC_XOP14:      equ     >0078   ; XOP 14
(2)       0 : =7C                VEC_XOP15:      equ     >007C   ; XOP 15
(1)       0 :                            cpu     tms99105
(1)       0 :                            *** Vector
(1)       0 : =8                 VEC_INT2:       equ     >0008   ; INT2
(1)       0 : =C                 VEC_INT3:       equ     >000C   ; INT3
(1)       0 : =14                VEC_INT5:       equ     >0014   ; INT5
(1)       0 : =18                VEC_INT6:       equ     >0018   ; INT6
(1)       0 : =1C                VEC_INT7:       equ     >001C   ; INT7
(1)       0 : =20                VEC_INT8:       equ     >0020   ; INT8
(1)       0 : =24                VEC_INT9:       equ     >0024   ; INT9
(1)       0 : =28                VEC_INT10:      equ     >0028   ; INT10
(1)       0 : =2C                VEC_INT11:      equ     >002C   ; INT11
(1)       0 : =30                VEC_INT12:      equ     >0030   ; INT12
(1)       0 : =34                VEC_INT13:      equ     >0034   ; INT13
(1)       0 : =38                VEC_INT14:      equ     >0038   ; INT14
(1)       0 : =3C                VEC_INT15:      equ     >003C   ; INT15
          0 :
          0 :                            *** MC6850 Asynchronous Communication Interface Adapter
          0 : =80                ACIA:   equ     >0080
          0 :                            include "mc6850.inc"
(1)       0 :                    *** -*- mode: asm; mode: flyspell-prog; -*-
(1)       0 :                            *** MC6850
(1)       0 :                            *** Asynchronous Communication Interface Adapter
(1)       0 : =80                ACIA_control:   equ     ACIA+0
(1)       0 : =80                ACIA_status:    equ     ACIA+0
(1)       0 : =82                ACIA_data:      equ     ACIA+2
(1)       0 : =84                ACIA_intr:      equ     ACIA+4
(1)       0 :                            **  Counter Divider Select Bits
(1)       0 : =3                 CDS_gm:         equ     ?11             Group mask
(1)       0 : =0                 CDS_DIV1_gc:    equ     ?00000000       /1
(1)       0 : =0                 CDS_DIV16_gc:   equ     ?00000001       /16
(1)       0 : =0                 CDS_DIV64_gc:   equ     ?00000010       /64
(1)       0 : =3                 CDS_RESET_gc:   equ     ?00000011       Master Reset
(1)       0 :                            **  Word Select Bits
(1)       0 : =1C                WSB_gm:         equ     ?00011100       Group mask
(1)       0 : =0                 WSB_7E2_gc:     equ     ?00000000       7 Bits + Even Parity + 2 Stop Bits
(1)       0 : =4                 WSB_7O2_gc:     equ     ?00000100       7 bits + Odd Parity  + 2 Stop Bits
(1)       0 : =8                 WSB_7E1_gc:     equ     ?00001000       7 bits + Even Parity + 1 Stop Bits
(1)       0 : =C                 WSB_7O1_gc:     equ     ?00001100       7 bits + Odd Parity  + 1 Stop Bits
(1)       0 : =10                WSB_8N2_gc:     equ     ?00010000       8 bits + No Parity   + 2 Stop Bits
(1)       0 : =14                WSB_8N1_gc:     equ     ?00010100       8 bits + No Parity   + 1 Stop Bits
(1)       0 : =18                WSB_8E1_gc:     equ     ?00011000       8 bits + Even Parity + 1 Stop Bits
(1)       0 : =1C                WSB_8O1_gc:     equ     ?00011100       8 bits + Odd Parity  + 1 Stop Bits
(1)       0 :                            **  Transmit Control Bits
(1)       0 : =60                TCB_gm:         equ     ?01100000       Group mask
(1)       0 : =0                 TCB_DI_gc:      equ     ?00000000       RTS=Low,  Tx Interrupt Disabled
(1)       0 : =20                TCB_EI_gc:      equ     ?00100000       RTS=Low,  Tx Interrupt Enabled
(1)       0 : =40                TCB_RTS_gc:     equ     ?01000000       RTS=High, Tx Interrupt Disabled
(1)       0 : =60                TCB_BREAK_gc:   equ     ?01100000       RTS=Low,  Tx Interrupt Disabled
(1)       0 :                            *                               Transmit Break Level
(1)       0 : =80                RIEB_bm:        equ     ?10000000       Receive Interrupt Enable Bit mask
(1)       0 :                            *** Status register
(1)       0 : =1                 RDRF_bm:        equ     ?00000001       Receive Data Register Full
(1)       0 : =2                 TDRE_bm:        equ     ?00000010       Transmit Data Register Empty
(1)       0 : =4                 DCDF_bm:        equ     ?00000100       Data Carrier Detect Flag
(1)       0 : =8                 CTSF_bm:        equ     ?00001000       Clear To Send Flag
(1)       0 : =10                FERR_bm:        equ     ?00010000       Frame Error Flag
(1)       0 : =20                OVRN_bm:        equ     ?00100000       Receiver Overrun Flag
(1)       0 : =40                PERR_bm:        equ     ?01000000       Parity Error Flag
(1)       0 : =80                IRQF_bm:        equ     ?10000000       Interrupt Request Flag
          0 :
          0 :                            org     VEC_RESET
          0 : 0100                       data    workspace
          2 : 0200                       data    initialize
          4 :
         3C :                            org     VEC_INT15
         3C : 0120                       data    workspace_int15
         3E : 0506                       data    int15_isr
         40 :
         7C :                            org     VEC_XOP15
         7C : 007C                       data    VEC_XOP15       for halt to system
         7E : 007C                       data    VEC_XOP15
         80 :
         80 :                    hibyte: function v,(v)*256      Hi byte constant
         80 :
        100 :                            org     >0100
        100 :                    workspace:
        100 :                            bss     2*16            R0-R15
        120 :                    workspace_int15:
        120 :                            bss     2*16            R0-R15
        140 :
       2000 :                            org     >2000
       2000 : =2000              stack:          equ     $
       2000 : =80                rx_queue_size:  equ     128
       2000 :                    rx_queue:       bss     rx_queue_size
       2080 : =80                tx_queue_size:  equ     128
       2080 :                    tx_queue:       bss     tx_queue_size
       2100 :
        200 :                            org     >0200
        200 :                    initialize:
        200 : 020A 2000                  li      R10, stack
        204 : 0209 2000                  li      R9, rx_queue
        208 : 0200 0080                  li      R0, rx_queue_size
        20C : 06A0 0494                  bl      @queue_init
        210 : 0209 2080                  li      R9, tx_queue
        214 : 0200 0080                  li      R0, tx_queue_size
        218 : 06A0 0494                  bl      @queue_init
        21C :                            * Initialize ACIA
        21C : 0200 0300                  li      R0, hibyte(CDS_RESET_gc)
        220 : D800 0080                  movb    R0, @ACIA_control       Master reset
        224 : 0200 9400                  li      R0, hibyte(WSB_8N1_gc++RIEB_bm)
        228 : D800 0080                  movb    R0, @ACIA_control       8 bits + No Parity + 1 Stop Bits
        22C : 0200 3C00                  li      R0, hibyte(VEC_INT15)
        230 : D800 0084                  movb    R0, @ACIA_intr          set INT15 name for MC6805 emulator
        234 :
        234 :                    loop:
        234 : 06A0 02CA                  bl      @mandelbrot
        238 : 06A0 025A                  bl      @newline
        23C : 10FB                       jmp     loop
        23E :
        23E :                            *** Get character
        23E :                            *** @return R0
        23E :                            *** @return ST.C 0 if no character
        23E :                    getchar:
        23E : 064A                       dect    R10
        240 : C68B                       mov     R11, *R10       Push return address
        242 : 064A                       dect    R10
        244 : C681                       mov     R1, *R10        Push R1
        246 : 0300 0000                  limi    0               Disable interrupt
        24A : 0209 2000                  li      R9, rx_queue
        24E : 06A0 04DA                  bl      @queue_remove
        252 : 0300 000F                  limi    15              Enable interrupt
        256 : C07A                       mov     *R10+, R1       Pop R1
        258 : 017A                       bind    *R10+           Pop return address
        25A :
        25A :                    newline:
        25A : 064A                       dect    R10
        25C : C68B                       mov     R11, *R10       Push return address
        25E : 0200 0D00                  li      R0, hibyte(>0D)
        262 : 06A0 0274                  bl      @putchar
        266 : 0200 0A00                  li      R0, hibyte(>0A)
        26A : 06A0 0274                  bl      @putchar
        26E : 017A                       bind    *R10+           Pop return address
        270 :
        270 :                    putspace:
        270 : 0200 2000                  li      R0, hibyte(' ')
        274 :                    putchar:
        274 : 064A                       dect    R10
        276 : C68B                       mov     R11, *R10       Push return address
        278 : 064A                       dect    R10
        27A : C681                       mov     R1, *R10        Push R1
        27C : 0300 0000                  limi    0               Disable interrupt
        280 : 0209 2080                  li      R9, tx_queue
        284 : 06A0 04AA                  bl      @queue_add
        288 : 0300 000F                  limi    15              Enable interrupt
        28C : 0201 2000                  li      R1, hibyte(TCB_EI_gc)
        290 : F801 0080                  socb    R1, @ACIA_control       Enable Tx interrupt
        294 : C07A                       mov     *R10+, R1       Pop R1
        296 : 017A                       bind    *R10+           Pop return address
        298 :
        298 :                            include "mandelbrot.inc"
(1)     298 :                    *** -*- mode: asm; mode: flyspell-prog* -*-
(1)     298 :
(1)     298 :                            *** Print variable: "name=variable "
(1)     298 :                            *** @param R1 variable
(1)     298 :                            *** @param R0 variable name
(1)     298 :                            *** @clobber R0 R1
(1)     298 :                    print:
(1)     298 : 064A                       dect    R10
(1)     29A : C68B                       mov     R11, *R10       Push return address
(1)     29C : 06A0 0274                  bl      @putchar        Print name
(1)     2A0 : 0200 3D00                  li      R0, hibyte('=')
(1)     2A4 : 06A0 0274                  bl      @putchar
(1)     2A8 : C001                       mov     R1, R0
(1)     2AA : 06A0 0424                  bl      @print_int16
(1)     2AE : 06A0 0270                  bl      @putspace
(1)     2B2 : 017A                       bind    *R10+           Pop return address
(1)     2B4 :
(1)     2B4 : =32                F:      equ     50
(1)     2B4 :                    vC:     bss     2
(1)     2B6 :                    vD:     bss     2
(1)     2B8 :                    vA:     bss     2
(1)     2BA :                    vB:     bss     2
(1)     2BC :                    vS:     bss     2
(1)     2BE :                    vP:     bss     2
(1)     2C0 :                    vQ:     bss     2
(1)     2C2 :                    vT:     bss     2
(1)     2C4 :                    vY:     bss     2
(1)     2C6 :                    vX:     bss     2
(1)     2C8 :                    vI:     bss     2
(1)     2CA :
(1)     2CA :                    mandelbrot:
(1)     2CA : 064A                       dect    R10
(1)     2CC : C68B                       mov     R11, *R10       Push return address
(1)     2CE : 0200 FFF4                  li      R0, -12
(1)     2D2 : C800 02C4                  mov     R0, @vY         Y=-12
(1)     2D6 :                    loop_y:
(1)     2D6 : 0200 FFCF                  li      R0, -49
(1)     2DA : C800 02C6                  mov     R0, @vX         X=-49
(1)     2DE :                    loop_x:
(1)     2DE : C060 02C6                  mov     @vX, R1
(1)     2E2 : 0200 00E5                  li      R0, 229
(1)     2E6 : 01C1                       mpys    R1              R1=X*229
(1)     2E8 : 0202 0064                  li      R2, 100
(1)     2EC : 06A0 0480                  bl      @div16          R1=X*229/100
(1)     2F0 : C801 02B4                  mov     R1, @vC         C=X*229/100
(1)     2F4 : C801 02B8                  mov     R1, @vA         A=C
(1)     2F8 : C060 02C4                  mov     @vY, R1
(1)     2FC : 0200 01A0                  li      R0, 416
(1)     300 : 01C1                       mpys    R1              R1=Y*416
(1)     302 : 0202 0064                  li      R2, 100
(1)     306 : 06A0 0480                  bl      @div16          R1=Y*416/100
(1)     30A : C801 02B6                  mov     R1, @vD         D=Y*416/100
(1)     30E : C801 02BA                  mov     R1, @vB         B=D
(1)     312 : 04E0 02C8                  clr     @vI             I=0
(1)     316 :
(1)     316 :                            * mov     @vY, R1
(1)     316 :                            * li      R0, hibyte('Y')
(1)     316 :                            * bl      @print
(1)     316 :                            * mov     @vX, R1
(1)     316 :                            * li      R0, hibyte('X')
(1)     316 :                            * bl      @print
(1)     316 :                            * mov     @vC, R1
(1)     316 :                            * li      R0, hibyte('C')
(1)     316 :                            * bl      @print
(1)     316 :                            * mov     @vD, R1
(1)     316 :                            * li      R0, hibyte('D')
(1)     316 :                            * bl      @print
(1)     316 :                            * bl      @newline
(1)     316 :
(1)     316 :                    loop_i:
(1)     316 : C060 02BA                  mov     @vB, R1
(1)     31A : 0202 0032                  li      R2, F
(1)     31E : 06A0 0480                  bl      @div16          R1=B/F
(1)     322 : C801 02C0                  mov     R1, @vQ         Q=B/F
(1)     326 : 0200 FFCE                  li      R0, -F
(1)     32A : 01C1                       mpys    R1              R1=-Q*F
(1)     32C : A060 02BA                  a       @vB, R1         R1=B-Q*F
(1)     330 : C801 02BC                  mov     R1, @vS         S=B-Q*F
(1)     334 : C060 02BA                  mov     @vB, R1
(1)     338 : C001                       mov     R1, R0
(1)     33A : 01C1                       mpys    R1              R1=B*B
(1)     33C : C0C1                       mov     R1, R3          R3=B*B
(1)     33E : C060 02B8                  mov     @vA, R1
(1)     342 : C001                       mov     R1, R0
(1)     344 : 01C1                       mpys    R1              R1=A*A
(1)     346 : 6043                       s       R3, R1          R1=A*A-B*B
(1)     348 : 0202 0032                  li      R2, F
(1)     34C : 06A0 0480                  bl      @div16          R1=(A*A-B*B)/F
(1)     350 : A060 02B4                  a       @vC, R1         R1=(A*A-B*B)/F+C
(1)     354 : C0C1                       mov     R1, R3          R3=(A*A-B*B)/F+C
(1)     356 : C060 02B8                  mov     @vA, R1
(1)     35A : C020 02C0                  mov     @vQ, R0
(1)     35E : 01C1                       mpys    R1              R1=A*Q
(1)     360 : C101                       mov     R1, R4          R4=A*Q
(1)     362 : C060 02B8                  mov     @vA, R1
(1)     366 : C020 02BC                  mov     @vS, R0
(1)     36A : 01C1                       mpys    R1              R1=A*S
(1)     36C : 0202 0032                  li      R2, F
(1)     370 : 06A0 0480                  bl      @div16          R1=A*S/F
(1)     374 : A044                       a       R4, R1          R1=A*Q+A*S/F
(1)     376 : A041                       a       R1, R1          R1=2*(A*Q+A*S/F)
(1)     378 : A060 02B6                  a       @vD, R1         R1=2*(A*Q+A*S/F)+D
(1)     37C : C801 02BA                  mov     R1, @vB         B=2*(A*Q+A*S/F)+D
(1)     380 : C043                       mov     R3, R1          R1=(A*A-B*B)/F+C
(1)     382 : C801 02B8                  mov     R1, @vA         A=(A*A-B*B)/F+C
(1)     386 : 0202 0032                  li      R2, F
(1)     38A : 06A0 0480                  bl      @div16          R1=A/F
(1)     38E : C801 02BE                  mov     R1, @vP         P=A/F
(1)     392 : C001                       mov     R1, R0
(1)     394 : 01C1                       mpys    R1              R1=P*P
(1)     396 : C0C1                       mov     R1, R3          R3=P*P
(1)     398 : C060 02BA                  mov     @vB, R1
(1)     39C : 0202 0032                  li      R2, F
(1)     3A0 : 06A0 0480                  bl      @div16          R1=B/F
(1)     3A4 : C801 02C0                  mov     R1, @vQ         Q=B/F
(1)     3A8 : C001                       mov     R1, R0
(1)     3AA : 01C1                       mpys                    R1=Q*Q
(1)     3AC : A043                       a       R3, R1          R1=P*P+Q*Q
(1)     3AE : C801 02C2                  mov     R1, @vT         T=P*P+Q*Q
(1)     3B2 :
(1)     3B2 :                            * bl      @putspace
(1)     3B2 :                            * mov     @vI, R1
(1)     3B2 :                            * li      R0, hibyte('I')
(1)     3B2 :                            * bl      @print
(1)     3B2 :                            * mov     @vA, R1
(1)     3B2 :                            * li      R0, hibyte('A')
(1)     3B2 :                            * bl      @print
(1)     3B2 :                            * mov     @vB, R1
(1)     3B2 :                            * li      R0, hibyte('B')
(1)     3B2 :                            * bl      @print
(1)     3B2 :                            * mov     @vP, R1
(1)     3B2 :                            * li      R0, hibyte('P')
(1)     3B2 :                            * bl      @print
(1)     3B2 :                            * mov     @vQ, R1
(1)     3B2 :                            * li      R0, hibyte('Q')
(1)     3B2 :                            * bl      @print
(1)     3B2 :                            * mov     @vT, R1
(1)     3B2 :                            * li      R0, hibyte('T')
(1)     3B2 :                            * bl      @print
(1)     3B2 :                            * bl      @newline
(1)     3B2 :
(1)     3B2 : C020 02C2                  mov     @vT, R0
(1)     3B6 : 0280 0004                  ci      R0, 4
(1)     3BA : 150C                       jgt     print_i         if 4<P*P+Q*Q
(1)     3BC : 05A0 02C8                  inc     @vI             I+=1
(1)     3C0 : C020 02C8                  mov     @vI, R0
(1)     3C4 : 0280 0010                  ci      R0, 16
(1)     3C8 : 1402                       jhe     print_space
(1)     3CA : 0460 0316                  b       @loop_i         if I<16
(1)     3CE :                    print_space:
(1)     3CE : 0200 0020                  li      R0, ' '
(1)     3D2 : 100A                       jmp     print_char
(1)     3D4 :                    print_i:
(1)     3D4 : C020 02C8                  mov     @vI, R0
(1)     3D8 : 0280 000A                  ci      R0, 10
(1)     3DC : 1403                       jhe     print_i2       if I>=10
(1)     3DE : 0220 0030                  ai      R0, '0'
(1)     3E2 : 1002                       jmp     print_char
(1)     3E4 :                    print_i2:
(1)     3E4 : 0220 0037                  ai      R0, 'A'-10
(1)     3E8 :                    print_char:
(1)     3E8 : 06C0                       swpb    R0
(1)     3EA : 06A0 0274                  bl      @putchar
(1)     3EE :
(1)     3EE :                            * mov     R0, R2
(1)     3EE :                            * li      R0, hibyte('@')
(1)     3EE :                            * bl      @putchar
(1)     3EE :                            * li      R0, hibyte('=')
(1)     3EE :                            * bl      @putchar
(1)     3EE :                            * mov     R2, R0
(1)     3EE :                            * bl      @putchar
(1)     3EE :                            * bl      @newline
(1)     3EE :
(1)     3EE : 06A0 023E                  bl      @getchar
(1)     3F2 : 1703                       jnc     next_x
(1)     3F4 : E000                       soc     R0, R0
(1)     3F6 : 1601                       jne     next_x
(1)     3F8 : 2FCF                       xop     R15,15          halt to system
(1)     3FA :                    next_x:
(1)     3FA : 05A0 02C6                  inc     @vX             X+=1
(1)     3FE : C020 02C6                  mov     @vX, R0
(1)     402 : 0280 001E                  ci      R0, 30
(1)     406 : 1302                       jeq     next_y
(1)     408 : 0460 02DE                  b       @loop_x         if X<30
(1)     40C :                    next_y:
(1)     40C : 06A0 025A                  bl      @newline
(1)     410 : 05A0 02C4                  inc     @vY             Y+=1
(1)     414 : C020 02C4                  mov     @vY, R0
(1)     418 : 0280 000D                  ci      R0, 13
(1)     41C : 1302                       jeq     mandelbrot_end
(1)     41E : 0460 02D6                  b       @loop_y         if Y<13
(1)     422 :                    mandelbrot_end:
(1)     422 : 017A                       bind    *R10+           Pop return address
        424 :                            include "arith.inc"
(1)     424 :                    *** -*- mode: asm; mode: flyspell-prog* -*-
(1)     424 :                            *** Print signed 16-bit integer as decimal
(1)     424 :                            *** @param R0 value
(1)     424 :                    print_int16:
(1)     424 : 064A                       dect    R10
(1)     426 : C68B                       mov     R11, *R10       Push return address
(1)     428 : 064A                       dect    R10
(1)     42A : C680                       mov     R0, *R10        Push R0
(1)     42C : 1313                       jeq     print_int16_zero
(1)     42E : 1506                       jgt     print_uint16
(1)     430 : 0200 2D00                  li      R0, hibyte('-')
(1)     434 : 06A0 0274                  bl      @putchar
(1)     438 : C01A                       mov     *R10, R0        Restore R0
(1)     43A : 0500                       neg     R0
(1)     43C :                    print_uint16:
(1)     43C : 064A                       dect    R10
(1)     43E : C681                       mov     R1, *R10        Push R1
(1)     440 : 064A                       dect    R10
(1)     442 : C682                       mov     R2, *R10        Push R2
(1)     444 : 0202 000A                  li      R2, 10
(1)     448 : 06A0 045E                  bl      @print_uint16_loop
(1)     44C : C0BA                       mov     *R10+, R2       Pop R2
(1)     44E : C07A                       mov     *R10+, R1       Pop R1
(1)     450 :                    print_int16_return:
(1)     450 : C03A                       mov     *R10+, R0       Pop R0
(1)     452 : 017A                       bind    *R10+           Pop return address
(1)     454 :                    print_int16_zero:
(1)     454 : 0200 3000                  li      R0, hibyte('0')
(1)     458 : 06A0 0274                  bl      @putchar
(1)     45C : 10F9                       jmp     print_int16_return
(1)     45E :
(1)     45E :                    print_uint16_loop:
(1)     45E : 064A                       dect    R10
(1)     460 : C68B                       mov     R11, *R10       Push return address
(1)     462 : C040                       mov     R0, R1
(1)     464 : 130C                       jeq     print_uint16_return
(1)     466 : 04C0                       clr     R0
(1)     468 : 3C02                       div     R2, R0          R0:R1/R2 ; R0=quotient R1=reminder
(1)     46A : 064A                       dect    R10
(1)     46C : C681                       mov     R1, *R10        Push reminder
(1)     46E : 06A0 045E                  bl      @print_uint16_loop
(1)     472 : C03A                       mov     *R10+, R0       Pop reminder
(1)     474 : 06C0                       swpb    R0
(1)     476 : 0220 3000                  ai      R0, hibyte('0')
(1)     47A : 06A0 0274                  bl      @putchar
(1)     47E :                    print_uint16_return:
(1)     47E : 017A                       bind    *R10+           Pop return address
(1)     480 :
(1)     480 :                            *** Divide
(1)     480 :                            *** R1 / R2 = R1 ... R0
(1)     480 :                            *** @clobber R2
(1)     480 :                    div16:
(1)     480 : 0700                       seto    R0
(1)     482 : 0281 0000                  ci      R1, 0
(1)     486 : 1101                       jlt     div16_calc
(1)     488 : 04C0                       clr     R0
(1)     48A :                    div16_calc:
(1)     48A : 0182                       divs    R2              R0:R1/R2=R0...R1
(1)     48C : C081                       mov     R1, R2
(1)     48E : C040                       mov     R0, R1
(1)     490 : C002                       mov     R2, R0
(1)     492 : 045B                       rt
        494 :                            include "queue.inc"
(1)     494 :                    *** -*- mode: asm; mode: flying-spell; -*-
(1)     494 :                    *** [queue] queue structure
(1)     494 : =0                 queue_len:      equ     0       ; queue length
(1)     494 : =2                 queue_size:     equ     2       ; buffer size
(1)     494 : =4                 queue_put:      equ     4       ; queue put index
(1)     494 : =6                 queue_get:      equ     6       ; queue get index
(1)     494 : =8                 queue_buf:      equ     8       ; buffer start offset
(1)     494 :
(1)     494 :                    *** [queue] Initialize queue
(1)     494 :                    *** @param R9 queue work space pointer
(1)     494 :                    *** @param R0 queue work space size
(1)     494 :                    *** @clobber R0 R1 R9
(1)     494 :                    queue_init:
(1)     494 : 04F9                       clr     *R9+            clear queue_len
(1)     496 : 0220 FFF8                  ai      R0, -queue_buf
(1)     49A : CE40                       mov     R0, *R9+        set queue_size
(1)     49C : 04F9                       clr     *R9+            clear queue_put
(1)     49E : 04F9                       clr     *R9+            clear queue_get
(1)     4A0 : 04C1                       clr     R1
(1)     4A2 :                    queue_init_loop:
(1)     4A2 : DE41                       movb    R1, *R9+
(1)     4A4 : 0600                       dec     R0
(1)     4A6 : 16FD                       jne     queue_init_loop
(1)     4A8 : 045B                       rt
(1)     4AA :
(1)     4AA :                    *** [queue] Add an element to queue
(1)     4AA :                    *** @param R9 queue work space pointer
(1)     4AA :                    *** @param R0 an element
(1)     4AA :                    *** @return CC.C 0 if queue is full
(1)     4AA :                    *** @clobber R1
(1)     4AA :                    queue_add:
(1)     4AA : 8A59 0002                  c       *R9, @queue_size(R9)    check queue_len
(1)     4AE : 1A02                       jl      queue_add_element
(1)     4B0 : 04C1                       clr     R1                      to clear ST.C
(1)     4B2 : 1011                       jmp     queue_add_exit
(1)     4B4 :                    queue_add_element:
(1)     4B4 : C049                       mov     R9, R1
(1)     4B6 : 0221 0008                  ai      R1, queue_buf
(1)     4BA : A069 0004                  a       @queue_put(R9), R1
(1)     4BE : D440                       movb    R0, *R1
(1)     4C0 : 0599                       inc     *R9                     update queue_len
(1)     4C2 : C069 0004                  mov     @queue_put(R9), R1
(1)     4C6 : 0581                       inc     R1
(1)     4C8 : 8A41 0002                  c       R1, @queue_size(R9)
(1)     4CC : 1101                       jlt     queue_add_return
(1)     4CE : 04C1                       clr     R1
(1)     4D0 :                    queue_add_return:
(1)     4D0 : CA41 0004                  mov     R1, @queue_put(R9)
(1)     4D4 : 0701                       seto    R1                      to set ST.C
(1)     4D6 :                    queue_add_exit:
(1)     4D6 : 0911                       srl     R1, 1                   set/clear ST.C
(1)     4D8 : 045B                       rt
(1)     4DA :
(1)     4DA :                    *** [queue] Remove an element from queue
(1)     4DA :                    *** @param R9 queue work space pointer
(1)     4DA :                    *** @return R0 an element
(1)     4DA :                    *** @return CC.C 0 if queue is empty
(1)     4DA :                    *** @clobber R1
(1)     4DA :                    queue_remove:
(1)     4DA : C059                       mov     *R9, R1                 check queue_len
(1)     4DC : 1312                       jeq     queue_remove_exit       to clear ST.C
(1)     4DE : C049                       mov     R9, R1
(1)     4E0 : 0221 0008                  ai      R1, queue_buf
(1)     4E4 : A069 0006                  a       @queue_get(R9), R1
(1)     4E8 : 04C0                       clr     R0                      clear low byte
(1)     4EA : D011                       movb    *R1, R0
(1)     4EC : 0619                       dec     *R9                     update queue_len
(1)     4EE : C069 0006                  mov     @queue_get(R9), R1
(1)     4F2 : 0581                       inc     R1
(1)     4F4 : 8A41 0002                  c       R1, @queue_size(R9)
(1)     4F8 : 1101                       jlt     queue_remove_return
(1)     4FA : 04C1                       clr     R1
(1)     4FC :                    queue_remove_return:
(1)     4FC : CA41 0006                  mov     R1, @queue_get(R9)
(1)     500 : 0701                       seto    R1                      to set ST.C
(1)     502 :                    queue_remove_exit:
(1)     502 : 0911                       srl     R1, 1                   set/clear ST.C
(1)     504 : 045B                       rt
        506 :
        506 :                    int15_isr:
        506 : D020 0080                  movb    @ACIA_status, R0
        50A : 0240 0100                  andi    R0, hibyte(RDRF_bm)
        50E : 1306                       jeq     int15_isr_send  lo(R0) is cleared
        510 : D020 0082                  movb    @ACIA_data, R0
        514 : 0209 2000                  li      R9, rx_queue
        518 : 06A0 04AA                  bl      @queue_add
        51C :                    int15_isr_send:
        51C : D020 0080                  movb    @ACIA_status, R0
        520 : 0240 0200                  andi    R0, hibyte(TDRE_bm)
        524 : 1307                       jeq     int15_isr_exit
        526 : 0209 2080                  li      R9, tx_queue
        52A : 06A0 04DA                  bl      @queue_remove
        52E : 1703                       jnc     int15_isr_send_empty
        530 : D800 0082                  movb    R0, @ACIA_data
        534 :                    int15_isr_exit:
        534 : 0380                       rtwp
        536 :                    int15_isr_send_empty:
        536 :                            * Disable Tx interrupt
        536 : 0201 2000                  li      R1, hibyte(TCB_EI_gc)
        53A : 5801 0080                  szcb    R1, @ACIA_control       Disable Tx interrupt
        53E : 0380                       rtwp
