          0 :                            include "mc68hc12.inc"
(1)       0 :                    ;;; -*- mode: asm; mode: flyspell-prog; -*-
(1)       0 :                    ;;; MC68HC12 (MC68HC912BD32)
(1)       0 :                            cpu     68hc12
(1)       0 :                    ;;; Condition Code Register (CC)
(1)       0 : =1                 CC_CARRY      equ  %00000001   ; set to 1 if carry occurred
(1)       0 : =2                 CC_OVERFLOW   equ  %00000010   ; set to 1 if overflow occurred
(1)       0 : =4                 CC_ZERO       equ  %00000100   ; set to 1 if result is zero
(1)       0 : =8                 CC_NEGATIVE   equ  %00001000   ; set to 1 if result is negative
(1)       0 : =10                CC_IRQ        equ  %00010000   ; if 1, IRQ is masked
(1)       0 : =20                CC_HALF_CARRY equ  %00100000   ; if 1, decimal carry from least digit occurred
(1)       0 : =40                CC_XIRQ       equ  %01000000   ; if 1, XIRQ is masked
(1)       0 : =80                CC_STOP       equ  %10000000   ; if 1, STOP instruction is disabled
(1)       0 :
(1)       0 :                    ;;; Vector
(1)       0 : =FFD6              VEC_SCI0:       equ     $FFD6  ; $FFD6: SCI0
(1)       0 : =FFF2              VEC_IRQ:        equ     $FFF2  ; $FFF2: #IRQ
(1)       0 : =FFF4              VEC_XIRQ:       equ     $FFF4  ; $FFF4: #XIRQ
(1)       0 : =FFF6              VEC_SWI:        equ     $FFF6  ; $FFF6: Software Interrupt
(1)       0 : =FFF8              VEC_TRAP:       equ     $FFF8  ; $FFF8: Unimplemented Opcode Trap
(1)       0 : =FFFA              VEC_COP:        equ     $FFFA  ; $FFFA: COP (Watchdog) Failure
(1)       0 : =FFFC              VEC_CMF:        equ     $FFFC  ; $FFFC: Clock Monitor Fail
(1)       0 : =FFFE              VEC_RESET:      equ     $FFFE  ; $FFFE: Reset
(1)       0 :
(1)       0 :                    ;;; Internal memory, as reset leaves it in special expanded wide mode
(1)       0 : =0                 REG_BASE:       equ     $0000  ; $0000-$01FF: registers
(1)       0 : =800               RAM_BASE:       equ     $0800  ; $0800-$0BFF: RAM
(1)       0 : =D00               EEPROM_BASE:    equ     $0D00  ; $0D00-$0FFF: EEPROM
(1)       0 :
(1)       0 :                    ;;; SCI0
(1)       0 : =C0                SC0BDH:         equ     $C0    ; Baud Rate Control High: SBR12-SBR8
(1)       0 : =C1                SC0BDL:         equ     $C1    ; Baud Rate Control Low: SBR7-SBR0
(1)       0 : =C2                SC0CR1:         equ     $C2    ; Control Register 1
(1)       0 : =C3                SC0CR2:         equ     $C3    ; Control Register 2
(1)       0 : =C4                SC0SR1:         equ     $C4    ; Status Register 1
(1)       0 : =C5                SC0SR2:         equ     $C5    ; Status Register 2
(1)       0 : =C6                SC0DRH:         equ     $C6    ; Data Register High: R8/T8
(1)       0 : =C7                SC0DRL:         equ     $C7    ; Data Register Low
(1)       0 :                    ;;; SC0CR2
(1)       0 : =80                SC0CR2_TIE_bm:  equ     %10000000 ; Transmit Interrupt Enable
(1)       0 : =40                SC0CR2_TCIE_bm: equ     %01000000 ; Transmit Complete Interrupt Enable
(1)       0 : =20                SC0CR2_RIE_bm:  equ     %00100000 ; Receiver Interrupt Enable
(1)       0 : =10                SC0CR2_ILIE_bm: equ     %00010000 ; Idle Line Interrupt Enable
(1)       0 : =8                 SC0CR2_TE_bm:   equ     %00001000 ; Transmitter Enable
(1)       0 : =4                 SC0CR2_RE_bm:   equ     %00000100 ; Receiver Enable
(1)       0 :                    ;;; SC0SR1
(1)       0 : =80                SC0SR1_TDRE_bm: equ     %10000000 ; Transmit Data Register Empty
(1)       0 : =40                SC0SR1_TC_bm:   equ     %01000000 ; Transmit Complete
(1)       0 : =20                SC0SR1_RDRF_bm: equ     %00100000 ; Receive Data Register Full
(1)       0 : =10                SC0SR1_IDLE_bm: equ     %00010000 ; Idle Line Detected
(1)       0 : =8                 SC0SR1_OR_bm:   equ     %00001000 ; Overrun Error
(1)       0 : =4                 SC0SR1_NF_bm:   equ     %00000100 ; Noise Error
(1)       0 : =2                 SC0SR1_FE_bm:   equ     %00000010 ; Framing Error
(1)       0 : =1                 SC0SR1_PF_bm:   equ     %00000001 ; Parity Error
          0 :
          0 :                    ;;; MC6850 Asynchronous Communication Interface Adapter
          0 : =DF00              ACIA:   equ     $DF00
          0 :                            include "../mc6800/mc6850.inc"
(1)       0 :                    ;;; -*- mode: asm; mode: flyspell-prog; -*-
(1)       0 :
(1)       0 :                    ;;; MC6850
(1)       0 :                    ;;; Asynchronous Communication Interface Adapter
(1)       0 :
(1)       0 :                    ;;; Control register
(1)       0 : =DF00              ACIA_control:   equ     ACIA+0
(1)       0 :                            ;; Counter Divider Select Bits
(1)       0 : =3                 CDS_gm:         equ     %11    ; Group mask
(1)       0 : =0                 CDS_DIV1_gc:    equ     %00000000 ; /1
(1)       0 : =1                 CDS_DIV16_gc:   equ     %00000001 ; /16
(1)       0 : =2                 CDS_DIV64_gc:   equ     %00000010 ; /64
(1)       0 : =3                 CDS_RESET_gc:   equ     %00000011 ; Master Reset
(1)       0 :                            ;; Word Select Bits
(1)       0 : =1C                WSB_gm:         equ     %00011100 ; Group mask
(1)       0 : =0                 WSB_7E2_gc:     equ     %00000000 ; 7 Bits + Even Parity + 2 Stop Bits
(1)       0 : =4                 WSB_7O2_gc:     equ     %00000100 ; 7 bits + Odd Parity  + 2 Stop Bits
(1)       0 : =8                 WSB_7E1_gc:     equ     %00001000 ; 7 bits + Even Parity + 1 Stop Bits
(1)       0 : =C                 WSB_7O1_gc:     equ     %00001100 ; 7 bits + Odd Parity  + 1 Stop Bits
(1)       0 : =10                WSB_8N2_gc:     equ     %00010000 ; 8 bits + No Parity   + 2 Stop Bits
(1)       0 : =14                WSB_8N1_gc:     equ     %00010100 ; 8 bits + No Parity   + 1 Stop Bits
(1)       0 : =18                WSB_8E1_gc:     equ     %00011000 ; 8 bits + Even Parity + 1 Stop Bits
(1)       0 : =1C                WSB_8O1_gc:     equ     %00011100 ; 8 bits + Odd Parity  + 1 Stop Bits
(1)       0 :                            ;; Transmit Control Bits
(1)       0 : =60                TCB_gm:         equ     %01100000 ; Group mask
(1)       0 : =0                 TCB_DI_gc:      equ     %00000000 ; RTS=Low,  Tx Interrupt Disabled
(1)       0 : =20                TCB_EI_gc:      equ     %00100000 ; RTS=Low,  Tx Interrupt Enabled
(1)       0 : =40                TCB_RTS_gc:     equ     %01000000 ; RTS=High, Tx Interrupt Disabled
(1)       0 : =60                TCB_BREAK_gc:   equ     %01100000 ; RTS=Low,  Tx Interrupt Disabled
(1)       0 :                                                      ; Transmit Break Level
(1)       0 : =80                RIEB_bm:        equ     %10000000 ; Receive Interrupt Enable Bit mask
(1)       0 :
(1)       0 :                    ;;; Status register
(1)       0 : =DF00              ACIA_status:    equ     ACIA+0
(1)       0 : =1                 RDRF_bm:        equ     %00000001 ; Receive Data Register Full
(1)       0 : =2                 TDRE_bm:        equ     %00000010 ; Transmit Data Register Empty
(1)       0 : =4                 DCDF_bm:        equ     %00000100 ; Data Carrier Detect Flag
(1)       0 : =8                 CTSF_bm:        equ     %00001000 ; Clear To Send Flag
(1)       0 : =10                FERR_bm:        equ     %00010000 ; Frame Error Flag
(1)       0 : =20                OVRN_bm:        equ     %00100000 ; Receiver Overrun Flag
(1)       0 : =40                PERR_bm:        equ     %01000000 ; Parity Error Flag
(1)       0 : =80                IRQF_bm:        equ     %10000000 ; Interrupt Request Flag
(1)       0 :
(1)       0 :                    ;;; Data register
(1)       0 : =DF01              ACIA_data:      equ     ACIA+1          ; Data register
          0 :
       1000 :                            org     $1000
       1000 :                    R0:
       1000 :                    R0H:    rmb     1
       1001 :                    R0L:    rmb     1
       1002 :                    R1:
       1002 :                    R1H:    rmb     1
       1003 :                    R1L:    rmb     1
       1004 :                    R2:
       1004 :                    R2H:    rmb     1
       1005 :                    R2L:    rmb     1
       1006 :                    sign:   rmb     1
       1007 :
       1007 : =2000              stack:  equ     $2000           ; SP points at the last byte pushed
       1007 :
       FFF6 :                            org     VEC_SWI
       FFF6 : FF F6                      fdb     VEC_SWI         ; for halt to system
       FFF8 :
       FFFE :                            org     VEC_RESET
       FFFE : 20 00                      fdb     initialize
      10000 :
       2000 :                            org     $2000
       2000 :                    initialize:
       2000 : CF 20 00                   lds     #stack
       2003 : 86 03                      ldaa    #CDS_RESET_gc   ; Master reset
       2005 : 7A DF 00                   staa    ACIA_control
       2008 : 86 14                      ldaa    #WSB_8N1_gc     ; 8 bits + No Parity + 1 Stop Bits
       200A :                                                    ; Transmit, Receive interrupts disabled
       200A : 7A DF 00                   staa    ACIA_control
       200D :
       200D : 16 20 7C                   jsr     arith
       2010 : 3F                         swi
       2011 :
       2011 :                    ;;; Print out char
       2011 :                    ;;; @param A char
       2011 :                    ;;; @clobber A
       2011 :                    putspace:
       2011 : 86 20                      ldaa    #' '
       2013 : 20 06                      bra     putchar
       2015 :                    newline:
       2015 : 86 0D                      ldaa    #$0D
       2017 : 07 02                      bsr     putchar
       2019 : 86 0A                      ldaa    #$0A
       201B :                    putchar:
       201B : 37                         pshb
       201C : F6 DF 00                   ldab    ACIA_status
       201F : C5 02                      bitb    #TDRE_bm
       2021 : 33                         pulb
       2022 : 27 F7                      beq     putchar
       2024 : 7A DF 01                   staa    ACIA_data
       2027 : 3D                         rts
       2028 :
       2028 :                    ;;; Print "v1 op v2"
       2028 :                    ;;; @param X v1
       2028 :                    ;;; @param Y v2
       2028 :                    ;;; @param A op
       2028 :                    ;;; @return D v1
       2028 :                    ;;; @return X v2
       2028 :                    ;;; @clobber R1 R2
       2028 :                    expr:
       2028 : 36                         psha
       2029 : 7E 10 02                   stx     R1
       202C : 7D 10 04                   sty     R2
       202F : FC 10 02                   ldd     R1
       2032 : 16 22 03                   jsr     print_int16     ; print v1
       2035 : 07 DA                      bsr     putspace
       2037 : 32                         pula
       2038 : 07 E1                      bsr     putchar         ; print op
       203A : 07 D5                      bsr     putspace
       203C : FC 10 04                   ldd     R2
       203F : 16 22 03                   jsr     print_int16     ; print v2
       2042 : FC 10 02                   ldd     R1
       2045 : FE 10 04                   ldx     R2
       2048 : 3D                         rts
       2049 :
       2049 :                    ;;; Print " = v\n"
       2049 :                    ;;; @param D v
       2049 :                    answer:
       2049 : 36                         psha
       204A : 07 C5                      bsr     putspace
       204C : 86 3D                      ldaa    #'='
       204E : 07 CB                      bsr     putchar
       2050 : 07 BF                      bsr     putspace
       2052 : 32                         pula
       2053 : 16 22 03                   jsr     print_int16     ; print v
       2056 : 20 BD                      bra     newline
       2058 :
       2058 :                    ;;; Print "v1 rel v2"
       2058 :                    ;;; @clobber R1 R2
       2058 :                    comp:
       2058 : 7E 10 02                   stx     R1
       205B : 7D 10 04                   sty     R2
       205E : FC 10 02                   ldd     R1
       2061 : B3 10 04                   subd    R2
       2064 : 27 0C                      beq     comp_eq
       2066 : 2D 0E                      blt     comp_lt
       2068 : 2E 04                      bgt     comp_gt
       206A : 86 3F                      ldaa    #'?'
       206C : 20 0A                      bra     comp_out
       206E :                    comp_gt:
       206E : 86 3E                      ldaa    #'>'
       2070 : 20 06                      bra     comp_out
       2072 :                    comp_eq:
       2072 : 86 3D                      ldaa    #'='
       2074 : 20 02                      bra     comp_out
       2076 :                    comp_lt:
       2076 : 86 3C                      ldaa    #'<'
       2078 :                    comp_out:
       2078 : 07 AE                      bsr     expr
       207A : 20 99                      bra     newline
       207C :
       207C :                    arith:
       207C : CE 46 50                   ldx     #18000
       207F : CD 6D 60                   ldy     #28000
       2082 : 86 2B                      ldaa    #'+'
       2084 : 16 20 28                   jsr     expr
       2087 : F3 10 04                   addd    R2
       208A : 16 20 49                   jsr     answer          ; -19536
       208D :
       208D : CE 46 50                   ldx     #18000
       2090 : CD B9 B0                   ldy     #-18000
       2093 : 86 2B                      ldaa    #'+'
       2095 : 16 20 28                   jsr     expr
       2098 : F3 10 04                   addd    R2
       209B : 16 20 49                   jsr     answer          ; 0
       209E :
       209E : CE B9 B0                   ldx     #-18000
       20A1 : CD B9 B0                   ldy     #-18000
       20A4 : 86 2B                      ldaa    #'+'
       20A6 : 16 20 28                   jsr     expr
       20A9 : F3 10 04                   addd    R2
       20AC : 16 20 49                   jsr     answer          ; 29536
       20AF :
       20AF : CE B9 B0                   ldx     #-18000
       20B2 : CD 92 A0                   ldy     #-28000
       20B5 : 86 2D                      ldaa    #'-'
       20B7 : 16 20 28                   jsr     expr
       20BA : B3 10 04                   subd    R2
       20BD : 16 20 49                   jsr     answer          ; 10000
       20C0 :
       20C0 : CE 46 50                   ldx     #18000
       20C3 : CD B9 B0                   ldy     #-18000
       20C6 : 86 2D                      ldaa    #'-'
       20C8 : 16 20 28                   jsr     expr
       20CB : B3 10 04                   subd    R2
       20CE : 16 20 49                   jsr     answer          ; -29536
       20D1 :
       20D1 : CE 92 A0                   ldx     #-28000
       20D4 : CD B9 B0                   ldy     #-18000
       20D7 : 86 2D                      ldaa    #'-'
       20D9 : 16 20 28                   jsr     expr
       20DC : B3 10 04                   subd    R2
       20DF : 16 20 49                   jsr     answer          ; -10000
       20E2 :
       20E2 : CE 00 64                   ldx     #100
       20E5 : CD 01 2C                   ldy     #300
       20E8 : 86 2A                      ldaa    #'*'
       20EA : 16 20 28                   jsr     expr
       20ED : 16 22 58                   jsr     mul16
       20F0 : 16 20 49                   jsr     answer          ; 30000
       20F3 :
       20F3 : CE 00 C8                   ldx     #200
       20F6 : CD 00 64                   ldy     #100
       20F9 : 86 2A                      ldaa    #'*'
       20FB : 16 20 28                   jsr     expr
       20FE : 16 22 58                   jsr     mul16
       2101 : 16 20 49                   jsr     answer          ; 20000
       2104 :
       2104 : CE 01 2C                   ldx     #300
       2107 : CD FF 38                   ldy     #-200
       210A : 86 2A                      ldaa    #'*'
       210C : 16 20 28                   jsr     expr
       210F : 16 22 58                   jsr     mul16
       2112 : 16 20 49                   jsr     answer          ; 5536
       2115 :
       2115 : CE 00 64                   ldx     #100
       2118 : CD FE D4                   ldy     #-300
       211B : 86 2A                      ldaa    #'*'
       211D : 16 20 28                   jsr     expr
       2120 : 16 22 58                   jsr     mul16
       2123 : 16 20 49                   jsr     answer          ; -30000
       2126 :
       2126 : CE FF 38                   ldx     #-200
       2129 : CD FF 9C                   ldy     #-100
       212C : 86 2A                      ldaa    #'*'
       212E : 16 20 28                   jsr     expr
       2131 : 16 22 58                   jsr     mul16
       2134 : 16 20 49                   jsr     answer          ; 20000
       2137 :
       2137 : CE 75 30                   ldx     #30000
       213A : CD 00 64                   ldy     #100
       213D : 86 2F                      ldaa    #'/'
       213F : 16 20 28                   jsr     expr
       2142 : 16 22 87                   jsr     div16           ; R0=R1/R2
       2145 : 16 20 49                   jsr     answer          ; 300
       2148 :
       2148 : CE FF 38                   ldx     #-200
       214B : CD 00 64                   ldy     #100
       214E : 86 2F                      ldaa    #'/'
       2150 : 16 20 28                   jsr     expr
       2153 : 16 22 87                   jsr     div16           ; R0=R1/R2
       2156 : 16 20 49                   jsr     answer          ; -2
       2159 :
       2159 : CE 8A D0                   ldx     #-30000
       215C : CD FF 38                   ldy     #-200
       215F : 86 2F                      ldaa    #'/'
       2161 : 16 20 28                   jsr     expr
       2164 : 16 22 87                   jsr     div16           ; R0=R1/R2
       2167 : 16 20 49                   jsr     answer          ; 150
       216A :
       216A : CE 8A D0                   ldx     #-30000
       216D : CD 00 4E                   ldy     #78
       2170 : 86 2F                      ldaa    #'/'
       2172 : 16 20 28                   jsr     expr
       2175 : 16 22 87                   jsr     div16           ; R0=R1/R2
       2178 : 16 20 49                   jsr     answer          ; -384
       217B :
       217B : CE 13 88                   ldx     #5000
       217E : CD 0F A0                   ldy     #4000
       2181 : 16 20 58                   jsr     comp
       2184 :
       2184 : CE 13 88                   ldx     #5000
       2187 : CD 13 88                   ldy     #5000
       218A : 16 20 58                   jsr     comp
       218D :
       218D : CE 0F A0                   ldx     #4000
       2190 : CD 13 88                   ldy     #5000
       2193 : 16 20 58                   jsr     comp
       2196 :
       2196 : CE EC 78                   ldx     #-5000
       2199 : CD F0 60                   ldy     #-4000
       219C : 16 20 58                   jsr     comp
       219F :
       219F : CE EC 78                   ldx     #-5000
       21A2 : CD EC 78                   ldy     #-5000
       21A5 : 16 20 58                   jsr     comp
       21A8 :
       21A8 : CE F0 60                   ldx     #-4000
       21AB : CD EC 78                   ldy     #-5000
       21AE : 16 20 58                   jsr     comp
       21B1 :
       21B1 : CE 7F BC                   ldx     #32700
       21B4 : CD 7F 58                   ldy     #32600
       21B7 : 16 20 58                   jsr     comp
       21BA :
       21BA : CE 7F BC                   ldx     #32700
       21BD : CD 7F BC                   ldy     #32700
       21C0 : 16 20 58                   jsr     comp
       21C3 :
       21C3 : CE 7F 58                   ldx     #32600
       21C6 : CD 7F BC                   ldy     #32700
       21C9 : 16 20 58                   jsr     comp
       21CC :
       21CC : CE 80 44                   ldx     #-32700
       21CF : CD 80 A8                   ldy     #-32600
       21D2 : 16 20 58                   jsr     comp
       21D5 :
       21D5 : CE 80 44                   ldx     #-32700
       21D8 : CD 80 44                   ldy     #-32700
       21DB : 16 20 58                   jsr     comp
       21DE :
       21DE : CE 80 A8                   ldx     #-32600
       21E1 : CD 80 44                   ldy     #-32700
       21E4 : 16 20 58                   jsr     comp
       21E7 :
       21E7 : CE 46 50                   ldx     #18000
       21EA : CD 92 A0                   ldy     #-28000
       21ED : 16 20 58                   jsr     comp
       21F0 :
       21F0 : CE 92 A0                   ldx     #-28000
       21F3 : CD 92 A0                   ldy     #-28000
       21F6 : 16 20 58                   jsr     comp
       21F9 :
       21F9 : CE 92 A0                   ldx     #-28000
       21FC : CD 46 50                   ldy     #18000
       21FF : 16 20 58                   jsr     comp
       2202 : 3D                         rts
       2203 :
       2203 :                            include "arith.inc"
(1)    2203 :                    ;;; -*- mode: asm; mode: flyspell-prog; -*-
(1)    2203 :
(1)    2203 :                    ;;; Print signed 16-bit integer as decimal
(1)    2203 :                    ;;; @param D value
(1)    2203 :                    ;;; @clobber D X
(1)    2203 :                    print_int16:
(1)    2203 : 97                         tsta
(1)    2204 : 2A 0C                      bpl     print_uint16
(1)    2206 : 36                         psha
(1)    2207 : 86 2D                      ldaa    #'-'
(1)    2209 : 16 20 1B                   jsr     putchar
(1)    220C : 32                         pula
(1)    220D : 41                         coma
(1)    220E : 51                         comb
(1)    220F : C3 00 01                   addd    #1        ; negate value
(1)    2212 :                    ;;; Print unsigned 16-bit integer as decimal
(1)    2212 :                    ;;; @param D value
(1)    2212 :                    ;;; @clobber D X
(1)    2212 :                    print_uint16:
(1)    2212 : C3 00 00                   addd    #0
(1)    2215 : 27 10                      beq     print_uint16_zero
(1)    2217 :                    print_uint16_loop:
(1)    2217 : C3 00 00                   addd    #0
(1)    221A : 27 10                      beq     print_uint16_end ; branch if value == 0
(1)    221C : CE 00 0A                   ldx     #10
(1)    221F : 18 10                      idiv                    ; D/X, D=remainder, X=quotient
(1)    2221 : 37                         pshb                    ; push remainder
(1)    2222 : B7 C5                      xgdx                    ; D=quotient
(1)    2224 : 07 F1                      bsr     print_uint16_loop
(1)    2226 : 32                         pula
(1)    2227 :                    print_uint16_zero:
(1)    2227 : 8A 30                      oraa    #'0'
(1)    2229 : 06 20 1B                   jmp     putchar
(1)    222C :                    print_uint16_end:
(1)    222C : 3D                         rts
(1)    222D :
(1)    222D :                    ;;; Unsigned multiplication: result = multiplicand * multiplier
(1)    222D :                    ;;; @param D multiplicand
(1)    222D :                    ;;; @param X multiplier
(1)    222D :                    ;;; @return D result
(1)    222D :                    ;;; @clobber R0 R1 R2
(1)    222D :                    umul16:
(1)    222D : 7C 10 02                   std     R1
(1)    2230 : 7E 10 04                   stx     R2
(1)    2233 : B6 10 05                   ldaa    R2L
(1)    2236 : 12                         mul                     ; low(multiplicand)*low(multiplier)
(1)    2237 : 7C 10 00                   std     R0
(1)    223A : B6 10 03                   ldaa    R1L
(1)    223D : F6 10 04                   ldab    R2H
(1)    2240 : 12                         mul                     ; low(multiplicand)*high(multiplier)
(1)    2241 : FB 10 00                   addb    R0H
(1)    2244 : 7B 10 00                   stab    R0H
(1)    2247 : B6 10 02                   ldaa    R1H
(1)    224A : F6 10 05                   ldab    R2L
(1)    224D : 12                         mul                     ; high(multiplicand)*low(multiplier)
(1)    224E : FB 10 00                   addb    R0H
(1)    2251 : 7B 10 00                   stab    R0H
(1)    2254 : FC 10 00                   ldd     R0
(1)    2257 : 3D                         rts
(1)    2258 :
(1)    2258 :                    ;;; Multiply; result = multiplicand * multiplier
(1)    2258 :                    ;;; @param D multiplicand
(1)    2258 :                    ;;; @param X multiplier
(1)    2258 :                    ;;; @return D result
(1)    2258 :                    ;;; @clobber R0 R1 R2
(1)    2258 :                    mul16:
(1)    2258 : 7C 10 02                   std     R1
(1)    225B : 7E 10 04                   stx     R2
(1)    225E : B8 10 04                   eora    R2H
(1)    2261 : 7A 10 06                   staa    sign            ; save hi(multiplicand^multiplier)
(1)    2264 : B6 10 02                   ldaa    R1H
(1)    2267 : 2A 05                      bpl     mul16_multiplier
(1)    2269 : 41                         coma
(1)    226A : 51                         comb
(1)    226B : C3 00 01                   addd    #1              ; negate multiplicand
(1)    226E :                    mul16_multiplier:
(1)    226E : B7 C5                      xgdx
(1)    2270 : 97                         tsta
(1)    2271 : 2A 05                      bpl     mul16_multiply
(1)    2273 : 41                         coma
(1)    2274 : 51                         comb
(1)    2275 : C3 00 01                   addd    #1              ; negate multiplier
(1)    2278 :                    mul16_multiply:
(1)    2278 : B7 C5                      xgdx
(1)    227A : 07 B1                      bsr     umul16          ; R0=result
(1)    227C : F7 10 06                   tst     sign            ; (multiplicand^multiplier)
(1)    227F : 2A 05                      bpl     mul16_end
(1)    2281 : 41                         coma
(1)    2282 : 51                         comb
(1)    2283 : C3 00 01                   addd    #1              ; negate result
(1)    2286 :                    mul16_end:
(1)    2286 : 3D                         rts
(1)    2287 :
(1)    2287 :                    ;;; Division; dividend / divisor = quotient ... remainder
(1)    2287 :                    ;;; @param D dividend
(1)    2287 :                    ;;; @param X divisor
(1)    2287 :                    ;;; @return D quotient
(1)    2287 :                    ;;; @return X remainder
(1)    2287 :                    ;;; @clobber R0 R1 R2
(1)    2287 :                    div16:
(1)    2287 : 7C 10 02                   std     R1
(1)    228A : 7E 10 04                   stx     R2
(1)    228D : B8 10 04                   eora    R2H
(1)    2290 : 7A 10 06                   staa    sign            ; save hi(dividend^divisor)
(1)    2293 : B6 10 02                   ldaa    R1H
(1)    2296 : 2A 05                      bpl     div16_divisor
(1)    2298 : 41                         coma
(1)    2299 : 51                         comb
(1)    229A : C3 00 01                   addd    #1              ; negate dividend
(1)    229D :                    div16_divisor:
(1)    229D : B7 C5                      xgdx
(1)    229F : 97                         tsta
(1)    22A0 : 2A 05                      bpl     div16_divide
(1)    22A2 : 41                         coma
(1)    22A3 : 51                         comb
(1)    22A4 : C3 00 01                   addd    #1              ; negate divisor
(1)    22A7 :                    div16_divide:
(1)    22A7 : B7 C5                      xgdx
(1)    22A9 : 18 10                      idiv                    ; D/X, X=quotient, D=remainder
(1)    22AB : B7 C5                      xgdx
(1)    22AD : F7 10 06                   tst     sign            ; A=(dividend^divisor)
(1)    22B0 : 2A 05                      bpl     div16_end
(1)    22B2 : 41                         coma
(1)    22B3 : 51                         comb
(1)    22B4 : C3 00 01                   addd    #1              ; negate result
(1)    22B7 :                    div16_end:
(1)    22B7 : 3D                         rts
