          0 :                            include "mc68hc12.inc"
(1)       0 :                    ;;; -*- mode: asm; mode: flyspell-prog; -*-
(1)       0 :                    ;;; MC68HC12 (MC68HC912BD32)
(1)       0 :                            cpu     68hc12
(1)       0 :                    ;;; Condition Code Register (CC)
(1)       0 : =1                 CC_CARRY      equ  %00000001   ; set to 1 if carry occurred
(1)       0 : =2                 CC_OVERFLOW   equ  %00000010   ; set to 1 if overflow occurred
(1)       0 : =4                 CC_ZERO       equ  %00000100   ; set to 1 if result is zero
(1)       0 : =8                 CC_NEGATIVE   equ  %00001000   ; set to 1 if result is negative
(1)       0 : =10                CC_IRQ        equ  %00010000   ; if 1, IRQ is masked
(1)       0 : =20                CC_HALF_CARRY equ  %00100000   ; if 1, decimal carry from least digit occurred
(1)       0 : =40                CC_XIRQ       equ  %01000000   ; if 1, XIRQ is masked
(1)       0 : =80                CC_STOP       equ  %10000000   ; if 1, STOP instruction is disabled
(1)       0 :
(1)       0 :                    ;;; Vector
(1)       0 : =FFD6              VEC_SCI0:       equ     $FFD6  ; $FFD6: SCI0
(1)       0 : =FFF2              VEC_IRQ:        equ     $FFF2  ; $FFF2: #IRQ
(1)       0 : =FFF4              VEC_XIRQ:       equ     $FFF4  ; $FFF4: #XIRQ
(1)       0 : =FFF6              VEC_SWI:        equ     $FFF6  ; $FFF6: Software Interrupt
(1)       0 : =FFF8              VEC_TRAP:       equ     $FFF8  ; $FFF8: Unimplemented Opcode Trap
(1)       0 : =FFFA              VEC_COP:        equ     $FFFA  ; $FFFA: COP (Watchdog) Failure
(1)       0 : =FFFC              VEC_CMF:        equ     $FFFC  ; $FFFC: Clock Monitor Fail
(1)       0 : =FFFE              VEC_RESET:      equ     $FFFE  ; $FFFE: Reset
(1)       0 :
(1)       0 :                    ;;; Internal memory, as reset leaves it in special expanded wide mode
(1)       0 : =0                 REG_BASE:       equ     $0000  ; $0000-$01FF: registers
(1)       0 : =800               RAM_BASE:       equ     $0800  ; $0800-$0BFF: RAM
(1)       0 : =D00               EEPROM_BASE:    equ     $0D00  ; $0D00-$0FFF: EEPROM
(1)       0 :
(1)       0 :                    ;;; SCI0
(1)       0 : =C0                SC0BDH:         equ     $C0    ; Baud Rate Control High: SBR12-SBR8
(1)       0 : =C1                SC0BDL:         equ     $C1    ; Baud Rate Control Low: SBR7-SBR0
(1)       0 : =C2                SC0CR1:         equ     $C2    ; Control Register 1
(1)       0 : =C3                SC0CR2:         equ     $C3    ; Control Register 2
(1)       0 : =C4                SC0SR1:         equ     $C4    ; Status Register 1
(1)       0 : =C5                SC0SR2:         equ     $C5    ; Status Register 2
(1)       0 : =C6                SC0DRH:         equ     $C6    ; Data Register High: R8/T8
(1)       0 : =C7                SC0DRL:         equ     $C7    ; Data Register Low
(1)       0 :                    ;;; SC0CR2
(1)       0 : =80                SC0CR2_TIE_bm:  equ     %10000000 ; Transmit Interrupt Enable
(1)       0 : =40                SC0CR2_TCIE_bm: equ     %01000000 ; Transmit Complete Interrupt Enable
(1)       0 : =20                SC0CR2_RIE_bm:  equ     %00100000 ; Receiver Interrupt Enable
(1)       0 : =10                SC0CR2_ILIE_bm: equ     %00010000 ; Idle Line Interrupt Enable
(1)       0 : =8                 SC0CR2_TE_bm:   equ     %00001000 ; Transmitter Enable
(1)       0 : =4                 SC0CR2_RE_bm:   equ     %00000100 ; Receiver Enable
(1)       0 :                    ;;; SC0SR1
(1)       0 : =80                SC0SR1_TDRE_bm: equ     %10000000 ; Transmit Data Register Empty
(1)       0 : =40                SC0SR1_TC_bm:   equ     %01000000 ; Transmit Complete
(1)       0 : =20                SC0SR1_RDRF_bm: equ     %00100000 ; Receive Data Register Full
(1)       0 : =10                SC0SR1_IDLE_bm: equ     %00010000 ; Idle Line Detected
(1)       0 : =8                 SC0SR1_OR_bm:   equ     %00001000 ; Overrun Error
(1)       0 : =4                 SC0SR1_NF_bm:   equ     %00000100 ; Noise Error
(1)       0 : =2                 SC0SR1_FE_bm:   equ     %00000010 ; Framing Error
(1)       0 : =1                 SC0SR1_PF_bm:   equ     %00000001 ; Parity Error
          0 :
          0 :                    ;;; MC6850 Asynchronous Communication Interface Adapter
          0 : =DF00              ACIA:   equ     $DF00
          0 :                            include "../mc6800/mc6850.inc"
(1)       0 :                    ;;; -*- mode: asm; mode: flyspell-prog; -*-
(1)       0 :
(1)       0 :                    ;;; MC6850
(1)       0 :                    ;;; Asynchronous Communication Interface Adapter
(1)       0 :
(1)       0 :                    ;;; Control register
(1)       0 : =DF00              ACIA_control:   equ     ACIA+0
(1)       0 :                            ;; Counter Divider Select Bits
(1)       0 : =3                 CDS_gm:         equ     %11    ; Group mask
(1)       0 : =0                 CDS_DIV1_gc:    equ     %00000000 ; /1
(1)       0 : =1                 CDS_DIV16_gc:   equ     %00000001 ; /16
(1)       0 : =2                 CDS_DIV64_gc:   equ     %00000010 ; /64
(1)       0 : =3                 CDS_RESET_gc:   equ     %00000011 ; Master Reset
(1)       0 :                            ;; Word Select Bits
(1)       0 : =1C                WSB_gm:         equ     %00011100 ; Group mask
(1)       0 : =0                 WSB_7E2_gc:     equ     %00000000 ; 7 Bits + Even Parity + 2 Stop Bits
(1)       0 : =4                 WSB_7O2_gc:     equ     %00000100 ; 7 bits + Odd Parity  + 2 Stop Bits
(1)       0 : =8                 WSB_7E1_gc:     equ     %00001000 ; 7 bits + Even Parity + 1 Stop Bits
(1)       0 : =C                 WSB_7O1_gc:     equ     %00001100 ; 7 bits + Odd Parity  + 1 Stop Bits
(1)       0 : =10                WSB_8N2_gc:     equ     %00010000 ; 8 bits + No Parity   + 2 Stop Bits
(1)       0 : =14                WSB_8N1_gc:     equ     %00010100 ; 8 bits + No Parity   + 1 Stop Bits
(1)       0 : =18                WSB_8E1_gc:     equ     %00011000 ; 8 bits + Even Parity + 1 Stop Bits
(1)       0 : =1C                WSB_8O1_gc:     equ     %00011100 ; 8 bits + Odd Parity  + 1 Stop Bits
(1)       0 :                            ;; Transmit Control Bits
(1)       0 : =60                TCB_gm:         equ     %01100000 ; Group mask
(1)       0 : =0                 TCB_DI_gc:      equ     %00000000 ; RTS=Low,  Tx Interrupt Disabled
(1)       0 : =20                TCB_EI_gc:      equ     %00100000 ; RTS=Low,  Tx Interrupt Enabled
(1)       0 : =40                TCB_RTS_gc:     equ     %01000000 ; RTS=High, Tx Interrupt Disabled
(1)       0 : =60                TCB_BREAK_gc:   equ     %01100000 ; RTS=Low,  Tx Interrupt Disabled
(1)       0 :                                                      ; Transmit Break Level
(1)       0 : =80                RIEB_bm:        equ     %10000000 ; Receive Interrupt Enable Bit mask
(1)       0 :
(1)       0 :                    ;;; Status register
(1)       0 : =DF00              ACIA_status:    equ     ACIA+0
(1)       0 : =1                 RDRF_bm:        equ     %00000001 ; Receive Data Register Full
(1)       0 : =2                 TDRE_bm:        equ     %00000010 ; Transmit Data Register Empty
(1)       0 : =4                 DCDF_bm:        equ     %00000100 ; Data Carrier Detect Flag
(1)       0 : =8                 CTSF_bm:        equ     %00001000 ; Clear To Send Flag
(1)       0 : =10                FERR_bm:        equ     %00010000 ; Frame Error Flag
(1)       0 : =20                OVRN_bm:        equ     %00100000 ; Receiver Overrun Flag
(1)       0 : =40                PERR_bm:        equ     %01000000 ; Parity Error Flag
(1)       0 : =80                IRQF_bm:        equ     %10000000 ; Interrupt Request Flag
(1)       0 :
(1)       0 :                    ;;; Data register
(1)       0 : =DF01              ACIA_data:      equ     ACIA+1          ; Data register
          0 :
          0 : =2000              stack:  equ     $2000           ; SP points at the last byte pushed
          0 :
       FFFE :                            org     VEC_RESET
       FFFE : 20 00                      fdb     initialize
      10000 :
       2000 :                            org     $2000
       2000 :                    initialize:
       2000 : CF 20 00                   lds     #stack
       2003 : 86 03                      ldaa    #CDS_RESET_gc   ; Master reset
       2005 : 7A DF 00                   staa    ACIA_control
       2008 : 86 14                      ldaa    #WSB_8N1_gc     ; 8 bits + No Parity + 1 Stop Bits
       200A :                                                    ; Transmit, Receive interrupts disabled
       200A : 7A DF 00                   staa    ACIA_control
       200D :
       200D : 07 1B              loop:   bsr     getchar
       200F : 97                         tsta
       2010 : 27 0A                      beq     halt_to_system
       2012 : 07 21              echo:   bsr     putchar
       2014 : 81 0D                      cmpa    #$0D
       2016 : 26 F5                      bne     loop
       2018 : 86 0A                      ldaa    #$0A
       201A : 20 F6                      bra     echo
       201C :                    halt_to_system:
       201C : CE 20 23                   ldx     #step_swi
       201F : 7E FF F6                   stx     VEC_SWI
       2022 : 3F                         swi
       2023 :                    step_swi:
       2023 : CE FF F6                   ldx     #VEC_SWI
       2026 : 7E FF F6                   stx     VEC_SWI
       2029 : 3F                         swi                     ; halt to system
       202A :
       202A :                    getchar:
       202A : B6 DF 00                   ldaa    ACIA_status
       202D : 85 01                      bita    #RDRF_bm
       202F : 27 F9                      beq     getchar
       2031 : B6 DF 01                   ldaa    ACIA_data
       2034 : 3D                         rts
       2035 :
       2035 :                    putchar:
       2035 : F6 DF 00                   ldab    ACIA_status
       2038 : C5 02                      bitb    #TDRE_bm
       203A : 27 F9                      beq     putchar
       203C : 7A DF 01                   staa    ACIA_data
       203F : 3D                         rts
