          0 :                            include "mc68hc12.inc"
(1)       0 :                    ;;; -*- mode: asm; mode: flyspell-prog; -*-
(1)       0 :                    ;;; MC68HC12 (MC68HC912BD32)
(1)       0 :                            cpu     68hc12
(1)       0 :                    ;;; Condition Code Register (CC)
(1)       0 : =1                 CC_CARRY      equ  %00000001   ; set to 1 if carry occurred
(1)       0 : =2                 CC_OVERFLOW   equ  %00000010   ; set to 1 if overflow occurred
(1)       0 : =4                 CC_ZERO       equ  %00000100   ; set to 1 if result is zero
(1)       0 : =8                 CC_NEGATIVE   equ  %00001000   ; set to 1 if result is negative
(1)       0 : =10                CC_IRQ        equ  %00010000   ; if 1, IRQ is masked
(1)       0 : =20                CC_HALF_CARRY equ  %00100000   ; if 1, decimal carry from least digit occurred
(1)       0 : =40                CC_XIRQ       equ  %01000000   ; if 1, XIRQ is masked
(1)       0 : =80                CC_STOP       equ  %10000000   ; if 1, STOP instruction is disabled
(1)       0 :
(1)       0 :                    ;;; Vector
(1)       0 : =FFD6              VEC_SCI0:       equ     $FFD6  ; $FFD6: SCI0
(1)       0 : =FFF2              VEC_IRQ:        equ     $FFF2  ; $FFF2: #IRQ
(1)       0 : =FFF4              VEC_XIRQ:       equ     $FFF4  ; $FFF4: #XIRQ
(1)       0 : =FFF6              VEC_SWI:        equ     $FFF6  ; $FFF6: Software Interrupt
(1)       0 : =FFF8              VEC_TRAP:       equ     $FFF8  ; $FFF8: Unimplemented Opcode Trap
(1)       0 : =FFFA              VEC_COP:        equ     $FFFA  ; $FFFA: COP (Watchdog) Failure
(1)       0 : =FFFC              VEC_CMF:        equ     $FFFC  ; $FFFC: Clock Monitor Fail
(1)       0 : =FFFE              VEC_RESET:      equ     $FFFE  ; $FFFE: Reset
(1)       0 :
(1)       0 :                    ;;; Internal memory, as reset leaves it in special expanded wide mode
(1)       0 : =0                 REG_BASE:       equ     $0000  ; $0000-$01FF: registers
(1)       0 : =800               RAM_BASE:       equ     $0800  ; $0800-$0BFF: RAM
(1)       0 : =D00               EEPROM_BASE:    equ     $0D00  ; $0D00-$0FFF: EEPROM
(1)       0 :
(1)       0 :                    ;;; SCI0
(1)       0 : =C0                SC0BDH:         equ     $C0    ; Baud Rate Control High: SBR12-SBR8
(1)       0 : =C1                SC0BDL:         equ     $C1    ; Baud Rate Control Low: SBR7-SBR0
(1)       0 : =C2                SC0CR1:         equ     $C2    ; Control Register 1
(1)       0 : =C3                SC0CR2:         equ     $C3    ; Control Register 2
(1)       0 : =C4                SC0SR1:         equ     $C4    ; Status Register 1
(1)       0 : =C5                SC0SR2:         equ     $C5    ; Status Register 2
(1)       0 : =C6                SC0DRH:         equ     $C6    ; Data Register High: R8/T8
(1)       0 : =C7                SC0DRL:         equ     $C7    ; Data Register Low
(1)       0 :                    ;;; SC0CR2
(1)       0 : =80                SC0CR2_TIE_bm:  equ     %10000000 ; Transmit Interrupt Enable
(1)       0 : =40                SC0CR2_TCIE_bm: equ     %01000000 ; Transmit Complete Interrupt Enable
(1)       0 : =20                SC0CR2_RIE_bm:  equ     %00100000 ; Receiver Interrupt Enable
(1)       0 : =10                SC0CR2_ILIE_bm: equ     %00010000 ; Idle Line Interrupt Enable
(1)       0 : =8                 SC0CR2_TE_bm:   equ     %00001000 ; Transmitter Enable
(1)       0 : =4                 SC0CR2_RE_bm:   equ     %00000100 ; Receiver Enable
(1)       0 :                    ;;; SC0SR1
(1)       0 : =80                SC0SR1_TDRE_bm: equ     %10000000 ; Transmit Data Register Empty
(1)       0 : =40                SC0SR1_TC_bm:   equ     %01000000 ; Transmit Complete
(1)       0 : =20                SC0SR1_RDRF_bm: equ     %00100000 ; Receive Data Register Full
(1)       0 : =10                SC0SR1_IDLE_bm: equ     %00010000 ; Idle Line Detected
(1)       0 : =8                 SC0SR1_OR_bm:   equ     %00001000 ; Overrun Error
(1)       0 : =4                 SC0SR1_NF_bm:   equ     %00000100 ; Noise Error
(1)       0 : =2                 SC0SR1_FE_bm:   equ     %00000010 ; Framing Error
(1)       0 : =1                 SC0SR1_PF_bm:   equ     %00000001 ; Parity Error
          0 :
       1100 :                            org     $1100
       1100 :
       1100 : =80                rx_queue_size:  equ     128
       1100 :                    rx_queue:       rmb     rx_queue_size
       1180 : =80                tx_queue_size:  equ     128
       1180 :                    tx_queue:       rmb     tx_queue_size
       1200 :                    tx_int_control: rmb     1
       1201 :
       1201 :                    ;;; SCI: Enable Rx interrupt
       1201 : =2C                RX_INT_TX_NO:   equ     SC0CR2_TE_bm|SC0CR2_RE_bm|SC0CR2_RIE_bm
       1201 : =AC                RX_INT_TX_INT:  equ     SC0CR2_TE_bm|SC0CR2_RE_bm|SC0CR2_RIE_bm|SC0CR2_TIE_bm
       1201 :
       1201 : =2000              stack:  equ     $2000           ; SP points at the last byte pushed
       1201 :
       FFD6 :                            org     VEC_SCI0
       FFD6 : 21 01                      fdb     isr_sci
       FFD8 :
       FFF6 :                            org     VEC_SWI
       FFF6 : FF F6                      fdb     VEC_SWI         ; for halt to system
       FFF8 :
       FFFE :                            org     VEC_RESET
       FFFE : 20 02                      fdb     initialize
      10000 :
       2000 :                            org     $2000
       2000 :                    device_base:
       2000 : 00 00                      fdb     $0000           ; device base
       2002 :                    initialize:
       2002 : CF 20 00                   lds     #stack
       2005 : CE 11 00                   ldx     #rx_queue
       2008 : C6 80                      ldab    #rx_queue_size
       200A : 16 20 B5                   jsr     queue_init
       200D : CE 11 80                   ldx     #tx_queue
       2010 : C6 80                      ldab    #tx_queue_size
       2012 : 16 20 B5                   jsr     queue_init
       2015 :                            ;; Initialize SCI
       2015 : FD 20 00                   ldy     device_base
       2018 : 69 E8 C2                   clr     SC0CR1,y                    ; 8bit 1stop
       201B : 69 E8 C0                   clr     SC0BDH,y
       201E : 86 01                      ldaa    #1              ; SBR=1: E/16
       2020 : 6A E8 C1                   staa    SC0BDL,y
       2023 : 86 2C                      ldaa    #RX_INT_TX_NO
       2025 : 6A E8 C3                   staa    SC0CR2,y         ; enable Tx and Rx/Interrupt
       2028 : 79 12 00                   clr     tx_int_control  ; disable Tx interrupt
       202B : 10 EF                      cli                     ; enable IRQ
       202D : 20 01                      bra     loop
       202F :
       202F :                    wait:
       202F : 3E                         wai
       2030 :                    loop:
       2030 : 07 5D                      bsr     getchar
       2032 : 24 FB                      bcc     wait
       2034 : 97                         tsta
       2035 : 27 14                      beq     halt_to_system
       2037 : 18 0E                      tab
       2039 : 07 61                      bsr     putchar         ; echo
       203B : 86 20                      ldaa    #' '            ; space
       203D : 07 5D                      bsr     putchar
       203F : 07 13                      bsr     put_hex8        ; print in hex
       2041 : 86 20                      ldaa    #' '            ; space
       2043 : 07 57                      bsr     putchar
       2045 : 07 2D                      bsr     put_bin8        ; print in binary
       2047 : 07 03                      bsr     newline
       2049 : 20 E5                      bra     loop
       204B :                    halt_to_system:
       204B : 3F                         swi
       204C :
       204C :                    ;;; Put newline
       204C :                    ;;; @clobber A
       204C :                    newline:
       204C : 86 0D                      ldaa    #$0D
       204E : 07 4C                      bsr     putchar
       2050 : 86 0A                      ldaa    #$0A
       2052 : 20 48                      bra     putchar
       2054 :
       2054 :                    ;;; Print uint8_t in hex
       2054 :                    ;;; @param B uint8_t value to be printed in hex.
       2054 :                    ;;; @clobber A
       2054 :                    put_hex8:
       2054 : 86 30                      ldaa    #'0'
       2056 : 07 44                      bsr     putchar
       2058 : 86 78                      ldaa    #'x'
       205A : 07 40                      bsr    putchar
       205C : 18 0F                      tba
       205E : 44                         lsra
       205F : 44                         lsra
       2060 : 44                         lsra
       2061 : 44                         lsra
       2062 : 07 02                      bsr     put_hex4
       2064 : 18 0F                      tba
       2066 :                    put_hex4:
       2066 : 84 0F                      anda    #$0f
       2068 : 81 0A                      cmpa    #10
       206A : 25 04                      blo     put_hex8_dec
       206C : 8B 37                      adda    #'A'-10
       206E : 20 2C                      bra     putchar
       2070 :                    put_hex8_dec:
       2070 : 8B 30                      adda    #'0'
       2072 : 20 28                      bra     putchar
       2074 :
       2074 :                    ;;; Print uint8_t in binary
       2074 :                    ;;; @param B uint8_t value to be printed in binary.
       2074 :                    ;;; @clobber A
       2074 :                    put_bin8:
       2074 : 37                         pshb
       2075 : 86 30                      ldaa    #'0'
       2077 : 07 23                      bsr     putchar
       2079 : 86 62                      ldaa    #'b'
       207B : 07 1F                      bsr     putchar
       207D : 07 04                      bsr     put_bin4
       207F : 07 02                      bsr     put_bin4
       2081 : 33                         pulb
       2082 : 3D                         rts
       2083 :                    put_bin4:
       2083 : 07 00                      bsr     put_bin2
       2085 :                    put_bin2:
       2085 : 07 00                      bsr     put_bin1
       2087 :                    put_bin1:
       2087 : 86 30                      ldaa    #'0'
       2089 : 58                         lslb                    ; C=MSB
       208A : 24 10                      bcc     putchar         ; MSB=0
       208C : 42                         inca                    ; MSB=1
       208D : 20 0D                      bra     putchar
       208F :
       208F :                    ;;; Get character
       208F :                    ;;; @return A
       208F :                    ;;; @return CC.C 0 if no character
       208F :                    getchar:
       208F : 34                         pshx
       2090 : 14 10                      sei                     ; disable IRQ
       2092 : CE 11 00                   ldx     #rx_queue
       2095 : 16 20 E2                   jsr     queue_remove
       2098 : 10 EF                      cli                     ; enable IRQ
       209A : 30                         pulx
       209B : 3D                         rts
       209C :
       209C :                    ;;; Put character
       209C :                    ;;; @param A
       209C :                    putchar:
       209C : 36                         psha
       209D : 34                         pshx
       209E : CE 11 80                   ldx     #tx_queue
       20A1 :                    putchar_retry:
       20A1 : 14 10                      sei                     ; disable IRQ
       20A3 : 16 20 C4                   jsr     queue_add
       20A6 : 10 EF                      cli                     ; enable IRQ
       20A8 : 24 F7                      bcc     putchar_retry   ; branch if queue is full
       20AA : FE 20 00                   ldx     device_base
       20AD : 86 AC                      ldaa    #RX_INT_TX_INT  ; Enable Tx interrupt
       20AF : 6A E0 C3                   staa    SC0CR2,x
       20B2 : 30                         pulx
       20B3 : 32                         pula
       20B4 : 3D                         rts
       20B5 :
       20B5 :                            include "../mc6801/queue.inc"
(1)    20B5 :                    ;;; [queue] queue structure
(1)    20B5 : =0                 queue_len:      equ     0       ; queue length
(1)    20B5 : =1                 queue_size:     equ     1       ; buffer size
(1)    20B5 : =2                 queue_put:      equ     2       ; queue put index
(1)    20B5 : =3                 queue_get:      equ     3       ; queue get index
(1)    20B5 : =4                 queue_buf:      equ     4       ; buffer start offset
(1)    20B5 :
(1)    20B5 :                    ;;; [queue] Initialize queue
(1)    20B5 :                    ;;; @param X queue work space pointer
(1)    20B5 :                    ;;; @param B queue work space size
(1)    20B5 :                    ;;; @clobber B
(1)    20B5 :                    queue_init:
(1)    20B5 : 37                         pshb
(1)    20B6 : 34                         pshx
(1)    20B7 :                    queue_init_loop:
(1)    20B7 : 69 00                      clr     0,x
(1)    20B9 : 08                         inx
(1)    20BA : 53                         decb
(1)    20BB : 26 FA                      bne     queue_init_loop
(1)    20BD : 30                         pulx
(1)    20BE : 33                         pulb
(1)    20BF : C0 04                      subb    #queue_buf
(1)    20C1 : 6B 01                      stab    queue_size,x
(1)    20C3 : 3D                         rts
(1)    20C4 :
(1)    20C4 :                    ;;; [queue] Add an element to queue
(1)    20C4 :                    ;;; @param X queue work space pointer
(1)    20C4 :                    ;;; @param A an element
(1)    20C4 :                    ;;; @return CC.C 0 if queue is full
(1)    20C4 :                    queue_add:
(1)    20C4 : 37                 	pshb
(1)    20C5 : E6 00                      ldab    queue_len,x
(1)    20C7 : E1 01                      cmpb    queue_size,x
(1)    20C9 : 24 15                      bhs     queue_add_return ; carry is cleared
(1)    20CB : E6 02                      ldab    queue_put,x     ; 8 bits offset
(1)    20CD : 34                         pshx
(1)    20CE : 1A E5                      abx                     ; X+=B
(1)    20D0 : 6A 04                      staa    queue_buf,x     ; store an element
(1)    20D2 : 30                         pulx
(1)    20D3 : 62 00                      inc     queue_len,x
(1)    20D5 : 52                         incb
(1)    20D6 : 6B 02                      stab    queue_put,x
(1)    20D8 : E1 01                      cmpb    queue_size,x
(1)    20DA : 25 04                      blo     queue_add_return ; carry is set
(1)    20DC : 69 02                      clr     queue_put,x
(1)    20DE : 14 01                      sec                     ; set carry
(1)    20E0 :                    queue_add_return:
(1)    20E0 : 33                 	pulb
(1)    20E1 : 3D                         rts
(1)    20E2 :
(1)    20E2 :                    ;;; [queue] Remove an element from queue
(1)    20E2 :                    ;;; @param X queue work space pointer
(1)    20E2 :                    ;;; @return A an element
(1)    20E2 :                    ;;; @return CC.C 0 if queue is empty
(1)    20E2 :                    queue_remove:
(1)    20E2 : E7 00                      tst     queue_len,x
(1)    20E4 : 26 03                      bne     queue_remove_elem
(1)    20E6 : 10 FE                      clc                     ; clear carry
(1)    20E8 : 3D                         rts
(1)    20E9 :                    queue_remove_elem:
(1)    20E9 : 37                 	pshb
(1)    20EA : E6 03                      ldab    queue_get,x     ; 8 bits offset
(1)    20EC : 34                         pshx
(1)    20ED : 1A E5                      abx                     ; X+=B
(1)    20EF : A6 04                      ldaa    queue_buf,x     ; read an element
(1)    20F1 : 30                         pulx
(1)    20F2 : 63 00                      dec     queue_len,x
(1)    20F4 : 52                         incb
(1)    20F5 : 6B 03                      stab    queue_get,x
(1)    20F7 : E1 01                      cmpb    queue_size,x
(1)    20F9 : 25 04                      blo     queue_remove_return ; carry is set
(1)    20FB : 69 03                      clr     queue_get,x
(1)    20FD : 14 01                      sec                     ; set carry
(1)    20FF :                    queue_remove_return:
(1)    20FF : 33                         pulb
(1)    2100 : 3D                         rts
(1)    2101 :
(1)    2101 :                    ;;; Local Variables:
(1)    2101 :                    ;;; mode: asm
(1)    2101 :                    ;;; End:
(1)    2101 :                    ;;; vim: set ft=asm et ts=4 sw=4:
       2101 :
       2101 :                    isr_sci:
       2101 : FD 20 00                   ldy     device_base
       2104 : 0F E8 C4 0E 03             brclr   SC0SR1,y, #SC0SR1_OR_bm|SC0SR1_NF_bm|SC0SR1_FE_bm, isr_sci_receive
       2109 : A6 E8 C7                   ldaa    SC0DRL,y          ; reset ORFE
       210C :                    isr_sci_receive:
       210C : 0F E8 C4 20 09             brclr   SC0SR1,y, #SC0SR1_RDRF_bm, isr_sci_send
       2111 : A6 E8 C7                   ldaa    SC0DRL,y          ; receive character
       2114 : CE 11 00                   ldx     #rx_queue
       2117 : 16 20 C4                   jsr     queue_add
       211A :                    isr_sci_send:
       211A : 0F E8 C4 80 0B             brclr   SC0SR1,y, #SC0SR1_TDRE_bm, isr_sci_exit
       211F : CE 11 80                   ldx     #tx_queue
       2122 : 16 20 E2                   jsr     queue_remove
       2125 : 24 04                      bcc     isr_sci_empty
       2127 : 6A E8 C7                   staa    SC0DRL,y          ; send character
       212A :                    isr_sci_exit:
       212A : 0B                         rti
       212B :                    isr_sci_empty:
       212B : 86 2C                      ldaa    #RX_INT_TX_NO
       212D : 6A E8 C3                   staa    SC0CR2,y         ; disable Tx interrupt
       2130 : 0B                         rti
