          0 :                    ;;; -*- mode: asm; mode: flyspell-prog; -*-
          0 :                            cpu     f3850
          0 :
          0 :                    ;;; i8251 Universal Synchronous/Asynchronous Receiver/Transmitter
          0 : =F0                USART:          equ     0F0H
          0 : =F0                USARTD:         equ     USART+0 ; Receive/Transmit data
          0 : =F1                USARTS:         equ     USART+1 ; Srtatus register
          0 : =F1                USARTC:         equ     USART+1 ; Control register
          0 : =F2                USARTRV:        equ     USART+2 ; Receive interrupt vector (ORG_*)
          0 : =F3                USARTTV:        equ     USART+3 ; Transmit interrupt vector (ORG_*)
          0 :                            include "i8251.inc"
(1)       0 :                    ;;; -*- mode: asm; mode: flyspell-prog; -*-
(1)       0 :
(1)       0 :                    ;;; i8251 USART device emulator.
(1)       0 : =6                 MODE_STOP_gp:   equ     6
(1)       0 : =C0                MODE_STOP_gm:   equ     11000000B
(1)       0 : =40                MODE_STOP1_gc:  equ     (1 << MODE_STOP_gp)
(1)       0 : =80                MODE_STOP15_gc: equ     (2 << MODE_STOP_gp)
(1)       0 : =C0                MODE_STOP2_gc:  equ     (3 << MODE_STOP_gp)
(1)       0 : =20                MODE_EVEN_bm:   equ     00100000B
(1)       0 : =10                MODE_PARITY_bm: equ     00010000B
(1)       0 : =2                 MODE_LEN_gp:    equ     2
(1)       0 : =C                 MODE_LEN_gm:    equ     00001100B
(1)       0 : =0                 MODE_LEN5_gc:   equ     (0 << MODE_LEN_gp)
(1)       0 : =4                 MODE_LEN6_gc:   equ     (1 << MODE_LEN_gp)
(1)       0 : =8                 MODE_LEN7_gc:   equ     (2 << MODE_LEN_gp)
(1)       0 : =C                 MODE_LEN8_gc:   equ     (3 << MODE_LEN_gp)
(1)       0 : =0                 MODE_BAUD_gp:   equ     0
(1)       0 : =3                 MODE_BAUD_gm:   equ     00000011B
(1)       0 : =1                 MODE_BAUD_X1:   equ     (1 << MODE_BAUD_gp)
(1)       0 : =2                 MODE_BAUD_X16:  equ (2 << MODE_BAUD_gp)
(1)       0 : =3                 MODE_BAUD_X64:  equ (3 << MODE_BAUD_gp)
(1)       0 :                    ;;; Bit Definition of command register
(1)       0 : =80                CMD_EH_bm:      equ     10000000B   ; Enter hunt mode
(1)       0 : =40                CMD_IR_bm:      equ     01000000B   ; Internal Reset
(1)       0 : =20                CMD_RTS_bm:     equ     00100000B   ; Request To Send
(1)       0 : =10                CMD_ER_bm:      equ     00010000B   ; Error Reset
(1)       0 : =8                 CMD_SBRK_bm:    equ     00001000B   ; Send Break
(1)       0 : =4                 CMD_RxEN_bm:    equ     00000100B   ; Receive Enable
(1)       0 : =2                 CMD_DTR_bm:     equ     00000010B   ; Data Terminal Ready
(1)       0 : =1                 CMD_TxEN_bm:    equ     00000001B   ; Transmit enable
(1)       0 :
(1)       0 :                    ;;; Bit definition of status register
(1)       0 : =80                ST_DSR_bm:      equ     10000000B   ; Data Set Ready
(1)       0 : =40                ST_BRK_bm:      equ     01000000B   ; BREAK detected
(1)       0 : =20                ST_FE_bm:       equ     00100000B   ; Framing Error
(1)       0 : =10                ST_OE_bm:       equ     00010000B   ; Overrun Error
(1)       0 : =8                 ST_PE_bm:       equ     00001000B   ; Parity Error
(1)       0 : =4                 ST_TxEMPTY_bm:  equ     00000100B   ; Transmitter empty
(1)       0 : =2                 ST_RxRDY_bm:    equ     00000010B   ; Receiver ready
(1)       0 : =1                 ST_TxRDY_bm:    equ     00000001B   ; Transmitter ready
          0 :                    ;;; Async 1stop 8data x16
          0 : =4E                ASYNC_MODE:     equ     MODE_STOP1_gc|MODE_LEN8_gc|MODE_BAUD_X16
          0 :                    ;;; RTS/DTR, error reset, Rx enable, Tx enable
          0 : =37                RX_EN_TX_EN:    equ     CMD_RTS_bm|CMD_DTR_bm|CMD_ER_bm|CMD_RxEN_bm|CMD_TxEN_bm
          0 : =36                RX_EN_TX_DIS:   equ     CMD_RTS_bm|CMD_DTR_bm|CMD_ER_bm|CMD_RxEN_bm
          0 :
       1000 :                            org     1000H
       1000 :                    stack:
       1000 :
       2000 :                            org     2000H
       2000 : =80                rx_queue_size:  equ     128
       2000 :                    rx_queue:       rs      rx_queue_size
       2080 : =80                tx_queue_size:  equ     128
       2080 :                    tx_queue:       rs      tx_queue_size
       2100 :
          0 :                            org     0
          0 : 29 02 00                   jmp     init
          3 :
          3 :                    rx_vec:
          3 : 29 02 7A                   jmp     isr_intr_rx
          6 :
          6 :                    tx_vec:
          6 : 29 02 99                   jmp     isr_intr_tx
          9 :
        200 :                            org     H'0200'
        200 :                    init:
        200 : 28 02 BE                   pi      init_stack
        203 : 2A 20 00                   dci     rx_queue
        206 : 0E                         lr      Q, DC
        207 : 20 80                      li      rx_queue_size
        209 : 50                         lr      0, A
        20A : 28 03 23                   pi      call
        20D : 03 4F                      da      queue_init
        20F : 2A 20 80                   dci     tx_queue
        212 : 0E                         lr      Q, DC
        213 : 20 80                      li      tx_queue_size
        215 : 50                         lr      0, A
        216 : 28 03 23                   pi      call
        219 : 03 4F                      da      queue_init
        21B :                    init_usart:
        21B : 70                         lis     0
        21C : 27 F1                      out     USARTC
        21E : 27 F1                      out     USARTC
        220 : 27 F1                      out     USARTC          ; safest way to sync mode
        222 :                    ;;; reset
        222 : 20 40                      li      CMD_IR_bm
        224 : 27 F1                      out     USARTC
        226 : 2B                         nop
        227 : 2B                         nop
        228 : 20 4E                      li      ASYNC_MODE
        22A : 27 F1                      out     USARTC
        22C : 2B                         nop
        22D : 2B                         nop
        22E : 20 36                      li      RX_EN_TX_DIS
        230 : 27 F1                      out     USARTC
        232 : 20 03                      li      rx_vec
        234 : 27 F2                      out     USARTRV
        236 : 20 06                      li      tx_vec
        238 : 27 F3                      out     USARTTV
        23A :
        23A :                    loop:
        23A : 28 03 23                   pi      call
        23D : 06 77                      da      mandelbrot
        23F : 28 03 23                   pi      call
        242 : 02 66                      da      newline
        244 : 29 02 3A                   jmp     loop
        247 :
        247 :                    ;;; Get character
        247 :                    ;;; @return 0
        247 :                    ;;; @return CC.C 0 if no character
        247 :                    getchar:
        247 : 1B                         ei
        248 : 2B                         nop
        249 : 1A                         di
        24A : 2A 20 00                   dci     rx_queue
        24D : 0E                         lr      Q, DC
        24E : 29 03 91                   jmp     queue_remove
        251 :
        251 :                    ;;; Put character
        251 :                    ;;; @param 0
        251 :                    ;;; @clobber 0
        251 :                    putchar:
        251 : 1B                         ei
        252 : 2B                         nop
        253 : 1A                         di
        254 : 2A 20 80                   dci     tx_queue
        257 : 0E                         lr      Q, DC
        258 : 28 03 23                   pi      call
        25B : 03 61                      da      queue_add
        25D : 92 F3                      bnc     putchar         ; branch if queue is full
        25F : 20 37                      li      RX_EN_TX_EN     ; enable Tx
        261 : 27 F1                      out     USARTC
        263 : 29 03 40                   jmp     return
        266 :
        266 :                    newline:
        266 : 20 0D                      li      H'0D'
        268 : 50                         lr      0, A
        269 : 28 03 23                   pi      call
        26C : 02 51                      da      putchar
        26E : 20 0A                      li      H'0A'
        270 : 50                         lr      0,A
        271 : 29 02 51                   jmp     putchar
        274 :
        274 :                    putspace:
        274 : 20 20                      li      C' '
        276 : 50                         lr      0, A
        277 : 29 02 51                   jmp     putchar
        27A :
        27A :                    isr_intr_rx:
        27A : 08                         lr      K, P
        27B : 28 02 D5                   pi      pushK
        27E : 28 02 C1                   pi      push0
        281 : 26 F1                      in      USARTS
        283 : 21 02                      ni      ST_RxRDY_bm
        285 : 84 0D                      bz      isr_intr_end
        287 : 26 F0                      in      USARTD
        289 : 50                         lr      0, A
        28A : 2A 20 00                   dci     rx_queue
        28D : 0E                         lr      Q, DC
        28E : 28 03 23                   pi      call
        291 : 03 61                      da      queue_add
        293 :                    isr_intr_end:
        293 : 28 02 EF                   pi      pop0
        296 : 29 03 40                   jmp     return
        299 :
        299 :                    isr_intr_tx:
        299 : 08                         lr      K, P
        29A : 28 02 D5                   pi      pushK
        29D : 28 02 C1                   pi      push0
        2A0 : 2A 20 80                   dci     tx_queue
        2A3 : 0E                         lr      Q, DC
        2A4 : 28 03 23                   pi      call
        2A7 : 03 91                      da      queue_remove
        2A9 : 92 0A                      bnc     isr_intr_send_empty
        2AB : 40                         lr      A, 0
        2AC : 27 F0                      out     USARTD          ; send character
        2AE : 28 02 EF                   pi      pop0
        2B1 : 29 03 40                   jmp     return
        2B4 :                    isr_intr_send_empty:
        2B4 : 20 36                      li      RX_EN_TX_DIS    ; disable Tx
        2B6 : 27 F1                      out     USARTC
        2B8 : 28 02 EF                   pi      pop0
        2BB : 29 03 40                   jmp     return
        2BE :
        2BE :                            include "stack.inc"
(1)     2BE :                    ;;; -*- mode: asm; mode: flyspell-prog; -*-
(1)     2BE :
(1)     2BE :                    ;;; Stack pointer is 8-bit and pre-decrement and post-increment
(1)     2BE : =8                 SP:     equ     8               ; SP is scratchpad register 8
(1)     2BE : =F                 __STACK_U:      equ     ((stack - 1) >> 8)
(1)     2BE :
(1)     2BE :                    ;;; Initialize stack
(1)     2BE :                    ;;; @param stack
(1)     2BE :                    ;;; @clobber A
(1)     2BE :                    init_stack:
(1)     2BE : 70                         clr
(1)     2BF : 58                         lr      SP, A
(1)     2C0 : 1C                         pop
(1)     2C1 :
(1)     2C1 :                    ;;; Push 0
(1)     2C1 :                    ;;; @clobber A H W
(1)     2C1 :                    ;;; PI push0
(1)     2C1 :                    push0:
(1)     2C1 : 38                         ds      SP              ; SP-=1
(1)     2C2 : 20 0F                      li      __STACK_U
(1)     2C4 : 5A                         lr      HU, A
(1)     2C5 : 48                         lr      A, SP
(1)     2C6 : 5B                         lr      HL, A
(1)     2C7 : 10                         lr      DC, H           ; DC0=SP
(1)     2C8 : 40                         lr      A, 0
(1)     2C9 : 17                         st
(1)     2CA : 1C                         pop
(1)     2CB :
(1)     2CB :                    ;;; Push 1
(1)     2CB :                    ;;; @clobber A H W
(1)     2CB :                    ;;; PI push1
(1)     2CB :                    push1:
(1)     2CB : 38                         ds      SP              ; SP-=1
(1)     2CC : 20 0F                      li      __STACK_U
(1)     2CE : 5A                         lr      HU, A
(1)     2CF : 48                         lr      A, SP
(1)     2D0 : 5B                         lr      HL, A
(1)     2D1 : 10                         lr      DC, H           ; DC0=SP
(1)     2D2 : 41                         lr      A, 1
(1)     2D3 : 17                         st
(1)     2D4 : 1C                         pop
(1)     2D5 :
(1)     2D5 :                    ;;; Push K
(1)     2D5 :                    ;;; @clobber A H W
(1)     2D5 :                    ;;; PI pushK
(1)     2D5 :                    pushK:
(1)     2D5 : 38                         ds      SP
(1)     2D6 : 38                         ds      SP              ; SP-=2
(1)     2D7 : 20 0F                      li      __STACK_U
(1)     2D9 : 5A                         lr      HU, A
(1)     2DA : 48                         lr      A, SP
(1)     2DB : 5B                         lr      HL, A
(1)     2DC : 10                         lr      DC, H           ; DC0=SP
(1)     2DD : 00                         lr      A, KU
(1)     2DE : 17                         st
(1)     2DF : 01                         lr      A, KL
(1)     2E0 : 17                         st
(1)     2E1 : 1C                         pop
(1)     2E2 :
(1)     2E2 :                    ;;; Push Q
(1)     2E2 :                    ;;; @clobber A H W
(1)     2E2 :                    ;;; PI pushQ
(1)     2E2 :                    pushQ:
(1)     2E2 : 38                         ds      SP
(1)     2E3 : 38                         ds      SP              ; SP -= 2
(1)     2E4 : 20 0F                      li      __STACK_U
(1)     2E6 : 5A                         lr      HU, A
(1)     2E7 : 48                         lr      A, SP
(1)     2E8 : 5B                         lr      HL, A
(1)     2E9 : 10                         lr      DC, H           ; DC0=SP
(1)     2EA : 02                         lr      A, QU
(1)     2EB : 17                         st
(1)     2EC : 03                         lr      A, QL
(1)     2ED : 17                         st
(1)     2EE : 1C                         pop
(1)     2EF :
(1)     2EF :                    ;;; POP 0
(1)     2EF :                    ;;; @clobber A H
(1)     2EF :                    ;;; PI pop0
(1)     2EF :                    pop0:
(1)     2EF : 20 0F                      li      __STACK_U
(1)     2F1 : 5A                         lr      HU, A
(1)     2F2 : 48                         lr      A, SP
(1)     2F3 : 5B                         lr      HL, A
(1)     2F4 : 10                         lr      DC, H           ; DC0=SP
(1)     2F5 : 16                         lm
(1)     2F6 : 50                         lr      0, A
(1)     2F7 : 11                         lr      H, DC
(1)     2F8 : 4B                         lr      A, HL
(1)     2F9 : 58                         lr      SP, A
(1)     2FA : 1C                         pop
(1)     2FB :
(1)     2FB :                    ;;; POP 1
(1)     2FB :                    ;;; @clobber A H
(1)     2FB :                    ;;; PI pop1
(1)     2FB :                    pop1:
(1)     2FB : 20 0F                      li      __STACK_U
(1)     2FD : 5A                         lr      HU, A
(1)     2FE : 48                         lr      A, SP
(1)     2FF : 5B                         lr      HL, A
(1)     300 : 10                         lr      DC, H           ; DC0=SP
(1)     301 : 16                         lm
(1)     302 : 51                         lr      1, A
(1)     303 : 11                         lr      H, DC
(1)     304 : 4B                         lr      A, HL
(1)     305 : 58                         lr      SP, A
(1)     306 : 1C                         pop
(1)     307 :
(1)     307 :                    ;;; Pop K
(1)     307 :                    ;;; @clobber A H
(1)     307 :                    ;;; PI popK
(1)     307 :                    popK:
(1)     307 : 20 0F                      li      __STACK_U
(1)     309 : 5A                         lr      HU, A
(1)     30A : 48                         lr      A, SP
(1)     30B : 5B                         lr      HL, A
(1)     30C : 10                         lr      DC, H           ; DC0=SP
(1)     30D : 16                         lm
(1)     30E : 04                         lr      KU, A
(1)     30F : 16                         lm
(1)     310 : 05                         lr      KL, A
(1)     311 : 11                         lr      H, DC
(1)     312 : 4B                         lr      A, HL
(1)     313 : 58                         lr      SP, A
(1)     314 : 1C                         pop
(1)     315 :
(1)     315 :                    ;;; pop Q
(1)     315 :                    ;;; @clobber A H
(1)     315 :                    ;;; PI popQ
(1)     315 :                    popQ:
(1)     315 : 20 0F                      li      __STACK_U
(1)     317 : 5A                         lr      HU, A
(1)     318 : 48                         lr      A, SP
(1)     319 : 5B                         lr      HL, A
(1)     31A : 10                         lr      DC, H           ; DC0=SP
(1)     31B : 16                         lm
(1)     31C : 06                         lr      QU, A
(1)     31D : 16                         lm
(1)     31E : 07                         lr      QL, A
(1)     31F : 11                         lr      H, DC
(1)     320 : 4B                         lr      A, HL
(1)     321 : 58                         lr      SP, A
(1)     322 : 1C                         pop
(1)     323 :
(1)     323 :                    ;;; Call subroutine
(1)     323 :                    ;;; @clobber A H K W
(1)     323 :                    ;;; PI call
(1)     323 :                    ;;; DA subroutine
(1)     323 :                    call:
(1)     323 : 08                         lr      K, P
(1)     324 : 00                         lr      A, KU
(1)     325 : 5A                         lr      HU, A
(1)     326 : 01                         lr      A, KL
(1)     327 : 5B                         lr      HL, A
(1)     328 : 10                         lr      DC, H           ; DC0=PC1
(1)     329 : 16                         lm
(1)     32A : 04                         lr      KU, A
(1)     32B : 16                         lm
(1)     32C : 05                         lr      KL, A
(1)     32D : 09                         lr      P, K            ; PC1=subroutine address
(1)     32E : 11                         lr      H, DC
(1)     32F : 4A                         lr      A, HU
(1)     330 : 04                         lr      KU, A
(1)     331 : 4B                         lr      A, HL
(1)     332 : 05                         lr      KL, A           ; K=return address
(1)     333 : 38                         ds      SP
(1)     334 : 38                         ds      SP              ; SP-=2
(1)     335 : 20 0F                      li      __STACK_U
(1)     337 : 5A                         lr      HU, A
(1)     338 : 48                         lr      A, SP
(1)     339 : 5B                         lr      HL, A
(1)     33A : 10                         lr      DC, H           ; DC0=SP
(1)     33B : 00                         lr      A, KU
(1)     33C : 17                         st
(1)     33D : 01                         lr      A, KL
(1)     33E : 17                         st
(1)     33F : 1C                         pop                     ; jump to subroutine
(1)     340 :
(1)     340 :                    ;;; Return from subroutine
(1)     340 :                    ;;; @clobber A H K
(1)     340 :                    ;;; JMP return
(1)     340 :                    return:
(1)     340 : 20 0F                      li      __STACK_U
(1)     342 : 5A                         lr      HU, A
(1)     343 : 48                         lr      A, SP
(1)     344 : 5B                         lr      HL, A
(1)     345 : 10                         lr      DC, H           ; DC0=SP
(1)     346 : 16                         lm
(1)     347 : 04                         lr      KU, A
(1)     348 : 16                         lm
(1)     349 : 05                         lr      KL, A
(1)     34A : 11                         lr      H, DC
(1)     34B : 4B                         lr      A, HL
(1)     34C : 58                         lr      SP, A
(1)     34D : 09                         lr      P, K            ; PC1=return address
(1)     34E : 1C                         pop
        34F :                            include "queue.inc"
(1)     34F :                    ;;; -*- mode: asm; mode: flyspell-prog; -*-
(1)     34F :                    ;;; [queue] queue structure
(1)     34F : =0                 queue_len:      equ     0       ; queue length
(1)     34F : =1                 queue_size:     equ     1       ; buffer size
(1)     34F : =2                 queue_put:      equ     2       ; queue put index
(1)     34F : =3                 queue_get:      equ     3       ; queue get index
(1)     34F : =4                 queue_buf:      equ     4       ; buffer start offset
(1)     34F :
(1)     34F :                    ;;; [queue] Initialize queue
(1)     34F :                    ;;; @param Q queue work space pointer
(1)     34F :                    ;;; @param 0 queue work space size
(1)     34F :                    ;;; @clobber A H DC
(1)     34F :                    queue_init:
(1)     34F : 0F                         lr      DC, Q
(1)     350 : 70                         clr
(1)     351 : 17                         st                      ; queue_len = 0
(1)     352 : 40                         lr      A, 0            ; restore queue size
(1)     353 : 24 FC                      ai      -queue_buf
(1)     355 : 17                         st                      ; queue_size
(1)     356 : 24 02                      ai      2               ; for queue_put and queue_get
(1)     358 : 50                         lr      0, A            ; save counter
(1)     359 : 70                         clr
(1)     35A :                    queue_init_loop:
(1)     35A : 17                         st
(1)     35B : 30                         ds      0               ; decrement counter
(1)     35C : 94 FD                      bnz     queue_init_loop
(1)     35E : 29 03 40                   jmp     return
(1)     361 :
(1)     361 :                    ;;; [queue] Add an element to queue
(1)     361 :                    ;;; @param Q queue work space pointer
(1)     361 :                    ;;; @param 0 an element
(1)     361 :                    ;;; @return F.C 0 if queue is full
(1)     361 :                    ;;; @clobber A H DC
(1)     361 :                    queue_add:
(1)     361 : 0F                         lr      DC, Q
(1)     362 : 16                         lm                      ; queue_len
(1)     363 : 5B                         lr      HL, A           ; HL=queue_len
(1)     364 : 16                         lm                      ; queue_size
(1)     365 : 18                         com
(1)     366 : 1F                         inc                     ; A=-queue_size
(1)     367 : CB                         as      HL              ; queue_len-queue_size
(1)     368 : 82 24                      bc      queue_add_end   ; queue_len >= queue_size
(1)     36A : 4B                         lr      A, HL
(1)     36B : 1F                         inc                     ; queue_len++
(1)     36C : 0F                         lr      DC, Q
(1)     36D : 17                         st                      ; update queue_len
(1)     36E : 16                         lm                      ; queue_size
(1)     36F : 16                         lm                      ; queue_put
(1)     370 : 1F                         inc                     ; for queue_get
(1)     371 : 8E                         adc                     ; DC=&queue_buf[queue_put]
(1)     372 : 40                         lr      A, 0            ; get element
(1)     373 : 17                         st                      ; store element
(1)     374 : 0F                         lr      DC, Q
(1)     375 : 16                         lm                      ; queue_len
(1)     376 : 16                         lm                      ; queue_size
(1)     377 : 18                         com
(1)     378 : 1F                         inc
(1)     379 : 5B                         lr      HL, A           ; HL=-queue_size
(1)     37A : 16                         lm                      ; queue_put
(1)     37B : 1F                         inc                     ; queue_put++
(1)     37C : 5A                         lr      HU, A           ; HU=queue_put
(1)     37D : CB                         as      HL              ; queue_put-queue_size
(1)     37E : 92 03                      bnc     queue_add_update ; queue_put < queue_size
(1)     380 : 70                         clr
(1)     381 : 5A                         lr      HU, A           ; wrap around
(1)     382 :                    queue_add_update:
(1)     382 : 0F                         lr      DC, Q
(1)     383 : 16                         lm                      ; queue_len
(1)     384 : 16                         lm                      ; queue_size
(1)     385 : 4A                         lr      A, HU
(1)     386 : 17                         st                      ; update queue_put
(1)     387 : 70                         clr
(1)     388 : 18                         com
(1)     389 : 1F                         inc                     ; set carry
(1)     38A : 29 03 40                   jmp     return
(1)     38D :                    queue_add_end:
(1)     38D : 18                         com                     ; clear carry
(1)     38E : 29 03 40                   jmp     return
(1)     391 :
(1)     391 :                    ;;; [queue] Remove an element from queue
(1)     391 :                    ;;; @param Q queue work space pointer
(1)     391 :                    ;;; @return 0 an element
(1)     391 :                    ;;; @return F.C 0 if queue is empty
(1)     391 :                    ;;; @clobber A H DC
(1)     391 :                    queue_remove:
(1)     391 : 0F                         lr      DC, Q
(1)     392 : 70                         clr
(1)     393 : 8B                         om                      ; queue_len
(1)     394 : 84 26                      bz      queue_remove_empty
(1)     396 : 24 FF                      ai      -1              ; queue_len--
(1)     398 : 0F                         lr      DC, Q
(1)     399 : 17                         st                      ; update queue_len
(1)     39A : 16                         lm                      ; queue_size
(1)     39B : 16                         lm                      ; queue_put
(1)     39C : 16                         lm                      ; queue_get
(1)     39D : 8E                         adc                     ; DC=&queue_buf[queue_get]
(1)     39E : 16                         lm                      ; read element
(1)     39F : 50                         lr      0, A            ; save element
(1)     3A0 : 0F                         lr      DC, Q
(1)     3A1 : 16                         lm                      ; queue_len
(1)     3A2 : 16                         lm                      ; queue_size
(1)     3A3 : 18                         com
(1)     3A4 : 1F                         inc
(1)     3A5 : 5B                         lr      HL, A           ; HL=-queue_size
(1)     3A6 : 16                         lm                      ; queue_put
(1)     3A7 : 16                         lm                      ; queue_get
(1)     3A8 : 1F                         inc                     ; queue_get++
(1)     3A9 : 5A                         lr      HU, A           ; HU=queue_get
(1)     3AA : CB                         as      HL              ; queue_get-queue_size
(1)     3AB : 92 03                      bnc     queue_remove_update ; queue_get<queueu_size
(1)     3AD : 70                         clr
(1)     3AE : 5A                         lr      HU, A           ; wrap around
(1)     3AF :                    queue_remove_update:
(1)     3AF : 0F                         lr      DC, Q
(1)     3B0 : 16                         lm                      ; queue_len
(1)     3B1 : 16                         lm                      ; queue_size
(1)     3B2 : 16                         lm                      ; queue_put
(1)     3B3 : 4A                         lr      A, HU
(1)     3B4 : 17                         st                      ; update queue_get
(1)     3B5 : 70                         clr
(1)     3B6 : 18                         com
(1)     3B7 : 1F                         inc                     ; set carry
(1)     3B8 : 29 03 40                   jmp     return
(1)     3BB :                    queue_remove_empty:
(1)     3BB : 18                         com                     ; clear carry
(1)     3BC : 29 03 40                   jmp     return
        3BF :                            include "arith.inc"
(1)     3BF :                    ;;; -*- mode: asm; mode: flyspell-prog; -*-
(1)     3BF :                            cpu     f3850
(1)     3BF :
(1)     3BF :                    ;;; Print unsigned 16-bit integer as decimal
(1)     3BF :                    ;;; @param 0:1 value
(1)     3BF :                    ;;; @clobber 0 1 4 5 6 7 A
(1)     3BF :                    print_uint16:
(1)     3BF : 40                         lr      A, 0
(1)     3C0 : 22 00                      oi      0
(1)     3C2 : 94 06                      bnz     print_uint16_inner
(1)     3C4 : 41                         lr      A, 1
(1)     3C5 : 22 00                      oi      0
(1)     3C7 : 84 29                      bz      print_uint16_zero
(1)     3C9 :                    print_uint16_inner:
(1)     3C9 : 40                         lr      A, 0
(1)     3CA : 54                         lr      4, A
(1)     3CB : 41                         lr      A, 1
(1)     3CC : 55                         lr      5, A            ; 4:5=value
(1)     3CD :                    print_uint16_loop:
(1)     3CD : 44                         lr      A, 4
(1)     3CE : 22 00                      oi      0
(1)     3D0 : 94 09                      bnz     print_uint16_digit
(1)     3D2 : 45                         lr      A, 5
(1)     3D3 : 22 00                      oi      0
(1)     3D5 : 94 04                      bnz     print_uint16_digit
(1)     3D7 : 29 03 40                   jmp     return
(1)     3DA :                    print_uint16_digit:
(1)     3DA : 70                         clr
(1)     3DB : 56                         lr      6, A
(1)     3DC : 20 0A                      li      10
(1)     3DE : 57                         lr      7, A            ; 6:7=10
(1)     3DF : 28 03 23                   pi      call
(1)     3E2 : 05 64                      da      udiv16          ; 4:5/6:7=4:5...6:7
(1)     3E4 : 47                         lr      A, 7
(1)     3E5 : 50                         lr      0, A
(1)     3E6 : 28 02 C1                   pi      push0           ; push remainder
(1)     3E9 : 28 03 23                   pi      call
(1)     3EC : 03 CD                      da      print_uint16_loop
(1)     3EE : 28 02 EF                   pi      pop0
(1)     3F1 :                    print_uint16_zero:
(1)     3F1 : 20 30                      li      C'0'
(1)     3F3 : C0                         as      0
(1)     3F4 : 50                         lr      0, A
(1)     3F5 : 29 02 51                   jmp     putchar
(1)     3F8 :
(1)     3F8 :                    ;;; Print signed 16-bit integer as decimal
(1)     3F8 :                    ;;; @param 0:1 value
(1)     3F8 :                    ;;; @clobber 0 1 4 5 6 7 A
(1)     3F8 :                    print_int16:
(1)     3F8 : 40                         lr      A, 0
(1)     3F9 : 22 00                      oi      0
(1)     3FB : 81 C3                      bp      print_uint16
(1)     3FD : 28 02 C1                   pi      push0
(1)     400 : 20 2D                      li      C'-'
(1)     402 : 50                         lr      0, A
(1)     403 : 28 03 23                   pi      call
(1)     406 : 02 51                      da      putchar         ; print '-'
(1)     408 : 28 02 EF                   pi      pop0
(1)     40B : 40                         lr      A, 0
(1)     40C : 18                         com
(1)     40D : 50                         lr      0, A
(1)     40E : 41                         lr      A, 1
(1)     40F : 18                         com
(1)     410 : 1F                         inc
(1)     411 : 51                         lr      1, A
(1)     412 : 40                         lr      A, 0
(1)     413 : 19                         lnk
(1)     414 : 50                         lr      0, A            ; 0:1=-value
(1)     415 : 90 A9                      br      print_uint16
(1)     417 :
(1)     417 :                    ;;; Negation; result = -value
(1)     417 :                    ;;; @param @2: result
(1)     417 :                    ;;; @param @3: value
(1)     417 :                    ;;; @clobber 0 1 ISAR A
(1)     417 :                    negsi2:
(1)     417 : 43                         lr      A, 3
(1)     418 : 0B                         lr      IS, A           ; point MSB(value)
(1)     419 : 4D                         lr      A, I
(1)     41A : 18                         com
(1)     41B : 50                         lr      0, A            ; MSB(~value)
(1)     41C : 4C                         lr      A, S
(1)     41D : 18                         com
(1)     41E : 51                         lr      1, A            ; LSB(~value)
(1)     41F : 42                         lr      A, 2
(1)     420 : 1F                         inc
(1)     421 : 0B                         lr      IS, A           ; point LSB(@2)
(1)     422 : 41                         lr      A, 1
(1)     423 : 1F                         inc
(1)     424 : 5E                         lr      D, A            ; LSB(-value)
(1)     425 : 40                         lr      A, 0
(1)     426 : 19                         lnk
(1)     427 : 5C                         lr      S, A            ; MSB(-value)
(1)     428 : 29 03 40                   jmp     return
(1)     42B :
(1)     42B :                    ;;; Negation; result = -result
(1)     42B :                    ;;; @param 0:1 result
(1)     42B :                    ;;; @clobber A
(1)     42B :                    negsi1:
(1)     42B : 40                         lr      A, 0
(1)     42C : 18                         com
(1)     42D : 50                         lr      0, A            ; MSB(~result)
(1)     42E : 41                         lr      A, 1
(1)     42F : 18                         com
(1)     430 : 1F                         inc
(1)     431 : 51                         lr      1, A            ; LSB(-result)
(1)     432 : 40                         lr      A, 0
(1)     433 : 19                         lnk
(1)     434 : 50                         lr      0, A            ; MSB(-result)
(1)     435 : 29 03 40                   jmp     return
(1)     438 :
(1)     438 :                    ;;; Signed addition: summand += addend
(1)     438 :                    ;;; @param @2: summand
(1)     438 :                    ;;; @param @3: addend
(1)     438 :                    ;;; @clobber 0 1 ISAR A
(1)     438 :                    addsi2:
(1)     438 : 43                         lr      A, 3
(1)     439 : 0B                         lr      IS, A           ; point MSB(addend)
(1)     43A : 4D                         lr      A, I
(1)     43B : 50                         lr      0, A            ; MSB(addend)
(1)     43C : 4C                         lr      A, S
(1)     43D : 51                         lr      1, A            ; LSB(addend)
(1)     43E : 42                         lr      A, 2
(1)     43F : 1F                         inc
(1)     440 : 0B                         lr      IS, A           ; point LSB(summand)
(1)     441 : 4C                         lr      A, S
(1)     442 : C1                         as      1
(1)     443 : 5E                         lr      D, A            ; store LSB(summand)
(1)     444 : 4C                         lr      A, S
(1)     445 : 19                         lnk
(1)     446 : C0                         as      0
(1)     447 : 5C                         lr      S, A
(1)     448 : 29 03 40                   jmp     return
(1)     44B :
(1)     44B :                    ;;; Signed subtraction: minuend -= subtrahend
(1)     44B :                    ;;; @param @2: minuend
(1)     44B :                    ;;; @param @3: subtrahend
(1)     44B :                    ;;; @clobber 0 1 A
(1)     44B :                    subsi2:
(1)     44B : 43                         lr      A, 3
(1)     44C : 0B                         lr      IS, A           ; point MSB(subtrahend)
(1)     44D : 4D                         lr      A, I
(1)     44E : 18                         com
(1)     44F : 50                         lr      0, A            ; MSB(~subtrahend)
(1)     450 : 4C                         lr      A, S
(1)     451 : 18                         com
(1)     452 : 1F                         inc
(1)     453 : 51                         lr      1, A            ; LSB(-subtrahend)
(1)     454 : 40                         lr      A, 0
(1)     455 : 19                         lnk
(1)     456 : 50                         lr      0, A            ; MSB(-subtrahend)
(1)     457 : 42                         lr      A, 2
(1)     458 : 1F                         inc
(1)     459 : 0B                         lr      IS, A           ; point LSB(minuend)
(1)     45A : 4C                         lr      A, S
(1)     45B : C1                         as      1
(1)     45C : 5E                         lr      D, A            ; store LSB(minuend)
(1)     45D : 4C                         lr      A, S
(1)     45E : 19                         lnk
(1)     45F : C0                         as      0
(1)     460 : 5C                         lr      S, A
(1)     461 : 29 03 40                   jmp     return
(1)     464 :
(1)     464 :                    ;;; Signed comparison: minuend - subtrahend
(1)     464 :                    ;;; @param @2: minuend
(1)     464 :                    ;;; @param @3: subtrahend
(1)     464 :                    ;;; @return W.Z, W.S
(1)     464 :                    ;;; @clobber 0 1 ISAR A J
(1)     464 :                    cmpsi2:
(1)     464 : 43                         lr      A, 3
(1)     465 : 0B                         lr      IS, A           ; point MSB(subtrahend)
(1)     466 : 4D                         lr      A, I
(1)     467 : 18                         com
(1)     468 : 50                         lr      0, A            ; MSB(~subtrahend)
(1)     469 : 4C                         lr      A, S
(1)     46A : 18                         com
(1)     46B : 51                         lr      1, A            ; LSB(~subtrahend)
(1)     46C : 42                         lr      A, 2
(1)     46D : 1F                         inc
(1)     46E : 0B                         lr      IS, A           ; point LSB(minuend)
(1)     46F : 4E                         lr      A, D
(1)     470 : C1                         as      1
(1)     471 : 1E                         lr      J, W            ; J.C=carry of LSB(minuend+~subtrahend)
(1)     472 : 1F                         inc
(1)     473 : 51                         lr      1, A            ; LSB(minuend+~subtrahend+1)
(1)     474 : 49                         lr      A, J
(1)     475 : 92 03                      bnc     cmpsi2_lc
(1)     477 : 22 02                      oi      H'02'           ; C=C(AS)|C(INC)
(1)     479 :                    cmpsi2_lc:
(1)     479 : 59                         lr      J, A
(1)     47A : 1D                         lr      W, J            ; W.C=carry into MSB
(1)     47B : 4C                         lr      A, S
(1)     47C : 19                         lnk
(1)     47D : 1E                         lr      J, W            ; J.OVF=overflow of the carry add
(1)     47E : C0                         as      0
(1)     47F : 50                         lr      0, A            ; MSB(minuend+~subtrahend+carry)
(1)     480 : 49                         lr      A, J            ; A=W after LNK
(1)     481 : 98 03                      bno     cmpsi2_nov
(1)     483 : 23 08                      xi      H'08'           ; OVF=OVF(LNK)^OVF(AS)
(1)     485 :                    cmpsi2_nov:
(1)     485 : 15                         sl      4               ; MSB(A)=overflow
(1)     486 : 59                         lr      J, A            ; MSB(J)=overflow
(1)     487 : 40                         lr      A, 0
(1)     488 : 22 00                      oi      0
(1)     48A : 94 06                      bnz     cmpsi2_cmp
(1)     48C : 41                         lr      A, 1
(1)     48D : 22 00                      oi      0
(1)     48F : 84 05                      bz      cmpsi2_eq       ; minuend==subtrahend
(1)     491 :                    cmpsi2_cmp:
(1)     491 : 40                         lr      A, 0            ; sign(minuend-subtrahend)
(1)     492 : E9                         xs      J               ; sign^overflow
(1)     493 : 22 01                      oi      1               ; W.Z=0, W.S=result
(1)     495 :                    cmpsi2_eq:
(1)     495 : 29 03 40                   jmp     return          ; W.Z=1
(1)     498 :
(1)     498 :                    ;;; Unsigned multiplication: result = multiplicand * multiplier
(1)     498 :                    ;;; @param 4:5 multiplicand
(1)     498 :                    ;;; @param 6:7 multiplier
(1)     498 :                    ;;; @return 4:5 result
(1)     498 :                    ;;; @clobber 4 5 6 7
(1)     498 :                    umul16:
(1)     498 : 28 02 E2                   pi      pushQ           ; save Q
(1)     49B : 28 02 C1                   pi      push0           ; save 0
(1)     49E : 70                         clr
(1)     49F : 06                         lr      QU, A
(1)     4A0 : 07                         lr      QL, A           ; result=0
(1)     4A1 : 90 25                      br      umul16_check
(1)     4A3 :                    umul16_loop:
(1)     4A3 : 47                         lr      A, 7
(1)     4A4 : 21 01                      ni      1
(1)     4A6 : 84 08                      bz      umul16_sr       ; lsb(multiplier)==0
(1)     4A8 : 03                         lr      A, QL
(1)     4A9 : C5                         as      5
(1)     4AA : 07                         lr      QL, A
(1)     4AB : 02                         lr      A, QU
(1)     4AC : 19                         lnk
(1)     4AD : C4                         as      4
(1)     4AE : 06                         lr      QU, A           ; result += multiplicand
(1)     4AF :                    umul16_sr:
(1)     4AF : 70                         clr
(1)     4B0 : 50                         lr      0, A            ; 0=carry
(1)     4B1 : 46                         lr      A, 6
(1)     4B2 : 21 01                      ni      1
(1)     4B4 : 84 04                      bz      umul16_sr_nz
(1)     4B6 : 20 80                      li      H'80'
(1)     4B8 : 50                         lr      0, A            ; set carry
(1)     4B9 :                    umul16_sr_nz:
(1)     4B9 : 46                         lr      A, 6
(1)     4BA : 12                         sr      1
(1)     4BB : 56                         lr      6, A
(1)     4BC : 47                         lr      A, 7
(1)     4BD : 12                         sr      1
(1)     4BE : E0                         xs      0               ; shift in carry
(1)     4BF : 57                         lr      7, A            ; multiplier >>= 1
(1)     4C0 :                    umul16_next:
(1)     4C0 : 45                         lr      A, 5
(1)     4C1 : C5                         as      5
(1)     4C2 : 55                         lr      5, A
(1)     4C3 : 44                         lr      A, 4
(1)     4C4 : 19                         lnk
(1)     4C5 : C4                         as      4
(1)     4C6 : 54                         lr      4, A            ; multiplicand <<= 1
(1)     4C7 :                    umul16_check:
(1)     4C7 : 46                         lr      A, 6
(1)     4C8 : 22 00                      oi      0
(1)     4CA : 94 D8                      bnz     umul16_loop
(1)     4CC : 47                         lr      A, 7
(1)     4CD : 22 00                      oi      0
(1)     4CF : 94 D3                      bnz     umul16_loop     ; while multiplier != 0
(1)     4D1 : 02                         lr      A, QU
(1)     4D2 : 54                         lr      4, A
(1)     4D3 : 03                         lr      A, QL
(1)     4D4 : 55                         lr      5, A            ; 4:5=result
(1)     4D5 : 28 02 EF                   pi      pop0            ; restore 0
(1)     4D8 : 28 03 15                   pi      popQ            ; restore Q
(1)     4DB : 29 03 40                   jmp     return
(1)     4DE :
(1)     4DE :                    ;;; Signed multiplication: multiplicand *= multiplier
(1)     4DE :                    ;;; @param @2: multiplicand
(1)     4DE :                    ;;; @param @3: multiplier
(1)     4DE :                    ;;; @clobber 4 5 6 7 A
(1)     4DE :                    mulsi2:
(1)     4DE : 42                         lr      A, 2
(1)     4DF : 1F                         inc
(1)     4E0 : 0B                         lr      IS, A           ; point LSB(@2)
(1)     4E1 : 4E                         lr      A, D
(1)     4E2 : 55                         lr      5, A
(1)     4E3 : 4C                         lr      A, S
(1)     4E4 : 54                         lr      4, A            ; 4:5=multiplicand
(1)     4E5 : 22 00                      oi      0
(1)     4E7 : 81 0A                      bp      mulsi2_multiplier
(1)     4E9 : 18                         com
(1)     4EA : 54                         lr      4, A            ; MSB(~multiplicand)
(1)     4EB : 45                         lr      A, 5
(1)     4EC : 18                         com
(1)     4ED : 1F                         inc
(1)     4EE : 55                         lr      5, A            ; LSB(-multiplicand)
(1)     4EF : 44                         lr      A, 4
(1)     4F0 : 19                         lnk
(1)     4F1 : 54                         lr      4, A            ; MSB(-multiplicand)
(1)     4F2 :                    mulsi2_multiplier:
(1)     4F2 : 43                         lr      A, 3
(1)     4F3 : 1F                         inc
(1)     4F4 : 0B                         lr      IS, A           ; point LSB(@3)
(1)     4F5 : 4E                         lr      A, D
(1)     4F6 : 57                         lr      7, A
(1)     4F7 : 4C                         lr      A, S
(1)     4F8 : 56                         lr      6, A
(1)     4F9 : 22 00                      oi      0
(1)     4FB : 81 0A                      bp      mulsi2_multiply
(1)     4FD : 18                         com
(1)     4FE : 56                         lr      6, A            ; MSB(~multiplier)
(1)     4FF : 47                         lr      A, 7
(1)     500 : 18                         com
(1)     501 : 1F                         inc
(1)     502 : 57                         lr      7, A            ; LSB(-multiplier)
(1)     503 : 46                         lr      A, 6
(1)     504 : 19                         lnk
(1)     505 : 56                         lr      6, A            ; MSB(-multiplier)
(1)     506 :                    mulsi2_multiply:
(1)     506 : 28 03 23                   pi      call
(1)     509 : 04 98                      da      umul16
(1)     50B : 43                         lr      A, 3
(1)     50C : 0B                         lr      IS, A
(1)     50D : 4C                         lr      A, S
(1)     50E : 56                         lr      6, A            ; MSB(multiplier)
(1)     50F : 42                         lr      A, 2
(1)     510 : 0B                         lr      IS, A
(1)     511 : 4C                         lr      A, S            ; MSB(multiplicand)
(1)     512 : E6                         xs      6               ; MSB(multiplicand^multiplier)
(1)     513 : 81 0B                      bp      mulsi2_store
(1)     515 : 44                         lr      A, 4
(1)     516 : 18                         com
(1)     517 : 54                         lr      4, A            ; MSB(~result)
(1)     518 : 45                         lr      A, 5
(1)     519 : 18                         com
(1)     51A : 1F                         inc
(1)     51B : 55                         lr      5, A            ; LSB(-result)
(1)     51C : 44                         lr      A, 4
(1)     51D : 19                         lnk
(1)     51E : 54                         lr      4, A            ; MSB(-result)
(1)     51F :                    mulsi2_store:
(1)     51F : 44                         lr      A, 4
(1)     520 : 5D                         lr      I, A
(1)     521 : 45                         lr      A, 5
(1)     522 : 5C                         lr      S, A            ; @2=result
(1)     523 : 29 03 40                   jmp     return
(1)     526 :
(1)     526 :                    ;;; Unsigned comparison: minuend - subtrahend
(1)     526 :                    ;;; @param 4:5 minuend
(1)     526 :                    ;;; @param 6:7 subtrahend
(1)     526 :                    ;;; @clobber J
(1)     526 :                    ;;; @return W.Z W.S
(1)     526 :                    ucmp16:
(1)     526 : 28 02 CB                   pi      push1
(1)     529 : 28 02 C1                   pi      push0
(1)     52C : 46                         lr      A, 6
(1)     52D : 18                         com
(1)     52E : 50                         lr      0, A            ; MSB(~subtrahend)
(1)     52F : 47                         lr      A, 7
(1)     530 : 18                         com
(1)     531 : 51                         lr      1, A            ; LSB(~subtrahend)
(1)     532 : 45                         lr      A, 5
(1)     533 : C1                         as      1
(1)     534 : 1E                         lr      J, W            ; J.C=carry of LSB(minuend+~subtrahend)
(1)     535 : 1F                         inc
(1)     536 : 51                         lr      1, A            ; LSB(minuend+~subtrahend+1)
(1)     537 : 49                         lr      A, J
(1)     538 : 92 03                      bnc     ucmp16_lc
(1)     53A : 22 02                      oi      H'02'           ; C=C(AS)|C(INC)
(1)     53C :                    ucmp16_lc:
(1)     53C : 59                         lr      J, A
(1)     53D : 1D                         lr      W, J            ; W.C=carry into MSB
(1)     53E : 44                         lr      A, 4
(1)     53F : 19                         lnk
(1)     540 : 1E                         lr      J, W            ; J.C=carry of the carry add
(1)     541 : C0                         as      0
(1)     542 : 50                         lr      0, A            ; 0:1=minuend-subtrahend
(1)     543 : 49                         lr      A, J            ; A=W after LNK
(1)     544 : 92 03                      bnc     ucmp16_nc
(1)     546 : 22 02                      oi      H'02'           ; C=C(LNK)|C(AS)
(1)     548 :                    ucmp16_nc:
(1)     548 : 15                         sl      4
(1)     549 : 13                         sl      1
(1)     54A : 13                         sl      1               ; sign=carry << 6
(1)     54B : 59                         lr      J, A
(1)     54C : 40                         lr      A, 0
(1)     54D : 22 00                      oi      0
(1)     54F : 94 06                      bnz     ucmp16_cmp
(1)     551 : 41                         lr      A, 1
(1)     552 : 22 00                      oi      0
(1)     554 : 84 06                      bz      ucmp16_eq
(1)     556 :                    ucmp16_cmp:
(1)     556 : 49                         lr      A, J
(1)     557 : 23 80                      xi      H'80'
(1)     559 : 22 01                      oi      1               ; W.Z=0, W.S=~W.C
(1)     55B :                    ucmp16_eq:     
(1)     55B : 28 02 EF                   pi      pop0
(1)     55E : 28 02 FB                   pi      pop1
(1)     561 : 29 03 40                   jmp     return
(1)     564 :
(1)     564 :                    ;;; Unsigned division: dividend / divisor = quotient ... remainder
(1)     564 :                    ;;; @param 4:5 dividend
(1)     564 :                    ;;; @param 6:7 divisor
(1)     564 :                    ;;; @return 4:5 quotient
(1)     564 :                    ;;; @return 6:7 remainder
(1)     564 :                    ;;; @clobber 4 5 6 7 A
(1)     564 :                    udiv16:
(1)     564 : 28 02 E2                   pi      pushQ           ; save Q
(1)     567 : 28 02 CB                   pi      push1           ; save 1
(1)     56A : 28 02 C1                   pi      push0           ; save 0
(1)     56D : 71                         lis     1
(1)     56E : 50                         lr      0, A            ; bits=1
(1)     56F : 46                         lr      A, 6
(1)     570 : 22 00                      oi      0
(1)     572 : 94 1C                      bnz     udiv16_prep
(1)     574 : 47                         lr      A, 7
(1)     575 : 22 00                      oi      0
(1)     577 : 94 17                      bnz     udiv16_prep
(1)     579 : 28 02 EF                   pi      pop0
(1)     57C : 28 02 FB                   pi      pop1
(1)     57F : 28 03 15                   pi      popQ
(1)     582 : 29 03 40                   jmp     return          ; divide by zero
(1)     585 :                    udiv16_prep_loop:
(1)     585 : 47                         lr      A, 7
(1)     586 : C7                         as      7
(1)     587 : 57                         lr      7, A
(1)     588 : 46                         lr      A, 6
(1)     589 : 19                         lnk
(1)     58A : C6                         as      6
(1)     58B : 56                         lr      6, A            ; divisor <<= 1
(1)     58C : 40                         lr      A, 0
(1)     58D : 1F                         inc
(1)     58E : 50                         lr      0, A            ; ++bits
(1)     58F :                    udiv16_prep:
(1)     58F : 46                         lr      A, 6
(1)     590 : 22 00                      oi      0
(1)     592 : 81 F2                      bp      udiv16_prep_loop ; while msb(divisor) == 0
(1)     594 : 70                         clr
(1)     595 : 06                         lr      QU, A
(1)     596 : 07                         lr      QL, A           ; Q=quotient
(1)     597 : 90 21                      br      udiv16_enter_loop
(1)     599 :                    udiv16_loop:
(1)     599 : 28 02 EF                   pi      pop0            ; restore bits
(1)     59C : 30                         ds      0               ; --bits
(1)     59D : 84 3B                      bz      udiv16_return   ; while bits != 0
(1)     59F : 70                         clr
(1)     5A0 : 51                         lr      1, A            ; clear carry
(1)     5A1 : 46                         lr      A, 6
(1)     5A2 : 21 01                      ni      1
(1)     5A4 : 84 04                      bz      udiv16_sr_lsb
(1)     5A6 : 20 80                      li      H'80'
(1)     5A8 : 51                         lr      1, A            ; set carry
(1)     5A9 :                    udiv16_sr_lsb:
(1)     5A9 : 46                         lr      A, 6
(1)     5AA : 12                         sr      1
(1)     5AB : 56                         lr      6, A
(1)     5AC : 47                         lr      A, 7
(1)     5AD : 12                         sr      1
(1)     5AE : E1                         xs      1               ; shift in carry
(1)     5AF : 57                         lr      7, A            ; divisor >>= 1
(1)     5B0 : 03                         lr      A, QL
(1)     5B1 : 51                         lr      1, A
(1)     5B2 : C1                         as      1
(1)     5B3 : 07                         lr      QL, A
(1)     5B4 : 02                         lr      A, QU
(1)     5B5 : 51                         lr      1, A
(1)     5B6 : 19                         lnk
(1)     5B7 : C1                         as      1
(1)     5B8 : 06                         lr      QU, A           ; quotient <<= 1
(1)     5B9 :                    udiv16_enter_loop:
(1)     5B9 : 28 02 C1                   pi      push0           ; save bits
(1)     5BC : 28 03 23                   pi      call
(1)     5BF : 05 26                      da      ucmp16          ; dividend <=> divisor
(1)     5C1 : 91 D7                      bm      udiv16_loop     ; branch if dividend < divisor
(1)     5C3 : 46                         lr      A, 6
(1)     5C4 : 18                         com
(1)     5C5 : 50                         lr      0, A
(1)     5C6 : 47                         lr      A, 7
(1)     5C7 : 18                         com
(1)     5C8 : 1F                         inc
(1)     5C9 : 51                         lr      1, A
(1)     5CA : 40                         lr      A, 0
(1)     5CB : 19                         lnk
(1)     5CC : 50                         lr      0, A            ; 0:1=-divisor
(1)     5CD : 45                         lr      A, 5
(1)     5CE : C1                         as      1
(1)     5CF : 55                         lr      5, A
(1)     5D0 : 44                         lr      A, 4
(1)     5D1 : 19                         lnk
(1)     5D2 : C0                         as      0
(1)     5D3 : 54                         lr      4, A            ; dividend-=divisor
(1)     5D4 : 03                         lr      A, QL
(1)     5D5 : 1F                         inc
(1)     5D6 : 07                         lr      QL, A           ; quotient |= 1
(1)     5D7 : 90 C1                      br      udiv16_loop
(1)     5D9 :                    udiv16_return:
(1)     5D9 : 44                         lr      A, 4
(1)     5DA : 56                         lr      6, A
(1)     5DB : 45                         lr      A, 5
(1)     5DC : 57                         lr      7, A            ; 6:7=remainder
(1)     5DD : 02                         lr      A, QU
(1)     5DE : 54                         lr      4, A
(1)     5DF : 03                         lr      A, QL
(1)     5E0 : 55                         lr      5, A            ; 4:5=quotient
(1)     5E1 : 28 02 EF                   pi      pop0            ; restore 0
(1)     5E4 : 28 02 FB                   pi      pop1            ; restore 1
(1)     5E7 : 28 03 15                   pi      popQ            ; restore Q
(1)     5EA : 29 03 40                   jmp     return
(1)     5ED :
(1)     5ED :                    ;;; Signed division: dividend /= divisor
(1)     5ED :                    ;;; @param @2: dividend
(1)     5ED :                    ;;; @param @3: divisor
(1)     5ED :                    ;;; @clobber 4 5 6 7 A
(1)     5ED :                    divsi2:
(1)     5ED : 42                         lr      A, 2
(1)     5EE : 1F                         inc
(1)     5EF : 0B                         lr      IS, A           ; point LSB(@2)
(1)     5F0 : 4E                         lr      A, D
(1)     5F1 : 55                         lr      5, A
(1)     5F2 : 4C                         lr      A, S
(1)     5F3 : 54                         lr      4, A            ; 4:5=dividend
(1)     5F4 : 22 00                      oi      0
(1)     5F6 : 81 0A                      bp      divsi2_divisor
(1)     5F8 : 18                         com
(1)     5F9 : 54                         lr      4, A            ; MSB(~dividend)
(1)     5FA : 45                         lr      A, 5
(1)     5FB : 18                         com
(1)     5FC : 1F                         inc
(1)     5FD : 55                         lr      5, A            ; LSB(-dividend)
(1)     5FE : 44                         lr      A, 4
(1)     5FF : 19                         lnk
(1)     600 : 54                         lr      4, A            ; MSB(-dividend)
(1)     601 :                    divsi2_divisor:
(1)     601 : 43                         lr      A, 3
(1)     602 : 1F                         inc
(1)     603 : 0B                         lr      IS, A           ; point LSB(@3)
(1)     604 : 4E                         lr      A, D
(1)     605 : 57                         lr      7, A
(1)     606 : 4C                         lr      A, S
(1)     607 : 56                         lr      6, A
(1)     608 : 22 00                      oi      0
(1)     60A : 81 0A                      bp      divsi2_divide
(1)     60C : 18                         com
(1)     60D : 56                         lr      6, A            ; MSB(~divisor)
(1)     60E : 47                         lr      A, 7
(1)     60F : 18                         com
(1)     610 : 1F                         inc
(1)     611 : 57                         lr      7, A            ; LSB(-divisor)
(1)     612 : 46                         lr      A, 6
(1)     613 : 19                         lnk
(1)     614 : 56                         lr      6, A            ; MSB(-divisor)
(1)     615 :                    divsi2_divide:
(1)     615 : 28 03 23                   pi      call
(1)     618 : 05 64                      da      udiv16
(1)     61A : 43                         lr      A, 3
(1)     61B : 0B                         lr      IS, A
(1)     61C : 4C                         lr      A, S
(1)     61D : 56                         lr      6, A            ; MSB(divisor)
(1)     61E : 42                         lr      A, 2
(1)     61F : 0B                         lr      IS, A
(1)     620 : 4C                         lr      A, S            ; MSB(dividend)
(1)     621 : E6                         xs      6               ; MSB(dividend^divisor)
(1)     622 : 81 0B                      bp      divsi2_store
(1)     624 : 44                         lr      A, 4
(1)     625 : 18                         com
(1)     626 : 54                         lr      4, A            ; MSB(~result)
(1)     627 : 45                         lr      A, 5
(1)     628 : 18                         com
(1)     629 : 1F                         inc
(1)     62A : 55                         lr      5, A            ; LSB(-result)
(1)     62B : 44                         lr      A, 4
(1)     62C : 19                         lnk
(1)     62D : 54                         lr      4, A            ; MSB(-result)
(1)     62E :                    divsi2_store:
(1)     62E : 44                         lr      A, 4
(1)     62F : 5D                         lr      I, A
(1)     630 : 45                         lr      A, 5
(1)     631 : 5C                         lr      S, A            ; @2=result
(1)     632 : 29 03 40                   jmp     return
        635 :                            include "mandelbrot.inc"
(1)     635 :                    ;;; -*- mode: asm; mode: flyspell-prog; -*-
(1)     635 : =635               _mandelbrot:    equ     $
(1)     635 :
(1)     635 :                    ;;; Scratchpad registers
(1)      10 :                            org     H'10'
(1)      10 :                    vF:     rs      2
(1)      12 :                    vC:     rs      2
(1)      14 :                    vD:     rs      2
(1)      16 :                    vA:     rs      2
(1)      18 :                    vB:     rs      2
(1)      1A :                    vP:     rs      2
(1)      1C :                    vQ:     rs      2
(1)      1E :                    vS:     rs      2
(1)      20 :                    vT:     rs      2
(1)      22 :                    vY:     rs      2
(1)      24 :                    vX:     rs      2
(1)      26 :                    vI:     rs      2
(1)      28 :                    vTmp:   rs      2
(1)      2A :                    c4:     rs      2               ; constant 4
(1)      2C :                    c16:    rs      2               ; constant 16
(1)      2E :                    c30:    rs      2               ; constant 30
(1)      30 :                    c100:   rs      2               ; constant 100
(1)      32 :                    c229:   rs      2               ; constant 229
(1)      34 :                    c416:   rs      2               ; constant 416
(1)      36 :
(1)     635 :                            org     _mandelbrot
(1)     635 :
(1)     635 :                    ;;; Store DC to scratchpad pointed by 2
(1)     635 :                    ;;; @param DC value
(1)     635 :                    ;;; @param 2 scratchpad number
(1)     635 :                    ;;; @clobber H A
(1)     635 :                    store_2:
(1)     635 : 42                         lr      A, 2
(1)     636 : 0B                         lr      IS, A
(1)     637 : 11                         lr      H, DC
(1)     638 : 4A                         lr      A, HU
(1)     639 : 5D                         lr      I, A
(1)     63A : 4B                         lr      A, HL
(1)     63B : 5C                         lr      S, A
(1)     63C : 1C                         pop
(1)     63D :
(1)     63D :                    ;;; Store DC to scratchpad pointed by 3
(1)     63D :                    ;;; @param DC value
(1)     63D :                    ;;; @param 3 scratchpad number
(1)     63D :                    ;;; @clobber H A
(1)     63D :                    store_3:
(1)     63D : 43                         lr      A, 3
(1)     63E : 0B                         lr      IS, A
(1)     63F : 11                         lr      H, DC
(1)     640 : 4A                         lr      A, HU
(1)     641 : 5D                         lr      I, A
(1)     642 : 4B                         lr      A, HL
(1)     643 : 5C                         lr      S, A
(1)     644 : 1C                         pop
(1)     645 :
(1)     645 :                    ;;; Assign @3 to @2
(1)     645 :                    ;;; @param @2 assignee
(1)     645 :                    ;;; @param @3 value
(1)     645 :                    ;;; @clobber H A
(1)     645 :                    assign_2:
(1)     645 : 43                         lr      A, 3
(1)     646 : 0B                         lr      IS, A
(1)     647 : 4D                         lr      A, I
(1)     648 : 5A                         lr      HU, A
(1)     649 : 4C                         lr      A, S
(1)     64A : 5B                         lr      HL, A
(1)     64B : 42                         lr      A, 2
(1)     64C : 0B                         lr      IS, A
(1)     64D : 4A                         lr      A, HU
(1)     64E : 5D                         lr      I, A
(1)     64F : 4B                         lr      A, HL
(1)     650 : 5C                         lr      S, A
(1)     651 : 1C                         pop
(1)     652 :
(1)     652 :                    ;;; Increment: result += 1
(1)     652 :                    ;;; @param @2: result
(1)     652 :                    ;;; @clobber A
(1)     652 :                    inc16:
(1)     652 : 42                         lr      A, 2
(1)     653 : 1F                         inc
(1)     654 : 0B                         lr      IS, A
(1)     655 : 4C                         lr      A, S
(1)     656 : 1F                         inc
(1)     657 : 5E                         lr      D, A
(1)     658 : 4C                         lr      A, S
(1)     659 : 19                         lnk
(1)     65A : 5C                         lr      S, A
(1)     65B : 1C                         pop
(1)     65C :
(1)     65C :                    print_2:
(1)     65C : 28 03 23                   pi      call
(1)     65F : 02 51                      da      putchar
(1)     661 : 20 3D                      li      C'='
(1)     663 : 50                         lr      0, A
(1)     664 : 28 03 23                   pi      call
(1)     667 : 02 51                      da      putchar
(1)     669 : 42                         lr      A, 2
(1)     66A : 0B                         lr      IS, A
(1)     66B : 4D                         lr      A, I
(1)     66C : 50                         lr      0, A
(1)     66D : 4C                         lr      A, S
(1)     66E : 51                         lr      1, A
(1)     66F : 28 03 23                   pi      call
(1)     672 : 03 F8                      da      print_int16
(1)     674 : 29 02 74                   jmp     putspace
(1)     677 :
(1)     677 :                    mandelbrot:
(1)     677 : 2A 00 04                   dci     4
(1)     67A : 20 2A                      li      c4
(1)     67C : 52                         lr      2, A
(1)     67D : 28 06 35                   pi      store_2         ; c4=4
(1)     680 : 2A 00 10                   dci     16
(1)     683 : 20 2C                      li      c16
(1)     685 : 52                         lr      2, A
(1)     686 : 28 06 35                   pi      store_2         ; c16=16
(1)     689 : 2A 00 1E                   dci     30
(1)     68C : 20 2E                      li      c30
(1)     68E : 52                         lr      2, A
(1)     68F : 28 06 35                   pi      store_2         ; c30=30
(1)     692 : 2A 00 64                   dci     100
(1)     695 : 20 30                      li      c100
(1)     697 : 52                         lr      2, A
(1)     698 : 28 06 35                   pi      store_2         ; c100=100
(1)     69B : 2A 00 E5                   dci     229
(1)     69E : 20 32                      li      c229
(1)     6A0 : 52                         lr      2, A
(1)     6A1 : 28 06 35                   pi      store_2         ; c229=229
(1)     6A4 : 2A 01 A0                   dci     416
(1)     6A7 : 20 34                      li      c416
(1)     6A9 : 52                         lr      2, A
(1)     6AA : 28 06 35                   pi      store_2         ; c416=416
(1)     6AD : 2A 00 32                   dci     50
(1)     6B0 : 20 10                      li      vF
(1)     6B2 : 52                         lr      2, A
(1)     6B3 : 28 06 35                   pi      store_2         ; F=50
(1)     6B6 : 2A FF F4                   dci     -12
(1)     6B9 : 20 22                      li      vY
(1)     6BB : 52                         lr      2, A
(1)     6BC : 28 06 35                   pi      store_2         ; Y=-12
(1)     6BF :                    loop_y:
(1)     6BF : 2A FF CF                   dci     -49
(1)     6C2 : 20 24                      li      vX
(1)     6C4 : 52                         lr      2, A
(1)     6C5 : 28 06 35                   pi      store_2         ; X=-49
(1)     6C8 :                    loop_x:
(1)     6C8 : 20 12                      li      vC
(1)     6CA : 52                         lr      2, A
(1)     6CB : 20 24                      li      vX
(1)     6CD : 53                         lr      3, A
(1)     6CE : 28 06 45                   pi      assign_2        ; C=X
(1)     6D1 : 20 32                      li      c229
(1)     6D3 : 53                         lr      3, A
(1)     6D4 : 28 03 23                   pi      call
(1)     6D7 : 04 DE                      da      mulsi2          ; C=X*229
(1)     6D9 : 20 30                      li      c100
(1)     6DB : 53                         lr      3, A
(1)     6DC : 28 03 23                   pi      call
(1)     6DF : 05 ED                      da      divsi2          ; C=X*229/100
(1)     6E1 : 20 14                      li      vD
(1)     6E3 : 52                         lr      2, A
(1)     6E4 : 20 22                      li      vY
(1)     6E6 : 53                         lr      3, A
(1)     6E7 : 28 06 45                   pi      assign_2        ; D=Y
(1)     6EA : 20 34                      li      c416
(1)     6EC : 53                         lr      3, A
(1)     6ED : 28 03 23                   pi      call
(1)     6F0 : 04 DE                      da      mulsi2          ; D=Y*416
(1)     6F2 : 20 30                      li      c100
(1)     6F4 : 53                         lr      3, A
(1)     6F5 : 28 03 23                   pi      call
(1)     6F8 : 05 ED                      da      divsi2          ; D=Y*416/100
(1)     6FA : 20 16                      li      vA
(1)     6FC : 52                         lr      2, A
(1)     6FD : 20 12                      li      vC
(1)     6FF : 53                         lr      3, A
(1)     700 : 28 06 45                   pi      assign_2        ; A=C
(1)     703 : 20 18                      li      vB
(1)     705 : 52                         lr      2, A
(1)     706 : 20 14                      li      vD
(1)     708 : 53                         lr      3, A
(1)     709 : 28 06 45                   pi      assign_2        ; B=D
(1)     70C : 2A 00 00                   dci     0
(1)     70F : 20 26                      li      vI
(1)     711 : 52                         lr      2, A
(1)     712 : 28 06 35                   pi      store_2         ; I=0
(1)     715 :
(1)     715 :                            ;; li      vY
(1)     715 :                            ;; lr      2, A
(1)     715 :                            ;; li      C'Y'
(1)     715 :                            ;; lr      0, A
(1)     715 :                            ;; pi      call
(1)     715 :                            ;; da      print_2
(1)     715 :                            ;; li      vX
(1)     715 :                            ;; lr      2, A
(1)     715 :                            ;; li      C'X'
(1)     715 :                            ;; lr      0, A
(1)     715 :                            ;; pi      call
(1)     715 :                            ;; da      print_2
(1)     715 :                            ;; li      vC
(1)     715 :                            ;; lr      2, A
(1)     715 :                            ;; li      C'C'
(1)     715 :                            ;; lr      0, A
(1)     715 :                            ;; pi      call
(1)     715 :                            ;; da      print_2
(1)     715 :                            ;; li      vD
(1)     715 :                            ;; lr      2, A
(1)     715 :                            ;; li      C'D'
(1)     715 :                            ;; lr      0, A
(1)     715 :                            ;; pi      call
(1)     715 :                            ;; da      print_2
(1)     715 :                            ;; pi      call
(1)     715 :                            ;; da      newline
(1)     715 :
(1)     715 :                    loop_i:
(1)     715 : 20 1C                      li      vQ
(1)     717 : 52                         lr      2, A
(1)     718 : 20 18                      li      vB
(1)     71A : 53                         lr      3, A
(1)     71B : 28 06 45                   pi      assign_2        ; Q=B
(1)     71E : 20 10                      li      vF
(1)     720 : 53                         lr      3, A
(1)     721 : 28 03 23                   pi      call
(1)     724 : 05 ED                      da      divsi2          ; Q=B/F
(1)     726 : 20 1E                      li      vS
(1)     728 : 52                         lr      2, A
(1)     729 : 20 1C                      li      vQ
(1)     72B : 53                         lr      3, A
(1)     72C : 28 03 23                   pi      call
(1)     72F : 04 17                      da      negsi2          ; S=-Q
(1)     731 : 20 10                      li      vF
(1)     733 : 53                         lr      3, A
(1)     734 : 28 03 23                   pi      call
(1)     737 : 04 DE                      da      mulsi2          ; S=-Q*F
(1)     739 : 20 18                      li      vB
(1)     73B : 53                         lr      3, A
(1)     73C : 28 03 23                   pi      call
(1)     73F : 04 38                      da      addsi2          ; S=B-Q*F
(1)     741 : 20 28                      li      vTmp
(1)     743 : 52                         lr      2, A
(1)     744 : 20 18                      li      vB
(1)     746 : 53                         lr      3, A
(1)     747 : 28 06 45                   pi      assign_2        ; vTmp=B
(1)     74A : 28 03 23                   pi      call
(1)     74D : 04 DE                      da      mulsi2          ; vTmp=B*B
(1)     74F : 20 20                      li      vT
(1)     751 : 52                         lr      2, A
(1)     752 : 20 16                      li      vA
(1)     754 : 53                         lr      3, A
(1)     755 : 28 06 45                   pi      assign_2        ; T=A
(1)     758 : 28 03 23                   pi      call
(1)     75B : 04 DE                      da      mulsi2          ; T=A*A
(1)     75D : 20 28                      li      vTmp
(1)     75F : 53                         lr      3, A
(1)     760 : 28 03 23                   pi      call
(1)     763 : 04 4B                      da      subsi2          ; T=A*A-B*B
(1)     765 : 20 10                      li      vF
(1)     767 : 53                         lr      3, A
(1)     768 : 28 03 23                   pi      call
(1)     76B : 05 ED                      da      divsi2          ; T=(A*A-B*B)/F
(1)     76D : 20 12                      li      vC
(1)     76F : 53                         lr      3, A
(1)     770 : 28 03 23                   pi      call
(1)     773 : 04 38                      da      addsi2          ; T=(A*A-B*B)/F+C
(1)     775 : 20 28                      li      vTmp
(1)     777 : 52                         lr      2, A
(1)     778 : 20 16                      li      vA
(1)     77A : 53                         lr      3, A
(1)     77B : 28 06 45                   pi      assign_2        ; vTmp=A
(1)     77E : 20 1E                      li      vS
(1)     780 : 53                         lr      3, A
(1)     781 : 28 03 23                   pi      call
(1)     784 : 04 DE                      da      mulsi2          ; vTmp=A*S
(1)     786 : 20 10                      li      vF
(1)     788 : 53                         lr      3, A
(1)     789 : 28 03 23                   pi      call
(1)     78C : 05 ED                      da      divsi2          ; vTmp=A*S/F
(1)     78E : 20 18                      li      vB
(1)     790 : 52                         lr      2, A
(1)     791 : 20 16                      li      vA
(1)     793 : 53                         lr      3, A
(1)     794 : 28 06 45                   pi      assign_2        ; B=A
(1)     797 : 20 1C                      li      vQ
(1)     799 : 53                         lr      3, A
(1)     79A : 28 03 23                   pi      call
(1)     79D : 04 DE                      da      mulsi2          ; B=A*Q
(1)     79F : 20 28                      li      vTmp
(1)     7A1 : 53                         lr      3, A
(1)     7A2 : 28 03 23                   pi      call
(1)     7A5 : 04 38                      da      addsi2          ; B=A*Q+A*S/F
(1)     7A7 : 20 18                      li      vB
(1)     7A9 : 53                         lr      3, A
(1)     7AA : 28 03 23                   pi      call
(1)     7AD : 04 38                      da      addsi2          ; B=2*(A*Q+A*S/F)
(1)     7AF : 20 14                      li      vD
(1)     7B1 : 53                         lr      3, A
(1)     7B2 : 28 03 23                   pi      call
(1)     7B5 : 04 38                      da      addsi2          ; B=2*(A*Q+A*S/F)+D
(1)     7B7 : 20 16                      li      vA
(1)     7B9 : 52                         lr      2, A
(1)     7BA : 20 20                      li      vT
(1)     7BC : 53                         lr      3, A
(1)     7BD : 28 06 45                   pi      assign_2        ; A=T
(1)     7C0 : 20 1A                      li      vP
(1)     7C2 : 52                         lr      2, A
(1)     7C3 : 20 16                      li      vA
(1)     7C5 : 53                         lr      3, A
(1)     7C6 : 28 06 45                   pi      assign_2        ; P=A
(1)     7C9 : 20 10                      li      vF
(1)     7CB : 53                         lr      3, A
(1)     7CC : 28 03 23                   pi      call
(1)     7CF : 05 ED                      da      divsi2          ; P=A/F
(1)     7D1 : 20 1C                      li      vQ
(1)     7D3 : 52                         lr      2, A
(1)     7D4 : 20 18                      li      vB
(1)     7D6 : 53                         lr      3, A
(1)     7D7 : 28 06 45                   pi      assign_2        ; Q=B
(1)     7DA : 20 10                      li      vF
(1)     7DC : 53                         lr      3, A
(1)     7DD : 28 03 23                   pi      call
(1)     7E0 : 05 ED                      da      divsi2          ; Q=B/F
(1)     7E2 : 20 28                      li      vTmp
(1)     7E4 : 52                         lr      2, A
(1)     7E5 : 20 1C                      li      vQ
(1)     7E7 : 53                         lr      3, A
(1)     7E8 : 28 06 45                   pi      assign_2        ; vTmp=Q
(1)     7EB : 28 03 23                   pi      call
(1)     7EE : 04 DE                      da      mulsi2          ; vTmp=Q*Q
(1)     7F0 : 20 20                      li      vT
(1)     7F2 : 52                         lr      2, A
(1)     7F3 : 20 1A                      li      vP
(1)     7F5 : 53                         lr      3, A
(1)     7F6 : 28 06 45                   pi      assign_2        ; T=P
(1)     7F9 : 28 03 23                   pi      call
(1)     7FC : 04 DE                      da      mulsi2          ; T=P*P
(1)     7FE : 20 28                      li      vTmp
(1)     800 : 53                         lr      3, A
(1)     801 : 28 03 23                   pi      call
(1)     804 : 04 38                      da      addsi2          ; T=P*P+Q*Q
(1)     806 :
(1)     806 :                            ;; pi      call
(1)     806 :                            ;; da      putspace
(1)     806 :                            ;; li      vI
(1)     806 :                            ;; lr      2, A
(1)     806 :                            ;; li      C'I'
(1)     806 :                            ;; lr      0, A
(1)     806 :                            ;; pi      call
(1)     806 :                            ;; da      print_2
(1)     806 :                            ;; li      vA
(1)     806 :                            ;; lr      2, A
(1)     806 :                            ;; li      C'A'
(1)     806 :                            ;; lr      0, A
(1)     806 :                            ;; pi      call
(1)     806 :                            ;; da      print_2
(1)     806 :                            ;; li      vB
(1)     806 :                            ;; lr      2, A
(1)     806 :                            ;; li      C'B'
(1)     806 :                            ;; lr      0, A
(1)     806 :                            ;; pi      call
(1)     806 :                            ;; da      print_2
(1)     806 :                            ;; li      vP
(1)     806 :                            ;; lr      2, A
(1)     806 :                            ;; li      C'P'
(1)     806 :                            ;; lr      0, A
(1)     806 :                            ;; pi      call
(1)     806 :                            ;; da      print_2
(1)     806 :                            ;; li      vQ
(1)     806 :                            ;; lr      2, A
(1)     806 :                            ;; li      C'Q'
(1)     806 :                            ;; lr      0, A
(1)     806 :                            ;; pi      call
(1)     806 :                            ;; da      print_2
(1)     806 :                            ;; pi      call
(1)     806 :                            ;; da      newline
(1)     806 :
(1)     806 : 20 2A                      li      c4
(1)     808 : 52                         lr      2, A
(1)     809 : 20 20                      li      vT
(1)     80B : 53                         lr      3, A
(1)     80C : 28 03 23                   pi      call
(1)     80F : 04 64                      da      cmpsi2          ; 4-T
(1)     811 : 91 18                      bm      print_i         ; if 4<T
(1)     813 : 20 26                      li      vI
(1)     815 : 52                         lr      2, A
(1)     816 : 28 06 52                   pi      inc16           ; I+=1
(1)     819 : 20 2C                      li      c16
(1)     81B : 53                         lr      3, A
(1)     81C : 28 03 23                   pi      call
(1)     81F : 04 64                      da      cmpsi2
(1)     821 : 91 05                      bm      jmp_loop_i      ; if I<16
(1)     823 : 20 20                      li      C' '
(1)     825 : 90 10                      br      print_char
(1)     827 :                    jmp_loop_i:
(1)     827 : 29 07 15                   jmp     loop_i
(1)     82A :                    print_i:
(1)     82A : 20 27                      li      vI+1
(1)     82C : 0B                         lr      IS, A
(1)     82D : 4C                         lr      A, S
(1)     82E : 25 09                      ci      9               ; 9-I
(1)     830 : 81 03                      bp      print_i2        ; if I<10
(1)     832 : 24 07                      ai      C'A'-C'0'-10
(1)     834 :                    print_i2:
(1)     834 : 24 30                      ai      C'0'
(1)     836 :                    print_char:
(1)     836 : 50                         lr      0, A
(1)     837 : 28 03 23                   pi      call
(1)     83A : 02 51                      da      putchar
(1)     83C :
(1)     83C :                            ;; pi      push0
(1)     83C :                            ;; li      C'@'
(1)     83C :                            ;; lr      0, A
(1)     83C :                            ;; pi      call
(1)     83C :                            ;; da      putchar
(1)     83C :                            ;; li      C'='
(1)     83C :                            ;; lr      0, A
(1)     83C :                            ;; pi      call
(1)     83C :                            ;; da      putchar
(1)     83C :                            ;; pi      pop0
(1)     83C :                            ;; pi      call
(1)     83C :                            ;; da      putchar
(1)     83C :                            ;; pi      call
(1)     83C :                            ;; da      newline
(1)     83C :
(1)     83C : 28 03 23                   pi      call
(1)     83F : 02 47                      da      getchar
(1)     841 : 92 07                      bnc     next_x
(1)     843 : 40                         lr      A, 0
(1)     844 : 22 00                      oi      0
(1)     846 : 94 02                      bnz     next_x
(1)     848 : 2F                         dc      H'2F'           ; halt to system
(1)     849 :                    next_x:
(1)     849 : 20 24                      li      vX
(1)     84B : 52                         lr      2, A
(1)     84C : 28 06 52                   pi      inc16           ; X+=1
(1)     84F : 20 2E                      li      c30
(1)     851 : 53                         lr      3, A
(1)     852 : 28 03 23                   pi      call
(1)     855 : 04 64                      da      cmpsi2
(1)     857 : 91 1F                      bm      jmp_loop_x      ; if X<30
(1)     859 : 28 03 23                   pi      call
(1)     85C : 02 66                      da      newline
(1)     85E : 20 22                      li      vY
(1)     860 : 52                         lr      2, A
(1)     861 : 28 06 52                   pi      inc16           ; Y+=1
(1)     864 : 2A 00 0D                   dci     13
(1)     867 : 20 28                      li      vTmp
(1)     869 : 53                         lr      3, A
(1)     86A : 28 06 3D                   pi      store_3         ; vTmp=13
(1)     86D : 28 03 23                   pi      call
(1)     870 : 04 64                      da      cmpsi2
(1)     872 : 91 07                      bm      jmp_loop_y      ; if Y<13
(1)     874 : 29 03 40                   jmp     return
(1)     877 :                    jmp_loop_x:
(1)     877 : 29 06 C8                   jmp     loop_x
(1)     87A :                    jmp_loop_y:
(1)     87A : 29 06 BF                   jmp     loop_y
