          0 :                            include "mc146805e.inc"
(1)       0 :                    ;;; -*- mode: asm; mode: flyspell-prog; -*-
(1)       0 :                            include "mc6805.inc"
(2)       0 :                    ;;; -*- mode: asm; mode: flyspell-prog; -*-
(2)       0 :                    ;;; MC6805
(2)       0 :                            cpu     6805
(2)       0 :                    ;;; Condition Code Register (CC)
(2)       0 : =1                 CC_CARRY      equ  %00000001   ; set to 1 if carry occurred
(2)       0 : =2                 CC_ZERO       equ  %00000010   ; set to 1 if result is zero
(2)       0 : =4                 CC_NEGATIVE   equ  %00000100   ; set to 1 if result is negative
(2)       0 : =8                 CC_IRQ        equ  %00001000   ; if 1, IRQ is masked
(2)       0 : =10                CC_HALF_CARRY equ  %00010000   ; if 1, decimal carry from least digit occurred
(2)       0 :
(2)       0 :                    ;;; Internal Register Area
(2)       0 : =0                 PORTA:  equ     $00          ; $00: Port A Data Register
(2)       0 : =1                 PORTB:  equ     $01          ; $01: Port B Data Register
(2)       0 : =4                 DDRA:   equ     $04          ; $04: Port A Data Direction Register
(2)       0 : =5                 DDRB:   equ     $05          ; $05: Port B Data Direction Register
(2)       0 : =8                 TDR:    equ     $08          ; $08: Timer Data Register
(2)       0 : =9                 TCR:    equ     $09          ; $09: Timer Control Register
(2)       0 :
(2)       0 :                    ;;; Port 2 Data Register
(2)       0 :
(2)       0 :                    ;;; Timer Control Register
(2)       0 : =7                 TCR_SCALER_gm:  equ     %00000111 ; Prescaler
(2)       0 : =0                 TCR_DIV1_gc:    equ     %00000000 ; - 1/1
(2)       0 : =1                 TCR_DIV2_gc:    equ     %00000001 ; - 1/2
(2)       0 : =2                 TCR_DIV4_gc:    equ     %00000010 ; - 1/4
(2)       0 : =3                 TCR_DIV8_gc:    equ     %00000011 ; - 1/8
(2)       0 : =4                 TCR_DIV16_gc:   equ     %00000100 ; - 1/16
(2)       0 : =5                 TCR_DIV32_gc:   equ     %00000101 ; - 1/32
(2)       0 : =6                 TCR_DIV64_gc:   equ     %00000110 ; - 1/64
(2)       0 : =7                 TCR_DIV128_gc:  equ     %00000111 ; - 1/128
(2)       0 : =18                TCR_CS_gm:      equ     %00011000 ; Timer clock source
(2)       0 : =0                 TCR_AS_gc:      equ     %00000000 ; - Internal Clock (AS)
(2)       0 : =8                 TCR_AS_AND_gc:  equ     %00001000 ; - Internal Clock (AS) AND TIMER input
(2)       0 : =10                TCR_DISABLE_gc: equ     %00010000 ; - Timer input is disabled
(2)       0 : =18                TCR_TIMER_gc:   equ     %00011000 ; - TIMER input
(2)       0 : =20                TCR_TOF_bm:     equ     %00100000 ; Timer Overflow Flag
(2)       0 : =40                TCR_IM_bm:      equ     %01000000 ; Timer interrupt mask
(2)       0 : =80                TCR_IF_bm:      equ     %10000000 ; Timer interrupt request flag
(1)       0 :                    ;;; MC146805E
(1)       0 :                            cpu     146805
(1)       0 :                    ;;; Vector
(1)       0 : =1FFA              VEC_IRQ:        equ     $1FFA   ; $1FFA: Maskable Interrupt Request
(1)       0 : =1FFC              VEC_SWI:        equ     $1FFC   ; $1FFC: Software Interrupt
(1)       0 : =1FFE              VEC_RESET:      equ     $1FFE   ; $1FFE: Reset
(1)       0 :
(1)       0 : =10                RAM_START:      equ     $0010   ; Internal RAM $0010-$007F
(1)       0 : =7F                STACK_TOP:      equ     $007F   ; Stack $007F->$0010
          0 :                            cpu     6805
          0 :                            option  pc-bits,16
          0 :
          0 :                    ;;; MC6850 Asynchronous Communication Interface Adapter
          0 : =17F8              ACIA_6805:      equ     $17F8
          0 : =FFE0              ACIA_HC05:      equ     $FFE0
          0 : =17F8              ACIA:   equ     ACIA_6805
          0 :                            include "../mc6800/mc6850.inc"
(1)       0 :                    ;;; -*- mode: asm; mode: flyspell-prog; -*-
(1)       0 :
(1)       0 :                    ;;; MC6850
(1)       0 :                    ;;; Asynchronous Communication Interface Adapter
(1)       0 :
(1)       0 :                    ;;; Control register
(1)       0 : =17F8              ACIA_control:   equ     ACIA+0
(1)       0 :                            ;; Counter Divider Select Bits
(1)       0 : =3                 CDS_gm:         equ     %11    ; Group mask
(1)       0 : =0                 CDS_DIV1_gc:    equ     %00000000 ; /1
(1)       0 : =1                 CDS_DIV16_gc:   equ     %00000001 ; /16
(1)       0 : =2                 CDS_DIV64_gc:   equ     %00000010 ; /64
(1)       0 : =3                 CDS_RESET_gc:   equ     %00000011 ; Master Reset
(1)       0 :                            ;; Word Select Bits
(1)       0 : =1C                WSB_gm:         equ     %00011100 ; Group mask
(1)       0 : =0                 WSB_7E2_gc:     equ     %00000000 ; 7 Bits + Even Parity + 2 Stop Bits
(1)       0 : =4                 WSB_7O2_gc:     equ     %00000100 ; 7 bits + Odd Parity  + 2 Stop Bits
(1)       0 : =8                 WSB_7E1_gc:     equ     %00001000 ; 7 bits + Even Parity + 1 Stop Bits
(1)       0 : =C                 WSB_7O1_gc:     equ     %00001100 ; 7 bits + Odd Parity  + 1 Stop Bits
(1)       0 : =10                WSB_8N2_gc:     equ     %00010000 ; 8 bits + No Parity   + 2 Stop Bits
(1)       0 : =14                WSB_8N1_gc:     equ     %00010100 ; 8 bits + No Parity   + 1 Stop Bits
(1)       0 : =18                WSB_8E1_gc:     equ     %00011000 ; 8 bits + Even Parity + 1 Stop Bits
(1)       0 : =1C                WSB_8O1_gc:     equ     %00011100 ; 8 bits + Odd Parity  + 1 Stop Bits
(1)       0 :                            ;; Transmit Control Bits
(1)       0 : =60                TCB_gm:         equ     %01100000 ; Group mask
(1)       0 : =0                 TCB_DI_gc:      equ     %00000000 ; RTS=Low,  Tx Interrupt Disabled
(1)       0 : =20                TCB_EI_gc:      equ     %00100000 ; RTS=Low,  Tx Interrupt Enabled
(1)       0 : =40                TCB_RTS_gc:     equ     %01000000 ; RTS=High, Tx Interrupt Disabled
(1)       0 : =60                TCB_BREAK_gc:   equ     %01100000 ; RTS=Low,  Tx Interrupt Disabled
(1)       0 :                                                      ; Transmit Break Level
(1)       0 : =80                RIEB_bm:        equ     %10000000 ; Receive Interrupt Enable Bit mask
(1)       0 :
(1)       0 :                    ;;; Status register
(1)       0 : =17F8              ACIA_status:    equ     ACIA+0
(1)       0 : =1                 RDRF_bm:        equ     %00000001 ; Receive Data Register Full
(1)       0 : =2                 TDRE_bm:        equ     %00000010 ; Transmit Data Register Empty
(1)       0 : =4                 DCDF_bm:        equ     %00000100 ; Data Carrier Detect Flag
(1)       0 : =8                 CTSF_bm:        equ     %00001000 ; Clear To Send Flag
(1)       0 : =10                FERR_bm:        equ     %00010000 ; Frame Error Flag
(1)       0 : =20                OVRN_bm:        equ     %00100000 ; Receiver Overrun Flag
(1)       0 : =40                PERR_bm:        equ     %01000000 ; Parity Error Flag
(1)       0 : =80                IRQF_bm:        equ     %10000000 ; Interrupt Request Flag
(1)       0 :
(1)       0 :                    ;;; Data register
(1)       0 : =17F9              ACIA_data:      equ     ACIA+1          ; Data register
          0 :
         50 :                            org     $50
         50 :                    cputype:
         50 :                            rmb     1
         51 :                    R0:
         51 :                    R0H:    rmb     1
         52 :                    R0L:    rmb     1
         53 :                    R1:
         53 :                    R1H:    rmb     1
         54 :                    R1L:    rmb     1
         55 :                    R2:
         55 :                    R2H:    rmb     1
         56 :                    R2L:    rmb     1
         57 :                    arith_work:
         57 :                            rmb     1
         58 :                    SP:     rmb     1
         59 :
        100 :                            org     $0100
        100 :                    stack:  rmb     20
        114 :
       1FFC :                            org     VEC_SWI
       1FFC : 1F FC                      fdb     VEC_SWI         ; for halt to system
       1FFE :
       1FFE :                            org     VEC_RESET
       1FFE : 10 00                      fdb     initialize
       2000 :
       1000 :                            org     $1000
       1000 :                    initialize:
       1000 :                            include "cputype.inc"
(1)    1000 :                    ;;; -*- mode: asm; mode: flyspell-prog; -*-
(1)    1000 : =FFE0              HC05_control:   equ     ACIA_HC05+(ACIA_control-ACIA)
(1)    1000 : =FFE0              HC05_status:    equ     ACIA_HC05+(ACIA_status-ACIA)
(1)    1000 : =FFE1              HC05_data:      equ     ACIA_HC05+(ACIA_data-ACIA)
(1)    1000 : =FFFF              COP_RESET:      equ     $FFFF   ; MC68HC08 COP; the COP is a mask option there
(1)    1000 : 9C                         rsp                     ; 6805:SP=$7F. 68HC05:SP=$FF
(1)    1001 : 3F 50                      clr     cputype
(1)    1003 : 3F 7E                      clr     $7E             ; clear return address of 6805
(1)    1005 : 3F FE                      clr     $FE             ; clear return address of 68HC05
(1)    1007 : AD 38                      bsr     check_cpu
(1)    1009 : 20 3D                      bra     continue
(1)    100B :                    store_ACIA_control:
(1)    100B : 3D 50                      tst     cputype
(1)    100D : 26 04                      bne     *+6
(1)    100F : C7 17 F8                   sta     ACIA_control
(1)    1012 : 81                         rts
(1)    1013 : C7 FF E0                   sta     HC05_control
(1)    1016 : 81                         rts
(1)    1017 :                    load_ACIA_status:
(1)    1017 : 3D 50                      tst     cputype
(1)    1019 : 26 04                      bne     load_ACIA_status_hc05
(1)    101B : C6 17 F8                   lda     ACIA_status
(1)    101E : 81                         rts
(1)    101F :                    load_ACIA_status_hc05:
(1)    101F : C6 FF FF                   lda     COP_RESET       ; service the MC68HC08's COP, a mask option
(1)    1022 : C7 FF FF                   sta     COP_RESET
(1)    1025 : C6 FF E0                   lda     HC05_status
(1)    1028 : 81                         rts
(1)    1029 :                    load_ACIA_data:
(1)    1029 : 3D 50                      tst     cputype
(1)    102B : 26 04                      bne     *+6
(1)    102D : C6 17 F9                   lda     ACIA_data
(1)    1030 : 81                         rts
(1)    1031 : C6 FF E1                   lda     HC05_data
(1)    1034 : 81                         rts
(1)    1035 :                    store_ACIA_data:
(1)    1035 : 3D 50                      tst     cputype
(1)    1037 : 26 04                      bne     *+6
(1)    1039 : C7 17 F9                   sta     ACIA_data
(1)    103C : 81                         rts
(1)    103D : C7 FF E1                   sta     HC05_data
(1)    1040 : 81                         rts
(1)    1041 :                    check_cpu:
(1)    1041 : 3D 7E                      tst     $7E
(1)    1043 : 26 02                      bne     cpu6805         ; found return address at 6805 stack
(1)    1045 : 3C 50                      inc     cputype         ; 0:6805, 1:68HC05
(1)    1047 :                    cpu6805:
(1)    1047 : 81                         rts
(1)    1048 :                    continue:
       1048 : A6 03                      lda     #CDS_RESET_gc   ; Master reset
       104A : AD BF                      bsr     store_ACIA_control
       104C : A6 14                      lda     #WSB_8N1_gc     ; 8 bits + No Parity + 1 Stop Bits
       104E :                                                    ; Transmit, Receive interrupts disabled
       104E : AD BB                      bsr     store_ACIA_control
       1050 :
       1050 : 3F 58                      clr     SP
       1052 : CD 10 C2                   jsr     arith
       1055 : 83                         swi                     ; halt to stop
       1056 :
       1056 :                    ;;; Print out char
       1056 :                    ;;; @param A char
       1056 :                    ;;; @clobber A
       1056 :                    putspace:
       1056 : A6 20                      lda     #' '
       1058 : 20 06                      bra     putchar
       105A :                    newline:
       105A : A6 0D                      lda     #$0D
       105C : AD 02                      bsr     putchar
       105E : A6 0A                      lda     #$0A
       1060 :                    putchar:
       1060 : C7 10 6F                   sta     putchar_a
       1063 :                    putchar_loop:
       1063 : AD B2                      bsr     load_ACIA_status
       1065 : A5 02                      bit     #TDRE_bm
       1067 : 27 FA                      beq     putchar_loop
       1069 :                    putchar_data:
       1069 : C6 10 6F                   lda     putchar_a
       106C : AD C7                      bsr     store_ACIA_data
       106E : 81                         rts
       106F :                    putchar_a:
       106F :                            rmb     1
       1070 :
       1070 :                    ;;; Print "R1 op R2"
       1070 :                    ;;; @params A op letter
       1070 :                    ;;; @clobber R2 R3 R4
       1070 :                    expr:
       1070 : C7 10 92                   sta     expr_op
       1073 : BE 53                      ldx     R1H
       1075 : B6 54                      lda     R1L
       1077 : BF 51                      stx     R0H
       1079 : B7 52                      sta     R0L             ; R0=R1
       107B : CD 13 74                   jsr     print_int16     ; print R1
       107E : AD D6                      bsr     putspace
       1080 : C6 10 92                   lda     expr_op
       1083 : AD DB                      bsr     putchar         ; print op
       1085 : AD CF                      bsr     putspace
       1087 : BE 55                      ldx     R2H
       1089 : B6 56                      lda     R2L
       108B : BF 51                      stx     R0H
       108D : B7 52                      sta     R0L             ; R0=R2
       108F : CC 13 74                   jmp     print_int16     ; print R2
       1092 :                    expr_op:
       1092 :                            rmb     1
       1093 :
       1093 :                    ;;; Print " = R0\n"
       1093 :                    ;;; @clobber R0 R1 R2
       1093 :                    answer:
       1093 : CD 10 56                   jsr     putspace
       1096 : A6 3D                      lda     #'='
       1098 : CD 10 60                   jsr     putchar
       109B : CD 10 56                   jsr     putspace
       109E : CD 13 74                   jsr     print_int16     ; print R0
       10A1 : CC 10 5A                   jmp     newline
       10A4 :
       10A4 :                    ;;; Print "R1 rel R2"
       10A4 :                    ;;; @clobber R0
       10A4 :                    comp:
       10A4 : CD 13 EA                   jsr     cmp16
       10A7 : B6 52                      lda     R0L
       10A9 : 27 0C                      beq     comp_eq
       10AB : 2B 0E                      bmi     comp_lt
       10AD : 2A 04                      bpl     comp_gt
       10AF : A6 3F                      lda     #'?'
       10B1 : 20 0A                      bra     comp_out
       10B3 :                    comp_gt:
       10B3 : A6 3E                      lda     #'>'
       10B5 : 20 06                      bra     comp_out
       10B7 :                    comp_eq:
       10B7 : A6 3D                      lda     #'='
       10B9 : 20 02                      bra     comp_out
       10BB :                    comp_lt:
       10BB : A6 3C                      lda     #'<'
       10BD :                    comp_out:
       10BD : AD B1                      bsr     expr
       10BF : CC 10 5A                   jmp     newline
       10C2 :
       10C2 :                    arith:
       10C2 : AE 46                      ldx     #18000>>8
       10C4 : A6 50                      lda     #18000&255
       10C6 : CD 13 A1                   jsr     set_R1
       10C9 : AE 6D                      ldx     #28000>>8
       10CB : A6 60                      lda     #28000&255
       10CD : CD 13 A6                   jsr     set_R2
       10D0 : A6 2B                      lda     #'+'
       10D2 : CD 10 70                   jsr     expr
       10D5 : CD 13 CA                   jsr     add16           ; R0=R1+R2
       10D8 : CD 10 93                   jsr     answer          ; -19536
       10DB :
       10DB : AE 46                      ldx     #18000>>8
       10DD : A6 50                      lda     #18000&255
       10DF : CD 13 A1                   jsr     set_R1
       10E2 : AE B9                      ldx     #(-18000)>>8
       10E4 : A6 B0                      lda     #(-18000)&255
       10E6 : CD 13 A6                   jsr     set_R2
       10E9 : A6 2B                      lda     #'+'
       10EB : CD 10 70                   jsr     expr
       10EE : CD 13 CA                   jsr     add16           ; R0=R1+R2
       10F1 : CD 10 93                   jsr     answer          ; 0
       10F4 :
       10F4 : AE B9                      ldx     #(-18000)>>8
       10F6 : A6 B0                      lda     #(-18000)&255
       10F8 : CD 13 A1                   jsr     set_R1
       10FB : AE B9                      ldx     #(-18000)>>8
       10FD : A6 B0                      lda     #(-18000)&255
       10FF : CD 13 A6                   jsr     set_R2
       1102 : A6 2B                      lda     #'+'
       1104 : CD 10 70                   jsr     expr
       1107 : CD 13 CA                   jsr     add16           ; R0=R1+R2
       110A : CD 10 93                   jsr     answer          ; 29536
       110D :
       110D : AE B9                      ldx     #(-18000)>>8
       110F : A6 B0                      lda     #(-18000)&255
       1111 : CD 13 A1                   jsr     set_R1
       1114 : AE 92                      ldx     #(-28000)>>8
       1116 : A6 A0                      lda     #(-28000)&255
       1118 : CD 13 A6                   jsr     set_R2
       111B : A6 2D                      lda     #'-'
       111D : CD 10 70                   jsr     expr
       1120 : CD 13 DA                   jsr     sub16           ; R0=R1-R2
       1123 : CD 10 93                   jsr     answer          ; 10000
       1126 :
       1126 : AE 46                      ldx     #18000>>8
       1128 : A6 50                      lda     #18000&255
       112A : CD 13 A1                   jsr     set_R1
       112D : AE B9                      ldx     #(-18000)>>8
       112F : A6 B0                      lda     #(-18000)&255
       1131 : CD 13 A6                   jsr     set_R2
       1134 : A6 2D                      lda     #'-'
       1136 : CD 10 70                   jsr     expr
       1139 : CD 13 DA                   jsr     sub16           ; R0=R1-R2
       113C : CD 10 93                   jsr     answer          ; -29536
       113F :
       113F : AE 92                      ldx     #(-28000)>>8
       1141 : A6 A0                      lda     #(-28000)&255
       1143 : CD 13 A1                   jsr     set_R1
       1146 : AE B9                      ldx     #(-18000)>>8
       1148 : A6 B0                      lda     #(-18000)&255
       114A : CD 13 A6                   jsr     set_R2
       114D : A6 2D                      lda     #'-'
       114F : CD 10 70                   jsr     expr
       1152 : CD 13 DA                   jsr     sub16           ; R0=R1-R2
       1155 : CD 10 93                   jsr     answer          ; -10000
       1158 :
       1158 : AE 00                      ldx     #100>>8
       115A : A6 64                      lda     #100&255
       115C : CD 13 A1                   jsr     set_R1
       115F : AE 01                      ldx     #300>>8
       1161 : A6 2C                      lda     #300&255
       1163 : CD 13 A6                   jsr     set_R2
       1166 : A6 2A                      lda     #'*'
       1168 : CD 10 70                   jsr     expr
       116B : CD 14 32                   jsr     mul16           ; R0=R1*R2
       116E : CD 10 93                   jsr     answer          ; 30000
       1171 :
       1171 : AE 00                      ldx     #200>>8
       1173 : A6 C8                      lda     #200&255
       1175 : CD 13 A1                   jsr     set_R1
       1178 : AE 00                      ldx     #100>>8
       117A : A6 64                      lda     #100&255
       117C : CD 13 A6                   jsr     set_R2
       117F : A6 2A                      lda     #'*'
       1181 : CD 10 70                   jsr     expr
       1184 : CD 14 32                   jsr     mul16           ; R0=R1*R2
       1187 : CD 10 93                   jsr     answer          ; 20000
       118A :
       118A : AE 01                      ldx     #300>>8
       118C : A6 2C                      lda     #300&255
       118E : CD 13 A1                   jsr     set_R1
       1191 : AE FF                      ldx     #(-200)>>8
       1193 : A6 38                      lda     #(-200)&255
       1195 : CD 13 A6                   jsr     set_R2
       1198 : A6 2A                      lda     #'*'
       119A : CD 10 70                   jsr     expr
       119D : CD 14 32                   jsr     mul16           ; R0=R1*R2
       11A0 : CD 10 93                   jsr     answer          ; 5536
       11A3 :
       11A3 : AE 00                      ldx     #100>>8
       11A5 : A6 64                      lda     #100&255
       11A7 : CD 13 A1                   jsr     set_R1
       11AA : AE FE                      ldx     #(-300)>>8
       11AC : A6 D4                      lda     #(-300)&255
       11AE : CD 13 A6                   jsr     set_R2
       11B1 : A6 2A                      lda     #'*'
       11B3 : CD 10 70                   jsr     expr
       11B6 : CD 14 32                   jsr     mul16           ; R0=R1*R2
       11B9 : CD 10 93                   jsr     answer          ; -30000
       11BC :
       11BC : AE FF                      ldx     #(-200)>>8
       11BE : A6 38                      lda     #(-200)&255
       11C0 : CD 13 A1                   jsr     set_R1
       11C3 : AE FF                      ldx     #(-100)>>8
       11C5 : A6 9C                      lda     #(-100)&255
       11C7 : CD 13 A6                   jsr     set_R2
       11CA : A6 2A                      lda     #'*'
       11CC : CD 10 70                   jsr     expr
       11CF : CD 14 32                   jsr     mul16           ; R0=R1*R2
       11D2 : CD 10 93                   jsr     answer          ; 20000
       11D5 :
       11D5 : AE 75                      ldx     #30000>>8
       11D7 : A6 30                      lda     #30000&255
       11D9 : CD 13 A1                   jsr     set_R1
       11DC : AE 00                      ldx     #100>>8
       11DE : A6 64                      lda     #100&255
       11E0 : CD 13 A6                   jsr     set_R2
       11E3 : A6 2F                      lda     #'/'
       11E5 : CD 10 70                   jsr     expr
       11E8 : CD 14 A9                   jsr     div16           ; R0=R1/R2
       11EB : CD 10 93                   jsr     answer          ; 300
       11EE :
       11EE : AE FF                      ldx     #(-200)>>8
       11F0 : A6 38                      lda     #(-200)&255
       11F2 : CD 13 A1                   jsr     set_R1
       11F5 : AE 00                      ldx     #100>>8
       11F7 : A6 64                      lda     #100&255
       11F9 : CD 13 A6                   jsr     set_R2
       11FC : A6 2F                      lda     #'/'
       11FE : CD 10 70                   jsr     expr
       1201 : CD 14 A9                   jsr     div16           ; R0=R1/R2
       1204 : CD 10 93                   jsr     answer          ; -2
       1207 :
       1207 : AE 8A                      ldx     #(-30000)>>8
       1209 : A6 D0                      lda     #(-30000)&255
       120B : CD 13 A1                   jsr     set_R1
       120E : AE FF                      ldx     #(-200)>>8
       1210 : A6 38                      lda     #(-200)&255
       1212 : CD 13 A6                   jsr     set_R2
       1215 : A6 2F                      lda     #'/'
       1217 : CD 10 70                   jsr     expr
       121A : CD 14 A9                   jsr     div16           ; R0=R1/R2
       121D : CD 10 93                   jsr     answer          ; 150
       1220 :
       1220 : AE 8A                      ldx     #(-30000)>>8
       1222 : A6 D0                      lda     #(-30000)&255
       1224 : CD 13 A1                   jsr     set_R1
       1227 : AE 00                      ldx     #78>>8
       1229 : A6 4E                      lda     #78&255
       122B : CD 13 A6                   jsr     set_R2
       122E : A6 2F                      lda     #'/'
       1230 : CD 10 70                   jsr     expr
       1233 : CD 14 A9                   jsr     div16           ; R0=R1/R2
       1236 : CD 10 93                   jsr     answer          ; -384
       1239 :
       1239 : AE 13                      ldx     #5000>>8
       123B : A6 88                      lda     #5000&255
       123D : CD 13 A1                   jsr     set_R1
       1240 : AE 0F                      ldx     #4000>>8
       1242 : A6 A0                      lda     #4000&255
       1244 : CD 13 A6                   jsr     set_R2
       1247 : CD 10 A4                   jsr     comp
       124A :
       124A : AE 13                      ldx     #5000>>8
       124C : A6 88                      lda     #5000&255
       124E : CD 13 A1                   jsr     set_R1
       1251 : AE 13                      ldx     #5000>>8
       1253 : A6 88                      lda     #5000&255
       1255 : CD 13 A6                   jsr     set_R2
       1258 : CD 10 A4                   jsr     comp
       125B :
       125B : AE 0F                      ldx     #4000>>8
       125D : A6 A0                      lda     #4000&255
       125F : CD 13 A1                   jsr     set_R1
       1262 : AE 13                      ldx     #5000>>8
       1264 : A6 88                      lda     #5000&255
       1266 : CD 13 A6                   jsr     set_R2
       1269 : CD 10 A4                   jsr     comp
       126C :
       126C : AE EC                      ldx     #(-5000)>>8
       126E : A6 78                      lda     #(-5000)&255
       1270 : CD 13 A1                   jsr     set_R1
       1273 : AE F0                      ldx     #(-4000)>>8
       1275 : A6 60                      lda     #(-4000)&255
       1277 : CD 13 A6                   jsr     set_R2
       127A : CD 10 A4                   jsr     comp
       127D :
       127D : AE EC                      ldx     #(-5000)>>8
       127F : A6 78                      lda     #(-5000)&255
       1281 : CD 13 A1                   jsr     set_R1
       1284 : AE EC                      ldx     #(-5000)>>8
       1286 : A6 78                      lda     #(-5000)&255
       1288 : CD 13 A6                   jsr     set_R2
       128B : CD 10 A4                   jsr     comp
       128E :
       128E : AE F0                      ldx     #(-4000)>>8
       1290 : A6 60                      lda     #(-4000)&255
       1292 : CD 13 A1                   jsr     set_R1
       1295 : AE EC                      ldx     #(-5000)>>8
       1297 : A6 78                      lda     #(-5000)&255
       1299 : CD 13 A6                   jsr     set_R2
       129C : CD 10 A4                   jsr     comp
       129F :
       129F : AE 7F                      ldx     #32700>>8
       12A1 : A6 BC                      lda     #32700&255
       12A3 : CD 13 A1                   jsr     set_R1
       12A6 : AE 7F                      ldx     #32600>>8
       12A8 : A6 58                      lda     #32600&255
       12AA : CD 13 A6                   jsr     set_R2
       12AD : CD 10 A4                   jsr     comp
       12B0 :
       12B0 : AE 7F                      ldx     #32700>>8
       12B2 : A6 BC                      lda     #32700&255
       12B4 : CD 13 A1                   jsr     set_R1
       12B7 : AE 7F                      ldx     #32700>>8
       12B9 : A6 BC                      lda     #32700&255
       12BB : CD 13 A6                   jsr     set_R2
       12BE : CD 10 A4                   jsr     comp
       12C1 :
       12C1 : AE 7F                      ldx     #32600>>8
       12C3 : A6 58                      lda     #32600&255
       12C5 : CD 13 A1                   jsr     set_R1
       12C8 : AE 7F                      ldx     #32700>>8
       12CA : A6 BC                      lda     #32700&255
       12CC : CD 13 A6                   jsr     set_R2
       12CF : CD 10 A4                   jsr     comp
       12D2 :
       12D2 : AE 80                      ldx     #(-32700)>>8
       12D4 : A6 44                      lda     #(-32700)&255
       12D6 : CD 13 A1                   jsr     set_R1
       12D9 : AE 80                      ldx     #(-32600)>>8
       12DB : A6 A8                      lda     #(-32600)&255
       12DD : CD 13 A6                   jsr     set_R2
       12E0 : CD 10 A4                   jsr     comp
       12E3 :
       12E3 : AE 80                      ldx     #(-32700)>>8
       12E5 : A6 44                      lda     #(-32700)&255
       12E7 : CD 13 A1                   jsr     set_R1
       12EA : AE 80                      ldx     #(-32700)>>8
       12EC : A6 44                      lda     #(-32700)&255
       12EE : CD 13 A6                   jsr     set_R2
       12F1 : CD 10 A4                   jsr     comp
       12F4 :
       12F4 : AE 80                      ldx     #(-32600)>>8
       12F6 : A6 A8                      lda     #(-32600)&255
       12F8 : CD 13 A1                   jsr     set_R1
       12FB : AE 80                      ldx     #(-32700)>>8
       12FD : A6 44                      lda     #(-32700)&255
       12FF : CD 13 A6                   jsr     set_R2
       1302 : CD 10 A4                   jsr     comp
       1305 :
       1305 : AE 46                      ldx     #18000>>8
       1307 : A6 50                      lda     #18000&255
       1309 : CD 13 A1                   jsr     set_R1
       130C : AE 92                      ldx     #(-28000)>>8
       130E : A6 A0                      lda     #(-28000)&255
       1310 : CD 13 A6                   jsr     set_R2
       1313 : CD 10 A4                   jsr     comp
       1316 :
       1316 : AE 92                      ldx     #(-28000)>>8
       1318 : A6 A0                      lda     #(-28000)&255
       131A : CD 13 A1                   jsr     set_R1
       131D : AE 92                      ldx     #(-28000)>>8
       131F : A6 A0                      lda     #(-28000)&255
       1321 : CD 13 A6                   jsr     set_R2
       1324 : CD 10 A4                   jsr     comp
       1327 :
       1327 : AE 92                      ldx     #(-28000)>>8
       1329 : A6 A0                      lda     #(-28000)&255
       132B : CD 13 A1                   jsr     set_R1
       132E : AE 46                      ldx     #18000>>8
       1330 : A6 50                      lda     #18000&255
       1332 : CD 13 A6                   jsr     set_R2
       1335 : CD 10 A4                   jsr     comp
       1338 : 81                         rts
       1339 :
       1339 :                            include "arith.inc"
(1)    1339 :                    ;;; -*- mode: asm; mode: flyspell-prog; -*-
(1)    1339 :                    ;;; Print unsigned 16-bit integer as decimal
(1)    1339 :                    ;;; @param R0 value
(1)    1339 :                    ;;; @clobber A X R0 R1 R2
(1)    1339 :                    print_uint16:
(1)    1339 : 5F                         clrx
(1)    133A :                    print_uint16_loop:
(1)    133A : B6 51                      lda     R0H
(1)    133C : B7 53                      sta     R1H
(1)    133E : B6 52                      lda     R0L
(1)    1340 : B7 54                      sta     R1L             ; dividend = value
(1)    1342 : BA 51                      ora     R0H
(1)    1344 : 27 13                      beq     print_uint16_zero ; branch if value == 0
(1)    1346 : 3F 55                      clr     R2H
(1)    1348 : A6 0A                      lda     #10
(1)    134A : B7 56                      sta     R2L             ; divisor=10
(1)    134C : CD 14 62                   jsr     udiv16          ; R0=value/10
(1)    134F : B6 54                      lda     R1L
(1)    1351 : AA 30                      ora     #'0'
(1)    1353 : D7 13 6C                   sta     print_uint16_buf,x
(1)    1356 : 5C                         incx
(1)    1357 : 20 E1                      bra     print_uint16_loop
(1)    1359 :                    print_uint16_zero:
(1)    1359 : 5D                         tstx
(1)    135A : 26 05                      bne     print_uint16_print
(1)    135C : A6 30                      lda     #'0'
(1)    135E : CC 10 60                   jmp     putchar
(1)    1361 :                    print_uint16_print:
(1)    1361 : 5A                         decx
(1)    1362 : D6 13 6C                   lda     print_uint16_buf,x
(1)    1365 : CD 10 60                   jsr     putchar
(1)    1368 : 5D                         tstx
(1)    1369 : 26 F6                      bne     print_uint16_print
(1)    136B : 81                         rts
(1)    136C :                    print_uint16_buf:
(1)    136C :                            rmb     8
(1)    1374 :
(1)    1374 :                    ;;; Print signed 16-bit integer as decimal
(1)    1374 :                    ;;; @param R0 value
(1)    1374 :                    ;;; @clobber A X R0
(1)    1374 :                    print_int16:
(1)    1374 : BE 53                      ldx     R1H
(1)    1376 : B6 54                      lda     R1L
(1)    1378 : AD 31                      bsr     push_XA         ; push R1
(1)    137A : BE 55                      ldx     R2H
(1)    137C : B6 56                      lda     R2L
(1)    137E : AD 2B                      bsr     push_XA         ; push R2
(1)    1380 : B6 51                      lda     R0H
(1)    1382 : 2A 0E                      bpl     print_int16_print
(1)    1384 : A6 2D                      lda     #'-'
(1)    1386 : CD 10 60                   jsr     putchar
(1)    1389 : B6 51                      lda     R0H
(1)    138B : 40                         nega
(1)    138C : 30 52                      neg     R0L
(1)    138E : A2 00                      sbc     #0
(1)    1390 : B7 51                      sta     R0H
(1)    1392 :                    print_int16_print:
(1)    1392 : AD A5                      bsr     print_uint16
(1)    1394 : AD 27                      bsr     pull_XA         ; pull R2
(1)    1396 : BF 55                      stx     R2H
(1)    1398 : B7 56                      sta     R2L
(1)    139A : AD 21                      bsr     pull_XA         ; pull R1
(1)    139C : BF 53                      stx     R1H
(1)    139E : B7 54                      sta     R1L
(1)    13A0 : 81                         rts
(1)    13A1 :
(1)    13A1 :                    ;;; Set value to R1
(1)    13A1 :                    ;;; @param X high(value)
(1)    13A1 :                    ;;; @param A low(value)
(1)    13A1 :                    set_R1:
(1)    13A1 : BF 53                      stx     R1H
(1)    13A3 : B7 54                      sta     R1L
(1)    13A5 : 81                         rts
(1)    13A6 :
(1)    13A6 :                    ;;; Set value to R2
(1)    13A6 :                    ;;; @param X high(value)
(1)    13A6 :                    ;;; @param A low(value)
(1)    13A6 :                    set_R2:
(1)    13A6 : BF 55                      stx     R2H
(1)    13A8 : B7 56                      sta     R2L
(1)    13AA : 81                         rts
(1)    13AB :
(1)    13AB :                    ;;; Push X:A
(1)    13AB :                    ;;; @param X:A value
(1)    13AB :                    ;;; @clobber X:A
(1)    13AB :                    push_XA:
(1)    13AB : B7 57                      sta     arith_work      ; save A
(1)    13AD : 9F                         txa
(1)    13AE : BE 58                      ldx     SP
(1)    13B0 : D7 01 00                   sta     stack,X         ; push high(value))
(1)    13B3 : B6 57                      lda     arith_work
(1)    13B5 : D7 01 01                   sta     stack+1,X       ; push low(register)
(1)    13B8 : 5C                         incx
(1)    13B9 : 5C                         incx
(1)    13BA : BF 58                      stx     SP              ; update stack pointer
(1)    13BC : 81                         rts
(1)    13BD :
(1)    13BD :                    ;;; Pull X:A
(1)    13BD :                    ;;; @return X:A value
(1)    13BD :                    pull_XA:
(1)    13BD : BE 58                      ldx     SP
(1)    13BF : 5A                         decx
(1)    13C0 : 5A                         decx
(1)    13C1 : BF 58                      stx     SP              ; update stack pointer
(1)    13C3 : D6 01 01                   lda     stack+1,X       ; pull low(value)
(1)    13C6 : DE 01 00                   ldx     stack,X         ; pull high(value)
(1)    13C9 : 81                         rts
(1)    13CA :
(1)    13CA :                    ;;; Addition: R0 = R1 + R2
(1)    13CA :                    ;;; @return X:A addition
(1)    13CA :                    ;;; @clobber A
(1)    13CA :                    add16:
(1)    13CA : B6 54                      lda     R1L
(1)    13CC : BB 56                      add     R2L
(1)    13CE : B7 52                      sta     R0L
(1)    13D0 : B6 53                      lda     R1H
(1)    13D2 : B9 55                      adc     R2H
(1)    13D4 : B7 51                      sta     R0H
(1)    13D6 : 97                         tax
(1)    13D7 : B6 52                      lda     R0L
(1)    13D9 : 81                         rts
(1)    13DA :
(1)    13DA :                    ;;; Subtraction: R0 = R1 + R2
(1)    13DA :                    ;;; @return X:A subtraction
(1)    13DA :                    ;;; @clobber A
(1)    13DA :                    sub16:
(1)    13DA : B6 54                      lda     R1L
(1)    13DC : B0 56                      sub     R2L
(1)    13DE : B7 52                      sta     R0L
(1)    13E0 : B6 53                      lda     R1H
(1)    13E2 : B2 55                      sbc     R2H
(1)    13E4 : B7 51                      sta     R0H
(1)    13E6 : 97                         tax
(1)    13E7 : B6 52                      lda     R0L
(1)    13E9 : 81                         rts
(1)    13EA :
(1)    13EA :                    ;;; Signed compare R0=sign(R1-R2)
(1)    13EA :                    ;;; @return R0=A=0;  BEQ (minuend == subtrahend)
(1)    13EA :                    ;;;         R0=A=1;  BPL (minuend > subtrahend)
(1)    13EA :                    ;;;         R0=A=-1; BMI (minuend < subtrahend)
(1)    13EA :                    ;;; @clobber A
(1)    13EA :                    cmp16:
(1)    13EA : AD EE                      bsr     sub16
(1)    13EC : B6 51                      lda     R0H
(1)    13EE : BA 52                      ora     R0L
(1)    13F0 : 27 1A                      beq     cmp16_end       ; return with R0=0
(1)    13F2 : B6 51                      lda     R0H
(1)    13F4 : B8 53                      eor     R1H
(1)    13F6 : B7 52                      sta     R0L             ; R0L=(minuend-subtrahend)^minuend
(1)    13F8 : B6 53                      lda     R1H
(1)    13FA : B8 55                      eor     R2H             ; minuend^subtrahend
(1)    13FC : B4 52                      and     R0L             ; overflow flag
(1)    13FE : B8 51                      eor     R0H
(1)    1400 : 2B 06                      bmi     cmp16_lt
(1)    1402 :                    cmp16_gt:
(1)    1402 : 3F 51                      clr     R0H
(1)    1404 : A6 01                      lda     #1
(1)    1406 : 20 04                      bra     cmp16_end
(1)    1408 :                    cmp16_lt:
(1)    1408 : A6 FF                      lda     #-1
(1)    140A : B7 51                      sta     R0H
(1)    140C :                    cmp16_end:
(1)    140C : B7 52                      sta     R0L
(1)    140E : 81                         rts
(1)    140F :
(1)    140F :                    ;;; Unsigned multiplication: result = multiplicand * multiplier
(1)    140F :                    ;;; @param R1 multiplicand
(1)    140F :                    ;;; @param R2 multiplier
(1)    140F :                    ;;; @return R0 result
(1)    140F :                    ;;; @clobber R0 R1 R2
(1)    140F :                    umul16:
(1)    140F : 3F 51                      clr     R0H
(1)    1411 : 3F 52                      clr     R0L
(1)    1413 : 20 16                      bra     umul16_check
(1)    1415 :                    umul16_loop:
(1)    1415 : 34 55                      lsr     R2H
(1)    1417 : 36 56                      ror     R2L             ; multiplier >>=1
(1)    1419 : 24 0C                      bcc     umul16_next     ; if lsb(multiplier) == 0
(1)    141B : B6 54                      lda     R1L
(1)    141D : BB 52                      add     R0L
(1)    141F : B7 52                      sta     R0L
(1)    1421 : B6 53                      lda     R1H
(1)    1423 : B9 51                      adc     R0H
(1)    1425 : B7 51                      sta     R0H             ; result += multiplicand
(1)    1427 :                    umul16_next:
(1)    1427 : 38 54                      lsl     R1L
(1)    1429 : 39 53                      rol     R1H             ; multiplicand <<= 1
(1)    142B :                    umul16_check:
(1)    142B : B6 55                      lda     R2H
(1)    142D : BA 56                      ora     R2L
(1)    142F : 26 E4                      bne     umul16_loop     ; while multiplier != 0
(1)    1431 :                    umul16_end:
(1)    1431 : 81                         rts
(1)    1432 :
(1)    1432 :                    ;;; Multiply; result = multiplicand * multiplier
(1)    1432 :                    ;;; @param R1 multiplicand
(1)    1432 :                    ;;; @param R2 multiplier
(1)    1432 :                    ;;; @return R0 result
(1)    1432 :                    ;;; @return X:A result
(1)    1432 :                    ;;; @clobber R1 R2
(1)    1432 :                    mul16:
(1)    1432 : B6 53                      lda     R1H
(1)    1434 : B8 55                      eor     R2H
(1)    1436 : B7 57                      sta     arith_work      ; save hi(multiplicand^multiplier)
(1)    1438 : B6 55                      lda     R2H             ; A=hi(multiplier)
(1)    143A : 2A 07                      bpl     mul16_multiplicand
(1)    143C : 40                         nega
(1)    143D : 30 56                      neg     R2L
(1)    143F : A2 00                      sbc     #0
(1)    1441 : B7 55                      sta     R2H             ; negate multiplier
(1)    1443 :                    mul16_multiplicand:
(1)    1443 : B6 53                      lda     R1H             ; A=hi(multiplicand)
(1)    1445 : 2A 07                      bpl     mul16_multiply
(1)    1447 : 40                         nega
(1)    1448 : 30 54                      neg     R1L
(1)    144A : A2 00                      sbc     #0
(1)    144C : B7 53                      sta     R1H             ; negate multiplicand
(1)    144E :                    mul16_multiply:
(1)    144E : AD BF                      bsr     umul16          ; R0=result
(1)    1450 : B6 57                      lda     arith_work      ; A=(multiplicand^multiplier)
(1)    1452 : 2A 09                      bpl     mul16_end
(1)    1454 : B6 51                      lda     R0H
(1)    1456 : 40                         nega
(1)    1457 : 30 52                      neg     R0L
(1)    1459 : A2 00                      sbc     #0
(1)    145B : B7 51                      sta     R0H             ; negate result
(1)    145D :                    mul16_end:
(1)    145D : BE 51                      ldx     R0H
(1)    145F : B6 52                      lda     R0L
(1)    1461 : 81                         rts
(1)    1462 :
(1)    1462 :                    ;;; Unsigned division: dividend / divisor = quotient ... remainder
(1)    1462 :                    ;;; @param R1 dividend
(1)    1462 :                    ;;; @param R2 divisor
(1)    1462 :                    ;;; @return R0 quotient
(1)    1462 :                    ;;; @return R1 remainder
(1)    1462 :                    ;;; @clobber R2
(1)    1462 :                    udiv16:
(1)    1462 : BF 57                      stx     arith_work
(1)    1464 : B6 55                      lda     R2H
(1)    1466 : BA 56                      ora     R2L
(1)    1468 : 27 3C                      beq     udiv16_end      ; branch if R2==0
(1)    146A : AE 01                      ldx     #1              ; X=bits
(1)    146C : 20 05                      bra     udiv16_prep
(1)    146E :                    udiv16_prep_loop:
(1)    146E : 38 56                      lsl     R2L
(1)    1470 : 39 55                      rol     R2H             ; divisor <<= 1
(1)    1472 : 5C                         incx                    ; ++bits
(1)    1473 :                    udiv16_prep:
(1)    1473 : B6 55                      lda     R2H
(1)    1475 : 2A F7                      bpl     udiv16_prep_loop ; while msb(divisor) == 0
(1)    1477 : 3F 51                      clr     R0H
(1)    1479 : 3F 52                      clr     R0L             ; quotient=0
(1)    147B : 20 08                      bra     udiv16_enter_loop
(1)    147D :                    udiv16_loop:
(1)    147D : 34 55                      lsr     R2H
(1)    147F : 36 56                      ror     R2L             ; divisor >>= 1
(1)    1481 : 38 52                      lsl     R0L
(1)    1483 : 39 51                      rol     R0H             ; quotient <<= 1
(1)    1485 :                    udiv16_enter_loop:
(1)    1485 : B6 54                      lda     R1L
(1)    1487 : B0 56                      sub     R2L
(1)    1489 : B7 54                      sta     R1L
(1)    148B : B6 53                      lda     R1H
(1)    148D : B2 55                      sbc     R2H
(1)    148F : B7 53                      sta     R1H             ; dividend -= divisor
(1)    1491 : 25 04                      bcs     udiv16_readd
(1)    1493 : 3C 52                      inc     R0L             ; quotient |= 1
(1)    1495 : 20 0C                      bra     udiv16_next
(1)    1497 :                    udiv16_readd:
(1)    1497 : B6 54                      lda     R1L
(1)    1499 : BB 56                      add     R2L
(1)    149B : B7 54                      sta     R1L
(1)    149D : B6 53                      lda     R1H
(1)    149F : B9 55                      adc     R2H
(1)    14A1 : B7 53                      sta     R1H             ; dividend += divisor
(1)    14A3 :                    udiv16_next:
(1)    14A3 : 5A                         decx                    ; --bits
(1)    14A4 : 26 D7                      bne     udiv16_loop     ; while bits != 0
(1)    14A6 :                    udiv16_end:
(1)    14A6 : BE 57                      ldx     arith_work
(1)    14A8 : 81                         rts
(1)    14A9 :
(1)    14A9 :                    ;;; Division; dividend / divisor = quotient ... remainder
(1)    14A9 :                    ;;; @param R1 dividend
(1)    14A9 :                    ;;; @param R2 divisor
(1)    14A9 :                    ;;; @return R0 quotient
(1)    14A9 :                    ;;; @return X:A quotient
(1)    14A9 :                    ;;; @return R1 remainder
(1)    14A9 :                    ;;; @clobber R2
(1)    14A9 :                    div16:
(1)    14A9 : B6 53                      lda     R1H
(1)    14AB : B8 55                      eor     R2H
(1)    14AD : C7 14 DC                   sta     div16_sign      ; save hi(dividend^divisor)
(1)    14B0 : B6 55                      lda     R2H             ; A=hi(divisor)
(1)    14B2 : 2A 07                      bpl     div16_dividend
(1)    14B4 : 40                         nega
(1)    14B5 : 30 56                      neg     R2L
(1)    14B7 : A2 00                      sbc     #0
(1)    14B9 : B7 55                      sta     R2H             ; negate divisor
(1)    14BB :                    div16_dividend:
(1)    14BB : B6 53                      lda     R1H             ; A=hi(dividend)
(1)    14BD : 2A 07                      bpl     div16_divide
(1)    14BF : 40                         nega
(1)    14C0 : 30 54                      neg     R1L
(1)    14C2 : A2 00                      sbc     #0
(1)    14C4 : B7 53                      sta     R1H             ; negate dividend
(1)    14C6 :                    div16_divide:
(1)    14C6 : CD 14 62                   jsr     udiv16          ; R0=quotient
(1)    14C9 : C6 14 DC                   lda     div16_sign      ; A=(dividend^divisor)
(1)    14CC : 2A 09                      bpl     div16_end
(1)    14CE : B6 51                      lda     R0H
(1)    14D0 : 40                         nega
(1)    14D1 : 30 52                      neg     R0L
(1)    14D3 : A2 00                      sbc     #0
(1)    14D5 : B7 51                      sta     R0H             ; negate result
(1)    14D7 :                    div16_end:
(1)    14D7 : BE 51                      ldx     R0H
(1)    14D9 : B6 52                      lda     R0L
(1)    14DB : 81                         rts
(1)    14DC :                    div16_sign:
(1)    14DC :                            rmb     1
       14DD :
       14DD :                    ;;; MC68HC05 compatibility
       FFFC :                            org     $FFFC
       FFFC : FF FC                      fdb     $FFFC           ; SWI: halt to system
       FFFE : 10 00                      fdb     initialize      ; RESET
