          0 :                            include "mc146805e.inc"
(1)       0 :                    ;;; -*- mode: asm; mode: flyspell-prog; -*-
(1)       0 :                            include "mc6805.inc"
(2)       0 :                    ;;; -*- mode: asm; mode: flyspell-prog; -*-
(2)       0 :                    ;;; MC6805
(2)       0 :                            cpu     6805
(2)       0 :                    ;;; Condition Code Register (CC)
(2)       0 : =1                 CC_CARRY      equ  %00000001   ; set to 1 if carry occurred
(2)       0 : =2                 CC_ZERO       equ  %00000010   ; set to 1 if result is zero
(2)       0 : =4                 CC_NEGATIVE   equ  %00000100   ; set to 1 if result is negative
(2)       0 : =8                 CC_IRQ        equ  %00001000   ; if 1, IRQ is masked
(2)       0 : =10                CC_HALF_CARRY equ  %00010000   ; if 1, decimal carry from least digit occurred
(2)       0 :
(2)       0 :                    ;;; Internal Register Area
(2)       0 : =0                 PORTA:  equ     $00          ; $00: Port A Data Register
(2)       0 : =1                 PORTB:  equ     $01          ; $01: Port B Data Register
(2)       0 : =4                 DDRA:   equ     $04          ; $04: Port A Data Direction Register
(2)       0 : =5                 DDRB:   equ     $05          ; $05: Port B Data Direction Register
(2)       0 : =8                 TDR:    equ     $08          ; $08: Timer Data Register
(2)       0 : =9                 TCR:    equ     $09          ; $09: Timer Control Register
(2)       0 :
(2)       0 :                    ;;; Port 2 Data Register
(2)       0 :
(2)       0 :                    ;;; Timer Control Register
(2)       0 : =7                 TCR_SCALER_gm:  equ     %00000111 ; Prescaler
(2)       0 : =0                 TCR_DIV1_gc:    equ     %00000000 ; - 1/1
(2)       0 : =1                 TCR_DIV2_gc:    equ     %00000001 ; - 1/2
(2)       0 : =2                 TCR_DIV4_gc:    equ     %00000010 ; - 1/4
(2)       0 : =3                 TCR_DIV8_gc:    equ     %00000011 ; - 1/8
(2)       0 : =4                 TCR_DIV16_gc:   equ     %00000100 ; - 1/16
(2)       0 : =5                 TCR_DIV32_gc:   equ     %00000101 ; - 1/32
(2)       0 : =6                 TCR_DIV64_gc:   equ     %00000110 ; - 1/64
(2)       0 : =7                 TCR_DIV128_gc:  equ     %00000111 ; - 1/128
(2)       0 : =18                TCR_CS_gm:      equ     %00011000 ; Timer clock source
(2)       0 : =0                 TCR_AS_gc:      equ     %00000000 ; - Internal Clock (AS)
(2)       0 : =8                 TCR_AS_AND_gc:  equ     %00001000 ; - Internal Clock (AS) AND TIMER input
(2)       0 : =10                TCR_DISABLE_gc: equ     %00010000 ; - Timer input is disabled
(2)       0 : =18                TCR_TIMER_gc:   equ     %00011000 ; - TIMER input
(2)       0 : =20                TCR_TOF_bm:     equ     %00100000 ; Timer Overflow Flag
(2)       0 : =40                TCR_IM_bm:      equ     %01000000 ; Timer interrupt mask
(2)       0 : =80                TCR_IF_bm:      equ     %10000000 ; Timer interrupt request flag
(1)       0 :                    ;;; MC146805E
(1)       0 :                            cpu     146805
(1)       0 :                    ;;; Vector
(1)       0 : =1FFA              VEC_IRQ:        equ     $1FFA   ; $1FFA: Maskable Interrupt Request
(1)       0 : =1FFC              VEC_SWI:        equ     $1FFC   ; $1FFC: Software Interrupt
(1)       0 : =1FFE              VEC_RESET:      equ     $1FFE   ; $1FFE: Reset
(1)       0 :
(1)       0 : =10                RAM_START:      equ     $0010   ; Internal RAM $0010-$007F
(1)       0 : =7F                STACK_TOP:      equ     $007F   ; Stack $007F->$0010
          0 :                            cpu     6805
          0 :                            option  pc-bits,16
          0 :
          0 :                    ;;; MC6850 Asynchronous Communication Interface Adapter
          0 : =17F8              ACIA_6805:      equ     $17F8
          0 : =FFE0              ACIA_HC05:      equ     $FFE0
          0 : =17F8              ACIA:   equ     ACIA_6805
          0 :                            include "../mc6800/mc6850.inc"
(1)       0 :                    ;;; -*- mode: asm; mode: flyspell-prog; -*-
(1)       0 :
(1)       0 :                    ;;; MC6850
(1)       0 :                    ;;; Asynchronous Communication Interface Adapter
(1)       0 :
(1)       0 :                    ;;; Control register
(1)       0 : =17F8              ACIA_control:   equ     ACIA+0
(1)       0 :                            ;; Counter Divider Select Bits
(1)       0 : =3                 CDS_gm:         equ     %11    ; Group mask
(1)       0 : =0                 CDS_DIV1_gc:    equ     %00000000 ; /1
(1)       0 : =1                 CDS_DIV16_gc:   equ     %00000001 ; /16
(1)       0 : =2                 CDS_DIV64_gc:   equ     %00000010 ; /64
(1)       0 : =3                 CDS_RESET_gc:   equ     %00000011 ; Master Reset
(1)       0 :                            ;; Word Select Bits
(1)       0 : =1C                WSB_gm:         equ     %00011100 ; Group mask
(1)       0 : =0                 WSB_7E2_gc:     equ     %00000000 ; 7 Bits + Even Parity + 2 Stop Bits
(1)       0 : =4                 WSB_7O2_gc:     equ     %00000100 ; 7 bits + Odd Parity  + 2 Stop Bits
(1)       0 : =8                 WSB_7E1_gc:     equ     %00001000 ; 7 bits + Even Parity + 1 Stop Bits
(1)       0 : =C                 WSB_7O1_gc:     equ     %00001100 ; 7 bits + Odd Parity  + 1 Stop Bits
(1)       0 : =10                WSB_8N2_gc:     equ     %00010000 ; 8 bits + No Parity   + 2 Stop Bits
(1)       0 : =14                WSB_8N1_gc:     equ     %00010100 ; 8 bits + No Parity   + 1 Stop Bits
(1)       0 : =18                WSB_8E1_gc:     equ     %00011000 ; 8 bits + Even Parity + 1 Stop Bits
(1)       0 : =1C                WSB_8O1_gc:     equ     %00011100 ; 8 bits + Odd Parity  + 1 Stop Bits
(1)       0 :                            ;; Transmit Control Bits
(1)       0 : =60                TCB_gm:         equ     %01100000 ; Group mask
(1)       0 : =0                 TCB_DI_gc:      equ     %00000000 ; RTS=Low,  Tx Interrupt Disabled
(1)       0 : =20                TCB_EI_gc:      equ     %00100000 ; RTS=Low,  Tx Interrupt Enabled
(1)       0 : =40                TCB_RTS_gc:     equ     %01000000 ; RTS=High, Tx Interrupt Disabled
(1)       0 : =60                TCB_BREAK_gc:   equ     %01100000 ; RTS=Low,  Tx Interrupt Disabled
(1)       0 :                                                      ; Transmit Break Level
(1)       0 : =80                RIEB_bm:        equ     %10000000 ; Receive Interrupt Enable Bit mask
(1)       0 :
(1)       0 :                    ;;; Status register
(1)       0 : =17F8              ACIA_status:    equ     ACIA+0
(1)       0 : =1                 RDRF_bm:        equ     %00000001 ; Receive Data Register Full
(1)       0 : =2                 TDRE_bm:        equ     %00000010 ; Transmit Data Register Empty
(1)       0 : =4                 DCDF_bm:        equ     %00000100 ; Data Carrier Detect Flag
(1)       0 : =8                 CTSF_bm:        equ     %00001000 ; Clear To Send Flag
(1)       0 : =10                FERR_bm:        equ     %00010000 ; Frame Error Flag
(1)       0 : =20                OVRN_bm:        equ     %00100000 ; Receiver Overrun Flag
(1)       0 : =40                PERR_bm:        equ     %01000000 ; Parity Error Flag
(1)       0 : =80                IRQF_bm:        equ     %10000000 ; Interrupt Request Flag
(1)       0 :
(1)       0 :                    ;;; Data register
(1)       0 : =17F9              ACIA_data:      equ     ACIA+1          ; Data register
          0 : =94                RX_INT_TX_NO:   equ     WSB_8N1_gc|RIEB_bm
          0 :
         50 :                            org     $50
         50 :                    cputype:
         50 :                            rmb     1
         51 :                    save_a: rmb     1
         52 :
         80 :                            org     $0080
         80 : =10                rx_queue_size:  equ     16
         80 :                    rx_queue:
         80 :                            rmb     rx_queue_size
         90 :
       1FFA :                            org     VEC_IRQ
       1FFA : 10 E0                      fdb     isr_irq
       1FFC :
       1FFC :                            org     VEC_SWI
       1FFC : 1F FC                      fdb     VEC_SWI         ; halt to system
       1FFE :
       1FFE :                            org     VEC_RESET
       1FFE : 10 00                      fdb     initialize
       2000 :
       1000 :                            org     $1000
       1000 :                    initialize:
       1000 :                            include "cputype.inc"
(1)    1000 :                    ;;; -*- mode: asm; mode: flyspell-prog; -*-
(1)    1000 : =FFE0              HC05_control:   equ     ACIA_HC05+(ACIA_control-ACIA)
(1)    1000 : =FFE0              HC05_status:    equ     ACIA_HC05+(ACIA_status-ACIA)
(1)    1000 : =FFE1              HC05_data:      equ     ACIA_HC05+(ACIA_data-ACIA)
(1)    1000 : =FFFF              COP_RESET:      equ     $FFFF   ; MC68HC08 COP; the COP is a mask option there
(1)    1000 : 9C                         rsp                     ; 6805:SP=$7F. 68HC05:SP=$FF
(1)    1001 : 3F 50                      clr     cputype
(1)    1003 : 3F 7E                      clr     $7E             ; clear return address of 6805
(1)    1005 : 3F FE                      clr     $FE             ; clear return address of 68HC05
(1)    1007 : AD 38                      bsr     check_cpu
(1)    1009 : 20 3D                      bra     continue
(1)    100B :                    store_ACIA_control:
(1)    100B : 3D 50                      tst     cputype
(1)    100D : 26 04                      bne     *+6
(1)    100F : C7 17 F8                   sta     ACIA_control
(1)    1012 : 81                         rts
(1)    1013 : C7 FF E0                   sta     HC05_control
(1)    1016 : 81                         rts
(1)    1017 :                    load_ACIA_status:
(1)    1017 : 3D 50                      tst     cputype
(1)    1019 : 26 04                      bne     load_ACIA_status_hc05
(1)    101B : C6 17 F8                   lda     ACIA_status
(1)    101E : 81                         rts
(1)    101F :                    load_ACIA_status_hc05:
(1)    101F : C6 FF FF                   lda     COP_RESET       ; service the MC68HC08's COP, a mask option
(1)    1022 : C7 FF FF                   sta     COP_RESET
(1)    1025 : C6 FF E0                   lda     HC05_status
(1)    1028 : 81                         rts
(1)    1029 :                    load_ACIA_data:
(1)    1029 : 3D 50                      tst     cputype
(1)    102B : 26 04                      bne     *+6
(1)    102D : C6 17 F9                   lda     ACIA_data
(1)    1030 : 81                         rts
(1)    1031 : C6 FF E1                   lda     HC05_data
(1)    1034 : 81                         rts
(1)    1035 :                    store_ACIA_data:
(1)    1035 : 3D 50                      tst     cputype
(1)    1037 : 26 04                      bne     *+6
(1)    1039 : C7 17 F9                   sta     ACIA_data
(1)    103C : 81                         rts
(1)    103D : C7 FF E1                   sta     HC05_data
(1)    1040 : 81                         rts
(1)    1041 :                    check_cpu:
(1)    1041 : 3D 7E                      tst     $7E
(1)    1043 : 26 02                      bne     cpu6805         ; found return address at 6805 stack
(1)    1045 : 3C 50                      inc     cputype         ; 0:6805, 1:68HC05
(1)    1047 :                    cpu6805:
(1)    1047 : 81                         rts
(1)    1048 :                    continue:
       1048 : AE 80                      ldx     #rx_queue
       104A : A6 10                      lda     #rx_queue_size
       104C : CD 10 88                   jsr     queue_init
       104F :                            ;; initialize ACIA
       104F : A6 03                      lda     #CDS_RESET_gc   ; Master reset
       1051 : AD B8                      bsr     store_ACIA_control
       1053 : A6 94                      lda     #RX_INT_TX_NO
       1055 : AD B4                      bsr     store_ACIA_control
       1057 : 9A                         cli                     ; Enable IRQ
       1058 :                    loop:
       1058 : 3D 50                      tst     cputype
       105A : 27 06                      beq     loop_6805           ; the 6805's $FFFF is its reset vector
       105C : C6 FF FF                   lda     COP_RESET       ; service the MC68HC08's COP, a mask option
       105F : C7 FF FF                   sta     COP_RESET
       1062 :                    loop_6805:
       1062 : AE 80                      ldx     #rx_queue
       1064 : 9B                         sei                     ; Disable IRQ
       1065 : CD 10 BF                   jsr     queue_remove
       1068 : 9A                         cli                     ; Enable IRQ
       1069 : 24 ED                      bcc     loop
       106B : 4D                         tsta
       106C : 27 0C                      beq     halt_to_system
       106E : AD 0B                      bsr     putchar
       1070 : A1 0D                      cmp     #$0D            ; carriage return
       1072 : 26 E4                      bne     loop
       1074 : A6 0A                      lda     #$0A            ; newline
       1076 : AD 03                      bsr     putchar
       1078 : 20 DE                      bra     loop
       107A :                    halt_to_system:
       107A : 83                         swi
       107B :
       107B :                    putchar:
       107B : B7 51                      sta     save_a
       107D :                    putchar_loop:
       107D : AD 98                      bsr     load_ACIA_status
       107F : A5 02                      bit     #TDRE_bm
       1081 : 27 FA                      beq     putchar_loop
       1083 :                    putchar_data:
       1083 : B6 51                      lda     save_a
       1085 : AD AE                      bsr     store_ACIA_data
       1087 : 81                         rts
       1088 :
       1088 :                            include "queue.inc"
(1)    1088 :                    ;;; [queue] queue structure
(1)    1088 : =0                 queue_len:      equ     0       ; queue length
(1)    1088 : =1                 queue_size:     equ     1       ; buffer size
(1)    1088 : =2                 queue_put:      equ     2       ; queue put index
(1)    1088 : =3                 queue_get:      equ     3       ; queue get index
(1)    1088 : =4                 queue_buf:      equ     4       ; buffer start offset
(1)    1088 :
(1)    1088 :                    ;;; [queue] Initialize queue
(1)    1088 :                    ;;; @param X queue work space pointer
(1)    1088 :                    ;;; @param A queue work space size
(1)    1088 :                    ;;; @clobber A
(1)    1088 :                    queue_init:
(1)    1088 : 7F                         clr     queue_len,x
(1)    1089 : 6F 02                      clr     queue_put,x
(1)    108B : 6F 03                      clr     queue_get,x
(1)    108D : A0 04                      sub     #queue_buf
(1)    108F : E7 01                      sta     queue_size,x
(1)    1091 : 81                         rts
(1)    1092 :
(1)    1092 :                    ;;; [queue] Add an element to queue
(1)    1092 :                    ;;; @param X queue work space pointer
(1)    1092 :                    ;;; @param A an element
(1)    1092 :                    ;;; @return CC.C 0 if queue is full
(1)    1092 :                    queue_add_X:
(1)    1092 :                            rmb     1               ; save X
(1)    1093 :                    queue_add_A:
(1)    1093 :                            rmb     1               ; save X
(1)    1094 :                    queue_add:
(1)    1094 : C7 10 93                   sta     queue_add_A     ; save A
(1)    1097 : F6                         lda     queue_len,x
(1)    1098 : E1 01                      cmp     queue_size,x
(1)    109A : 24 1E                      bhs     queue_add_return ; carry is cleared
(1)    109C : 7C                         inc     queue_len,x      ; increment queue length
(1)    109D : E6 02                      lda     queue_put,x      ; 8 bits offset
(1)    109F : 4C                         inca
(1)    10A0 : E7 02                      sta     queue_put,x     ; update put pointer
(1)    10A2 : E1 01                      cmp     queue_size,x
(1)    10A4 : 25 02                      blo     queue_add_elem
(1)    10A6 : 6F 02                      clr     queue_put,x
(1)    10A8 :                    queue_add_elem:
(1)    10A8 : 4A                         deca                    ; restore put pointer
(1)    10A9 : AB 04                      add     #queue_buf
(1)    10AB : CF 10 92                   stx     queue_add_X     ; save X
(1)    10AE : CB 10 92                   add     queue_add_X
(1)    10B1 : 97                         tax
(1)    10B2 : C6 10 93                   lda     queue_add_A
(1)    10B5 : F7                         sta     ,x              ; put element
(1)    10B6 : CE 10 92                   ldx     queue_add_X     ; restore X
(1)    10B9 : 99                         sec                     ; set carry
(1)    10BA :                    queue_add_return:
(1)    10BA : C6 10 93                   lda     queue_add_A     ; restore A
(1)    10BD : 81                         rts
(1)    10BE :
(1)    10BE :                    ;;; [queue] Remove an element from queue
(1)    10BE :                    ;;; @param X queue work space pointer
(1)    10BE :                    ;;; @return A an element
(1)    10BE :                    ;;; @return CC.C 0 if queue is empty
(1)    10BE :                    queue_remove_X:
(1)    10BE :                            rmb     1
(1)    10BF :                    queue_remove:
(1)    10BF : 7D                         tst     queue_len,x
(1)    10C0 : 26 02                      bne     queue_remove_has_elem
(1)    10C2 : 98                         clc                     ; clear carry
(1)    10C3 : 81                         rts
(1)    10C4 :                    queue_remove_has_elem:
(1)    10C4 : 7A                         dec     queue_len,x     ; decrement queue length
(1)    10C5 : E6 03                      lda     queue_get,x     ; 8 bits offset
(1)    10C7 : 4C                         inca
(1)    10C8 : E7 03                      sta     queue_get,x     ; update get pointer
(1)    10CA : E1 01                      cmp     queue_size,x
(1)    10CC : 25 02                      blo     queue_remove_elem
(1)    10CE : 6F 03                      clr     queue_get,x
(1)    10D0 :                    queue_remove_elem:
(1)    10D0 : 4A                         deca                    ; restore get pointer
(1)    10D1 : AB 04                      add     #queue_buf
(1)    10D3 : CF 10 BE                   stx     queue_remove_X  ; save X
(1)    10D6 : CB 10 BE                   add     queue_remove_X
(1)    10D9 : 97                         tax
(1)    10DA : F6                         lda     ,x              ; get element
(1)    10DB : CE 10 BE                   ldx     queue_remove_X  ; restore X
(1)    10DE : 99                         sec                     ; set carry
(1)    10DF :                    queue_remove_return:
(1)    10DF : 81                         rts
(1)    10E0 :
(1)    10E0 :                    ;;; Local Variables:
(1)    10E0 :                    ;;; mode: asm
(1)    10E0 :                    ;;; End:
(1)    10E0 :                    ;;; vim: set ft=asm et ts=4 sw=4:
       10E0 :
       10E0 :                    isr_irq:
       10E0 : CD 10 17                   jsr     load_ACIA_status
       10E3 : A5 80                      bit     #IRQF_bm
       10E5 : 27 0C                      beq     isr_irq_return
       10E7 :                    isr_irq_receive:
       10E7 : A5 01                      bit     #RDRF_bm
       10E9 : 27 08                      beq     isr_irq_recv_end
       10EB : CD 10 29                   jsr     load_ACIA_data
       10EE : AE 80                      ldx     #rx_queue
       10F0 : CD 10 94                   jsr     queue_add
       10F3 :                    isr_irq_recv_end:
       10F3 :                    isr_irq_return:
       10F3 : 80                         rti
       10F4 :
       10F4 :                    ;;; MC68HC05 compatibility
       FFFA :                            org     $FFFA
       FFFA : 10 E0                      fdb     isr_irq         ; IRQ
       FFFC : FF FC                      fdb     $FFFC           ; SWI: halt to system
       FFFE : 10 00                      fdb     initialize      ; RESET
