          0 :                            include "mc146805e.inc"
(1)       0 :                    ;;; -*- mode: asm; mode: flyspell-prog; -*-
(1)       0 :                            include "mc6805.inc"
(2)       0 :                    ;;; -*- mode: asm; mode: flyspell-prog; -*-
(2)       0 :                    ;;; MC6805
(2)       0 :                            cpu     6805
(2)       0 :                    ;;; Condition Code Register (CC)
(2)       0 : =1                 CC_CARRY      equ  %00000001   ; set to 1 if carry occurred
(2)       0 : =2                 CC_ZERO       equ  %00000010   ; set to 1 if result is zero
(2)       0 : =4                 CC_NEGATIVE   equ  %00000100   ; set to 1 if result is negative
(2)       0 : =8                 CC_IRQ        equ  %00001000   ; if 1, IRQ is masked
(2)       0 : =10                CC_HALF_CARRY equ  %00010000   ; if 1, decimal carry from least digit occurred
(2)       0 :
(2)       0 :                    ;;; Internal Register Area
(2)       0 : =0                 PORTA:  equ     $00          ; $00: Port A Data Register
(2)       0 : =1                 PORTB:  equ     $01          ; $01: Port B Data Register
(2)       0 : =4                 DDRA:   equ     $04          ; $04: Port A Data Direction Register
(2)       0 : =5                 DDRB:   equ     $05          ; $05: Port B Data Direction Register
(2)       0 : =8                 TDR:    equ     $08          ; $08: Timer Data Register
(2)       0 : =9                 TCR:    equ     $09          ; $09: Timer Control Register
(2)       0 :
(2)       0 :                    ;;; Port 2 Data Register
(2)       0 :
(2)       0 :                    ;;; Timer Control Register
(2)       0 : =7                 TCR_SCALER_gm:  equ     %00000111 ; Prescaler
(2)       0 : =0                 TCR_DIV1_gc:    equ     %00000000 ; - 1/1
(2)       0 : =1                 TCR_DIV2_gc:    equ     %00000001 ; - 1/2
(2)       0 : =2                 TCR_DIV4_gc:    equ     %00000010 ; - 1/4
(2)       0 : =3                 TCR_DIV8_gc:    equ     %00000011 ; - 1/8
(2)       0 : =4                 TCR_DIV16_gc:   equ     %00000100 ; - 1/16
(2)       0 : =5                 TCR_DIV32_gc:   equ     %00000101 ; - 1/32
(2)       0 : =6                 TCR_DIV64_gc:   equ     %00000110 ; - 1/64
(2)       0 : =7                 TCR_DIV128_gc:  equ     %00000111 ; - 1/128
(2)       0 : =18                TCR_CS_gm:      equ     %00011000 ; Timer clock source
(2)       0 : =0                 TCR_AS_gc:      equ     %00000000 ; - Internal Clock (AS)
(2)       0 : =8                 TCR_AS_AND_gc:  equ     %00001000 ; - Internal Clock (AS) AND TIMER input
(2)       0 : =10                TCR_DISABLE_gc: equ     %00010000 ; - Timer input is disabled
(2)       0 : =18                TCR_TIMER_gc:   equ     %00011000 ; - TIMER input
(2)       0 : =20                TCR_TOF_bm:     equ     %00100000 ; Timer Overflow Flag
(2)       0 : =40                TCR_IM_bm:      equ     %01000000 ; Timer interrupt mask
(2)       0 : =80                TCR_IF_bm:      equ     %10000000 ; Timer interrupt request flag
(1)       0 :                    ;;; MC146805E
(1)       0 :                            cpu     146805
(1)       0 :                    ;;; Vector
(1)       0 : =1FFA              VEC_IRQ:        equ     $1FFA   ; $1FFA: Maskable Interrupt Request
(1)       0 : =1FFC              VEC_SWI:        equ     $1FFC   ; $1FFC: Software Interrupt
(1)       0 : =1FFE              VEC_RESET:      equ     $1FFE   ; $1FFE: Reset
(1)       0 :
(1)       0 : =10                RAM_START:      equ     $0010   ; Internal RAM $0010-$007F
(1)       0 : =7F                STACK_TOP:      equ     $007F   ; Stack $007F->$0010
          0 :                            cpu     6805
          0 :                            option  pc-bits,16
          0 :
          0 :                    ;;; MC6850 Asynchronous Communication Interface Adapter
          0 : =17F8              ACIA_6805:      equ     $17F8
          0 : =FFE0              ACIA_HC05:      equ     $FFE0
          0 : =17F8              ACIA:   equ     ACIA_6805
          0 :                            include "../mc6800/mc6850.inc"
(1)       0 :                    ;;; -*- mode: asm; mode: flyspell-prog; -*-
(1)       0 :
(1)       0 :                    ;;; MC6850
(1)       0 :                    ;;; Asynchronous Communication Interface Adapter
(1)       0 :
(1)       0 :                    ;;; Control register
(1)       0 : =17F8              ACIA_control:   equ     ACIA+0
(1)       0 :                            ;; Counter Divider Select Bits
(1)       0 : =3                 CDS_gm:         equ     %11    ; Group mask
(1)       0 : =0                 CDS_DIV1_gc:    equ     %00000000 ; /1
(1)       0 : =1                 CDS_DIV16_gc:   equ     %00000001 ; /16
(1)       0 : =2                 CDS_DIV64_gc:   equ     %00000010 ; /64
(1)       0 : =3                 CDS_RESET_gc:   equ     %00000011 ; Master Reset
(1)       0 :                            ;; Word Select Bits
(1)       0 : =1C                WSB_gm:         equ     %00011100 ; Group mask
(1)       0 : =0                 WSB_7E2_gc:     equ     %00000000 ; 7 Bits + Even Parity + 2 Stop Bits
(1)       0 : =4                 WSB_7O2_gc:     equ     %00000100 ; 7 bits + Odd Parity  + 2 Stop Bits
(1)       0 : =8                 WSB_7E1_gc:     equ     %00001000 ; 7 bits + Even Parity + 1 Stop Bits
(1)       0 : =C                 WSB_7O1_gc:     equ     %00001100 ; 7 bits + Odd Parity  + 1 Stop Bits
(1)       0 : =10                WSB_8N2_gc:     equ     %00010000 ; 8 bits + No Parity   + 2 Stop Bits
(1)       0 : =14                WSB_8N1_gc:     equ     %00010100 ; 8 bits + No Parity   + 1 Stop Bits
(1)       0 : =18                WSB_8E1_gc:     equ     %00011000 ; 8 bits + Even Parity + 1 Stop Bits
(1)       0 : =1C                WSB_8O1_gc:     equ     %00011100 ; 8 bits + Odd Parity  + 1 Stop Bits
(1)       0 :                            ;; Transmit Control Bits
(1)       0 : =60                TCB_gm:         equ     %01100000 ; Group mask
(1)       0 : =0                 TCB_DI_gc:      equ     %00000000 ; RTS=Low,  Tx Interrupt Disabled
(1)       0 : =20                TCB_EI_gc:      equ     %00100000 ; RTS=Low,  Tx Interrupt Enabled
(1)       0 : =40                TCB_RTS_gc:     equ     %01000000 ; RTS=High, Tx Interrupt Disabled
(1)       0 : =60                TCB_BREAK_gc:   equ     %01100000 ; RTS=Low,  Tx Interrupt Disabled
(1)       0 :                                                      ; Transmit Break Level
(1)       0 : =80                RIEB_bm:        equ     %10000000 ; Receive Interrupt Enable Bit mask
(1)       0 :
(1)       0 :                    ;;; Status register
(1)       0 : =17F8              ACIA_status:    equ     ACIA+0
(1)       0 : =1                 RDRF_bm:        equ     %00000001 ; Receive Data Register Full
(1)       0 : =2                 TDRE_bm:        equ     %00000010 ; Transmit Data Register Empty
(1)       0 : =4                 DCDF_bm:        equ     %00000100 ; Data Carrier Detect Flag
(1)       0 : =8                 CTSF_bm:        equ     %00001000 ; Clear To Send Flag
(1)       0 : =10                FERR_bm:        equ     %00010000 ; Frame Error Flag
(1)       0 : =20                OVRN_bm:        equ     %00100000 ; Receiver Overrun Flag
(1)       0 : =40                PERR_bm:        equ     %01000000 ; Parity Error Flag
(1)       0 : =80                IRQF_bm:        equ     %10000000 ; Interrupt Request Flag
(1)       0 :
(1)       0 :                    ;;; Data register
(1)       0 : =17F9              ACIA_data:      equ     ACIA+1          ; Data register
          0 : =94                RX_INT_TX_NO:   equ     WSB_8N1_gc|RIEB_bm
          0 : =B4                RX_INT_TX_INT:  equ     WSB_8N1_gc|RIEB_bm|TCB_EI_gc
          0 :
         50 :                            org     $50
         50 :                    cputype:
         50 :                            rmb     1
         51 :                    save_a: rmb     1
         52 :                    save_x: rmb     1
         53 :
         80 :                            org     $0080
         80 : =10                rx_queue_size:  equ     16
         80 :                    rx_queue:
         80 :                            rmb     rx_queue_size
         90 : =20                tx_queue_size:  equ     32
         90 :                    tx_queue:
         90 :                            rmb     tx_queue_size
         B0 :
       1FFA :                            org     VEC_IRQ
       1FFA : 11 45                      fdb     isr_irq
       1FFC :
       1FFC :                            org     VEC_SWI
       1FFC : 1F FC                      fdb     VEC_SWI         ; halt to system
       1FFE :
       1FFE :                            org     VEC_RESET
       1FFE : 10 00                      fdb     initialize
       2000 :
       1000 :                            org     $1000
       1000 :                    initialize:
       1000 :                            include "cputype.inc"
(1)    1000 :                    ;;; -*- mode: asm; mode: flyspell-prog; -*-
(1)    1000 : =FFE0              HC05_control:   equ     ACIA_HC05+(ACIA_control-ACIA)
(1)    1000 : =FFE0              HC05_status:    equ     ACIA_HC05+(ACIA_status-ACIA)
(1)    1000 : =FFE1              HC05_data:      equ     ACIA_HC05+(ACIA_data-ACIA)
(1)    1000 : =FFFF              COP_RESET:      equ     $FFFF   ; MC68HC08 COP; the COP is a mask option there
(1)    1000 : 9C                         rsp                     ; 6805:SP=$7F. 68HC05:SP=$FF
(1)    1001 : 3F 50                      clr     cputype
(1)    1003 : 3F 7E                      clr     $7E             ; clear return address of 6805
(1)    1005 : 3F FE                      clr     $FE             ; clear return address of 68HC05
(1)    1007 : AD 38                      bsr     check_cpu
(1)    1009 : 20 3D                      bra     continue
(1)    100B :                    store_ACIA_control:
(1)    100B : 3D 50                      tst     cputype
(1)    100D : 26 04                      bne     *+6
(1)    100F : C7 17 F8                   sta     ACIA_control
(1)    1012 : 81                         rts
(1)    1013 : C7 FF E0                   sta     HC05_control
(1)    1016 : 81                         rts
(1)    1017 :                    load_ACIA_status:
(1)    1017 : 3D 50                      tst     cputype
(1)    1019 : 26 04                      bne     load_ACIA_status_hc05
(1)    101B : C6 17 F8                   lda     ACIA_status
(1)    101E : 81                         rts
(1)    101F :                    load_ACIA_status_hc05:
(1)    101F : C6 FF FF                   lda     COP_RESET       ; service the MC68HC08's COP, a mask option
(1)    1022 : C7 FF FF                   sta     COP_RESET
(1)    1025 : C6 FF E0                   lda     HC05_status
(1)    1028 : 81                         rts
(1)    1029 :                    load_ACIA_data:
(1)    1029 : 3D 50                      tst     cputype
(1)    102B : 26 04                      bne     *+6
(1)    102D : C6 17 F9                   lda     ACIA_data
(1)    1030 : 81                         rts
(1)    1031 : C6 FF E1                   lda     HC05_data
(1)    1034 : 81                         rts
(1)    1035 :                    store_ACIA_data:
(1)    1035 : 3D 50                      tst     cputype
(1)    1037 : 26 04                      bne     *+6
(1)    1039 : C7 17 F9                   sta     ACIA_data
(1)    103C : 81                         rts
(1)    103D : C7 FF E1                   sta     HC05_data
(1)    1040 : 81                         rts
(1)    1041 :                    check_cpu:
(1)    1041 : 3D 7E                      tst     $7E
(1)    1043 : 26 02                      bne     cpu6805         ; found return address at 6805 stack
(1)    1045 : 3C 50                      inc     cputype         ; 0:6805, 1:68HC05
(1)    1047 :                    cpu6805:
(1)    1047 : 81                         rts
(1)    1048 :                    continue:
       1048 : AE 80                      ldx     #rx_queue
       104A : A6 10                      lda     #rx_queue_size
       104C : CD 10 ED                   jsr     queue_init
       104F : AE 90                      ldx     #tx_queue
       1051 : A6 20                      lda     #tx_queue_size
       1053 : CD 10 ED                   jsr     queue_init
       1056 :                            ;; initialize ACIA
       1056 : A6 03                      lda     #CDS_RESET_gc   ; master reset
       1058 : AD B1                      bsr     store_ACIA_control
       105A : A6 94                      lda     #RX_INT_TX_NO
       105C : AD AD                      bsr     store_ACIA_control
       105E : 9A                         cli                     ; enable IRQ
       105F :                    loop:
       105F : 3D 50                      tst     cputype
       1061 : 27 06                      beq     loop_6805           ; the 6805's $FFFF is its reset vector
       1063 : C6 FF FF                   lda     COP_RESET       ; service the MC68HC08's COP, a mask option
       1066 : C7 FF FF                   sta     COP_RESET
       1069 :                    loop_6805:
       1069 : AD 67                      bsr     getchar
       106B : 24 F2                      bcc     loop
       106D : B7 51                      sta     save_a
       106F : 27 16                      beq     halt_to_system
       1071 : AD 67                      bsr     putchar         ; echo
       1073 : A6 20                      lda     #' '            ; space
       1075 : AD 63                      bsr     putchar
       1077 : B6 51                      lda     save_a
       1079 : AD 15                      bsr     put_hex8        ; print in hex
       107B : A6 20                      lda     #' '            ; space
       107D : AD 5B                      bsr     putchar
       107F : B6 51                      lda     save_a
       1081 : AD 2F                      bsr     put_bin8        ; print in binary
       1083 : AD 03                      bsr     newline
       1085 : 20 D8                      bra     loop
       1087 :                    halt_to_system:
       1087 : 83                         swi
       1088 :
       1088 :                    ;;; Put newline
       1088 :                    ;;; @clobber A
       1088 :                    newline:
       1088 : A6 0D                      lda     #$0D
       108A : AD 4E                      bsr     putchar
       108C : A6 0A                      lda     #$0A
       108E : 20 4A                      bra     putchar
       1090 :
       1090 :                    ;;; Print uint8_t in hex
       1090 :                    ;;; @param A(save_a) uint8_t value to be printed in hex.
       1090 :                    put_hex8:
       1090 : B7 51                      sta     save_a
       1092 : A6 30                      lda     #'0'
       1094 : AD 44                      bsr     putchar
       1096 : A6 78                      lda     #'x'
       1098 : AD 40                      bsr     putchar
       109A : B6 51                      lda     save_a
       109C : 44                         lsra
       109D : 44                         lsra
       109E : 44                         lsra
       109F : 44                         lsra
       10A0 : AD 02                      bsr     put_hex4
       10A2 : B6 51                      lda     save_a
       10A4 :                    put_hex4:
       10A4 : A4 0F                      and     #$0f
       10A6 : A1 0A                      cmp     #10
       10A8 : 25 04                      blo     put_hex8_dec
       10AA : AB 37                      add     #'A'-10
       10AC : 20 2C                      bra     putchar
       10AE :                    put_hex8_dec:
       10AE : AB 30                      add     #'0'
       10B0 : 20 28                      bra     putchar
       10B2 :
       10B2 :                    ;;; Print uint8_t in binary
       10B2 :                    ;;; @param A(save_a) uint8_t value to be printed in binary.
       10B2 :                    put_bin8:
       10B2 : B7 51                      sta     save_a
       10B4 : A6 30                      lda     #'0'
       10B6 : AD 22                      bsr     putchar
       10B8 : A6 62                      lda     #'b'
       10BA : AD 1E                      bsr     putchar
       10BC : AD 05                      bsr     put_bin4
       10BE : AD 03                      bsr     put_bin4
       10C0 : B6 51                      lda     save_a
       10C2 : 81                         rts
       10C3 :                    put_bin4:
       10C3 : AD 00                      bsr     put_bin2
       10C5 :                    put_bin2:
       10C5 : AD 00                      bsr     put_bin1
       10C7 :                    put_bin1:
       10C7 : A6 30                      lda     #'0'
       10C9 : 38 51                      lsl     save_a
       10CB : 24 0D                      bcc     putchar
       10CD : 3C 51                      inc     save_a          ; rotate save_a
       10CF : 4C                         inca
       10D0 : 20 08                      bra     putchar
       10D2 :
       10D2 :                    ;;; Get character
       10D2 :                    ;;; @clobber X
       10D2 :                    ;;; @return A
       10D2 :                    ;;; @return CC.C 0 if no char received
       10D2 :                    getchar:
       10D2 : AE 80                      ldx     #rx_queue
       10D4 : 9B                         sei                     ; disable IRQ
       10D5 : CD 11 24                   jsr     queue_remove
       10D8 : 9A                         cli                     ; enable IRQ
       10D9 : 81                         rts
       10DA :
       10DA :                    ;;; Put character
       10DA :                    ;;; @param A
       10DA :                    ;;; @clobber A
       10DA :                    putchar:
       10DA : BF 52                      stx     save_x          ; save X
       10DC : AE 90                      ldx     #tx_queue
       10DE :                    putchar_retry:
       10DE : 9B                         sei                     ; disable IRQ
       10DF : CD 10 F9                   jsr     queue_add
       10E2 : 9A                         cli                     ; enable IRQ
       10E3 : 24 F9                      bcc     putchar_retry   ; branch if queue is full
       10E5 : A6 B4                      lda     #RX_INT_TX_INT  ; enable Tx interrupt
       10E7 : CD 10 0B                   jsr     store_ACIA_control
       10EA :                    putchar_exit:
       10EA : BE 52                      ldx     save_x          ; restore X
       10EC : 81                         rts
       10ED :
       10ED :                            include "queue.inc"
(1)    10ED :                    ;;; [queue] queue structure
(1)    10ED : =0                 queue_len:      equ     0       ; queue length
(1)    10ED : =1                 queue_size:     equ     1       ; buffer size
(1)    10ED : =2                 queue_put:      equ     2       ; queue put index
(1)    10ED : =3                 queue_get:      equ     3       ; queue get index
(1)    10ED : =4                 queue_buf:      equ     4       ; buffer start offset
(1)    10ED :
(1)    10ED :                    ;;; [queue] Initialize queue
(1)    10ED :                    ;;; @param X queue work space pointer
(1)    10ED :                    ;;; @param A queue work space size
(1)    10ED :                    ;;; @clobber A
(1)    10ED :                    queue_init:
(1)    10ED : 7F                         clr     queue_len,x
(1)    10EE : 6F 02                      clr     queue_put,x
(1)    10F0 : 6F 03                      clr     queue_get,x
(1)    10F2 : A0 04                      sub     #queue_buf
(1)    10F4 : E7 01                      sta     queue_size,x
(1)    10F6 : 81                         rts
(1)    10F7 :
(1)    10F7 :                    ;;; [queue] Add an element to queue
(1)    10F7 :                    ;;; @param X queue work space pointer
(1)    10F7 :                    ;;; @param A an element
(1)    10F7 :                    ;;; @return CC.C 0 if queue is full
(1)    10F7 :                    queue_add_X:
(1)    10F7 :                            rmb     1               ; save X
(1)    10F8 :                    queue_add_A:
(1)    10F8 :                            rmb     1               ; save X
(1)    10F9 :                    queue_add:
(1)    10F9 : C7 10 F8                   sta     queue_add_A     ; save A
(1)    10FC : F6                         lda     queue_len,x
(1)    10FD : E1 01                      cmp     queue_size,x
(1)    10FF : 24 1E                      bhs     queue_add_return ; carry is cleared
(1)    1101 : 7C                         inc     queue_len,x      ; increment queue length
(1)    1102 : E6 02                      lda     queue_put,x      ; 8 bits offset
(1)    1104 : 4C                         inca
(1)    1105 : E7 02                      sta     queue_put,x     ; update put pointer
(1)    1107 : E1 01                      cmp     queue_size,x
(1)    1109 : 25 02                      blo     queue_add_elem
(1)    110B : 6F 02                      clr     queue_put,x
(1)    110D :                    queue_add_elem:
(1)    110D : 4A                         deca                    ; restore put pointer
(1)    110E : AB 04                      add     #queue_buf
(1)    1110 : CF 10 F7                   stx     queue_add_X     ; save X
(1)    1113 : CB 10 F7                   add     queue_add_X
(1)    1116 : 97                         tax
(1)    1117 : C6 10 F8                   lda     queue_add_A
(1)    111A : F7                         sta     ,x              ; put element
(1)    111B : CE 10 F7                   ldx     queue_add_X     ; restore X
(1)    111E : 99                         sec                     ; set carry
(1)    111F :                    queue_add_return:
(1)    111F : C6 10 F8                   lda     queue_add_A     ; restore A
(1)    1122 : 81                         rts
(1)    1123 :
(1)    1123 :                    ;;; [queue] Remove an element from queue
(1)    1123 :                    ;;; @param X queue work space pointer
(1)    1123 :                    ;;; @return A an element
(1)    1123 :                    ;;; @return CC.C 0 if queue is empty
(1)    1123 :                    queue_remove_X:
(1)    1123 :                            rmb     1
(1)    1124 :                    queue_remove:
(1)    1124 : 7D                         tst     queue_len,x
(1)    1125 : 26 02                      bne     queue_remove_has_elem
(1)    1127 : 98                         clc                     ; clear carry
(1)    1128 : 81                         rts
(1)    1129 :                    queue_remove_has_elem:
(1)    1129 : 7A                         dec     queue_len,x     ; decrement queue length
(1)    112A : E6 03                      lda     queue_get,x     ; 8 bits offset
(1)    112C : 4C                         inca
(1)    112D : E7 03                      sta     queue_get,x     ; update get pointer
(1)    112F : E1 01                      cmp     queue_size,x
(1)    1131 : 25 02                      blo     queue_remove_elem
(1)    1133 : 6F 03                      clr     queue_get,x
(1)    1135 :                    queue_remove_elem:
(1)    1135 : 4A                         deca                    ; restore get pointer
(1)    1136 : AB 04                      add     #queue_buf
(1)    1138 : CF 11 23                   stx     queue_remove_X  ; save X
(1)    113B : CB 11 23                   add     queue_remove_X
(1)    113E : 97                         tax
(1)    113F : F6                         lda     ,x              ; get element
(1)    1140 : CE 11 23                   ldx     queue_remove_X  ; restore X
(1)    1143 : 99                         sec                     ; set carry
(1)    1144 :                    queue_remove_return:
(1)    1144 : 81                         rts
(1)    1145 :
(1)    1145 :                    ;;; Local Variables:
(1)    1145 :                    ;;; mode: asm
(1)    1145 :                    ;;; End:
(1)    1145 :                    ;;; vim: set ft=asm et ts=4 sw=4:
       1145 :
       1145 :                    isr_irq:
       1145 : CD 10 17                   jsr     load_ACIA_status
       1148 : A5 80                      bit     #IRQF_bm
       114A : 27 1D                      beq     isr_irq_exit
       114C : A5 01                      bit     #RDRF_bm
       114E : 27 08                      beq     isr_irq_send
       1150 : CD 10 29                   jsr     load_ACIA_data  ; receive character
       1153 : AE 80                      ldx     #rx_queue
       1155 : CD 10 F9                   jsr     queue_add
       1158 :                    isr_irq_send:
       1158 : CD 10 17                   jsr     load_ACIA_status
       115B : A5 02                      bit     #TDRE_bm
       115D : 27 0A                      beq     isr_irq_exit
       115F : AE 90                      ldx     #tx_queue
       1161 : CD 11 24                   jsr     queue_remove
       1164 : 24 04                      bcc     isr_irq_send_empty
       1166 : CD 10 35                   jsr     store_ACIA_data ; send character
       1169 :                    isr_irq_exit:
       1169 : 80                         rti
       116A :                    isr_irq_send_empty:
       116A : A6 94                      lda     #RX_INT_TX_NO
       116C : CD 10 0B                   jsr     store_ACIA_control ; disable Tx interrupt
       116F : 80                         rti
       1170 :
       1170 :                    ;;; MC68HC05 compatibility
       FFFA :                            org     $FFFA
       FFFA : 11 45                      fdb     isr_irq         ; IRQ
       FFFC : FF FC                      fdb     $FFFC           ; SWI: halt to system
       FFFE : 10 00                      fdb     initialize      ; RESET
