          0 :                    ;;; -*- mode: asm; mode: flyspell-prog; -*-
          0 :                            include "z280.inc"
(1)       0 :                    ;; -*- mode: asm; mode: flyspell-prog; -*-
(1)       0 :                            include "../z80/z80.inc"
(2)       0 :                    ;;; -*- mode: asm; mode: flyspell-prog; -*-
(2)       0 :                    ;;; z80
(2)       0 :                            cpu     z80
(2)       0 :                    ;;; FLAGS Register
(2)       0 : =80                F_SIGN:         equ     10000000B ; set to 1 if negative
(2)       0 : =40                F_ZERO:         equ     01000000B ; set to 1 if zero
(2)       0 : =10                F_HALF_CARRY:   equ     00010000B ; set to 1 if carry from bit-3
(2)       0 : =4                 F_PARITY:       equ     00000100B ; set to 1 if even parity
(2)       0 : =4                 F_OVERFLOW:     equ     00000100B ; set to 1 if overflow
(2)       0 : =2                 F_NBCD:         equ     00000010B ; set to 1 if subtraction
(2)       0 : =1                 F_CARRY:        equ     00000001B ; set to 1 if carry
(2)       0 :                    ;;; Interrupt origin
(2)       0 : =0                 ORG_RESET:      equ     0000H   ; RESET
(2)       0 : =0                 ORG_RST00:      equ     0000H   ; RST 00H
(2)       0 : =8                 ORG_RST08:      equ     0008H   ; RST 08H
(2)       0 : =10                ORG_RST10:      equ     0010H   ; RST 10H
(2)       0 : =18                ORG_RST18:      equ     0018H   ; RST 18H
(2)       0 : =20                ORG_RST20:      equ     0020H   ; RST 20H
(2)       0 : =28                ORG_RST28:      equ     0028H   ; RST 28H
(2)       0 : =30                ORG_RST30:      equ     0030H   ; RST 30H
(2)       0 : =38                ORG_RST38:      equ     0038H   ; RST 38H
(2)       0 : =38                ORG_INT:        equ     0038H   ; Mode 1 INT
(2)       0 : =66                ORG_NMI:        equ     0066H   ; NMI
(1)       0 :                    ;;; Z280
(1)       0 :                            cpu     z280
(1)       0 :                    ;;; Control register
(1)       0 : =0                 CNTL_MSR:       equ     00H     ; Master Status register
(1)       0 : =16                CNTL_ISR:       equ     16H     ; Interrupt Status register
(1)       0 : =6                 CNTL_VTABLE:    equ     06H     ; Interrupt/Trap Vector Table Pointer
(1)       0 : =8                 CNTL_IOPAGE:    equ     08H     ; I/O Page register
(1)       0 : =FF                CNTL_BUSINIT:   equ     0FFH    ; Bus Timing and Initialization register
(1)       0 : =2                 CNTL_BUSCNTL:   equ     02H     ; Bus Timing and Control register
(1)       0 : =4                 CNTL_SPLIMIT:   equ     04H     ; Stack Limit register
(1)       0 : =10                CNTL_TRAP:      equ     10H     ; Trap Control register
(1)       0 : =12                CNTL_CACHE:     equ     12H     ; Cach Control register
(1)       0 : =14                CNTL_LOCAL:     equ     14H     ; Local Address register
(1)       0 :                    ;;; On-Chip Peripherals
(1)       0 : =FF00E8            REFRESH_RATE:   equ     0FF00E8H ; Refresh Rate Reigster
          0 :                            include "usart.inc"
(1)       0 :                    ;;; -*- mode: asm; mode: flyspell-prog; -*-
(1)       0 :                    ;;; i8251 Universal Synchronous/Asynchronous Receiver/Transmitter
(1)       0 : =140               USART:  equ     0140H
(1)       0 : =140               USARTD: equ     USART+0         ; Data register
(1)       0 : =141               USARTS: equ     USART+1         ; Status register
(1)       0 : =141               USARTC: equ     USART+1         ; Control register
(1)       0 : =142               USARTRV:        equ     USART+2 ; Receive interrupt vector (ORG_*)
(1)       0 : =143               USARTTV:        equ     USART+3 ; Transmit interrupt vector (ORG_*)
(1)       0 :                            include "../z80/i8251.inc"
(2)       0 :                    ;;; -*- mode: asm; mode: flyspell-prog; -*-
(2)       0 :
(2)       0 :                    ;;; i8251 USART device emulator.
(2)       0 : =6                 MODE_STOP_gp:   equ     6
(2)       0 : =C0                MODE_STOP_gm:   equ     11000000B
(2)       0 : =40                MODE_STOP1_gc:  equ     (1 << MODE_STOP_gp)
(2)       0 : =80                MODE_STOP15_gc: equ     (2 << MODE_STOP_gp)
(2)       0 : =C0                MODE_STOP2_gc:  equ     (3 << MODE_STOP_gp)
(2)       0 : =20                MODE_EVEN_bm:   equ     00100000B
(2)       0 : =10                MODE_PARITY_bm: equ     00010000B
(2)       0 : =2                 MODE_LEN_gp:    equ     2
(2)       0 : =C                 MODE_LEN_gm:    equ     00001100B
(2)       0 : =0                 MODE_LEN5_gc:   equ     (0 << MODE_LEN_gp)
(2)       0 : =4                 MODE_LEN6_gc:   equ     (1 << MODE_LEN_gp)
(2)       0 : =8                 MODE_LEN7_gc:   equ     (2 << MODE_LEN_gp)
(2)       0 : =C                 MODE_LEN8_gc:   equ     (3 << MODE_LEN_gp)
(2)       0 : =0                 MODE_BAUD_gp:   equ     0
(2)       0 : =3                 MODE_BAUD_gm:   equ     00000011B
(2)       0 : =1                 MODE_BAUD_X1:   equ     (1 << MODE_BAUD_gp)
(2)       0 : =2                 MODE_BAUD_X16:  equ (2 << MODE_BAUD_gp)
(2)       0 : =3                 MODE_BAUD_X64:  equ (3 << MODE_BAUD_gp)
(2)       0 :                    ;;; Bit Definition of command register
(2)       0 : =80                CMD_EH_bm:      equ     10000000B   ; Enter hunt mode
(2)       0 : =40                CMD_IR_bm:      equ     01000000B   ; Internal Reset
(2)       0 : =20                CMD_RTS_bm:     equ     00100000B   ; Request To Send
(2)       0 : =10                CMD_ER_bm:      equ     00010000B   ; Error Reset
(2)       0 : =8                 CMD_SBRK_bm:    equ     00001000B   ; Send Break
(2)       0 : =4                 CMD_RxEN_bm:    equ     00000100B   ; Receive Enable
(2)       0 : =2                 CMD_DTR_bm:     equ     00000010B   ; Data Terminal Ready
(2)       0 : =1                 CMD_TxEN_bm:    equ     00000001B   ; Transmit enable
(2)       0 :
(2)       0 :                    ;;; Bit definition of status register
(2)       0 : =80                ST_DSR_bm:      equ     10000000B   ; Data Set Ready
(2)       0 : =40                ST_BRK_bm:      equ     01000000B   ; BREAK detected
(2)       0 : =20                ST_FE_bm:       equ     00100000B   ; Framing Error
(2)       0 : =10                ST_OE_bm:       equ     00010000B   ; Iverrun Error
(2)       0 : =8                 ST_PE_bm:       equ     00001000B   ; Parity Error
(2)       0 : =2                 ST_TxEMPTY_bp:  equ     2           ; Transmitter empty
(2)       0 : =1                 ST_RxRDY_bp:    equ     1           ; Receiver ready
(2)       0 : =0                 ST_TxRDY_bp:    equ     0           ; Transmitter ready
(1)       0 :                    ;;; Async 1stop 8data x16
(1)       0 : =4E                ASYNC_MODE:     equ     MODE_STOP1_gc|MODE_LEN8_gc|MODE_BAUD_X16
(1)       0 :                    ;;; RTS/DTR, error reset, Rx enable, Tx enable
(1)       0 : =37                RX_EN_TX_EN:    equ     CMD_RTS_bm|CMD_DTR_bm|CMD_ER_bm|CMD_RxEN_bm|CMD_TxEN_bm
(1)       0 : =36                RX_EN_TX_DIS:   equ     CMD_RTS_bm|CMD_DTR_bm|CMD_ER_bm|CMD_RxEN_bm
          0 :
       1000 :                            org     1000H
       1000 : =1000              stack:  equ     $
       1000 :
          0 :                            org     ORG_RESET
          0 : C3 00 01                   jp      init_usart
          3 :
        100 :                            org     0100H
        100 :                    init_usart:
        100 : 31 00 10                   ld      sp, stack
        103 : 01 41 01                   ld      BC, USARTC
        106 : AF                         xor     A               ; clear A
        107 : ED 79                      out     (C), A          ; (USARTC)
        109 : ED 79                      out     (C), A          ; (USARTC)
        10B : ED 79                      out     (C), A          ; safest way to sync mode
        10D : 3E 40                      ld      A, CMD_IR_bm
        10F : ED 79                      out     (C), A          ; reset
        111 : 00                         nop
        112 : 00                         nop
        113 : 3E 4E                      ld      A, ASYNC_MODE
        115 : ED 79                      out     (C), A
        117 : 00                         nop
        118 : 00                         nop
        119 : 3E 37                      ld      A, RX_EN_TX_EN
        11B : ED 79                      out     (C), A
        11D :
        11D : CD 00 10                   call    arith
        120 :                    halt_to_system:
        120 : 21 38 00                   ld      HL, ORG_RST38
        123 : 36 FF                      ld      (HL), 0FFH
        125 : FF                         rst     38H
        126 :
        126 :                    putchar:
        126 : C5                         push    BC
        127 : 01 41 01                   ld      BC, USARTS
        12A : F5                         push    AF
        12B :                    putchar_loop:
        12B : ED 78                      in      A, (C)          ; (USARTS)
        12D : CB 47                      bit     ST_TxRDY_bp, A
        12F : 28 FA                      jr      Z, putchar_loop
        131 : F1                         pop     AF
        132 : 01 40 01                   ld      BC, USARTD
        135 : ED 79                      out     (C), A          ; (USARTD)
        137 : C1                         pop     BC
        138 : C9                         ret
        139 :
        139 :                    newline:
        139 : F5                         push    AF
        13A : 3E 0D                      ld      A, 0DH
        13C : CD 26 01                   call    putchar
        13F : 3E 0A                      ld      A, 0AH
        141 : CD 26 01                   call    putchar
        144 : F1                         pop     AF
        145 : C9                         ret
        146 :
        146 :                    putspace:
        146 : F5                         push    AF
        147 : 3E 20                      ld      A, ' '
        149 : CD 26 01                   call    putchar
        14C : F1                         pop     AF
        14D : C9                         ret
        14E :
        14E :                    ;;; Print "v1 op v2 = "
        14E :                    ;;; @param v1 BC
        14E :                    ;;; @param v2 DE
        14E :                    ;;; @param op A
        14E :                    ;;; @return v1 HL
        14E :                    ;;; @clobber A
        14E :                    expr:
        14E : F5                         push    AF
        14F : 60                         ld      H, B
        150 : 69                         ld      L, C
        151 : CD 67 11                   call    print_int16
        154 : CD 46 01                   call    putspace
        157 : F1                         pop     AF
        158 : CD 26 01                   call    putchar
        15B : CD 46 01                   call    putspace
        15E : 62                         ld      H, D
        15F : 6B                         ld      L, E
        160 : CD 67 11                   call    print_int16
        163 : 60                         ld      H, B
        164 : 69                         ld      L, C
        165 : C9                         ret
        166 :
        166 :                    ;;; Print " v1\n"
        166 :                    ;;; @param v1 HL
        166 :                    ;;; @clobber A HL
        166 :                    answer:
        166 : CD 46 01                   call    putspace
        169 : 3E 3D                      ld      A, '='
        16B : CD 26 01                   call    putchar
        16E : CD 46 01                   call    putspace
        171 : CD 67 11                   call    print_int16
        174 : 18 C3                      jr      newline
        176 :
        176 :                    ;;; Compare and print "v1 rel v2\n"
        176 :                    ;;; @param v1 BC
        176 :                    ;;; @param v2 DE
        176 :                    ;;; @clobber A HL
        176 :                    comp:
        176 : C5                         push    BC
        177 : D5                         push    DE
        178 : CD 97 11                   call    cmp16
        17B : 28 0E                      jr      Z, comp_eq
        17D : F2 87 01                   jp      P, comp_gt
        180 : FA 8F 01                   jp      M, comp_lt
        183 : 3E 3F                      ld      A, '?'
        185 : 18 0A                      jr      comp_out
        187 :                    comp_gt:
        187 : 3E 3E                      ld      A, '>'
        189 : 18 06                      jr      comp_out
        18B :                    comp_eq:
        18B : 3E 3D                      ld      A, '='
        18D : 18 02                      jr      comp_out
        18F :                    comp_lt:
        18F : 3E 3C                      ld      A, '<'
        191 :                    comp_out:
        191 : D1                         pop     DE
        192 : C1                         pop     BC
        193 : CD 4E 01                   call    expr
        196 : 18 A1                      jr      newline
        198 :
       1000 :                            org     1000H
       1000 :
       1000 :                    arith:
       1000 : 01 50 46                   ld      BC, 18000
       1003 : 11 60 6D                   ld      DE, 28000
       1006 : 3E 2B                      ld      A, '+'
       1008 : CD 4E 01                   call    expr
       100B : 19                         add     HL, DE
       100C : CD 66 01                   call    answer          ; -19536
       100F :
       100F : 01 50 46                   ld      BC, 18000
       1012 : 11 B0 B9                   ld      DE, -18000
       1015 : 3E 2B                      ld      A, '+'
       1017 : CD 4E 01                   call    expr
       101A : 19                         add     HL, DE
       101B : CD 66 01                   call    answer          ; 0
       101E :
       101E : 01 B0 B9                   ld      BC, -18000
       1021 : 11 B0 B9                   ld      DE, -18000
       1024 : 3E 2B                      ld      A, '+'
       1026 : CD 4E 01                   call    expr
       1029 : 19                         add     HL, DE
       102A : CD 66 01                   call    answer          ; 29536
       102D :
       102D : 01 B0 B9                   ld      BC, -18000
       1030 : 11 A0 92                   ld      DE, -28000
       1033 : 3E 2D                      ld      A, '-'
       1035 : CD 4E 01                   call    expr
       1038 : ED DE                      subw    HL, DE
       103A : CD 66 01                   call    answer          ; 10000
       103D :
       103D : 01 64 00                   ld      BC, 100
       1040 : 11 2C 01                   ld      DE, 300
       1043 : 3E 2A                      ld      A, '*'
       1045 : CD 4E 01                   call    expr
       1048 : ED D2                      multw   HL, DE          ; DEHL=v1*v2
       104A : CD 66 01                   call    answer          ; 30000
       104D :
       104D : 01 2C 01                   ld      BC, 300
       1050 : 11 38 FF                   ld      DE, -200
       1053 : 3E 2A                      ld      A, '*'
       1055 : CD 4E 01                   call    expr
       1058 : ED D2                      multw   HL, DE          ; DEHL=v1*v2
       105A : CD 66 01                   call    answer          ; 5536
       105D :
       105D : 01 64 00                   ld      BC, 100
       1060 : 11 D4 FE                   ld      DE, -300
       1063 : 3E 2A                      ld      A, '*'
       1065 : CD 4E 01                   call    expr
       1068 : ED D2                      multw   HL, DE          ; DEHL=v1*v2
       106A : CD 66 01                   call    answer          ; -30000
       106D :
       106D : 01 38 FF                   ld      BC, -200
       1070 : 11 9C FF                   ld      DE, -100
       1073 : 3E 2A                      ld      A, '*'
       1075 : CD 4E 01                   call    expr
       1078 : ED D2                      multw   HL, DE          ; DEHL=v1*v2
       107A : CD 66 01                   call    answer          ; 20000
       107D :
       107D : 01 30 75                   ld      BC, 30000
       1080 : 11 64 00                   ld      DE, 100
       1083 : 3E 2F                      ld      A, '/'
       1085 : CD 4E 01                   call    expr
       1088 : 42                         ld      B, D
       1089 : 4B                         ld      C, E            ; BC=v2, freeing DE
       108A : ED 6C                      exts    HL              ; DEHL=v1, sign extended
       108C : ED CA                      divw    DEHL, BC        ; HL=v1/v2, DE=v1%v2
       108E : CD 66 01                   call    answer          ; 300
       1091 :
       1091 : 01 38 FF                   ld      BC, -200
       1094 : 11 64 00                   ld      DE, 100
       1097 : 3E 2F                      ld      A, '/'
       1099 : CD 4E 01                   call    expr
       109C : 42                         ld      B, D
       109D : 4B                         ld      C, E            ; BC=v2, freeing DE
       109E : ED 6C                      exts    HL              ; DEHL=v1, sign extended
       10A0 : ED CA                      divw    DEHL, BC        ; HL=v1/v2, DE=v1%v2
       10A2 : CD 66 01                   call    answer          ; -2
       10A5 :
       10A5 : 01 D0 8A                   ld      BC, -30000
       10A8 : 11 38 FF                   ld      DE, -200
       10AB : 3E 2F                      ld      A, '/'
       10AD : CD 4E 01                   call    expr
       10B0 : 42                         ld      B, D
       10B1 : 4B                         ld      C, E            ; BC=v2, freeing DE
       10B2 : ED 6C                      exts    HL              ; DEHL=v1, sign extended
       10B4 : ED CA                      divw    DEHL, BC        ; HL=v1/v2, DE=v1%v2
       10B6 : CD 66 01                   call    answer          ; 150
       10B9 :
       10B9 : 01 D0 8A                   ld      BC, -30000
       10BC : 11 4E 00                   ld      DE, 78
       10BF : 3E 2F                      ld      A, '/'
       10C1 : CD 4E 01                   call    expr
       10C4 : 42                         ld      B, D
       10C5 : 4B                         ld      C, E            ; BC=v2, freeing DE
       10C6 : ED 6C                      exts    HL              ; DEHL=v1, sign extended
       10C8 : ED CA                      divw    DEHL, BC        ; HL=v1/v2, DE=v1%v2
       10CA : CD 66 01                   call    answer          ; -384
       10CD :
       10CD : 01 D0 FF                   ld      BC, -48
       10D0 : 11 1E 00                   ld      DE, 30
       10D3 : CD 76 01                   call    comp
       10D6 :
       10D6 : 01 1E 00                   ld      BC, 30
       10D9 : 11 D0 FF                   ld      DE, -48
       10DC : CD 76 01                   call    comp
       10DF :
       10DF : 01 88 13                   ld      BC, 5000
       10E2 : 11 A0 0F                   ld      DE, 4000
       10E5 : CD 76 01                   call    comp
       10E8 :
       10E8 : 01 88 13                   ld      BC, 5000
       10EB : 11 88 13                   ld      DE, 5000
       10EE : CD 76 01                   call    comp
       10F1 :
       10F1 : 01 A0 0F                   ld      BC, 4000
       10F4 : 11 88 13                   ld      DE, 5000
       10F7 : CD 76 01                   call    comp
       10FA :
       10FA : 01 78 EC                   ld      BC, -5000
       10FD : 11 60 F0                   ld      DE, -4000
       1100 : CD 76 01                   call    comp
       1103 :
       1103 : 01 78 EC                   ld      BC, -5000
       1106 : 11 78 EC                   ld      DE, -5000
       1109 : CD 76 01                   call    comp
       110C :
       110C : 01 60 F0                   ld      BC, -4000
       110F : 11 78 EC                   ld      DE, -5000
       1112 : CD 76 01                   call    comp
       1115 :
       1115 : 01 BC 7F                   ld      BC, 32700
       1118 : 11 58 7F                   ld      DE, 32600
       111B : CD 76 01                   call    comp
       111E :
       111E : 01 BC 7F                   ld      BC, 32700
       1121 : 11 BC 7F                   ld      DE, 32700
       1124 : CD 76 01                   call    comp
       1127 :
       1127 : 01 58 7F                   ld      BC, 32600
       112A : 11 BC 7F                   ld      DE, 32700
       112D : CD 76 01                   call    comp
       1130 :
       1130 : 01 44 80                   ld      BC, -32700
       1133 : 11 A8 80                   ld      DE, -32600
       1136 : CD 76 01                   call    comp
       1139 :
       1139 : 01 44 80                   ld      BC, -32700
       113C : 11 44 80                   ld      DE, -32700
       113F : CD 76 01                   call    comp
       1142 :
       1142 : 01 A8 80                   ld      BC, -32600
       1145 : 11 44 80                   ld      DE, -32700
       1148 : CD 76 01                   call    comp
       114B :
       114B : 01 50 46                   ld      BC, 18000
       114E : 11 A0 92                   ld      DE, -28000
       1151 : CD 76 01                   call    comp
       1154 :
       1154 : 01 50 46                   ld      BC, 18000
       1157 : 11 50 46                   ld      DE, 18000
       115A : CD 76 01                   call    comp
       115D :
       115D : 01 A0 92                   ld      BC, -28000
       1160 : 11 50 46                   ld      DE, 18000
       1163 : CD 76 01                   call    comp
       1166 :
       1166 : C9                         ret
       1167 :
       1167 :                            include "arith.inc"
(1)    1167 :                    ;;; -*- mode: asm; mode: flyspell-prog; -*-
(1)    1167 :                            cpu     z280
(1)    1167 :
(1)    1167 :                    ;;; Print signed 16-bit integer as decimal
(1)    1167 :                    ;;; @param HL value
(1)    1167 :                    ;;; @clobber A HL
(1)    1167 :                    print_int16:
(1)    1167 : 7C                         ld      A, H
(1)    1168 : B5                         or      A, L
(1)    1169 : 28 27                      jr      Z, print_uint16_zero
(1)    116B : CB 7C                      bit     7, H
(1)    116D : 28 07                      jr      Z, print_uint16
(1)    116F : 3E 2D                      ld      A, '-'
(1)    1171 : CD 26 01                   call    putchar
(1)    1174 : ED 4C                      neg     HL              ; HL=-value
(1)    1176 :                    print_uint16:
(1)    1176 : D5                         push    DE
(1)    1177 : CD 7C 11                   call    print_uint16_loop
(1)    117A : D1                         pop     DE
(1)    117B : C9                         ret
(1)    117C :                    print_uint16_loop:
(1)    117C : 7C                         ld      A, H
(1)    117D : B5                         or      A, L
(1)    117E : C8                         ret     Z
(1)    117F : 11 00 00                   ld      DE, 0           ; DEHL=value, zero extended
(1)    1182 : FD ED FB 0A 00             divuw   DEHL, 10        ; HL=value/10, DE=value%10
(1)    1187 : D5                         push    DE              ; push remainder
(1)    1188 : CD 7C 11                   call    print_uint16_loop
(1)    118B : E1                         pop     HL              ; pop remainder
(1)    118C : 7D                         ld      A, L
(1)    118D : C6 30                      add     A, '0'
(1)    118F : C3 26 01                   jp      putchar
(1)    1192 :                    print_uint16_zero:
(1)    1192 : 3E 30                      ld      A, '0'
(1)    1194 : C3 26 01                   jp      putchar
(1)    1197 :
(1)    1197 :                    ;;; Signed comparison; minuend - subtrahend
(1)    1197 :                    ;;; @param BC minuend
(1)    1197 :                    ;;; @param DE subtrahend
(1)    1197 :                    ;;; @return AF.Z, AF.S
(1)    1197 :                    ;;; @clobber A
(1)    1197 :                    cmp16:
(1)    1197 : E5                         push    HL
(1)    1198 : 60                         ld      H, B
(1)    1199 : 69                         ld      L, C
(1)    119A : ED DE                      subw    HL, DE          ; AF.V=overflow, AF.S=sign
(1)    119C : 28 08                      jr      Z, cmp16_return ; AF.Z=1
(1)    119E : 7C                         ld      A, H            ; high(minuend-subtrahend)
(1)    119F : E2 A4 11                   jp      PO, cmp16_sign  ; if no overflow
(1)    11A2 : EE 80                      xor     80H             ; AF.S=overflow^sign
(1)    11A4 :                    cmp16_sign:
(1)    11A4 : F6 01                      or      1               ; clear AF.Z
(1)    11A6 :                    cmp16_return:
(1)    11A6 : E1                         pop     HL
(1)    11A7 : C9                         ret
       11A8 :
       11A8 :                            end
