          0 :                    ;;; -*- mode: asm; mode: flyspell-prog; -*-
          0 :                            include "z280.inc"
(1)       0 :                    ;; -*- mode: asm; mode: flyspell-prog; -*-
(1)       0 :                            include "../z80/z80.inc"
(2)       0 :                    ;;; -*- mode: asm; mode: flyspell-prog; -*-
(2)       0 :                    ;;; z80
(2)       0 :                            cpu     z80
(2)       0 :                    ;;; FLAGS Register
(2)       0 : =80                F_SIGN:         equ     10000000B ; set to 1 if negative
(2)       0 : =40                F_ZERO:         equ     01000000B ; set to 1 if zero
(2)       0 : =10                F_HALF_CARRY:   equ     00010000B ; set to 1 if carry from bit-3
(2)       0 : =4                 F_PARITY:       equ     00000100B ; set to 1 if even parity
(2)       0 : =4                 F_OVERFLOW:     equ     00000100B ; set to 1 if overflow
(2)       0 : =2                 F_NBCD:         equ     00000010B ; set to 1 if subtraction
(2)       0 : =1                 F_CARRY:        equ     00000001B ; set to 1 if carry
(2)       0 :                    ;;; Interrupt origin
(2)       0 : =0                 ORG_RESET:      equ     0000H   ; RESET
(2)       0 : =0                 ORG_RST00:      equ     0000H   ; RST 00H
(2)       0 : =8                 ORG_RST08:      equ     0008H   ; RST 08H
(2)       0 : =10                ORG_RST10:      equ     0010H   ; RST 10H
(2)       0 : =18                ORG_RST18:      equ     0018H   ; RST 18H
(2)       0 : =20                ORG_RST20:      equ     0020H   ; RST 20H
(2)       0 : =28                ORG_RST28:      equ     0028H   ; RST 28H
(2)       0 : =30                ORG_RST30:      equ     0030H   ; RST 30H
(2)       0 : =38                ORG_RST38:      equ     0038H   ; RST 38H
(2)       0 : =38                ORG_INT:        equ     0038H   ; Mode 1 INT
(2)       0 : =66                ORG_NMI:        equ     0066H   ; NMI
(1)       0 :                    ;;; Z280
(1)       0 :                            cpu     z280
(1)       0 :                    ;;; Control register
(1)       0 : =0                 CNTL_MSR:       equ     00H     ; Master Status register
(1)       0 : =16                CNTL_ISR:       equ     16H     ; Interrupt Status register
(1)       0 : =6                 CNTL_VTABLE:    equ     06H     ; Interrupt/Trap Vector Table Pointer
(1)       0 : =8                 CNTL_IOPAGE:    equ     08H     ; I/O Page register
(1)       0 : =FF                CNTL_BUSINIT:   equ     0FFH    ; Bus Timing and Initialization register
(1)       0 : =2                 CNTL_BUSCNTL:   equ     02H     ; Bus Timing and Control register
(1)       0 : =4                 CNTL_SPLIMIT:   equ     04H     ; Stack Limit register
(1)       0 : =10                CNTL_TRAP:      equ     10H     ; Trap Control register
(1)       0 : =12                CNTL_CACHE:     equ     12H     ; Cach Control register
(1)       0 : =14                CNTL_LOCAL:     equ     14H     ; Local Address register
(1)       0 :                    ;;; On-Chip Peripherals
(1)       0 : =FF00E8            REFRESH_RATE:   equ     0FF00E8H ; Refresh Rate Reigster
(1)       0 :                    ;;; Master Status register (3.3.1)
(1)       0 : =8000              MSR_BH_bm:      equ     8000H   ; Breakpoint-on-Halt enable
(1)       0 : =4000              MSR_US_bm:      equ     4000H   ; User/System: 1 = user mode
(1)       0 : =200               MSR_SSP_bm:     equ     0200H   ; Single-Step Pending
(1)       0 : =100               MSR_SS_bm:      equ     0100H   ; Single-Step enable
(1)       0 :                    ;;; Interrupt Request Enable bits, one per group (Table 6-1)
(1)       0 : =1                 MSR_INTA_bm:    equ     0001H   ; maskable interrupt line A
(1)       0 : =2                 MSR_CT0_bm:     equ     0002H   ; Counter/Timer 0, DMA channel 0
(1)       0 : =4                 MSR_INTB_bm:    equ     0004H   ; maskable interrupt line B
(1)       0 : =8                 MSR_CT1_bm:     equ     0008H   ; Counter/Timer 1, UART receiver, DMA channel 1
(1)       0 : =10                MSR_INTC_bm:    equ     0010H   ; maskable interrupt line C
(1)       0 : =20                MSR_UTX_bm:     equ     0020H   ; UART transmitter, DMA channel 2
(1)       0 : =40                MSR_CT2_bm:     equ     0040H   ; Counter/Timer 2, DMA channel 3
(1)       0 :                    ;;; Interrupt/Trap Vector Table (Table 6-5): each entry is an MSR word
(1)       0 :                    ;;; followed by a PC word. The table starts on a 4K physical boundary;
(1)       0 :                    ;;; the Vector Table Pointer holds A23-A12 of it in bits 15-4.
(1)       0 : =4                 IVT_NMI:        equ     04H
(1)       0 : =8                 IVT_INTA:       equ     08H
(1)       0 : =C                 IVT_INTB:       equ     0CH
(1)       0 : =10                IVT_INTC:       equ     10H
(1)       0 : =14                IVT_CT0:        equ     14H
(1)       0 : =18                IVT_CT1:        equ     18H
(1)       0 : =20                IVT_CT2:        equ     20H
(1)       0 : =24                IVT_DMA0:       equ     24H
(1)       0 : =28                IVT_DMA1:       equ     28H
(1)       0 : =2C                IVT_DMA2:       equ     2CH
(1)       0 : =30                IVT_DMA3:       equ     30H
(1)       0 : =34                IVT_URX:        equ     34H
(1)       0 : =38                IVT_UTX:        equ     38H
(1)       0 : =3C                IVT_SSTEP:      equ     3CH     ; Single-Step trap
(1)       0 : =40                IVT_BHALT:      equ     40H     ; Breakpoint-on-Halt trap
(1)       0 : =44                IVT_DIV:        equ     44H     ; Division Exception trap
(1)       0 : =48                IVT_SOVF:       equ     48H     ; Stack Overflow Warning trap
(1)       0 : =4C                IVT_ACCV:       equ     4CH     ; Access Violation trap
(1)       0 : =50                IVT_SC:         equ     50H     ; System Call trap
(1)       0 : =54                IVT_PRIV:       equ     54H     ; Privileged Instruction trap
(1)       0 : =58                IVT_EPU:        equ     58H     ; four Extended Instruction traps, 58H-64H
(1)       0 : =70                IVT_INTA_VEC:   equ     70H     ; 128 PC words for vectored line A (and NMI)
(1)       0 : =170               IVT_INTB_VEC:   equ     170H    ; 128 PC words for vectored line B
(1)       0 : =270               IVT_INTC_VEC:   equ     270H    ; 128 PC words for vectored line C
(1)       0 : =370               IVT_SIZE:       equ     370H
(1)       0 :                    ;;; Cache Control register (3.2.4)
(1)       0 : =80                CACHE_MC_bm:    equ     80H     ; on-chip memory is fixed memory, not a cache
(1)       0 : =40                CACHE_I_bm:     equ     40H     ; do not cache instruction fetches
(1)       0 : =20                CACHE_D_bm:     equ     20H     ; do not cache data
(1)       0 : =10                CACHE_LMB_bm:   equ     10H     ; burst transactions below 800000H
(1)       0 : =8                 CACHE_HMB_bm:   equ     08H     ; burst transactions from 800000H
          0 :                            include "usart.inc"
(1)       0 :                    ;;; -*- mode: asm; mode: flyspell-prog; -*-
(1)       0 :                    ;;; i8251 Universal Synchronous/Asynchronous Receiver/Transmitter
(1)       0 : =140               USART:  equ     0140H
(1)       0 : =140               USARTD: equ     USART+0         ; Data register
(1)       0 : =141               USARTS: equ     USART+1         ; Status register
(1)       0 : =141               USARTC: equ     USART+1         ; Control register
(1)       0 : =142               USARTRV:        equ     USART+2 ; Receive interrupt vector (ORG_*)
(1)       0 : =143               USARTTV:        equ     USART+3 ; Transmit interrupt vector (ORG_*)
(1)       0 :                            include "../z80/i8251.inc"
(2)       0 :                    ;;; -*- mode: asm; mode: flyspell-prog; -*-
(2)       0 :
(2)       0 :                    ;;; i8251 USART device emulator.
(2)       0 : =6                 MODE_STOP_gp:   equ     6
(2)       0 : =C0                MODE_STOP_gm:   equ     11000000B
(2)       0 : =40                MODE_STOP1_gc:  equ     (1 << MODE_STOP_gp)
(2)       0 : =80                MODE_STOP15_gc: equ     (2 << MODE_STOP_gp)
(2)       0 : =C0                MODE_STOP2_gc:  equ     (3 << MODE_STOP_gp)
(2)       0 : =20                MODE_EVEN_bm:   equ     00100000B
(2)       0 : =10                MODE_PARITY_bm: equ     00010000B
(2)       0 : =2                 MODE_LEN_gp:    equ     2
(2)       0 : =C                 MODE_LEN_gm:    equ     00001100B
(2)       0 : =0                 MODE_LEN5_gc:   equ     (0 << MODE_LEN_gp)
(2)       0 : =4                 MODE_LEN6_gc:   equ     (1 << MODE_LEN_gp)
(2)       0 : =8                 MODE_LEN7_gc:   equ     (2 << MODE_LEN_gp)
(2)       0 : =C                 MODE_LEN8_gc:   equ     (3 << MODE_LEN_gp)
(2)       0 : =0                 MODE_BAUD_gp:   equ     0
(2)       0 : =3                 MODE_BAUD_gm:   equ     00000011B
(2)       0 : =1                 MODE_BAUD_X1:   equ     (1 << MODE_BAUD_gp)
(2)       0 : =2                 MODE_BAUD_X16:  equ (2 << MODE_BAUD_gp)
(2)       0 : =3                 MODE_BAUD_X64:  equ (3 << MODE_BAUD_gp)
(2)       0 :                    ;;; Bit Definition of command register
(2)       0 : =80                CMD_EH_bm:      equ     10000000B   ; Enter hunt mode
(2)       0 : =40                CMD_IR_bm:      equ     01000000B   ; Internal Reset
(2)       0 : =20                CMD_RTS_bm:     equ     00100000B   ; Request To Send
(2)       0 : =10                CMD_ER_bm:      equ     00010000B   ; Error Reset
(2)       0 : =8                 CMD_SBRK_bm:    equ     00001000B   ; Send Break
(2)       0 : =4                 CMD_RxEN_bm:    equ     00000100B   ; Receive Enable
(2)       0 : =2                 CMD_DTR_bm:     equ     00000010B   ; Data Terminal Ready
(2)       0 : =1                 CMD_TxEN_bm:    equ     00000001B   ; Transmit enable
(2)       0 :
(2)       0 :                    ;;; Bit definition of status register
(2)       0 : =80                ST_DSR_bm:      equ     10000000B   ; Data Set Ready
(2)       0 : =40                ST_BRK_bm:      equ     01000000B   ; BREAK detected
(2)       0 : =20                ST_FE_bm:       equ     00100000B   ; Framing Error
(2)       0 : =10                ST_OE_bm:       equ     00010000B   ; Iverrun Error
(2)       0 : =8                 ST_PE_bm:       equ     00001000B   ; Parity Error
(2)       0 : =2                 ST_TxEMPTY_bp:  equ     2           ; Transmitter empty
(2)       0 : =1                 ST_RxRDY_bp:    equ     1           ; Receiver ready
(2)       0 : =0                 ST_TxRDY_bp:    equ     0           ; Transmitter ready
(1)       0 :                    ;;; Async 1stop 8data x16
(1)       0 : =4E                ASYNC_MODE:     equ     MODE_STOP1_gc|MODE_LEN8_gc|MODE_BAUD_X16
(1)       0 :                    ;;; RTS/DTR, error reset, Rx enable, Tx enable
(1)       0 : =37                RX_EN_TX_EN:    equ     CMD_RTS_bm|CMD_DTR_bm|CMD_ER_bm|CMD_RxEN_bm|CMD_TxEN_bm
(1)       0 : =36                RX_EN_TX_DIS:   equ     CMD_RTS_bm|CMD_DTR_bm|CMD_ER_bm|CMD_RxEN_bm
          0 :
       1000 :                            org     1000H
       1000 : =1000              stack:  equ     $
       1000 :
          0 :                            org     ORG_RESET
          0 : C3 00 01                   jp      init
          3 :
        100 :                            org     0100H
        100 :                    init:
        100 : 31 00 10                   ld      SP, stack
        103 :
        103 :                    init_usart:
        103 : AF                         xor     A               ; clear A
        104 : 01 41 01                   ld      BC, USARTC
        107 : ED 79                      out     (C), A          ; (USARTC)
        109 : ED 79                      out     (C), A          ; (USARTC)
        10B : ED 79                      out     (C), A          ; safest way to sync mode
        10D : 3E 40                      ld      A, CMD_IR_bm
        10F : ED 79                      out     (C), A          ; reset
        111 : 00                         nop
        112 : 00                         nop
        113 : 3E 4E                      ld      A, ASYNC_MODE
        115 : ED 79                      out     (C), A
        117 : 00                         nop
        118 : 00                         nop
        119 : 3E 37                      ld      A, RX_EN_TX_EN
        11B : ED 79                      out     (C), A
        11D :
        11D :                    loop:
        11D : 01 41 01                   ld      BC, USARTS
        120 :                    receive_loop:
        120 : ED 78                      in      A, (C)          ; (USARTS)
        122 : CB 4F                      bit     ST_RxRDY_bp, A
        124 : 28 FA                      jr      Z, receive_loop
        126 :                    receive_data:
        126 : 01 40 01                   ld      BC, USARTD
        129 : ED 78                      in      A, (C)          ; (USARTD)
        12B : 57                         ld      D, A
        12C : B7                         or      A, A
        12D : 28 1A                      jr      Z, halt_to_system
        12F : 01 41 01                   ld      BC, USARTS
        132 :                    transmit_loop:
        132 : ED 78                      in      A, (C)          ; (USARTS)
        134 : CB 47                      bit     ST_TxRDY_bp, A
        136 : 28 FA                      jr      Z, transmit_loop
        138 :                    transmit_data:
        138 : 7A                         ld      A, D
        139 : 01 40 01                   ld      BC, USARTD
        13C : ED 79                      out     (C), A          ; (USARTD)
        13E : FE 0D                      cp      0DH
        140 : 20 DB                      jr      NZ, loop
        142 : 16 0A                      ld      D, 0AH
        144 : 01 41 01                   ld      BC, USARTS
        147 : 18 E9                      jr      transmit_loop
        149 :                    halt_to_system:
        149 : 21 38 00                   ld      HL, ORG_RST38
        14C : 36 FF                      ld      (HL), 0FFH
        14E : FF                         rst     38h
