          0 :                    ;;; -*- mode: asm; mode: flyspell-prog; -*-
          0 :                            include "z280.inc"
(1)       0 :                    ;; -*- mode: asm; mode: flyspell-prog; -*-
(1)       0 :                            include "../z80/z80.inc"
(2)       0 :                    ;;; -*- mode: asm; mode: flyspell-prog; -*-
(2)       0 :                    ;;; z80
(2)       0 :                            cpu     z80
(2)       0 :                    ;;; FLAGS Register
(2)       0 : =80                F_SIGN:         equ     10000000B ; set to 1 if negative
(2)       0 : =40                F_ZERO:         equ     01000000B ; set to 1 if zero
(2)       0 : =10                F_HALF_CARRY:   equ     00010000B ; set to 1 if carry from bit-3
(2)       0 : =4                 F_PARITY:       equ     00000100B ; set to 1 if even parity
(2)       0 : =4                 F_OVERFLOW:     equ     00000100B ; set to 1 if overflow
(2)       0 : =2                 F_NBCD:         equ     00000010B ; set to 1 if subtraction
(2)       0 : =1                 F_CARRY:        equ     00000001B ; set to 1 if carry
(2)       0 :                    ;;; Interrupt origin
(2)       0 : =0                 ORG_RESET:      equ     0000H   ; RESET
(2)       0 : =0                 ORG_RST00:      equ     0000H   ; RST 00H
(2)       0 : =8                 ORG_RST08:      equ     0008H   ; RST 08H
(2)       0 : =10                ORG_RST10:      equ     0010H   ; RST 10H
(2)       0 : =18                ORG_RST18:      equ     0018H   ; RST 18H
(2)       0 : =20                ORG_RST20:      equ     0020H   ; RST 20H
(2)       0 : =28                ORG_RST28:      equ     0028H   ; RST 28H
(2)       0 : =30                ORG_RST30:      equ     0030H   ; RST 30H
(2)       0 : =38                ORG_RST38:      equ     0038H   ; RST 38H
(2)       0 : =38                ORG_INT:        equ     0038H   ; Mode 1 INT
(2)       0 : =66                ORG_NMI:        equ     0066H   ; NMI
(1)       0 :                    ;;; Z280
(1)       0 :                            cpu     z280
(1)       0 :                    ;;; Control register
(1)       0 : =0                 CNTL_MSR:       equ     00H     ; Master Status register
(1)       0 : =16                CNTL_ISR:       equ     16H     ; Interrupt Status register
(1)       0 : =6                 CNTL_VTABLE:    equ     06H     ; Interrupt/Trap Vector Table Pointer
(1)       0 : =8                 CNTL_IOPAGE:    equ     08H     ; I/O Page register
(1)       0 : =FF                CNTL_BUSINIT:   equ     0FFH    ; Bus Timing and Initialization register
(1)       0 : =2                 CNTL_BUSCNTL:   equ     02H     ; Bus Timing and Control register
(1)       0 : =4                 CNTL_SPLIMIT:   equ     04H     ; Stack Limit register
(1)       0 : =10                CNTL_TRAP:      equ     10H     ; Trap Control register
(1)       0 : =12                CNTL_CACHE:     equ     12H     ; Cach Control register
(1)       0 : =14                CNTL_LOCAL:     equ     14H     ; Local Address register
(1)       0 :                    ;;; On-Chip Peripherals
(1)       0 : =FF00E8            REFRESH_RATE:   equ     0FF00E8H ; Refresh Rate Reigster
(1)       0 :                    ;;; Master Status register (3.3.1)
(1)       0 : =8000              MSR_BH_bm:      equ     8000H   ; Breakpoint-on-Halt enable
(1)       0 : =4000              MSR_US_bm:      equ     4000H   ; User/System: 1 = user mode
(1)       0 : =200               MSR_SSP_bm:     equ     0200H   ; Single-Step Pending
(1)       0 : =100               MSR_SS_bm:      equ     0100H   ; Single-Step enable
(1)       0 :                    ;;; Interrupt Request Enable bits, one per group (Table 6-1)
(1)       0 : =1                 MSR_INTA_bm:    equ     0001H   ; maskable interrupt line A
(1)       0 : =2                 MSR_CT0_bm:     equ     0002H   ; Counter/Timer 0, DMA channel 0
(1)       0 : =4                 MSR_INTB_bm:    equ     0004H   ; maskable interrupt line B
(1)       0 : =8                 MSR_CT1_bm:     equ     0008H   ; Counter/Timer 1, UART receiver, DMA channel 1
(1)       0 : =10                MSR_INTC_bm:    equ     0010H   ; maskable interrupt line C
(1)       0 : =20                MSR_UTX_bm:     equ     0020H   ; UART transmitter, DMA channel 2
(1)       0 : =40                MSR_CT2_bm:     equ     0040H   ; Counter/Timer 2, DMA channel 3
(1)       0 :                    ;;; Interrupt/Trap Vector Table (Table 6-5): each entry is an MSR word
(1)       0 :                    ;;; followed by a PC word. The table starts on a 4K physical boundary;
(1)       0 :                    ;;; the Vector Table Pointer holds A23-A12 of it in bits 15-4.
(1)       0 : =4                 IVT_NMI:        equ     04H
(1)       0 : =8                 IVT_INTA:       equ     08H
(1)       0 : =C                 IVT_INTB:       equ     0CH
(1)       0 : =10                IVT_INTC:       equ     10H
(1)       0 : =14                IVT_CT0:        equ     14H
(1)       0 : =18                IVT_CT1:        equ     18H
(1)       0 : =20                IVT_CT2:        equ     20H
(1)       0 : =24                IVT_DMA0:       equ     24H
(1)       0 : =28                IVT_DMA1:       equ     28H
(1)       0 : =2C                IVT_DMA2:       equ     2CH
(1)       0 : =30                IVT_DMA3:       equ     30H
(1)       0 : =34                IVT_URX:        equ     34H
(1)       0 : =38                IVT_UTX:        equ     38H
(1)       0 : =3C                IVT_SSTEP:      equ     3CH     ; Single-Step trap
(1)       0 : =40                IVT_BHALT:      equ     40H     ; Breakpoint-on-Halt trap
(1)       0 : =44                IVT_DIV:        equ     44H     ; Division Exception trap
(1)       0 : =48                IVT_SOVF:       equ     48H     ; Stack Overflow Warning trap
(1)       0 : =4C                IVT_ACCV:       equ     4CH     ; Access Violation trap
(1)       0 : =50                IVT_SC:         equ     50H     ; System Call trap
(1)       0 : =54                IVT_PRIV:       equ     54H     ; Privileged Instruction trap
(1)       0 : =58                IVT_EPU:        equ     58H     ; four Extended Instruction traps, 58H-64H
(1)       0 : =70                IVT_INTA_VEC:   equ     70H     ; 128 PC words for vectored line A (and NMI)
(1)       0 : =170               IVT_INTB_VEC:   equ     170H    ; 128 PC words for vectored line B
(1)       0 : =270               IVT_INTC_VEC:   equ     270H    ; 128 PC words for vectored line C
(1)       0 : =370               IVT_SIZE:       equ     370H
(1)       0 :                    ;;; Cache Control register (3.2.4)
(1)       0 : =80                CACHE_MC_bm:    equ     80H     ; on-chip memory is fixed memory, not a cache
(1)       0 : =40                CACHE_I_bm:     equ     40H     ; do not cache instruction fetches
(1)       0 : =20                CACHE_D_bm:     equ     20H     ; do not cache data
(1)       0 : =10                CACHE_LMB_bm:   equ     10H     ; burst transactions below 800000H
(1)       0 : =8                 CACHE_HMB_bm:   equ     08H     ; burst transactions from 800000H
          0 :                            include "usart.inc"
(1)       0 :                    ;;; -*- mode: asm; mode: flyspell-prog; -*-
(1)       0 :                    ;;; i8251 Universal Synchronous/Asynchronous Receiver/Transmitter
(1)       0 : =140               USART:  equ     0140H
(1)       0 : =140               USARTD: equ     USART+0         ; Data register
(1)       0 : =141               USARTS: equ     USART+1         ; Status register
(1)       0 : =141               USARTC: equ     USART+1         ; Control register
(1)       0 : =142               USARTRV:        equ     USART+2 ; Receive interrupt vector (ORG_*)
(1)       0 : =143               USARTTV:        equ     USART+3 ; Transmit interrupt vector (ORG_*)
(1)       0 :                            include "../z80/i8251.inc"
(2)       0 :                    ;;; -*- mode: asm; mode: flyspell-prog; -*-
(2)       0 :
(2)       0 :                    ;;; i8251 USART device emulator.
(2)       0 : =6                 MODE_STOP_gp:   equ     6
(2)       0 : =C0                MODE_STOP_gm:   equ     11000000B
(2)       0 : =40                MODE_STOP1_gc:  equ     (1 << MODE_STOP_gp)
(2)       0 : =80                MODE_STOP15_gc: equ     (2 << MODE_STOP_gp)
(2)       0 : =C0                MODE_STOP2_gc:  equ     (3 << MODE_STOP_gp)
(2)       0 : =20                MODE_EVEN_bm:   equ     00100000B
(2)       0 : =10                MODE_PARITY_bm: equ     00010000B
(2)       0 : =2                 MODE_LEN_gp:    equ     2
(2)       0 : =C                 MODE_LEN_gm:    equ     00001100B
(2)       0 : =0                 MODE_LEN5_gc:   equ     (0 << MODE_LEN_gp)
(2)       0 : =4                 MODE_LEN6_gc:   equ     (1 << MODE_LEN_gp)
(2)       0 : =8                 MODE_LEN7_gc:   equ     (2 << MODE_LEN_gp)
(2)       0 : =C                 MODE_LEN8_gc:   equ     (3 << MODE_LEN_gp)
(2)       0 : =0                 MODE_BAUD_gp:   equ     0
(2)       0 : =3                 MODE_BAUD_gm:   equ     00000011B
(2)       0 : =1                 MODE_BAUD_X1:   equ     (1 << MODE_BAUD_gp)
(2)       0 : =2                 MODE_BAUD_X16:  equ (2 << MODE_BAUD_gp)
(2)       0 : =3                 MODE_BAUD_X64:  equ (3 << MODE_BAUD_gp)
(2)       0 :                    ;;; Bit Definition of command register
(2)       0 : =80                CMD_EH_bm:      equ     10000000B   ; Enter hunt mode
(2)       0 : =40                CMD_IR_bm:      equ     01000000B   ; Internal Reset
(2)       0 : =20                CMD_RTS_bm:     equ     00100000B   ; Request To Send
(2)       0 : =10                CMD_ER_bm:      equ     00010000B   ; Error Reset
(2)       0 : =8                 CMD_SBRK_bm:    equ     00001000B   ; Send Break
(2)       0 : =4                 CMD_RxEN_bm:    equ     00000100B   ; Receive Enable
(2)       0 : =2                 CMD_DTR_bm:     equ     00000010B   ; Data Terminal Ready
(2)       0 : =1                 CMD_TxEN_bm:    equ     00000001B   ; Transmit enable
(2)       0 :
(2)       0 :                    ;;; Bit definition of status register
(2)       0 : =80                ST_DSR_bm:      equ     10000000B   ; Data Set Ready
(2)       0 : =40                ST_BRK_bm:      equ     01000000B   ; BREAK detected
(2)       0 : =20                ST_FE_bm:       equ     00100000B   ; Framing Error
(2)       0 : =10                ST_OE_bm:       equ     00010000B   ; Iverrun Error
(2)       0 : =8                 ST_PE_bm:       equ     00001000B   ; Parity Error
(2)       0 : =2                 ST_TxEMPTY_bp:  equ     2           ; Transmitter empty
(2)       0 : =1                 ST_RxRDY_bp:    equ     1           ; Receiver ready
(2)       0 : =0                 ST_TxRDY_bp:    equ     0           ; Transmitter ready
(1)       0 :                    ;;; Async 1stop 8data x16
(1)       0 : =4E                ASYNC_MODE:     equ     MODE_STOP1_gc|MODE_LEN8_gc|MODE_BAUD_X16
(1)       0 :                    ;;; RTS/DTR, error reset, Rx enable, Tx enable
(1)       0 : =37                RX_EN_TX_EN:    equ     CMD_RTS_bm|CMD_DTR_bm|CMD_ER_bm|CMD_RxEN_bm|CMD_TxEN_bm
(1)       0 : =36                RX_EN_TX_DIS:   equ     CMD_RTS_bm|CMD_DTR_bm|CMD_ER_bm|CMD_RxEN_bm
          0 :
       2000 :                            org     2000H
       2000 : =80                rx_queue_size:  equ     128
       2000 :                    rx_queue:       ds      rx_queue_size
       2080 : =80                tx_queue_size:  equ     128
       2080 :                    tx_queue:       ds      tx_queue_size
       2100 :
       1000 :                            org     1000H
       1000 : =1000              stack:  equ     $
       1000 :
          0 :                            org     ORG_RESET
          0 : C3 00 01                   jp      init
          3 :
         28 :                            org     ORG_RST28
         28 : C3 41 02                   jp      isr_intr_rx
         2B :
         30 :                            org     ORG_RST30
         30 : C3 5E 02                   jp      isr_intr_tx
         33 :
        100 :                            org     0100H
        100 :                    init:
        100 : 31 00 10                   ld      SP, stack
        103 : 21 00 20                   ld      HL, rx_queue
        106 : 06 80                      ld      B, rx_queue_size
        108 : CD D5 01                   call    queue_init
        10B : 21 80 20                   ld      HL, tx_queue
        10E : 06 80                      ld      B, tx_queue_size
        110 : CD D5 01                   call    queue_init
        113 :                    init_usart:
        113 : AF                         xor     a               ; clear A
        114 : 01 41 01                   ld      BC, USARTC
        117 : ED 79                      out     (C), A          ; (USARTC)
        119 : ED 79                      out     (C), A          ; (USARTC)
        11B : ED 79                      out     (C), A          ; safest way to sync mode
        11D : 3E 40                      ld      A, CMD_IR_bm
        11F : ED 79                      out     (C), A          ; reset
        121 : 00                         nop
        122 : 00                         nop
        123 : 3E 4E                      ld      A, ASYNC_MODE
        125 : ED 79                      out     (C), A
        127 : 00                         nop
        128 : 00                         nop
        129 : 3E 36                      ld      A, RX_EN_TX_DIS
        12B : ED 79                      out     (C), A
        12D : 3E                         db      3EH             ; LD A, n
        12E : EF                         rst     28H
        12F : 01 42 01                   ld      BC, USARTRV
        132 : ED 79                      out     (C), A          ; set RxRDY interrupt vector RST 28H
        134 : 3E                         db      3EH             ; LD A, n
        135 : F7                         rst     30H
        136 : 01 43 01                   ld      BC, USARTTV
        139 : ED 79                      out     (C), A          ; set TxRDY interrupt vector RST 30H
        13B :
        13B : ED 46                      im      0
        13D : FB                         ei
        13E :
        13E :                    receive_loop:
        13E : CD AB 01                   call    getchar
        141 : 30 FB                      jr      NC, receive_loop
        143 : B7                         or      A
        144 : 28 19                      jr      Z, halt_to_system
        146 :                    echo_back:
        146 : 47                         ld      B, A
        147 : CD BD 01                   call    putchar         ; echo
        14A : 3E 20                      ld      A, ' '          ; space
        14C : CD BD 01                   call    putchar
        14F : CD 65 01                   call    put_hex8        ; print in hex
        152 : 3E 20                      ld      A, ' '          ; space
        154 : CD BD 01                   call    putchar
        157 : CD 86 01                   call    put_bin8        ; print in binary
        15A : CD B6 01                   call    newline
        15D : 18 DF                      jr      receive_loop
        15F :                    halt_to_system:
        15F : 21 38 00                   ld      HL, ORG_RST38
        162 : 36 FF                      ld      (HL), 0FFH
        164 : FF                         rst     38h
        165 :
        165 :                    ;;; Print uint8_t in hex
        165 :                    ;;; @param B uint8_t value to be printed in hex.
        165 :                    ;;; @clobber A
        165 :                    put_hex8:
        165 : 3E 30                      ld      A, '0'
        167 : CD BD 01                   call    putchar
        16A : 3E 78                      ld      A, 'x'
        16C : CD BD 01                   call    putchar
        16F : 78                         ld      A, b
        170 : CB 3F                      srl     A
        172 : CB 3F                      srl     A
        174 : CB 3F                      srl     A
        176 : CB 3F                      srl     A
        178 : CD 7C 01                   call    put_hex4
        17B : 78                         ld      A, B
        17C :                    put_hex4:
        17C : E6 0F                      and     0FH
        17E : C6 90                      add     A, 90H
        180 : 27                         daa
        181 : CE 40                      adc     A, 40H
        183 : 27                         daa
        184 : 18 37                      jr      putchar
        186 :
        186 :                    ;;; Print uint8_t in binary
        186 :                    ;;; @param B uint8_t value to be printed in binary.
        186 :                    ;;; @clobber A
        186 :                    put_bin8:
        186 : C5                         push    BC
        187 : 3E 30                      ld      A, '0'
        189 : CD BD 01                   call    putchar
        18C : 3E 62                      ld      A, 'b'
        18E : CD BD 01                   call    putchar
        191 : 78                         ld      A, B
        192 : CD 9A 01                   call    put_bin4
        195 : CD 9A 01                   call    put_bin4
        198 : C1                         pop     BC
        199 : C9                         ret
        19A :                    put_bin4:
        19A : CD 9D 01                   call    put_bin2
        19D :                    put_bin2:
        19D : CD A0 01                   call    put_bin1
        1A0 :                    put_bin1:
        1A0 : 78                         ld      A, B
        1A1 : CB 27                      sla     A               ; F.C=MSB
        1A3 : 47                         ld      B, A
        1A4 : 3E 30                      ld      A, '0'
        1A6 : 30 15                      jr      NC, putchar     ; F.0=1
        1A8 : 3C                         inc     A               ; F.C=1
        1A9 : 18 12                      jr      putchar
        1AB :
        1AB :                    ;;; Get character
        1AB :                    ;;; @return A
        1AB :                    ;;; @return CC.C 0 if no character
        1AB :                    getchar:
        1AB : E5                         push    HL
        1AC : 21 00 20                   ld      HL, rx_queue
        1AF : F3                         di
        1B0 : CD 1C 02                   call    queue_remove
        1B3 : FB                         ei
        1B4 : E1                         pop     HL
        1B5 : C9                         ret
        1B6 :
        1B6 :                    ;;; Put newline
        1B6 :                    ;;; @clobber A
        1B6 :                    newline:
        1B6 : 3E 0D                      ld      A, 0DH
        1B8 : CD BD 01                   call    putchar
        1BB : 3E 0A                      ld      A, 0AH
        1BD :
        1BD :                    ;;; Put character
        1BD :                    ;;; @param A
        1BD :                    putchar:
        1BD : F5                         push    AF
        1BE : E5                         push    HL
        1BF : 21 80 20                   ld      HL, tx_queue
        1C2 :                    putchar_retry:
        1C2 : F3                         di
        1C3 : CD E7 01                   call    queue_add
        1C6 : FB                         ei
        1C7 : 30 F9                      jr      NC, putchar_retry ; branch if queue is full
        1C9 : E1                         pop     HL
        1CA : 3E 37                      ld      A, RX_EN_TX_EN  ; enable Tx
        1CC : C5                         push    BC
        1CD : 01 41 01                   ld      BC, USARTC
        1D0 : ED 79                      out     (C), A
        1D2 : C1                         pop     BC
        1D3 : F1                         pop     AF
        1D4 : C9                         ret
        1D5 :
        1D5 :                            include "queue.inc"
(1)     1D5 :                    ;;; -*- mode: asm; mode: flyspell-prog; -*-
(1)     1D5 :                    ;;; [queue] The byte ring of ../z80/queue.inc, same structure and
(1)     1D5 :                    ;;; interface, written for the Z280: the element is addressed by
(1)     1D5 :                    ;;; base-index addressing, (HL+IX) with HL the offset into the
(1)     1D5 :                    ;;; structure, instead of two 16-bit adds through DE.
(1)     1D5 : =0                 queue_len:      equ     0       ; queue length
(1)     1D5 : =1                 queue_size:     equ     1       ; buffer size
(1)     1D5 : =2                 queue_put:      equ     2       ; queue put index
(1)     1D5 : =3                 queue_get:      equ     3       ; queue get index
(1)     1D5 : =4                 queue_buf:      equ     4       ; buffer start offset
(1)     1D5 :
(1)     1D5 :                    ;;; [queue] Initialize queue
(1)     1D5 :                    ;;; @param HL queue work space pointer
(1)     1D5 :                    ;;; @param B queue work space size
(1)     1D5 :                    queue_init:
(1)     1D5 : F5                         push    AF
(1)     1D6 : E5                         push    HL
(1)     1D7 : 36 00                      ld      (HL), 0         ; queue_len
(1)     1D9 : 78                         ld      A, B
(1)     1DA : D6 04                      sub     queue_buf
(1)     1DC : 23                         inc     HL
(1)     1DD : 77                         ld      (HL), A         ; queue_size
(1)     1DE : 23                         inc     HL
(1)     1DF : 36 00                      ld      (HL), 0         ; queue_put
(1)     1E1 : 23                         inc     HL
(1)     1E2 : 36 00                      ld      (HL), 0         ; queue_get
(1)     1E4 : E1                         pop     HL
(1)     1E5 : F1                         pop     AF
(1)     1E6 : C9                         ret
(1)     1E7 :
(1)     1E7 :                    ;;; [queue] Add an element to queue
(1)     1E7 :                    ;;; @param HL queue work space pointer
(1)     1E7 :                    ;;; @param A an element
(1)     1E7 :                    ;;; @return F.C 0 if queue is full
(1)     1E7 :                    queue_add:
(1)     1E7 : E5                         push    HL
(1)     1E8 : DD E3                      ex      (SP), IX        ; IX points queue structure
(1)     1EA : F5                         push    AF              ; keep the element
(1)     1EB : DD 7E 00                   ld      A, (IX+queue_len)
(1)     1EE : DD BE 01                   cp      (IX+queue_size)
(1)     1F1 : 30 20                      jr      NC, queue_add_full  ; queue_len >= queue_size
(1)     1F3 : DD 34 00                   inc     (IX+queue_len)
(1)     1F6 : DD 7E 02                   ld      A, (IX+queue_put)
(1)     1F9 : 21 04 00                   ld      HL, queue_buf
(1)     1FC : ED 6D                      add     HL, A           ; HL=offset of queue_buf[queue_put]; A unchanged
(1)     1FE : 3C                         inc     A               ; queue_put++
(1)     1FF : DD BE 01                   cp      (IX+queue_size)
(1)     202 : 38 01                      jr      C, queue_add_update ; queue_put < queue_size
(1)     204 : AF                         xor     A                   ; wrap around
(1)     205 :                    queue_add_update:
(1)     205 : DD 77 02                   ld      (IX+queue_put), A
(1)     208 : F1                         pop     AF
(1)     209 : ED 0B                      ld      (HL+IX), A      ; store an element
(1)     20B : ED 2A 00 00                lda     HL, (IX+0)      ; restore HL, no stack access
(1)     20F : DD E1                      pop     IX
(1)     211 : 37                         scf                     ; set carry
(1)     212 : C9                         ret
(1)     213 :                    queue_add_full:
(1)     213 : F1                         pop     AF
(1)     214 : ED 2A 00 00                lda     HL, (IX+0)      ; restore HL, no stack access
(1)     218 : DD E1                      pop     IX
(1)     21A : B7                         or      A               ; clear carry
(1)     21B : C9                         ret
(1)     21C :
(1)     21C :                    ;;; [queue] Remove an element from queue
(1)     21C :                    ;;; @param HL queue work space pointer
(1)     21C :                    ;;; @return A an element
(1)     21C :                    ;;; @return F.C 0 if queue is empty
(1)     21C :                    queue_remove:
(1)     21C : 7E                         ld      A, (HL)         ; queue_len
(1)     21D : B7                         or      A               ; clear carry
(1)     21E : C8                         ret     Z               ; queue_len == 0
(1)     21F : E5                         push    HL
(1)     220 : DD E3                      ex      (SP), IX        ; IX points queue structure
(1)     222 : DD 35 00                   dec     (IX+queue_len)
(1)     225 : DD 7E 03                   ld      A, (IX+queue_get)
(1)     228 : 21 04 00                   ld      HL, queue_buf
(1)     22B : ED 6D                      add     HL, A           ; HL=offset of queue_buf[queue_get]; A unchanged
(1)     22D : 3C                         inc     A               ; queue_get++
(1)     22E : DD BE 01                   cp      (IX+queue_size)
(1)     231 : 38 01                      jr      C, queue_remove_update ; queue_get < queue_size
(1)     233 : AF                         xor     A                      ; wrap around
(1)     234 :                    queue_remove_update:
(1)     234 : DD 77 03                   ld      (IX+queue_get), A
(1)     237 : DD 79                      ld      A, (HL+IX)      ; read an element
(1)     239 : ED 2A 00 00                lda     HL, (IX+0)      ; restore HL, no stack access
(1)     23D : DD E1                      pop     IX
(1)     23F : 37                         scf                     ; set carry
(1)     240 : C9                         ret
        241 :
        241 :                    isr_intr_rx:
        241 : F5                         push    AF
        242 : C5                         push    BC
        243 :                    isr_intr_receive:
        243 : 01 41 01                   ld      BC, USARTS
        246 : ED 78                      in      A, (C)          ; (USARTS)
        248 : CB 4F                      bit     ST_RxRDY_bp, A
        24A : 28 0D                      jr      Z, isr_intr_rx_exit
        24C : 01 40 01                   ld      BC, USARTD
        24F : ED 78                      in      A, (C)          ; receive character
        251 : E5                         push    HL
        252 : 21 00 20                   ld      HL, rx_queue
        255 : CD E7 01                   call    queue_add
        258 : E1                         pop     HL
        259 :                    isr_intr_rx_exit:
        259 : C1                         pop     BC
        25A : F1                         pop     AF
        25B : FB                         ei
        25C : ED 4D                      reti
        25E :
        25E :                    isr_intr_tx:
        25E : F5                         push    AF
        25F : C5                         push    BC
        260 : 01 41 01                   ld      BC, USARTS
        263 : ED 78                      in      A, (C)          ; (USARTS)
        265 : CB 47                      bit     ST_TxRDY_bp, A
        267 : 28 0F                      jr      Z, isr_intr_tx_exit
        269 : E5                         push    HL
        26A : 21 80 20                   ld      HL, tx_queue
        26D : CD 1C 02                   call    queue_remove
        270 : E1                         pop     HL
        271 : 30 0A                      jr      NC, isr_intr_send_empty
        273 : 01 40 01                   ld      BC, USARTD
        276 : ED 79                      out     (C), A          ; send character
        278 :                    isr_intr_tx_exit:
        278 : C1                         pop     BC
        279 : F1                         pop     AF
        27A : FB                         ei
        27B : ED 4D                      reti
        27D :                    isr_intr_send_empty:
        27D : 3E 36                      ld      A, RX_EN_TX_DIS
        27F : 01 41 01                   ld      bc, USARTC
        282 : ED 79                      out     (C), A          ; disable Tx
        284 : C1                         pop     BC
        285 : F1                         pop     AF
        286 : FB                         ei
        287 : ED 4D                      reti
        289 :
        289 :                            end
