          0 :                    ;;; -*- mode: asm; mode: flyspell-prog; -*-
          0 :                            include "z280.inc"
(1)       0 :                    ;; -*- mode: asm; mode: flyspell-prog; -*-
(1)       0 :                            include "../z80/z80.inc"
(2)       0 :                    ;;; -*- mode: asm; mode: flyspell-prog; -*-
(2)       0 :                    ;;; z80
(2)       0 :                            cpu     z80
(2)       0 :                    ;;; FLAGS Register
(2)       0 : =80                F_SIGN:         equ     10000000B ; set to 1 if negative
(2)       0 : =40                F_ZERO:         equ     01000000B ; set to 1 if zero
(2)       0 : =10                F_HALF_CARRY:   equ     00010000B ; set to 1 if carry from bit-3
(2)       0 : =4                 F_PARITY:       equ     00000100B ; set to 1 if even parity
(2)       0 : =4                 F_OVERFLOW:     equ     00000100B ; set to 1 if overflow
(2)       0 : =2                 F_NBCD:         equ     00000010B ; set to 1 if subtraction
(2)       0 : =1                 F_CARRY:        equ     00000001B ; set to 1 if carry
(2)       0 :                    ;;; Interrupt origin
(2)       0 : =0                 ORG_RESET:      equ     0000H   ; RESET
(2)       0 : =0                 ORG_RST00:      equ     0000H   ; RST 00H
(2)       0 : =8                 ORG_RST08:      equ     0008H   ; RST 08H
(2)       0 : =10                ORG_RST10:      equ     0010H   ; RST 10H
(2)       0 : =18                ORG_RST18:      equ     0018H   ; RST 18H
(2)       0 : =20                ORG_RST20:      equ     0020H   ; RST 20H
(2)       0 : =28                ORG_RST28:      equ     0028H   ; RST 28H
(2)       0 : =30                ORG_RST30:      equ     0030H   ; RST 30H
(2)       0 : =38                ORG_RST38:      equ     0038H   ; RST 38H
(2)       0 : =38                ORG_INT:        equ     0038H   ; Mode 1 INT
(2)       0 : =66                ORG_NMI:        equ     0066H   ; NMI
(1)       0 :                    ;;; Z280
(1)       0 :                            cpu     z280
(1)       0 :                    ;;; Control register
(1)       0 : =0                 CNTL_MSR:       equ     00H     ; Master Status register
(1)       0 : =16                CNTL_ISR:       equ     16H     ; Interrupt Status register
(1)       0 : =6                 CNTL_VTABLE:    equ     06H     ; Interrupt/Trap Vector Table Pointer
(1)       0 : =8                 CNTL_IOPAGE:    equ     08H     ; I/O Page register
(1)       0 : =FF                CNTL_BUSINIT:   equ     0FFH    ; Bus Timing and Initialization register
(1)       0 : =2                 CNTL_BUSCNTL:   equ     02H     ; Bus Timing and Control register
(1)       0 : =4                 CNTL_SPLIMIT:   equ     04H     ; Stack Limit register
(1)       0 : =10                CNTL_TRAP:      equ     10H     ; Trap Control register
(1)       0 : =12                CNTL_CACHE:     equ     12H     ; Cach Control register
(1)       0 : =14                CNTL_LOCAL:     equ     14H     ; Local Address register
(1)       0 :                    ;;; On-Chip Peripherals
(1)       0 : =FF00E8            REFRESH_RATE:   equ     0FF00E8H ; Refresh Rate Reigster
(1)       0 :                    ;;; Master Status register (3.3.1)
(1)       0 : =8000              MSR_BH_bm:      equ     8000H   ; Breakpoint-on-Halt enable
(1)       0 : =4000              MSR_US_bm:      equ     4000H   ; User/System: 1 = user mode
(1)       0 : =200               MSR_SSP_bm:     equ     0200H   ; Single-Step Pending
(1)       0 : =100               MSR_SS_bm:      equ     0100H   ; Single-Step enable
(1)       0 :                    ;;; Interrupt Request Enable bits, one per group (Table 6-1)
(1)       0 : =1                 MSR_INTA_bm:    equ     0001H   ; maskable interrupt line A
(1)       0 : =2                 MSR_CT0_bm:     equ     0002H   ; Counter/Timer 0, DMA channel 0
(1)       0 : =4                 MSR_INTB_bm:    equ     0004H   ; maskable interrupt line B
(1)       0 : =8                 MSR_CT1_bm:     equ     0008H   ; Counter/Timer 1, UART receiver, DMA channel 1
(1)       0 : =10                MSR_INTC_bm:    equ     0010H   ; maskable interrupt line C
(1)       0 : =20                MSR_UTX_bm:     equ     0020H   ; UART transmitter, DMA channel 2
(1)       0 : =40                MSR_CT2_bm:     equ     0040H   ; Counter/Timer 2, DMA channel 3
(1)       0 :                    ;;; Interrupt/Trap Vector Table (Table 6-5): each entry is an MSR word
(1)       0 :                    ;;; followed by a PC word. The table starts on a 4K physical boundary;
(1)       0 :                    ;;; the Vector Table Pointer holds A23-A12 of it in bits 15-4.
(1)       0 : =4                 IVT_NMI:        equ     04H
(1)       0 : =8                 IVT_INTA:       equ     08H
(1)       0 : =C                 IVT_INTB:       equ     0CH
(1)       0 : =10                IVT_INTC:       equ     10H
(1)       0 : =14                IVT_CT0:        equ     14H
(1)       0 : =18                IVT_CT1:        equ     18H
(1)       0 : =20                IVT_CT2:        equ     20H
(1)       0 : =24                IVT_DMA0:       equ     24H
(1)       0 : =28                IVT_DMA1:       equ     28H
(1)       0 : =2C                IVT_DMA2:       equ     2CH
(1)       0 : =30                IVT_DMA3:       equ     30H
(1)       0 : =34                IVT_URX:        equ     34H
(1)       0 : =38                IVT_UTX:        equ     38H
(1)       0 : =3C                IVT_SSTEP:      equ     3CH     ; Single-Step trap
(1)       0 : =40                IVT_BHALT:      equ     40H     ; Breakpoint-on-Halt trap
(1)       0 : =44                IVT_DIV:        equ     44H     ; Division Exception trap
(1)       0 : =48                IVT_SOVF:       equ     48H     ; Stack Overflow Warning trap
(1)       0 : =4C                IVT_ACCV:       equ     4CH     ; Access Violation trap
(1)       0 : =50                IVT_SC:         equ     50H     ; System Call trap
(1)       0 : =54                IVT_PRIV:       equ     54H     ; Privileged Instruction trap
(1)       0 : =58                IVT_EPU:        equ     58H     ; four Extended Instruction traps, 58H-64H
(1)       0 : =70                IVT_INTA_VEC:   equ     70H     ; 128 PC words for vectored line A (and NMI)
(1)       0 : =170               IVT_INTB_VEC:   equ     170H    ; 128 PC words for vectored line B
(1)       0 : =270               IVT_INTC_VEC:   equ     270H    ; 128 PC words for vectored line C
(1)       0 : =370               IVT_SIZE:       equ     370H
(1)       0 :                    ;;; Cache Control register (3.2.4)
(1)       0 : =80                CACHE_MC_bm:    equ     80H     ; on-chip memory is fixed memory, not a cache
(1)       0 : =40                CACHE_I_bm:     equ     40H     ; do not cache instruction fetches
(1)       0 : =20                CACHE_D_bm:     equ     20H     ; do not cache data
(1)       0 : =10                CACHE_LMB_bm:   equ     10H     ; burst transactions below 800000H
(1)       0 : =8                 CACHE_HMB_bm:   equ     08H     ; burst transactions from 800000H
          0 :                            include "usart.inc"
(1)       0 :                    ;;; -*- mode: asm; mode: flyspell-prog; -*-
(1)       0 :                    ;;; i8251 Universal Synchronous/Asynchronous Receiver/Transmitter
(1)       0 : =140               USART:  equ     0140H
(1)       0 : =140               USARTD: equ     USART+0         ; Data register
(1)       0 : =141               USARTS: equ     USART+1         ; Status register
(1)       0 : =141               USARTC: equ     USART+1         ; Control register
(1)       0 : =142               USARTRV:        equ     USART+2 ; Receive interrupt vector (ORG_*)
(1)       0 : =143               USARTTV:        equ     USART+3 ; Transmit interrupt vector (ORG_*)
(1)       0 :                            include "../z80/i8251.inc"
(2)       0 :                    ;;; -*- mode: asm; mode: flyspell-prog; -*-
(2)       0 :
(2)       0 :                    ;;; i8251 USART device emulator.
(2)       0 : =6                 MODE_STOP_gp:   equ     6
(2)       0 : =C0                MODE_STOP_gm:   equ     11000000B
(2)       0 : =40                MODE_STOP1_gc:  equ     (1 << MODE_STOP_gp)
(2)       0 : =80                MODE_STOP15_gc: equ     (2 << MODE_STOP_gp)
(2)       0 : =C0                MODE_STOP2_gc:  equ     (3 << MODE_STOP_gp)
(2)       0 : =20                MODE_EVEN_bm:   equ     00100000B
(2)       0 : =10                MODE_PARITY_bm: equ     00010000B
(2)       0 : =2                 MODE_LEN_gp:    equ     2
(2)       0 : =C                 MODE_LEN_gm:    equ     00001100B
(2)       0 : =0                 MODE_LEN5_gc:   equ     (0 << MODE_LEN_gp)
(2)       0 : =4                 MODE_LEN6_gc:   equ     (1 << MODE_LEN_gp)
(2)       0 : =8                 MODE_LEN7_gc:   equ     (2 << MODE_LEN_gp)
(2)       0 : =C                 MODE_LEN8_gc:   equ     (3 << MODE_LEN_gp)
(2)       0 : =0                 MODE_BAUD_gp:   equ     0
(2)       0 : =3                 MODE_BAUD_gm:   equ     00000011B
(2)       0 : =1                 MODE_BAUD_X1:   equ     (1 << MODE_BAUD_gp)
(2)       0 : =2                 MODE_BAUD_X16:  equ (2 << MODE_BAUD_gp)
(2)       0 : =3                 MODE_BAUD_X64:  equ (3 << MODE_BAUD_gp)
(2)       0 :                    ;;; Bit Definition of command register
(2)       0 : =80                CMD_EH_bm:      equ     10000000B   ; Enter hunt mode
(2)       0 : =40                CMD_IR_bm:      equ     01000000B   ; Internal Reset
(2)       0 : =20                CMD_RTS_bm:     equ     00100000B   ; Request To Send
(2)       0 : =10                CMD_ER_bm:      equ     00010000B   ; Error Reset
(2)       0 : =8                 CMD_SBRK_bm:    equ     00001000B   ; Send Break
(2)       0 : =4                 CMD_RxEN_bm:    equ     00000100B   ; Receive Enable
(2)       0 : =2                 CMD_DTR_bm:     equ     00000010B   ; Data Terminal Ready
(2)       0 : =1                 CMD_TxEN_bm:    equ     00000001B   ; Transmit enable
(2)       0 :
(2)       0 :                    ;;; Bit definition of status register
(2)       0 : =80                ST_DSR_bm:      equ     10000000B   ; Data Set Ready
(2)       0 : =40                ST_BRK_bm:      equ     01000000B   ; BREAK detected
(2)       0 : =20                ST_FE_bm:       equ     00100000B   ; Framing Error
(2)       0 : =10                ST_OE_bm:       equ     00010000B   ; Overrun Error
(2)       0 : =8                 ST_PE_bm:       equ     00001000B   ; Parity Error
(2)       0 : =2                 ST_TxEMPTY_bp:  equ     2           ; Transmitter empty
(2)       0 : =1                 ST_RxRDY_bp:    equ     1           ; Receiver ready
(2)       0 : =0                 ST_TxRDY_bp:    equ     0           ; Transmitter ready
(1)       0 :                    ;;; Async 1stop 8data x16
(1)       0 : =4E                ASYNC_MODE:     equ     MODE_STOP1_gc|MODE_LEN8_gc|MODE_BAUD_X16
(1)       0 :                    ;;; RTS/DTR, error reset, Rx enable, Tx enable
(1)       0 : =37                RX_EN_TX_EN:    equ     CMD_RTS_bm|CMD_DTR_bm|CMD_ER_bm|CMD_RxEN_bm|CMD_TxEN_bm
(1)       0 : =36                RX_EN_TX_DIS:   equ     CMD_RTS_bm|CMD_DTR_bm|CMD_ER_bm|CMD_RxEN_bm
          0 :
       2000 :                            org     2000H
       2000 : =80                rx_queue_size:  equ     128
       2000 :                    rx_queue:       ds      rx_queue_size
       2080 : =80                tx_queue_size:  equ     128
       2080 :                    tx_queue:       ds      tx_queue_size
       2100 :
       1000 :                            org     1000H
       1000 : =1000              stack:          equ     $
       1000 :
       1000 : =1000              vec_base:       equ     $
       1012 :                            org     vec_base+12H
       1012 : 56 03              vec_rx: dw      isr_intr_rx
       108A :                            org     vec_base+8AH
       108A : 73 03              vec_tx: dw      isr_intr_tx
       108C :
          0 :                            org     ORG_RESET
          0 : C3 00 01                   jp      init
          3 :
         28 :                            org     ORG_RST28
         28 : C3 56 03                   jp      isr_intr_rx
         2B :
         30 :                            org     ORG_RST30
         30 : C3 73 03                   jp      isr_intr_tx
         33 :
        100 :                            org     0100H
        100 :                    init:
        100 : 31 00 10                   ld      SP, stack
        103 : 21 00 20                   ld      HL, rx_queue
        106 : 06 80                      ld      B, rx_queue_size
        108 : CD E1 02                   call    queue_init
        10B : 21 80 20                   ld      HL, tx_queue
        10E : 06 80                      ld      B, tx_queue_size
        110 : CD E1 02                   call    queue_init
        113 :                    init_usart:
        113 : 01 41 01                   ld      BC, USARTC
        116 : AF                         xor     A               ; clear A
        117 : ED 79                      out     (C), A          ; (USARTC)
        119 : ED 79                      out     (C), A          ; (USARTC)
        11B : ED 79                      out     (C), A          ; safest way to sync mode
        11D : 3E 40                      ld      A, CMD_IR_bm
        11F : ED 79                      out     (C), A          ; reset
        121 : 00                         nop
        122 : 00                         nop
        123 : 3E 4E                      ld      A, ASYNC_MODE
        125 : ED 79                      out     (C), A
        127 : 00                         nop
        128 : 00                         nop
        129 : 3E 36                      ld      A, RX_EN_TX_DIS
        12B : ED 79                      out     (C), A
        12D :
        12D :                            ;; db      3EH          ; LD A, n
        12D :                            ;; rst     28H
        12D :                            ;; ld      BC, USARTRV
        12D :                            ;; out     (C), A       ; set RxRDY interrupt vector RST 28H
        12D :                            ;; db      3EH          ; LD A, n
        12D :                            ;; rst     30H
        12D :                            ;; ld      BC, USARTTV
        12D :                            ;; out     (C), A       ; set TxRDY interrupt vector RST 30H
        12D :                            ;; im      0
        12D :
        12D : 3E 10                      ld      A, HIGH vec_base
        12F : ED 47                      ld      I, A
        131 : 3E 12                      ld      A, LOW vec_rx
        133 : 01 42 01                   ld      BC, USARTRV
        136 : ED 79                      out     (C), A          ; set RxRDY interrupt vec_rx
        138 : 3E 8A                      ld      A, LOW vec_tx
        13A : 01 43 01                   ld      BC, USARTTV
        13D : ED 79                      out     (C), A          ; set TxRDY interrupt vec_tx
        13F : ED 5E                      im      2
        141 :
        141 : FB                         ei
        142 :
        142 :                    loop:
        142 : CD 7B 01                   call    mandelbrot
        145 : CD 58 01                   call    newline
        148 : CD 4D 03                   call    wait_tx_finish
        14B : 18 F5                      jr      loop
        14D :
        14D :                    ;;; Get character
        14D :                    ;;; @return A
        14D :                    ;;; @return CC.C 0 if no character
        14D :                    getchar:
        14D : E5                         push    HL
        14E : 21 00 20                   ld      HL, rx_queue
        151 : F3                         di
        152 : CD 28 03                   call    queue_remove
        155 : FB                         ei
        156 : E1                         pop     HL
        157 : C9                         ret
        158 :
        158 :                    ;;; Put newline
        158 :                    ;;; @clobber A
        158 :                    newline:
        158 : 3E 0D                      ld      A, 0DH
        15A : CD 5F 01                   call    putchar
        15D : 3E 0A                      ld      A, 0AH
        15F :
        15F :                    ;;; Put character
        15F :                    ;;; @param A
        15F :                    putchar:
        15F : F5                         push    AF
        160 : E5                         push    HL
        161 : 21 80 20                   ld      HL, tx_queue
        164 :                    putchar_retry:
        164 : F3                         di
        165 : CD F3 02                   call    queue_add
        168 : FB                         ei
        169 : 30 F9                      jr      NC, putchar_retry ; branch if queue is full
        16B : E1                         pop     HL
        16C : C5                         push    BC
        16D : 3E 37                      ld      a, RX_EN_TX_EN  ; enable Tx
        16F : 01 41 01                   ld      BC, USARTC
        172 : ED 79                      out     (C), A          ; (USARTC)
        174 : C1                         pop     BC
        175 :                    putchar_exit:
        175 : F1                         pop     AF
        176 : C9                         ret
        177 :
        177 :                    ;;; Put newline
        177 :                    ;;; @clobber A
        177 :                    putspace:
        177 : 3E 20                      ld      A, ' '
        179 : 18 E4                      jr      putchar
        17B :
        17B :                            include "mandelbrot.inc"
(1)     17B :                    ;;; -*- mode: asm; mode: flyspell-prog; -*-
(1)     17B :
(1)     17B : =32                Fv:     equ     50
(1)     17B :                    mandelbrot:
(1)     17B : 3E F4                      ld      A, -12
(1)     17D : 32 9D 02                   ld      (vY), A         ; Y=-12
(1)     180 :                    loop_y:
(1)     180 : 3E CF                      ld      A, -49
(1)     182 : 32 9E 02                   ld      (vX), A         ; X=-49
(1)     185 :                    loop_x:
(1)     185 : 3A 9E 02                   ld      A, (vX)
(1)     188 : ED 64                      exts    A               ; HL=X
(1)     18A : FD ED F2 E5 00             multw   HL, 229         ; DEHL=X*229
(1)     18F : FD ED FA 64 00             divw    DEHL, 100       ; HL=X*229/100
(1)     194 : 22 8D 02                   ld      (vC), HL        ; C=X*229/100
(1)     197 : 22 91 02                   ld      (vA), HL        ; A=C
(1)     19A : 3A 9D 02                   ld      A, (vY)
(1)     19D : ED 64                      exts    A               ; HL=Y
(1)     19F : FD ED F2 A0 01             multw   HL, 416         ; DEHL=Y*416
(1)     1A4 : FD ED FA 64 00             divw    DEHL, 100       ; HL=Y*416/100
(1)     1A9 : 22 8F 02                   ld      (vD), HL        ; D=Y*416/100
(1)     1AC : 22 93 02                   ld      (vB), HL        ; B=D
(1)     1AF : 3E 00                      ld      A, 0
(1)     1B1 : 32 9F 02                   ld      (vI), A         ; I=0
(1)     1B4 :
(1)     1B4 :                            ;; ld      A, (vY)
(1)     1B4 :                            ;; exts    A
(1)     1B4 :                            ;; ld      A, 'Y'
(1)     1B4 :                            ;; call    print
(1)     1B4 :                            ;; ld      A, (vX)
(1)     1B4 :                            ;; exts    A
(1)     1B4 :                            ;; ld      A, 'X'
(1)     1B4 :                            ;; call    print
(1)     1B4 :                            ;; ld      HL, (vC)
(1)     1B4 :                            ;; ld      A, 'C'
(1)     1B4 :                            ;; call    print
(1)     1B4 :                            ;; ld      HL, (vD)
(1)     1B4 :                            ;; ld      A, 'D'
(1)     1B4 :                            ;; call    print
(1)     1B4 :                            ;; call    newline
(1)     1B4 :
(1)     1B4 :                    loop_i:
(1)     1B4 : 2A 93 02                   ld      HL, (vB)
(1)     1B7 : ED 6C                      exts    HL              ; DEHL=B, sign extended
(1)     1B9 : FD ED FA 32 00             divw    DEHL, Fv        ; HL=B/F, DE=B-(B/F)*F
(1)     1BE : 22 97 02                   ld      (vQ), HL        ; Q=B/F
(1)     1C1 : ED 53 99 02                ld      (vS), DE        ; S=B-Q*F
(1)     1C5 : 2A 93 02                   ld      HL, (vB)
(1)     1C8 : DD ED D2 93 02             multw   HL, (vB)        ; DEHL=B*B
(1)     1CD : E5                         push    HL              ; push B*B
(1)     1CE : 2A 91 02                   ld      HL, (vA)
(1)     1D1 : DD ED D2 91 02             multw   HL, (vA)        ; DEHL=A*A
(1)     1D6 : D1                         pop     DE              ; pop B*B
(1)     1D7 : ED DE                      subw    HL, DE          ; A*A-B*B
(1)     1D9 : ED 6C                      exts    HL              ; DEHL=A*A-B*B, sign extended
(1)     1DB : FD ED FA 32 00             divw    DEHL, Fv        ; HL=(A*A-B*B)/F
(1)     1E0 : DD ED D6 8D 02             addw    HL, (vC)        ; (A*A-B*B)/F+C
(1)     1E5 : E5                         push    HL              ; push (A*A-B*B)/F+C
(1)     1E6 : 2A 91 02                   ld      HL, (vA)
(1)     1E9 : DD ED D2 99 02             multw   HL, (vS)        ; DEHL=A*S
(1)     1EE : FD ED FA 32 00             divw    DEHL, Fv        ; HL=A*S/F
(1)     1F3 : E5                         push    HL              ; push A*S/F
(1)     1F4 : 2A 91 02                   ld      HL, (vA)
(1)     1F7 : DD ED D2 97 02             multw   HL, (vQ)        ; DEHL=A*Q
(1)     1FC : D1                         pop     DE              ; pop A*S/F
(1)     1FD : 19                         add     HL, DE          ; A*Q+A*S/F
(1)     1FE : 29                         add     HL, HL          ; 2*(A*Q+A*S/F)
(1)     1FF : DD ED D6 8F 02             addw    HL, (vD)        ; 2*(A*Q+A*S/F)+D
(1)     204 : 22 93 02                   ld      (vB), HL        ; B=2*(A*Q+A*S/F)+D
(1)     207 : E1                         pop     HL              ; pop (A*A-B*B)/F+C
(1)     208 : 22 91 02                   ld      (vA), HL        ; A=(A*A-B*B)/F+C
(1)     20B : ED 6C                      exts    HL              ; DEHL=A, sign extended
(1)     20D : FD ED FA 32 00             divw    DEHL, Fv        ; HL=A/F
(1)     212 : 22 95 02                   ld      (vP), HL        ; P=A/F
(1)     215 : ED E2                      multw   HL, HL          ; DEHL=P*P
(1)     217 : E5                         push    HL              ; push P*P
(1)     218 : 2A 93 02                   ld      HL, (vB)
(1)     21B : ED 6C                      exts    HL              ; DEHL=B, sign extended
(1)     21D : FD ED FA 32 00             divw    DEHL, Fv        ; HL=B/F
(1)     222 : 22 97 02                   ld      (vQ), HL        ; Q=B/F
(1)     225 : ED E2                      multw   HL, HL          ; DEHL=Q*Q
(1)     227 : D1                         pop     DE              ; pop P*P
(1)     228 : 19                         add     HL, DE          ; P*P+Q*Q
(1)     229 : 22 9B 02                   ld      (vT), HL        ; T=P*P+Q*Q
(1)     22C :
(1)     22C :                            ;; call    putspace
(1)     22C :                            ;; ld      A, (vI)
(1)     22C :                            ;; exts    A
(1)     22C :                            ;; ld      A, 'I'
(1)     22C :                            ;; call    print
(1)     22C :                            ;; ld      HL, (vA)
(1)     22C :                            ;; ld      A, 'A'
(1)     22C :                            ;; call    print
(1)     22C :                            ;; ld      HL, (vB)
(1)     22C :                            ;; ld      A, 'B'
(1)     22C :                            ;; call    print
(1)     22C :                            ;; ld      HL, (vP)
(1)     22C :                            ;; ld      A, 'P'
(1)     22C :                            ;; call    print
(1)     22C :                            ;; ld      HL, (vQ)
(1)     22C :                            ;; ld      A, 'Q'
(1)     22C :                            ;; call    print
(1)     22C :                            ;; ld      HL, (vT)
(1)     22C :                            ;; ld      A, 'T'
(1)     22C :                            ;; call    print
(1)     22C :                            ;; call    newline
(1)     22C :
(1)     22C : FD ED F7 05 00             cpw     HL, 4+1
(1)     231 : 30 10                      jr      NC, print_i     ; if 4<T
(1)     233 : 3A 9F 02                   ld      A, (vI)
(1)     236 : 3C                         inc     A
(1)     237 : 32 9F 02                   ld      (vI), A
(1)     23A : FE 10                      cp      A, 16
(1)     23C : DA B4 01                   jp      C, loop_i       ; if I<16
(1)     23F : 3E 20                      ld      A, ' '
(1)     241 : 18 09                      jr      print_char
(1)     243 :                    print_i:
(1)     243 : 3A 9F 02                   ld      A, (vI)
(1)     246 : C6 90                      add     A, 90H
(1)     248 : 27                         daa
(1)     249 : CE 40                      adc     A, 40H
(1)     24B : 27                         daa
(1)     24C :                    print_char:
(1)     24C : CD 5F 01                   call    putchar
(1)     24F :
(1)     24F :                            ;; push    AF
(1)     24F :                            ;; ld      A, '@'
(1)     24F :                            ;; call    putchar
(1)     24F :                            ;; ld      A, '='
(1)     24F :                            ;; call    putchar
(1)     24F :                            ;; pop     AF
(1)     24F :                            ;; call    putchar
(1)     24F :                            ;; call    newline
(1)     24F :
(1)     24F : CD 4D 01                   call    getchar
(1)     252 : 30 09                      jr      NC, next_x
(1)     254 : B7                         or      A
(1)     255 : 20 06                      jr      NZ, next_x
(1)     257 :                    halt_to_system:
(1)     257 : 21 38 00                   ld      HL, ORG_RST38
(1)     25A : 36 FF                      ld      (HL), 0FFH
(1)     25C : FF                         rst     38H
(1)     25D :
(1)     25D :                    next_x:
(1)     25D : 21 9E 02                   ld      HL, vX
(1)     260 : 34                         inc     (HL)            ; X+=1
(1)     261 : 7E                         ld      A, (HL)
(1)     262 : CB 7F                      bit     7, A
(1)     264 : C2 85 01                   jp      NZ, loop_x      ; if X<0
(1)     267 : FE 1E                      cp      A, 30
(1)     269 : DA 85 01                   jp      C, loop_x       ; if X<30
(1)     26C : CD 58 01                   call    newline
(1)     26F : 21 9D 02                   ld      HL, vY
(1)     272 : 34                         inc     (HL)            ; Y+=1
(1)     273 : 7E                         ld      A, (HL)
(1)     274 : CB 7F                      bit     7, A
(1)     276 : C2 80 01                   jp      NZ, loop_y      ; if Y<0
(1)     279 : FE 0D                      cp      A, 13
(1)     27B : DA 80 01                   jp      C, loop_y       ; if Y<13
(1)     27E : C9                         ret
(1)     27F :
(1)     27F :                    ;;; Print variable
(1)     27F :                    ;;; @param A variable name
(1)     27F :                    ;;; @param HL variable value
(1)     27F :                    print:
(1)     27F : CD 5F 01                   call    putchar
(1)     282 : 3E 3D                      ld      A, '='
(1)     284 : CD 5F 01                   call    putchar
(1)     287 : CD A0 02                   call    print_int16
(1)     28A : C3 77 01                   jp      putspace
(1)     28D :
(1)     28D :                    ;;; workspace
(1)     28D :                    vC:     ds      2
(1)     28F :                    vD:     ds      2
(1)     291 :                    vA:     ds      2
(1)     293 :                    vB:     ds      2
(1)     295 :                    vP:     ds      2
(1)     297 :                    vQ:     ds      2
(1)     299 :                    vS:     ds      2
(1)     29B :                    vT:     ds      2
(1)     29D :                    vY:     ds      1
(1)     29E :                    vX:     ds      1
(1)     29F :                    vI:     ds      1
        2A0 :                            include "arith.inc"
(1)     2A0 :                    ;;; -*- mode: asm; mode: flyspell-prog; -*-
(1)     2A0 :                            cpu     z280
(1)     2A0 :
(1)     2A0 :                    ;;; Print signed 16-bit integer as decimal
(1)     2A0 :                    ;;; @param HL value
(1)     2A0 :                    ;;; @clobber A HL
(1)     2A0 :                    print_int16:
(1)     2A0 : 7C                         ld      A, H
(1)     2A1 : B5                         or      A, L
(1)     2A2 : 28 27                      jr      Z, print_uint16_zero
(1)     2A4 : CB 7C                      bit     7, H
(1)     2A6 : 28 07                      jr      Z, print_uint16
(1)     2A8 : 3E 2D                      ld      A, '-'
(1)     2AA : CD 5F 01                   call    putchar
(1)     2AD : ED 4C                      neg     HL              ; HL=-value
(1)     2AF :                    print_uint16:
(1)     2AF : D5                         push    DE
(1)     2B0 : CD B5 02                   call    print_uint16_loop
(1)     2B3 : D1                         pop     DE
(1)     2B4 : C9                         ret
(1)     2B5 :                    print_uint16_loop:
(1)     2B5 : 7C                         ld      A, H
(1)     2B6 : B5                         or      A, L
(1)     2B7 : C8                         ret     Z
(1)     2B8 : 11 00 00                   ld      DE, 0           ; DEHL=value, zero extended
(1)     2BB : FD ED FB 0A 00             divuw   DEHL, 10        ; HL=value/10, DE=value%10
(1)     2C0 : D5                         push    DE              ; push remainder
(1)     2C1 : CD B5 02                   call    print_uint16_loop
(1)     2C4 : E1                         pop     HL              ; pop remainder
(1)     2C5 : 7D                         ld      A, L
(1)     2C6 : C6 30                      add     A, '0'
(1)     2C8 : C3 5F 01                   jp      putchar
(1)     2CB :                    print_uint16_zero:
(1)     2CB : 3E 30                      ld      A, '0'
(1)     2CD : C3 5F 01                   jp      putchar
(1)     2D0 :
(1)     2D0 :                    ;;; Signed comparison; minuend - subtrahend
(1)     2D0 :                    ;;; @param BC minuend
(1)     2D0 :                    ;;; @param DE subtrahend
(1)     2D0 :                    ;;; @return AF.Z, AF.S
(1)     2D0 :                    ;;; @clobber A
(1)     2D0 :                    cmp16:
(1)     2D0 : E5                         push    HL
(1)     2D1 : 60                         ld      H, B
(1)     2D2 : 69                         ld      L, C
(1)     2D3 : ED DE                      subw    HL, DE          ; AF.V=overflow, AF.S=sign
(1)     2D5 : 28 08                      jr      Z, cmp16_return ; AF.Z=1
(1)     2D7 : 7C                         ld      A, H            ; high(minuend-subtrahend)
(1)     2D8 : E2 DD 02                   jp      PO, cmp16_sign  ; if no overflow
(1)     2DB : EE 80                      xor     80H             ; AF.S=overflow^sign
(1)     2DD :                    cmp16_sign:
(1)     2DD : F6 01                      or      1               ; clear AF.Z
(1)     2DF :                    cmp16_return:
(1)     2DF : E1                         pop     HL
(1)     2E0 : C9                         ret
        2E1 :                            include "queue.inc"
(1)     2E1 :                    ;;; -*- mode: asm; mode: flyspell-prog; -*-
(1)     2E1 :                    ;;; [queue] The byte ring of ../z80/queue.inc, same structure and
(1)     2E1 :                    ;;; interface, written for the Z280: the element is addressed by
(1)     2E1 :                    ;;; base-index addressing, (HL+IX) with HL the offset into the
(1)     2E1 :                    ;;; structure, instead of two 16-bit adds through DE.
(1)     2E1 : =0                 queue_len:      equ     0       ; queue length
(1)     2E1 : =1                 queue_size:     equ     1       ; buffer size
(1)     2E1 : =2                 queue_put:      equ     2       ; queue put index
(1)     2E1 : =3                 queue_get:      equ     3       ; queue get index
(1)     2E1 : =4                 queue_buf:      equ     4       ; buffer start offset
(1)     2E1 :
(1)     2E1 :                    ;;; [queue] Initialize queue
(1)     2E1 :                    ;;; @param HL queue work space pointer
(1)     2E1 :                    ;;; @param B queue work space size
(1)     2E1 :                    queue_init:
(1)     2E1 : F5                         push    AF
(1)     2E2 : E5                         push    HL
(1)     2E3 : 36 00                      ld      (HL), 0         ; queue_len
(1)     2E5 : 78                         ld      A, B
(1)     2E6 : D6 04                      sub     queue_buf
(1)     2E8 : 23                         inc     HL
(1)     2E9 : 77                         ld      (HL), A         ; queue_size
(1)     2EA : 23                         inc     HL
(1)     2EB : 36 00                      ld      (HL), 0         ; queue_put
(1)     2ED : 23                         inc     HL
(1)     2EE : 36 00                      ld      (HL), 0         ; queue_get
(1)     2F0 : E1                         pop     HL
(1)     2F1 : F1                         pop     AF
(1)     2F2 : C9                         ret
(1)     2F3 :
(1)     2F3 :                    ;;; [queue] Add an element to queue
(1)     2F3 :                    ;;; @param HL queue work space pointer
(1)     2F3 :                    ;;; @param A an element
(1)     2F3 :                    ;;; @return F.C 0 if queue is full
(1)     2F3 :                    queue_add:
(1)     2F3 : E5                         push    HL
(1)     2F4 : DD E3                      ex      (SP), IX        ; IX points queue structure
(1)     2F6 : F5                         push    AF              ; keep the element
(1)     2F7 : DD 7E 00                   ld      A, (IX+queue_len)
(1)     2FA : DD BE 01                   cp      (IX+queue_size)
(1)     2FD : 30 20                      jr      NC, queue_add_full  ; queue_len >= queue_size
(1)     2FF : DD 34 00                   inc     (IX+queue_len)
(1)     302 : DD 7E 02                   ld      A, (IX+queue_put)
(1)     305 : 21 04 00                   ld      HL, queue_buf
(1)     308 : ED 6D                      add     HL, A           ; HL=offset of queue_buf[queue_put]; A unchanged
(1)     30A : 3C                         inc     A               ; queue_put++
(1)     30B : DD BE 01                   cp      (IX+queue_size)
(1)     30E : 38 01                      jr      C, queue_add_update ; queue_put < queue_size
(1)     310 : AF                         xor     A                   ; wrap around
(1)     311 :                    queue_add_update:
(1)     311 : DD 77 02                   ld      (IX+queue_put), A
(1)     314 : F1                         pop     AF
(1)     315 : ED 0B                      ld      (HL+IX), A      ; store an element
(1)     317 : ED 2A 00 00                lda     HL, (IX+0)      ; restore HL, no stack access
(1)     31B : DD E1                      pop     IX
(1)     31D : 37                         scf                     ; set carry
(1)     31E : C9                         ret
(1)     31F :                    queue_add_full:
(1)     31F : F1                         pop     AF
(1)     320 : ED 2A 00 00                lda     HL, (IX+0)      ; restore HL, no stack access
(1)     324 : DD E1                      pop     IX
(1)     326 : B7                         or      A               ; clear carry
(1)     327 : C9                         ret
(1)     328 :
(1)     328 :                    ;;; [queue] Remove an element from queue
(1)     328 :                    ;;; @param HL queue work space pointer
(1)     328 :                    ;;; @return A an element
(1)     328 :                    ;;; @return F.C 0 if queue is empty
(1)     328 :                    queue_remove:
(1)     328 : 7E                         ld      A, (HL)         ; queue_len
(1)     329 : B7                         or      A               ; clear carry
(1)     32A : C8                         ret     Z               ; queue_len == 0
(1)     32B : E5                         push    HL
(1)     32C : DD E3                      ex      (SP), IX        ; IX points queue structure
(1)     32E : DD 35 00                   dec     (IX+queue_len)
(1)     331 : DD 7E 03                   ld      A, (IX+queue_get)
(1)     334 : 21 04 00                   ld      HL, queue_buf
(1)     337 : ED 6D                      add     HL, A           ; HL=offset of queue_buf[queue_get]; A unchanged
(1)     339 : 3C                         inc     A               ; queue_get++
(1)     33A : DD BE 01                   cp      (IX+queue_size)
(1)     33D : 38 01                      jr      C, queue_remove_update ; queue_get < queue_size
(1)     33F : AF                         xor     A                      ; wrap around
(1)     340 :                    queue_remove_update:
(1)     340 : DD 77 03                   ld      (IX+queue_get), A
(1)     343 : DD 79                      ld      A, (HL+IX)      ; read an element
(1)     345 : ED 2A 00 00                lda     HL, (IX+0)      ; restore HL, no stack access
(1)     349 : DD E1                      pop     IX
(1)     34B : 37                         scf                     ; set carry
(1)     34C : C9                         ret
        34D :
        34D :                    wait_tx_finish:
        34D : 21 80 20                   ld      HL, tx_queue
        350 : 7E                         ld      A, (HL)
        351 : B7                         or      A
        352 : C8                         ret     z
        353 : C3 4D 03                   jp      wait_tx_finish
        356 :
        356 :                    isr_intr_rx:
        356 : F5                         push    AF
        357 : C5                         push    BC
        358 : 01 41 01                   ld      BC, USARTS
        35B : ED 78                      in      A, (C)          ; (USARTS)
        35D : CB 4F                      bit     ST_RxRDY_bp, A
        35F : 28 0D                      jr      Z, isr_intr_rx_exit
        361 : 01 40 01                   ld      BC, USARTD
        364 : ED 78                      in      A, (C)          ; receive character
        366 : E5                         push    HL
        367 : 21 00 20                   ld      HL, rx_queue
        36A : CD F3 02                   call    queue_add
        36D : E1                         pop     HL
        36E :                    isr_intr_rx_exit:
        36E : C1                         pop     BC
        36F : F1                         pop     AF
        370 : FB                         ei
        371 : ED 4D                      reti
        373 :
        373 :                    isr_intr_tx:
        373 : F5                         push    AF
        374 : C5                         push    BC
        375 : 01 41 01                   ld      BC, USARTS
        378 : ED 78                      in      A, (C)          ; (USARTS)
        37A : CB 47                      bit     ST_TxRDY_bp, A
        37C : 28 0F                      jr      Z, isr_intr_tx_exit
        37E : E5                         push    HL
        37F : 21 80 20                   ld      HL, tx_queue
        382 : CD 28 03                   call    queue_remove
        385 : E1                         pop     HL
        386 : 30 0A                      jr      NC,isr_intr_send_empty
        388 : 01 40 01                   ld      BC, USARTD
        38B : ED 79                      out     (C), A          ; send character
        38D :                    isr_intr_tx_exit:
        38D : C1                         pop     BC
        38E : F1                         pop     AF
        38F : FB                         ei
        390 : ED 4D                      reti
        392 :                    isr_intr_send_empty:
        392 : 3E 36                      ld      a, RX_EN_TX_DIS
        394 : 01 41 01                   ld      BC, USARTC
        397 : ED 79                      out     (C), A          ; disable Tx
        399 : C1                         pop     BC
        39A : F1                         pop     AF
        39B : FB                         ei
        39C : ED 4D                      reti
        39E :
        39E :                            end
