          0 :                    ;;; -*- mode: asm; mode: flyspell-prog; -*-
          0 :                    ;;; Echo through the MMU and the system/user split: the USART setup,
          0 :                    ;;; the receive interrupt handler and the putchar/getchar services run in
          0 :                    ;;; system mode, the echo loop runs in user mode and reaches them with
          0 :                    ;;; System Call traps. User logical page 0 is mapped to physical
          0 :                    ;;; 0A5000H; every other user page is invalid. Interrupt mode 3, so the
          0 :                    ;;; receive interrupt and the traps vector through the table at 2000H
          0 :                    ;;; and return with RETIL, which restores the user's MSR.
          0 :                            include "z280.inc"
(1)       0 :                    ;; -*- mode: asm; mode: flyspell-prog; -*-
(1)       0 :                            include "../z80/z80.inc"
(2)       0 :                    ;;; -*- mode: asm; mode: flyspell-prog; -*-
(2)       0 :                    ;;; z80
(2)       0 :                            cpu     z80
(2)       0 :                    ;;; FLAGS Register
(2)       0 : =80                F_SIGN:         equ     10000000B ; set to 1 if negative
(2)       0 : =40                F_ZERO:         equ     01000000B ; set to 1 if zero
(2)       0 : =10                F_HALF_CARRY:   equ     00010000B ; set to 1 if carry from bit-3
(2)       0 : =4                 F_PARITY:       equ     00000100B ; set to 1 if even parity
(2)       0 : =4                 F_OVERFLOW:     equ     00000100B ; set to 1 if overflow
(2)       0 : =2                 F_NBCD:         equ     00000010B ; set to 1 if subtraction
(2)       0 : =1                 F_CARRY:        equ     00000001B ; set to 1 if carry
(2)       0 :                    ;;; Interrupt origin
(2)       0 : =0                 ORG_RESET:      equ     0000H   ; RESET
(2)       0 : =0                 ORG_RST00:      equ     0000H   ; RST 00H
(2)       0 : =8                 ORG_RST08:      equ     0008H   ; RST 08H
(2)       0 : =10                ORG_RST10:      equ     0010H   ; RST 10H
(2)       0 : =18                ORG_RST18:      equ     0018H   ; RST 18H
(2)       0 : =20                ORG_RST20:      equ     0020H   ; RST 20H
(2)       0 : =28                ORG_RST28:      equ     0028H   ; RST 28H
(2)       0 : =30                ORG_RST30:      equ     0030H   ; RST 30H
(2)       0 : =38                ORG_RST38:      equ     0038H   ; RST 38H
(2)       0 : =38                ORG_INT:        equ     0038H   ; Mode 1 INT
(2)       0 : =66                ORG_NMI:        equ     0066H   ; NMI
(1)       0 :                    ;;; Z280
(1)       0 :                            cpu     z280
(1)       0 :                    ;;; Control register
(1)       0 : =0                 CNTL_MSR:       equ     00H     ; Master Status register
(1)       0 : =16                CNTL_ISR:       equ     16H     ; Interrupt Status register
(1)       0 : =6                 CNTL_VTABLE:    equ     06H     ; Interrupt/Trap Vector Table Pointer
(1)       0 : =8                 CNTL_IOPAGE:    equ     08H     ; I/O Page register
(1)       0 : =FF                CNTL_BUSINIT:   equ     0FFH    ; Bus Timing and Initialization register
(1)       0 : =2                 CNTL_BUSCNTL:   equ     02H     ; Bus Timing and Control register
(1)       0 : =4                 CNTL_SPLIMIT:   equ     04H     ; Stack Limit register
(1)       0 : =10                CNTL_TRAP:      equ     10H     ; Trap Control register
(1)       0 : =12                CNTL_CACHE:     equ     12H     ; Cach Control register
(1)       0 : =14                CNTL_LOCAL:     equ     14H     ; Local Address register
(1)       0 :                    ;;; On-Chip Peripherals
(1)       0 : =FF00E8            REFRESH_RATE:   equ     0FF00E8H ; Refresh Rate Reigster
(1)       0 :                    ;;; Master Status register (3.3.1)
(1)       0 : =8000              MSR_BH_bm:      equ     8000H   ; Breakpoint-on-Halt enable
(1)       0 : =4000              MSR_US_bm:      equ     4000H   ; User/System: 1 = user mode
(1)       0 : =200               MSR_SSP_bm:     equ     0200H   ; Single-Step Pending
(1)       0 : =100               MSR_SS_bm:      equ     0100H   ; Single-Step enable
(1)       0 :                    ;;; Interrupt Request Enable bits, one per group (Table 6-1)
(1)       0 : =1                 MSR_INTA_bm:    equ     0001H   ; maskable interrupt line A
(1)       0 : =2                 MSR_CT0_bm:     equ     0002H   ; Counter/Timer 0, DMA channel 0
(1)       0 : =4                 MSR_INTB_bm:    equ     0004H   ; maskable interrupt line B
(1)       0 : =8                 MSR_CT1_bm:     equ     0008H   ; Counter/Timer 1, UART receiver, DMA channel 1
(1)       0 : =10                MSR_INTC_bm:    equ     0010H   ; maskable interrupt line C
(1)       0 : =20                MSR_UTX_bm:     equ     0020H   ; UART transmitter, DMA channel 2
(1)       0 : =40                MSR_CT2_bm:     equ     0040H   ; Counter/Timer 2, DMA channel 3
(1)       0 :                    ;;; Interrupt/Trap Vector Table (Table 6-5): each entry is an MSR word
(1)       0 :                    ;;; followed by a PC word. The table starts on a 4K physical boundary;
(1)       0 :                    ;;; the Vector Table Pointer holds A23-A12 of it in bits 15-4.
(1)       0 : =4                 IVT_NMI:        equ     04H
(1)       0 : =8                 IVT_INTA:       equ     08H
(1)       0 : =C                 IVT_INTB:       equ     0CH
(1)       0 : =10                IVT_INTC:       equ     10H
(1)       0 : =14                IVT_CT0:        equ     14H
(1)       0 : =18                IVT_CT1:        equ     18H
(1)       0 : =20                IVT_CT2:        equ     20H
(1)       0 : =24                IVT_DMA0:       equ     24H
(1)       0 : =28                IVT_DMA1:       equ     28H
(1)       0 : =2C                IVT_DMA2:       equ     2CH
(1)       0 : =30                IVT_DMA3:       equ     30H
(1)       0 : =34                IVT_URX:        equ     34H
(1)       0 : =38                IVT_UTX:        equ     38H
(1)       0 : =3C                IVT_SSTEP:      equ     3CH     ; Single-Step trap
(1)       0 : =40                IVT_BHALT:      equ     40H     ; Breakpoint-on-Halt trap
(1)       0 : =44                IVT_DIV:        equ     44H     ; Division Exception trap
(1)       0 : =48                IVT_SOVF:       equ     48H     ; Stack Overflow Warning trap
(1)       0 : =4C                IVT_ACCV:       equ     4CH     ; Access Violation trap
(1)       0 : =50                IVT_SC:         equ     50H     ; System Call trap
(1)       0 : =54                IVT_PRIV:       equ     54H     ; Privileged Instruction trap
(1)       0 : =58                IVT_EPU:        equ     58H     ; four Extended Instruction traps, 58H-64H
(1)       0 : =70                IVT_INTA_VEC:   equ     70H     ; 128 PC words for vectored line A (and NMI)
(1)       0 : =170               IVT_INTB_VEC:   equ     170H    ; 128 PC words for vectored line B
(1)       0 : =270               IVT_INTC_VEC:   equ     270H    ; 128 PC words for vectored line C
(1)       0 : =370               IVT_SIZE:       equ     370H
(1)       0 :                    ;;; Cache Control register (3.2.4)
(1)       0 : =80                CACHE_MC_bm:    equ     80H     ; on-chip memory is fixed memory, not a cache
(1)       0 : =40                CACHE_I_bm:     equ     40H     ; do not cache instruction fetches
(1)       0 : =20                CACHE_D_bm:     equ     20H     ; do not cache data
(1)       0 : =10                CACHE_LMB_bm:   equ     10H     ; burst transactions below 800000H
(1)       0 : =8                 CACHE_HMB_bm:   equ     08H     ; burst transactions from 800000H
          0 :                            include "z280_mmu.inc"
(1)       0 :                    ;;; -*- mode: asm; mode: flyspell-prog; -*-
(1)       0 :                    ;;; Z280 Memory Management Unit (Technical Manual chapter 7)
(1)       0 :                    ;;;
(1)       0 :                    ;;; The MMU registers are I/O ports in I/O page FFH; the middle byte of
(1)       0 :                    ;;; the 24-bit port address is a don't care, so these are the 16-bit
(1)       0 :                    ;;; addresses to put in BC once the I/O Page register holds FFH.
(1)       0 : =FF                MMU_IOPAGE:     equ     0FFH
(1)       0 : =F0                MMU_MCR:        equ     00F0H   ; Master Control register (word)
(1)       0 : =F1                MMU_PDRP:       equ     00F1H   ; Page Descriptor Register Pointer (byte)
(1)       0 : =F2                MMU_INVAL:      equ     00F2H   ; Invalidation port (byte, write only)
(1)       0 : =F4                MMU_BMOVE:      equ     00F4H   ; Block Move port (word; pointer += 1 after)
(1)       0 : =F5                MMU_DSEL:       equ     00F5H   ; Descriptor Select port (word)
(1)       0 :                    ;;; Master Control register (7.5)
(1)       0 : =8000              MCR_UTE_bm:     equ     8000H   ; User mode Translate Enable
(1)       0 : =4000              MCR_UPD_bm:     equ     4000H   ; User mode Program/Data separation
(1)       0 : =800               MCR_STE_bm:     equ     0800H   ; System mode Translate Enable
(1)       0 : =400               MCR_SPD_bm:     equ     0400H   ; System mode Program/Data separation
(1)       0 : =1F                MCR_PFI_gm:     equ     001FH   ; Page Fault Identifier (read only)
(1)       0 :                    ;;; Page Descriptor Register Pointer (Table 7-1): 00H-0FH select user
(1)       0 :                    ;;; page descriptors 0-15, 10H-1FH system page descriptors 0-15.
(1)       0 : =0                 PDRP_USER:      equ     00H
(1)       0 : =10                PDRP_SYSTEM:    equ     10H
(1)       0 :                    ;;; Page descriptor (7.3): bits 15-4 are the page frame address, A23-A12
(1)       0 :                    ;;; of where the 4K page starts in physical memory; bits 3-0 attributes.
(1)       0 : =4                 PDR_PFA_bp:     equ     4
(1)       0 : =8                 PDR_V_bm:       equ     08H     ; Valid
(1)       0 : =4                 PDR_WP_bm:      equ     04H     ; Write Protect
(1)       0 : =2                 PDR_C_bm:       equ     02H     ; Cacheable
(1)       0 : =1                 PDR_M_bm:       equ     01H     ; Modified (set by the MMU on a write)
(1)       0 :                    ;;; Invalidation port (Table 7-2): which descriptors lose their Valid bit.
(1)       0 : =1                 INVAL_SYS_LO:   equ     01H     ; system 0-7
(1)       0 : =2                 INVAL_SYS_HI:   equ     02H     ; system 8-15
(1)       0 : =3                 INVAL_SYS:      equ     03H     ; system 0-15
(1)       0 : =4                 INVAL_USER_LO:  equ     04H     ; user 0-7
(1)       0 : =8                 INVAL_USER_HI:  equ     08H     ; user 8-15
(1)       0 : =C                 INVAL_USER:     equ     0CH     ; user 0-15
          0 :                            include "usart.inc"
(1)       0 :                    ;;; -*- mode: asm; mode: flyspell-prog; -*-
(1)       0 :                    ;;; i8251 Universal Synchronous/Asynchronous Receiver/Transmitter
(1)       0 : =140               USART:  equ     0140H
(1)       0 : =140               USARTD: equ     USART+0         ; Data register
(1)       0 : =141               USARTS: equ     USART+1         ; Status register
(1)       0 : =141               USARTC: equ     USART+1         ; Control register
(1)       0 : =142               USARTRV:        equ     USART+2 ; Receive interrupt vector (ORG_*)
(1)       0 : =143               USARTTV:        equ     USART+3 ; Transmit interrupt vector (ORG_*)
(1)       0 :                            include "../z80/i8251.inc"
(2)       0 :                    ;;; -*- mode: asm; mode: flyspell-prog; -*-
(2)       0 :
(2)       0 :                    ;;; i8251 USART device emulator.
(2)       0 : =6                 MODE_STOP_gp:   equ     6
(2)       0 : =C0                MODE_STOP_gm:   equ     11000000B
(2)       0 : =40                MODE_STOP1_gc:  equ     (1 << MODE_STOP_gp)
(2)       0 : =80                MODE_STOP15_gc: equ     (2 << MODE_STOP_gp)
(2)       0 : =C0                MODE_STOP2_gc:  equ     (3 << MODE_STOP_gp)
(2)       0 : =20                MODE_EVEN_bm:   equ     00100000B
(2)       0 : =10                MODE_PARITY_bm: equ     00010000B
(2)       0 : =2                 MODE_LEN_gp:    equ     2
(2)       0 : =C                 MODE_LEN_gm:    equ     00001100B
(2)       0 : =0                 MODE_LEN5_gc:   equ     (0 << MODE_LEN_gp)
(2)       0 : =4                 MODE_LEN6_gc:   equ     (1 << MODE_LEN_gp)
(2)       0 : =8                 MODE_LEN7_gc:   equ     (2 << MODE_LEN_gp)
(2)       0 : =C                 MODE_LEN8_gc:   equ     (3 << MODE_LEN_gp)
(2)       0 : =0                 MODE_BAUD_gp:   equ     0
(2)       0 : =3                 MODE_BAUD_gm:   equ     00000011B
(2)       0 : =1                 MODE_BAUD_X1:   equ     (1 << MODE_BAUD_gp)
(2)       0 : =2                 MODE_BAUD_X16:  equ (2 << MODE_BAUD_gp)
(2)       0 : =3                 MODE_BAUD_X64:  equ (3 << MODE_BAUD_gp)
(2)       0 :                    ;;; Bit Definition of command register
(2)       0 : =80                CMD_EH_bm:      equ     10000000B   ; Enter hunt mode
(2)       0 : =40                CMD_IR_bm:      equ     01000000B   ; Internal Reset
(2)       0 : =20                CMD_RTS_bm:     equ     00100000B   ; Request To Send
(2)       0 : =10                CMD_ER_bm:      equ     00010000B   ; Error Reset
(2)       0 : =8                 CMD_SBRK_bm:    equ     00001000B   ; Send Break
(2)       0 : =4                 CMD_RxEN_bm:    equ     00000100B   ; Receive Enable
(2)       0 : =2                 CMD_DTR_bm:     equ     00000010B   ; Data Terminal Ready
(2)       0 : =1                 CMD_TxEN_bm:    equ     00000001B   ; Transmit enable
(2)       0 :
(2)       0 :                    ;;; Bit definition of status register
(2)       0 : =80                ST_DSR_bm:      equ     10000000B   ; Data Set Ready
(2)       0 : =40                ST_BRK_bm:      equ     01000000B   ; BREAK detected
(2)       0 : =20                ST_FE_bm:       equ     00100000B   ; Framing Error
(2)       0 : =10                ST_OE_bm:       equ     00010000B   ; Overrun Error
(2)       0 : =8                 ST_PE_bm:       equ     00001000B   ; Parity Error
(2)       0 : =2                 ST_TxEMPTY_bp:  equ     2           ; Transmitter empty
(2)       0 : =1                 ST_RxRDY_bp:    equ     1           ; Receiver ready
(2)       0 : =0                 ST_TxRDY_bp:    equ     0           ; Transmitter ready
(1)       0 :                    ;;; Async 1stop 8data x16
(1)       0 : =4E                ASYNC_MODE:     equ     MODE_STOP1_gc|MODE_LEN8_gc|MODE_BAUD_X16
(1)       0 :                    ;;; RTS/DTR, error reset, Rx enable, Tx enable
(1)       0 : =37                RX_EN_TX_EN:    equ     CMD_RTS_bm|CMD_DTR_bm|CMD_ER_bm|CMD_RxEN_bm|CMD_TxEN_bm
(1)       0 : =36                RX_EN_TX_DIS:   equ     CMD_RTS_bm|CMD_DTR_bm|CMD_ER_bm|CMD_RxEN_bm
          0 :
          0 : =A5                USER_FRAME:     equ     0A5H            ; physical page frame of user page 0
          0 : =2000              IVT:            equ     2000H           ; Interrupt/Trap Vector Table
          0 : =20                IVTP:           equ     IVT>>8          ; A23-A12 of it, in bits 15-4 of the pointer
          0 :                    ;;; System calls: the reason code of SC
          0 : =0                 SYS_EXIT:       equ     0
          0 : =1                 SYS_PUTCHAR:    equ     1               ; A = character
          0 : =2                 SYS_GETCHAR:    equ     2               ; returns A, waits for one
          0 :
        800 :                            org     0800H
        800 : =80                rx_queue_size:  equ     128
        800 :                    rx_queue:       ds      rx_queue_size
        880 :
       1000 :                            org     1000H
       1000 : =1000              stack:  equ     $                       ; system stack
       1000 : =1000              user_stack:     equ     1000H           ; in user page 0
       1000 :
          0 :                            org     ORG_RESET
          0 : C3 00 01                   jp      init
          3 :
        100 :                            org     0100H
        100 :                    init:
        100 : 31 00 10                   ld      SP, stack
        103 : 21 00 08                   ld      HL, rx_queue
        106 : 06 80                      ld      B, rx_queue_size
        108 : CD B4 01                   call    queue_init
        10B :                    init_usart:
        10B : AF                         xor     A               ; clear A
        10C : 01 41 01                   ld      BC, USARTC
        10F : ED 79                      out     (C), A          ; (USARTC)
        111 : ED 79                      out     (C), A          ; (USARTC)
        113 : ED 79                      out     (C), A          ; safest way to sync mode
        115 : 3E 40                      ld      A, CMD_IR_bm
        117 : ED 79                      out     (C), A          ; reset
        119 : 00                         nop
        11A : 00                         nop
        11B : 3E 4E                      ld      A, ASYNC_MODE
        11D : ED 79                      out     (C), A
        11F : 00                         nop
        120 : 00                         nop
        121 : 3E 37                      ld      A, RX_EN_TX_EN
        123 : ED 79                      out     (C), A
        125 : 3E 38                      ld      A, ORG_INT
        127 : 01 42 01                   ld      BC, USARTRV
        12A : ED 79                      out     (C), A          ; enable RxRDY interrupt: in mode 3 the byte is only
        12C :                                                    ; the identifier pushed, but zero would disable it
        12C : 3E 00                      ld      A, ORG_RESET
        12E : 01 43 01                   ld      BC, USARTTV
        131 : ED 79                      out     (C), A          ; disable TxRDY interrupt
        133 :                    init_ivt:
        133 : 0E 06                      ld      C, CNTL_VTABLE
        135 : 21 20 00                   ld      HL, IVTP        ; not "(IVT>>12)<<4": a leading parenthesis reads as indirect
        138 : ED 6E                      ldctl   (C), HL
        13A : ED 4E                      im      3
        13C :                    init_mmu:
        13C : 0E 08                      ld      C, CNTL_IOPAGE
        13E : 21 FF 00                   ld      HL, MMU_IOPAGE
        141 : ED 6E                      ldctl   (C), HL
        143 : 01 F1 00                   ld      BC, MMU_PDRP
        146 : 3E 00                      ld      A, PDRP_USER
        148 : ED 79                      out     (C), A
        14A : 01 F4 00                   ld      BC, MMU_BMOVE
        14D : DD 21 3E 02                ld      IX, user_pdrs
        151 : 16 10                      ld      D, 16
        153 :                    load_pdr:
        153 : DD 6E 00                   ld      L, (IX+0)
        156 : DD 66 01                   ld      H, (IX+1)
        159 : ED BF                      outw    (C), HL
        15B : DD 23                      inc     IX
        15D : DD 23                      inc     IX
        15F : 15                         dec     D
        160 : 20 F1                      jr      NZ, load_pdr
        162 : 01 F0 00                   ld      BC, MMU_MCR
        165 : 21 00 80                   ld      HL, MCR_UTE_bm  ; translate user mode only
        168 : ED BF                      outw    (C), HL
        16A : 0E 08                      ld      C, CNTL_IOPAGE
        16C : 21 00 00                   ld      HL, 0
        16F : ED 6E                      ldctl   (C), HL
        171 :                    enter_user:
        171 : 21 00 10                   ld      HL, user_stack
        174 : ED 8F                      ldctl   USP, HL
        176 : 21 00 00                   ld      HL, 0           ; user PC: logical 0000H
        179 : E5                         push    HL
        17A : 21 01 40                   ld      HL, MSR_US_bm|MSR_INTA_bm ; user mode, receive interrupt enabled
        17D : E5                         push    HL
        17E : ED 55                      retil
        180 :
        180 :                    ;;; System Call trap: (SP) = reason code, MSR, PC of the user program.
        180 :                    syscall:
        180 : E3                         ex      (SP), HL        ; HL = reason code, the user's HL kept
        181 : 2D                         dec     L
        182 : 28 08                      jr      Z, sys_putchar  ; 1
        184 : 2D                         dec     L
        185 : 28 19                      jr      Z, sys_getchar  ; 2
        187 : 18 23                      jr      halt_to_system  ; 0 and anything else
        189 :                    sys_return:
        189 : E1                         pop     HL              ; the user's HL, dropping the reason code
        18A : ED 55                      retil
        18C :
        18C :                    ;;; putchar: A = character
        18C :                    sys_putchar:
        18C : C5                         push    BC
        18D : F5                         push    AF
        18E : 01 41 01                   ld      BC, USARTS
        191 :                    transmit_loop:
        191 : ED 78                      in      A, (C)          ; (USARTS)
        193 : CB 47                      bit     ST_TxRDY_bp, A
        195 : 28 FA                      jr      Z, transmit_loop
        197 : F1                         pop     AF
        198 : 01 40 01                   ld      BC, USARTD
        19B : ED 79                      out     (C), A          ; (USARTD)
        19D : C1                         pop     BC
        19E : 18 E9                      jr      sys_return
        1A0 :
        1A0 :                    ;;; getchar: returns A, waiting for the receive interrupt to queue one
        1A0 :                    sys_getchar:
        1A0 : 21 00 08                   ld      HL, rx_queue
        1A3 :                    receive_loop:
        1A3 : F3                         di                      ; Disable INTR
        1A4 : CD FB 01                   call    queue_remove
        1A7 : FB                         ei                      ; Enable INTR
        1A8 : 30 F9                      jr      NC, receive_loop
        1AA : 18 DD                      jr      sys_return
        1AC :
        1AC :                    halt_to_system:
        1AC : 21 38 00                   ld      HL, ORG_RST38
        1AF : 36 FF                      ld      (HL), 0FFH
        1B1 : FF                         rst     38h
        1B2 :
        1B2 :                    ;;; Any trap not expected: break in system mode with the trap's
        1B2 :                    ;;; status still on the stack for inspection.
        1B2 :                    trap_break:
        1B2 : 18 F8                      jr      halt_to_system
        1B4 :
        1B4 :                            include "queue.inc"
(1)     1B4 :                    ;;; -*- mode: asm; mode: flyspell-prog; -*-
(1)     1B4 :                    ;;; [queue] The byte ring of ../z80/queue.inc, same structure and
(1)     1B4 :                    ;;; interface, written for the Z280: the element is addressed by
(1)     1B4 :                    ;;; base-index addressing, (HL+IX) with HL the offset into the
(1)     1B4 :                    ;;; structure, instead of two 16-bit adds through DE.
(1)     1B4 : =0                 queue_len:      equ     0       ; queue length
(1)     1B4 : =1                 queue_size:     equ     1       ; buffer size
(1)     1B4 : =2                 queue_put:      equ     2       ; queue put index
(1)     1B4 : =3                 queue_get:      equ     3       ; queue get index
(1)     1B4 : =4                 queue_buf:      equ     4       ; buffer start offset
(1)     1B4 :
(1)     1B4 :                    ;;; [queue] Initialize queue
(1)     1B4 :                    ;;; @param HL queue work space pointer
(1)     1B4 :                    ;;; @param B queue work space size
(1)     1B4 :                    queue_init:
(1)     1B4 : F5                         push    AF
(1)     1B5 : E5                         push    HL
(1)     1B6 : 36 00                      ld      (HL), 0         ; queue_len
(1)     1B8 : 78                         ld      A, B
(1)     1B9 : D6 04                      sub     queue_buf
(1)     1BB : 23                         inc     HL
(1)     1BC : 77                         ld      (HL), A         ; queue_size
(1)     1BD : 23                         inc     HL
(1)     1BE : 36 00                      ld      (HL), 0         ; queue_put
(1)     1C0 : 23                         inc     HL
(1)     1C1 : 36 00                      ld      (HL), 0         ; queue_get
(1)     1C3 : E1                         pop     HL
(1)     1C4 : F1                         pop     AF
(1)     1C5 : C9                         ret
(1)     1C6 :
(1)     1C6 :                    ;;; [queue] Add an element to queue
(1)     1C6 :                    ;;; @param HL queue work space pointer
(1)     1C6 :                    ;;; @param A an element
(1)     1C6 :                    ;;; @return F.C 0 if queue is full
(1)     1C6 :                    queue_add:
(1)     1C6 : E5                         push    HL
(1)     1C7 : DD E3                      ex      (SP), IX        ; IX points queue structure
(1)     1C9 : F5                         push    AF              ; keep the element
(1)     1CA : DD 7E 00                   ld      A, (IX+queue_len)
(1)     1CD : DD BE 01                   cp      (IX+queue_size)
(1)     1D0 : 30 20                      jr      NC, queue_add_full  ; queue_len >= queue_size
(1)     1D2 : DD 34 00                   inc     (IX+queue_len)
(1)     1D5 : DD 7E 02                   ld      A, (IX+queue_put)
(1)     1D8 : 21 04 00                   ld      HL, queue_buf
(1)     1DB : ED 6D                      add     HL, A           ; HL=offset of queue_buf[queue_put]; A unchanged
(1)     1DD : 3C                         inc     A               ; queue_put++
(1)     1DE : DD BE 01                   cp      (IX+queue_size)
(1)     1E1 : 38 01                      jr      C, queue_add_update ; queue_put < queue_size
(1)     1E3 : AF                         xor     A                   ; wrap around
(1)     1E4 :                    queue_add_update:
(1)     1E4 : DD 77 02                   ld      (IX+queue_put), A
(1)     1E7 : F1                         pop     AF
(1)     1E8 : ED 0B                      ld      (HL+IX), A      ; store an element
(1)     1EA : ED 2A 00 00                lda     HL, (IX+0)      ; restore HL, no stack access
(1)     1EE : DD E1                      pop     IX
(1)     1F0 : 37                         scf                     ; set carry
(1)     1F1 : C9                         ret
(1)     1F2 :                    queue_add_full:
(1)     1F2 : F1                         pop     AF
(1)     1F3 : ED 2A 00 00                lda     HL, (IX+0)      ; restore HL, no stack access
(1)     1F7 : DD E1                      pop     IX
(1)     1F9 : B7                         or      A               ; clear carry
(1)     1FA : C9                         ret
(1)     1FB :
(1)     1FB :                    ;;; [queue] Remove an element from queue
(1)     1FB :                    ;;; @param HL queue work space pointer
(1)     1FB :                    ;;; @return A an element
(1)     1FB :                    ;;; @return F.C 0 if queue is empty
(1)     1FB :                    queue_remove:
(1)     1FB : 7E                         ld      A, (HL)         ; queue_len
(1)     1FC : B7                         or      A               ; clear carry
(1)     1FD : C8                         ret     Z               ; queue_len == 0
(1)     1FE : E5                         push    HL
(1)     1FF : DD E3                      ex      (SP), IX        ; IX points queue structure
(1)     201 : DD 35 00                   dec     (IX+queue_len)
(1)     204 : DD 7E 03                   ld      A, (IX+queue_get)
(1)     207 : 21 04 00                   ld      HL, queue_buf
(1)     20A : ED 6D                      add     HL, A           ; HL=offset of queue_buf[queue_get]; A unchanged
(1)     20C : 3C                         inc     A               ; queue_get++
(1)     20D : DD BE 01                   cp      (IX+queue_size)
(1)     210 : 38 01                      jr      C, queue_remove_update ; queue_get < queue_size
(1)     212 : AF                         xor     A                      ; wrap around
(1)     213 :                    queue_remove_update:
(1)     213 : DD 77 03                   ld      (IX+queue_get), A
(1)     216 : DD 79                      ld      A, (HL+IX)      ; read an element
(1)     218 : ED 2A 00 00                lda     HL, (IX+0)      ; restore HL, no stack access
(1)     21C : DD E1                      pop     IX
(1)     21E : 37                         scf                     ; set carry
(1)     21F : C9                         ret
        220 :
        220 :                    ;;; Receive interrupt, interrupt mode 3: (SP) = identifier, MSR, PC.
        220 :                    isr_inta:
        220 : F5                         push    AF
        221 : C5                         push    BC
        222 : E5                         push    HL
        223 : 01 41 01                   ld      BC, USARTS
        226 : ED 78                      in      A, (C)          ; (USARTS)
        228 : CB 4F                      bit     ST_RxRDY_bp, A
        22A : 28 0B                      jr      Z, isr_inta_end
        22C : 01 40 01                   ld      BC, USARTD
        22F : ED 78                      in      A, (C)          ; (USARTD)
        231 : 21 00 08                   ld      HL, rx_queue
        234 : CD C6 01                   call    queue_add
        237 :                    isr_inta_end:
        237 : E1                         pop     HL
        238 : C1                         pop     BC
        239 : F1                         pop     AF
        23A : 33                         inc     SP              ; drop the identifier word
        23B : 33                         inc     SP
        23C : ED 55                      retil
        23E :
        23E :                    ;;; User page descriptors: page 0 maps to USER_FRAME, the rest are invalid.
        23E :                    user_pdrs:
        23E : 58 0A                      dw      (USER_FRAME<<PDR_PFA_bp)|PDR_V_bm
        240 : 00 00 00 00 00 00          dw      0, 0, 0, 0, 0, 0, 0
        246 : 00 00 00 00 00 00
        24C : 00 00
        24E : 00 00 00 00 00 00          dw      0, 0, 0, 0, 0, 0, 0, 0
        254 : 00 00 00 00 00 00
        25A : 00 00 00 00
        25E :
        25E :                    ;;; Interrupt/Trap Vector Table: MSR then PC per entry (Table 6-5).
       2000 :                            org     IVT
       2000 : 00 00 00 00                dw      0, 0                            ; 00 reserved
       2004 : 00 00 66 00                dw      0, ORG_NMI                      ; 04 NMI: where the debugger expects it
       2008 : 00 00 20 02                dw      0, isr_inta                     ; 08 interrupt line A: the USART
       200C : 00 00 B2 01                dw      0, trap_break                   ; 0C interrupt line B
       2010 : 00 00 B2 01                dw      0, trap_break                   ; 10 interrupt line C
       2014 : 00 00 B2 01                dw      0, trap_break                   ; 14 counter/timer 0
       2018 : 00 00 B2 01                dw      0, trap_break                   ; 18 counter/timer 1
       201C : 00 00 B2 01                dw      0, trap_break                   ; 1C reserved
       2020 : 00 00 B2 01                dw      0, trap_break                   ; 20 counter/timer 2
       2024 : 00 00 B2 01                dw      0, trap_break                   ; 24 DMA 0
       2028 : 00 00 B2 01                dw      0, trap_break                   ; 28 DMA 1
       202C : 00 00 B2 01                dw      0, trap_break                   ; 2C DMA 2
       2030 : 00 00 B2 01                dw      0, trap_break                   ; 30 DMA 3
       2034 : 00 00 B2 01                dw      0, trap_break                   ; 34 UART receiver
       2038 : 00 00 B2 01                dw      0, trap_break                   ; 38 UART transmitter
       203C : 00 00 B2 01                dw      0, trap_break                   ; 3C single-step
       2040 : 00 00 B2 01                dw      0, trap_break                   ; 40 breakpoint-on-halt
       2044 : 00 00 B2 01                dw      0, trap_break                   ; 44 division exception
       2048 : 00 00 B2 01                dw      0, trap_break                   ; 48 stack overflow warning
       204C : 00 00 B2 01                dw      0, trap_break                   ; 4C access violation
       2050 : 01 00 80 01                dw      MSR_INTA_bm, syscall            ; 50 system call: receive stays enabled
       2054 : 00 00 B2 01                dw      0, trap_break                   ; 54 privileged instruction
       2058 : 00 00 B2 01                dw      0, trap_break                   ; 58 EPU
       205C : 00 00 B2 01                dw      0, trap_break                   ; 5C EPU
       2060 : 00 00 B2 01                dw      0, trap_break                   ; 60 EPU
       2064 : 00 00 B2 01                dw      0, trap_break                   ; 64 EPU
       2068 :
       2068 :                    ;;; The user program: at physical USER_FRAME*1000H, run at logical 0000H.
      A5000 :                            org     USER_FRAME*1000H
      A5000 :                    user_main:
      A5000 : ED 71 02 00                sc      SYS_GETCHAR
      A5004 : B7                         or      A, A
      A5005 : 28 10                      jr      Z, user_exit
      A5007 : ED 71 01 00                sc      SYS_PUTCHAR
      A500B : FE 0D                      cp      0DH
      A500D : 20 F1                      jr      NZ, user_main
      A500F : 3E 0A                      ld      A, 0AH
      A5011 : ED 71 01 00                sc      SYS_PUTCHAR
      A5015 : 18 E9                      jr      user_main
      A5017 :                    user_exit:
      A5017 : ED 71 00 00                sc      SYS_EXIT
