          0 :                            include "mc68hc05c0.inc"
(1)       0 :                    ;;; -*- mode: asm; mode: flyspell-prog; -*-
(1)       0 :                            include "mc68hc05.inc"
(2)       0 :                    ;;; -*- mode: asm; mode: flyspell-prog; -*-
(2)       0 :                    ;;; MC68HC05
(2)       0 :                            cpu     68hc05
(2)       0 :                    ;;; Condition Code Register (CC)
(2)       0 : =1                 CC_CARRY      equ  %00000001   ; set to 1 if carry occurred
(2)       0 : =2                 CC_ZERO       equ  %00000010   ; set to 1 if result is zero
(2)       0 : =4                 CC_NEGATIVE   equ  %00000100   ; set to 1 if result is negative
(2)       0 : =8                 CC_IRQ        equ  %00001000   ; if 1, IRQ is masked
(2)       0 : =10                CC_HALF_CARRY equ  %00010000   ; if 1, decimal carry from least digit occurred
(2)       0 :                    ;;; Vector
(2)       0 : =FFFA              VEC_IRQ:        equ     $FFFA   ; External Interrupt
(2)       0 : =FFFC              VEC_SWI:        equ     $FFFC   ; Software
(2)       0 : =FFFE              VEC_RESET:      equ     $FFFE   ; Reset
(1)       0 :                    ;;; MC68HC05C0
(1)       0 :                            option  "pc-bits", 16
(1)       0 :                    ;;; Vector
(1)       0 : =FFF2              VEC_KEY:        equ     $FFF2   ; Keyboard Scan
(1)       0 : =FFF4              VEC_MFT:        equ     $FFF4   ; Multi-Function Timer
(1)       0 : =FFF6              VEC_SCI:        equ     $FFF6   ; Serial Communications Interface
(1)       0 : =FFF8              VEC_TIMER:      equ     $FFF8   ; 16-Bit Timer
(1)       0 :
(1)       0 :                    ;;; Internal Register Area
(1)       0 : =1                 PORTB:  equ     $01     ; Port B Data Register
(1)       0 : =2                 PORTC:  equ     $02     ; Port C Data Register
(1)       0 : =3                 PORTD:  equ     $03     ; Port D Data Register
(1)       0 : =5                 DDRB:   equ     $05     ; Port B Data Direction Register
(1)       0 : =6                 DDRC:   equ     $06     ; Port C Data Direction Register
(1)       0 : =7                 DDRD:   equ     $07     ; Port D Data Direction Register
(1)       0 : =8                 MFTCSR: equ     $08     ; Multi-Function Timer Control/Status Register
(1)       0 : =9                 MFTCR:  equ     $09     ; Multi-Function Timer Counter Register
(1)       0 : =A                 TCR:    equ     $0A     ; 16-Bit Timer Control Register
(1)       0 : =B                 TSR:    equ     $0B     ; 16-Bit Timer Status Register
(1)       0 : =C                 ICR:    equ     $0C     ; 16-Bit Timer Input Capture Register
(1)       0 : =E                 OCR:    equ     $0E     ; 16-Bit Timer Output Compare Register
(1)       0 : =10                CNTR:   equ     $10     ; 16-Bit Timer Counter Register
(1)       0 : =12                ACNTR:  equ     $12     ; 16-Bit Timer Alternate Counter Register
(1)       0 : =14                SCBR:   equ     $14     ; Serial Communications Baud Rate Register
(1)       0 : =6                 SCBR_SCP_gp:    equ     6 ; SCI Prescaler; 0=/1 1=/3 2=/4 3=/13
(1)       0 : =3                 SCBR_SCT_gp:    equ     3 ; SCI Transmit Baud Rate; n=1/(1<<n)
(1)       0 : =0                 SCBR_SCR_gp:    equ     0 ; SCI Receive Baud Rate;  0<=n<=7
(1)       0 : =15                SCCR1:  equ     $15     ; Serial Communications Control Register 1
(1)       0 : =7                 SCCR1_R8_bp:    equ     7 ; Receive Data Bit 8
(1)       0 : =6                 SCCR1_T8_bp:    equ     6 ; Transmit Data Bit 8
(1)       0 : =5                 SCCR1_SCKM_bp:  equ     5 ; Serial Clock Mode 0=-PB4 is GPIO
(1)       0 : =4                 SCCR1_M_bp:     equ     4 ; Mode 1=9-bit, 0=8-nit
(1)       0 : =3                 SCCR1_WAKE_bp:  equ     3 ; Wake-Up Select 1=MSB cause wake-up
(1)       0 : =2                 SCCR1_CPOL_bp:  equ     2 ; Clock Polarity
(1)       0 : =1                 SCCR1_CPHL_bp:  equ     1 ; Clock Phase
(1)       0 : =0                 SCCR1_LBCL_bp:  equ     0 ; Last Bit Clock
(1)       0 : =16                SCCR2:  equ     $16     ; Serial Communications Control Register 2
(1)       0 : =7                 SCCR2_TIE_bp:   equ     7 ; Transmit Interrupt Enable
(1)       0 : =6                 SCCR2_TCIE_bp:  equ     6 ; Transmit Complete Interrupt Enable
(1)       0 : =5                 SCCR2_RIE_bp:   equ     5 ; Receive Interrupt Enable
(1)       0 : =4                 SCCR2_ILIE_bp:  equ     4 ; Idle Line Interrupt Enable
(1)       0 : =3                 SCCR2_TE_bp:    equ     3 ; Transmit Enable
(1)       0 : =2                 SCCR2_RE_bp:    equ     2 ; Receive Enable
(1)       0 : =1                 SCCR2_RWU_bp:   equ     1 ; Receiver Wake-up
(1)       0 : =0                 SCCR2_SBK_bp:   equ     0 ; Send Break
(1)       0 : =17                SCSR:   equ     $17     ; Serial Communications Status Register
(1)       0 : =7                 SCSR_TDRE_bp    equ     7 ; Transmit Data Register Empty Flag
(1)       0 : =6                 SCSR_TC_bp:     equ     6 ; Transmit Complete Flag
(1)       0 : =5                 SCSR_RDRF_bp:   equ     5 ; Receive Data Register Full Flag
(1)       0 : =4                 SCSR_IDLE_bp:   equ     4 ; Idle Line Detected Flag
(1)       0 : =3                 SCSR_OR_bp:     equ     3 ; Overrun Error Flag
(1)       0 : =2                 SCSR_NF_bp:     equ     2 ; Noise Error Flag
(1)       0 : =1                 SCSR_FE_bp      equ     1 ; Framing Error Flag
(1)       0 : =18                SCDR:   equ     $18     ; Serial Communications Data Register
(1)       0 : =19                CNFGR:  equ     $19     ; Configuration Register
(1)       0 : =1A                EICSR:  equ     $1A     ; External Interrupt Control/Status Register
(1)       0 : =7                 EICSR_KSF_bp:   equ     7 ; Keyboard Scan Request Flag
(1)       0 : =6                 EICSR_KSEN_bp:  equ     6 ; Keyboard Scan Enable
(1)       0 : =5                 EICSR_KSA_bp:   equ     5 ; Keyboard Scan Acknowledge
(1)       0 : =4                 EICSR_KSEL_bp:  equ     4 ; Keyboard Scan Edge/Level
(1)       0 : =3                 EICSR_IRQF_bp:  equ     3 ; Interrupt Request Flag
(1)       0 : =2                 EICSR_IRQEN_bp: equ     2 ; Interrupt Request Enable
(1)       0 : =1                 EICSR_IRQA_bp:  equ     1 ; Interrupt Request Acknowledge
(1)       0 : =0                 EICSR_IRQEL_bp: equ     0 ; Interrupt Request Edge/Level
(1)       0 :
(1)       0 : =40                RAM_START:      equ     $0040   ; Internal RAM $0040-$023F
(1)       0 : =FF                STACK_TOP:      equ     $00FF   ; Stack $00FF->$0040
          0 :
          0 :                    ;;; MC6850 Asynchronous Communication Interface Adapter
          0 : =FFE0              ACIA:   equ     $FFE0
          0 : =FFE0              ACIA_HC05:      equ     ACIA   ; for ../mc6805/cputype.inc
          0 :                            include "../mc6800/mc6850.inc"
(1)       0 :                    ;;; -*- mode: asm; mode: flyspell-prog; -*-
(1)       0 :
(1)       0 :                    ;;; MC6850
(1)       0 :                    ;;; Asynchronous Communication Interface Adapter
(1)       0 :
(1)       0 :                    ;;; Control register
(1)       0 : =FFE0              ACIA_control:   equ     ACIA+0
(1)       0 :                            ;; Counter Divider Select Bits
(1)       0 : =3                 CDS_gm:         equ     %11    ; Group mask
(1)       0 : =0                 CDS_DIV1_gc:    equ     %00000000 ; /1
(1)       0 : =1                 CDS_DIV16_gc:   equ     %00000001 ; /16
(1)       0 : =2                 CDS_DIV64_gc:   equ     %00000010 ; /64
(1)       0 : =3                 CDS_RESET_gc:   equ     %00000011 ; Master Reset
(1)       0 :                            ;; Word Select Bits
(1)       0 : =1C                WSB_gm:         equ     %00011100 ; Group mask
(1)       0 : =0                 WSB_7E2_gc:     equ     %00000000 ; 7 Bits + Even Parity + 2 Stop Bits
(1)       0 : =4                 WSB_7O2_gc:     equ     %00000100 ; 7 bits + Odd Parity  + 2 Stop Bits
(1)       0 : =8                 WSB_7E1_gc:     equ     %00001000 ; 7 bits + Even Parity + 1 Stop Bits
(1)       0 : =C                 WSB_7O1_gc:     equ     %00001100 ; 7 bits + Odd Parity  + 1 Stop Bits
(1)       0 : =10                WSB_8N2_gc:     equ     %00010000 ; 8 bits + No Parity   + 2 Stop Bits
(1)       0 : =14                WSB_8N1_gc:     equ     %00010100 ; 8 bits + No Parity   + 1 Stop Bits
(1)       0 : =18                WSB_8E1_gc:     equ     %00011000 ; 8 bits + Even Parity + 1 Stop Bits
(1)       0 : =1C                WSB_8O1_gc:     equ     %00011100 ; 8 bits + Odd Parity  + 1 Stop Bits
(1)       0 :                            ;; Transmit Control Bits
(1)       0 : =60                TCB_gm:         equ     %01100000 ; Group mask
(1)       0 : =0                 TCB_DI_gc:      equ     %00000000 ; RTS=Low,  Tx Interrupt Disabled
(1)       0 : =20                TCB_EI_gc:      equ     %00100000 ; RTS=Low,  Tx Interrupt Enabled
(1)       0 : =40                TCB_RTS_gc:     equ     %01000000 ; RTS=High, Tx Interrupt Disabled
(1)       0 : =60                TCB_BREAK_gc:   equ     %01100000 ; RTS=Low,  Tx Interrupt Disabled
(1)       0 :                                                      ; Transmit Break Level
(1)       0 : =80                RIEB_bm:        equ     %10000000 ; Receive Interrupt Enable Bit mask
(1)       0 :
(1)       0 :                    ;;; Status register
(1)       0 : =FFE0              ACIA_status:    equ     ACIA+0
(1)       0 : =1                 RDRF_bm:        equ     %00000001 ; Receive Data Register Full
(1)       0 : =2                 TDRE_bm:        equ     %00000010 ; Transmit Data Register Empty
(1)       0 : =4                 DCDF_bm:        equ     %00000100 ; Data Carrier Detect Flag
(1)       0 : =8                 CTSF_bm:        equ     %00001000 ; Clear To Send Flag
(1)       0 : =10                FERR_bm:        equ     %00010000 ; Frame Error Flag
(1)       0 : =20                OVRN_bm:        equ     %00100000 ; Receiver Overrun Flag
(1)       0 : =40                PERR_bm:        equ     %01000000 ; Parity Error Flag
(1)       0 : =80                IRQF_bm:        equ     %10000000 ; Interrupt Request Flag
(1)       0 :
(1)       0 :                    ;;; Data register
(1)       0 : =FFE1              ACIA_data:      equ     ACIA+1          ; Data register
          0 :
         50 :                            org     $50
         50 :                    cputype:
         50 :                            rmb     1
         51 :                    R0:
         51 :                    R0H:    rmb     1
         52 :                    R0L:    rmb     1
         53 :                    R1:
         53 :                    R1H:    rmb     1
         54 :                    R1L:    rmb     1
         55 :                    R2:
         55 :                    R2H:    rmb     1
         56 :                    R2L:    rmb     1
         57 :                    arith_work:
         57 :                            rmb     1
         58 :                    SP:     rmb     1
         59 :
        100 :                            org     $0100
        100 :                    stack:  rmb     20
        114 :
       FFFC :                            org     VEC_SWI
       FFFC : FF FC                      fdb     VEC_SWI         ; for halt to system
       FFFE :
       FFFE :                            org     VEC_RESET
       FFFE : 10 00                      fdb     initialize
      10000 :
       1000 :                            org     $1000
       1000 :                    initialize:
       1000 :                            include "../mc6805/cputype.inc"
(1)    1000 :                    ;;; -*- mode: asm; mode: flyspell-prog; -*-
(1)    1000 : =FFE0              HC05_control:   equ     ACIA_HC05+(ACIA_control-ACIA)
(1)    1000 : =FFE0              HC05_status:    equ     ACIA_HC05+(ACIA_status-ACIA)
(1)    1000 : =FFE1              HC05_data:      equ     ACIA_HC05+(ACIA_data-ACIA)
(1)    1000 : =FFFF              COP_RESET:      equ     $FFFF   ; MC68HC08 COP; the COP is a mask option there
(1)    1000 : 9C                         rsp                     ; 6805:SP=$7F. 68HC05:SP=$FF
(1)    1001 : 3F 50                      clr     cputype
(1)    1003 : 3F 7E                      clr     $7E             ; clear return address of 6805
(1)    1005 : 3F FE                      clr     $FE             ; clear return address of 68HC05
(1)    1007 : AD 38                      bsr     check_cpu
(1)    1009 : 20 3D                      bra     continue
(1)    100B :                    store_ACIA_control:
(1)    100B : 3D 50                      tst     cputype
(1)    100D : 26 04                      bne     *+6
(1)    100F : C7 FF E0                   sta     ACIA_control
(1)    1012 : 81                         rts
(1)    1013 : C7 FF E0                   sta     HC05_control
(1)    1016 : 81                         rts
(1)    1017 :                    load_ACIA_status:
(1)    1017 : 3D 50                      tst     cputype
(1)    1019 : 26 04                      bne     load_ACIA_status_hc05
(1)    101B : C6 FF E0                   lda     ACIA_status
(1)    101E : 81                         rts
(1)    101F :                    load_ACIA_status_hc05:
(1)    101F : C6 FF FF                   lda     COP_RESET       ; service the MC68HC08's COP, a mask option
(1)    1022 : C7 FF FF                   sta     COP_RESET
(1)    1025 : C6 FF E0                   lda     HC05_status
(1)    1028 : 81                         rts
(1)    1029 :                    load_ACIA_data:
(1)    1029 : 3D 50                      tst     cputype
(1)    102B : 26 04                      bne     *+6
(1)    102D : C6 FF E1                   lda     ACIA_data
(1)    1030 : 81                         rts
(1)    1031 : C6 FF E1                   lda     HC05_data
(1)    1034 : 81                         rts
(1)    1035 :                    store_ACIA_data:
(1)    1035 : 3D 50                      tst     cputype
(1)    1037 : 26 04                      bne     *+6
(1)    1039 : C7 FF E1                   sta     ACIA_data
(1)    103C : 81                         rts
(1)    103D : C7 FF E1                   sta     HC05_data
(1)    1040 : 81                         rts
(1)    1041 :                    check_cpu:
(1)    1041 : 3D 7E                      tst     $7E
(1)    1043 : 26 02                      bne     cpu6805         ; found return address at 6805 stack
(1)    1045 : 3C 50                      inc     cputype         ; 0:6805, 1:68HC05
(1)    1047 :                    cpu6805:
(1)    1047 : 81                         rts
(1)    1048 :                    continue:
       1048 : A6 03                      lda     #CDS_RESET_gc   ; Master reset
       104A : CD 10 0B                   jsr     store_ACIA_control
       104D : A6 14                      lda     #WSB_8N1_gc     ; 8 bits + No Parity + 1 Stop Bits
       104F :                                                    ; Transmit, Receive interrupts disabled
       104F : CD 10 0B                   jsr     store_ACIA_control
       1052 :
       1052 : 3F 58                      clr     SP
       1054 : CD 10 C6                   jsr     arith
       1057 : 83                         swi                     ; halt to stop
       1058 :
       1058 :                    ;;; Print out char
       1058 :                    ;;; @param A char
       1058 :                    ;;; @clobber A
       1058 :                    putspace:
       1058 : A6 20                      lda     #' '
       105A : 20 06                      bra     putchar
       105C :                    newline:
       105C : A6 0D                      lda     #$0D
       105E : AD 02                      bsr     putchar
       1060 : A6 0A                      lda     #$0A
       1062 :                    putchar:
       1062 : C7 10 73                   sta     putchar_a
       1065 :                    putchar_loop:
       1065 : CD 10 17                   jsr     load_ACIA_status
       1068 : A5 02                      bit     #TDRE_bm
       106A : 27 F9                      beq     putchar_loop
       106C :                    putchar_data:
       106C : C6 10 73                   lda     putchar_a
       106F : CD 10 35                   jsr     store_ACIA_data
       1072 : 81                         rts
       1073 :                    putchar_a:
       1073 :                            rmb     1
       1074 :
       1074 :                    ;;; Print "R1 op R2"
       1074 :                    ;;; @params A op letter
       1074 :                    ;;; @clobber R2 R3 R4
       1074 :                    expr:
       1074 : C7 10 96                   sta     expr_op
       1077 : BE 53                      ldx     R1H
       1079 : B6 54                      lda     R1L
       107B : BF 51                      stx     R0H
       107D : B7 52                      sta     R0L             ; R0=R1
       107F : CD 13 78                   jsr     print_int16     ; print R1
       1082 : AD D4                      bsr     putspace
       1084 : C6 10 96                   lda     expr_op
       1087 : AD D9                      bsr     putchar         ; print op
       1089 : AD CD                      bsr     putspace
       108B : BE 55                      ldx     R2H
       108D : B6 56                      lda     R2L
       108F : BF 51                      stx     R0H
       1091 : B7 52                      sta     R0L             ; R0=R2
       1093 : CC 13 78                   jmp     print_int16     ; print R2
       1096 :                    expr_op:
       1096 :                            rmb     1
       1097 :
       1097 :                    ;;; Print " = R0\n"
       1097 :                    ;;; @clobber R0 R1 R2
       1097 :                    answer:
       1097 : CD 10 58                   jsr     putspace
       109A : A6 3D                      lda     #'='
       109C : CD 10 62                   jsr     putchar
       109F : CD 10 58                   jsr     putspace
       10A2 : CD 13 78                   jsr     print_int16     ; print R0
       10A5 : CC 10 5C                   jmp     newline
       10A8 :
       10A8 :                    ;;; Print "R1 rel R2"
       10A8 :                    ;;; @clobber R0
       10A8 :                    comp:
       10A8 : CD 13 EE                   jsr     cmp16
       10AB : B6 52                      lda     R0L
       10AD : 27 0C                      beq     comp_eq
       10AF : 2B 0E                      bmi     comp_lt
       10B1 : 2A 04                      bpl     comp_gt
       10B3 : A6 3F                      lda     #'?'
       10B5 : 20 0A                      bra     comp_out
       10B7 :                    comp_gt:
       10B7 : A6 3E                      lda     #'>'
       10B9 : 20 06                      bra     comp_out
       10BB :                    comp_eq:
       10BB : A6 3D                      lda     #'='
       10BD : 20 02                      bra     comp_out
       10BF :                    comp_lt:
       10BF : A6 3C                      lda     #'<'
       10C1 :                    comp_out:
       10C1 : AD B1                      bsr     expr
       10C3 : CC 10 5C                   jmp     newline
       10C6 :
       10C6 :                    arith:
       10C6 : AE 46                      ldx     #18000>>8
       10C8 : A6 50                      lda     #18000&255
       10CA : CD 13 A5                   jsr     set_R1
       10CD : AE 6D                      ldx     #28000>>8
       10CF : A6 60                      lda     #28000&255
       10D1 : CD 13 AA                   jsr     set_R2
       10D4 : A6 2B                      lda     #'+'
       10D6 : CD 10 74                   jsr     expr
       10D9 : CD 13 CE                   jsr     add16           ; R0=R1+R2
       10DC : CD 10 97                   jsr     answer          ; -19536
       10DF :
       10DF : AE 46                      ldx     #18000>>8
       10E1 : A6 50                      lda     #18000&255
       10E3 : CD 13 A5                   jsr     set_R1
       10E6 : AE B9                      ldx     #(-18000)>>8
       10E8 : A6 B0                      lda     #(-18000)&255
       10EA : CD 13 AA                   jsr     set_R2
       10ED : A6 2B                      lda     #'+'
       10EF : CD 10 74                   jsr     expr
       10F2 : CD 13 CE                   jsr     add16           ; R0=R1+R2
       10F5 : CD 10 97                   jsr     answer          ; 0
       10F8 :
       10F8 : AE B9                      ldx     #(-18000)>>8
       10FA : A6 B0                      lda     #(-18000)&255
       10FC : CD 13 A5                   jsr     set_R1
       10FF : AE B9                      ldx     #(-18000)>>8
       1101 : A6 B0                      lda     #(-18000)&255
       1103 : CD 13 AA                   jsr     set_R2
       1106 : A6 2B                      lda     #'+'
       1108 : CD 10 74                   jsr     expr
       110B : CD 13 CE                   jsr     add16           ; R0=R1+R2
       110E : CD 10 97                   jsr     answer          ; 29536
       1111 :
       1111 : AE B9                      ldx     #(-18000)>>8
       1113 : A6 B0                      lda     #(-18000)&255
       1115 : CD 13 A5                   jsr     set_R1
       1118 : AE 92                      ldx     #(-28000)>>8
       111A : A6 A0                      lda     #(-28000)&255
       111C : CD 13 AA                   jsr     set_R2
       111F : A6 2D                      lda     #'-'
       1121 : CD 10 74                   jsr     expr
       1124 : CD 13 DE                   jsr     sub16           ; R0=R1-R2
       1127 : CD 10 97                   jsr     answer          ; -19536
       112A :
       112A : AE 46                      ldx     #18000>>8
       112C : A6 50                      lda     #18000&255
       112E : CD 13 A5                   jsr     set_R1
       1131 : AE B9                      ldx     #(-18000)>>8
       1133 : A6 B0                      lda     #(-18000)&255
       1135 : CD 13 AA                   jsr     set_R2
       1138 : A6 2D                      lda     #'-'
       113A : CD 10 74                   jsr     expr
       113D : CD 13 DE                   jsr     sub16           ; R0=R1-R2
       1140 : CD 10 97                   jsr     answer          ; 29536
       1143 :
       1143 : AE 92                      ldx     #(-28000)>>8
       1145 : A6 A0                      lda     #(-28000)&255
       1147 : CD 13 A5                   jsr     set_R1
       114A : AE B9                      ldx     #(-18000)>>8
       114C : A6 B0                      lda     #(-18000)&255
       114E : CD 13 AA                   jsr     set_R2
       1151 : A6 2D                      lda     #'-'
       1153 : CD 10 74                   jsr     expr
       1156 : CD 13 DE                   jsr     sub16           ; R0=R1-R2
       1159 : CD 10 97                   jsr     answer          ; -10000
       115C :
       115C : AE 00                      ldx     #100>>8
       115E : A6 64                      lda     #100&255
       1160 : CD 13 A5                   jsr     set_R1
       1163 : AE 01                      ldx     #300>>8
       1165 : A6 2C                      lda     #300&255
       1167 : CD 13 AA                   jsr     set_R2
       116A : A6 2A                      lda     #'*'
       116C : CD 10 74                   jsr     expr
       116F : CD 14 30                   jsr     mul16           ; R0=R1*R2
       1172 : CD 10 97                   jsr     answer          ; 30000
       1175 :
       1175 : AE 00                      ldx     #200>>8
       1177 : A6 C8                      lda     #200&255
       1179 : CD 13 A5                   jsr     set_R1
       117C : AE 00                      ldx     #100>>8
       117E : A6 64                      lda     #100&255
       1180 : CD 13 AA                   jsr     set_R2
       1183 : A6 2A                      lda     #'*'
       1185 : CD 10 74                   jsr     expr
       1188 : CD 14 30                   jsr     mul16           ; R0=R1*R2
       118B : CD 10 97                   jsr     answer          ; 20000
       118E :
       118E : AE 01                      ldx     #300>>8
       1190 : A6 2C                      lda     #300&255
       1192 : CD 13 A5                   jsr     set_R1
       1195 : AE FF                      ldx     #(-200)>>8
       1197 : A6 38                      lda     #(-200)&255
       1199 : CD 13 AA                   jsr     set_R2
       119C : A6 2A                      lda     #'*'
       119E : CD 10 74                   jsr     expr
       11A1 : CD 14 30                   jsr     mul16           ; R0=R1*R2
       11A4 : CD 10 97                   jsr     answer          ; 5536
       11A7 :
       11A7 : AE 00                      ldx     #100>>8
       11A9 : A6 64                      lda     #100&255
       11AB : CD 13 A5                   jsr     set_R1
       11AE : AE FE                      ldx     #(-300)>>8
       11B0 : A6 D4                      lda     #(-300)&255
       11B2 : CD 13 AA                   jsr     set_R2
       11B5 : A6 2A                      lda     #'*'
       11B7 : CD 10 74                   jsr     expr
       11BA : CD 14 30                   jsr     mul16           ; R0=R1*R2
       11BD : CD 10 97                   jsr     answer          ; -30000
       11C0 :
       11C0 : AE FF                      ldx     #(-200)>>8
       11C2 : A6 38                      lda     #(-200)&255
       11C4 : CD 13 A5                   jsr     set_R1
       11C7 : AE FF                      ldx     #(-100)>>8
       11C9 : A6 9C                      lda     #(-100)&255
       11CB : CD 13 AA                   jsr     set_R2
       11CE : A6 2A                      lda     #'*'
       11D0 : CD 10 74                   jsr     expr
       11D3 : CD 14 30                   jsr     mul16           ; R0=R1*R2
       11D6 : CD 10 97                   jsr     answer          ; 20000
       11D9 :
       11D9 : AE 75                      ldx     #30000>>8
       11DB : A6 30                      lda     #30000&255
       11DD : CD 13 A5                   jsr     set_R1
       11E0 : AE 00                      ldx     #100>>8
       11E2 : A6 64                      lda     #100&255
       11E4 : CD 13 AA                   jsr     set_R2
       11E7 : A6 2F                      lda     #'/'
       11E9 : CD 10 74                   jsr     expr
       11EC : CD 14 A7                   jsr     div16           ; R0=R1/R2
       11EF : CD 10 97                   jsr     answer          ; 300
       11F2 :
       11F2 : AE FF                      ldx     #(-200)>>8
       11F4 : A6 38                      lda     #(-200)&255
       11F6 : CD 13 A5                   jsr     set_R1
       11F9 : AE 00                      ldx     #100>>8
       11FB : A6 64                      lda     #100&255
       11FD : CD 13 AA                   jsr     set_R2
       1200 : A6 2F                      lda     #'/'
       1202 : CD 10 74                   jsr     expr
       1205 : CD 14 A7                   jsr     div16           ; R0=R1/R2
       1208 : CD 10 97                   jsr     answer          ; -2
       120B :
       120B : AE 8A                      ldx     #(-30000)>>8
       120D : A6 D0                      lda     #(-30000)&255
       120F : CD 13 A5                   jsr     set_R1
       1212 : AE FF                      ldx     #(-200)>>8
       1214 : A6 38                      lda     #(-200)&255
       1216 : CD 13 AA                   jsr     set_R2
       1219 : A6 2F                      lda     #'/'
       121B : CD 10 74                   jsr     expr
       121E : CD 14 A7                   jsr     div16           ; R0=R1/R2
       1221 : CD 10 97                   jsr     answer          ; 150
       1224 :
       1224 : AE 8A                      ldx     #(-30000)>>8
       1226 : A6 D0                      lda     #(-30000)&255
       1228 : CD 13 A5                   jsr     set_R1
       122B : AE 00                      ldx     #78>>8
       122D : A6 4E                      lda     #78&255
       122F : CD 13 AA                   jsr     set_R2
       1232 : A6 2F                      lda     #'/'
       1234 : CD 10 74                   jsr     expr
       1237 : CD 14 A7                   jsr     div16           ; R0=R1/R2
       123A : CD 10 97                   jsr     answer          ; -384
       123D :
       123D : AE 13                      ldx     #5000>>8
       123F : A6 88                      lda     #5000&255
       1241 : CD 13 A5                   jsr     set_R1
       1244 : AE 0F                      ldx     #4000>>8
       1246 : A6 A0                      lda     #4000&255
       1248 : CD 13 AA                   jsr     set_R2
       124B : CD 10 A8                   jsr     comp
       124E :
       124E : AE 13                      ldx     #5000>>8
       1250 : A6 88                      lda     #5000&255
       1252 : CD 13 A5                   jsr     set_R1
       1255 : AE 13                      ldx     #5000>>8
       1257 : A6 88                      lda     #5000&255
       1259 : CD 13 AA                   jsr     set_R2
       125C : CD 10 A8                   jsr     comp
       125F :
       125F : AE 0F                      ldx     #4000>>8
       1261 : A6 A0                      lda     #4000&255
       1263 : CD 13 A5                   jsr     set_R1
       1266 : AE 13                      ldx     #5000>>8
       1268 : A6 88                      lda     #5000&255
       126A : CD 13 AA                   jsr     set_R2
       126D : CD 10 A8                   jsr     comp
       1270 :
       1270 : AE EC                      ldx     #(-5000)>>8
       1272 : A6 78                      lda     #(-5000)&255
       1274 : CD 13 A5                   jsr     set_R1
       1277 : AE F0                      ldx     #(-4000)>>8
       1279 : A6 60                      lda     #(-4000)&255
       127B : CD 13 AA                   jsr     set_R2
       127E : CD 10 A8                   jsr     comp
       1281 :
       1281 : AE EC                      ldx     #(-5000)>>8
       1283 : A6 78                      lda     #(-5000)&255
       1285 : CD 13 A5                   jsr     set_R1
       1288 : AE EC                      ldx     #(-5000)>>8
       128A : A6 78                      lda     #(-5000)&255
       128C : CD 13 AA                   jsr     set_R2
       128F : CD 10 A8                   jsr     comp
       1292 :
       1292 : AE F0                      ldx     #(-4000)>>8
       1294 : A6 60                      lda     #(-4000)&255
       1296 : CD 13 A5                   jsr     set_R1
       1299 : AE EC                      ldx     #(-5000)>>8
       129B : A6 78                      lda     #(-5000)&255
       129D : CD 13 AA                   jsr     set_R2
       12A0 : CD 10 A8                   jsr     comp
       12A3 :
       12A3 : AE 7F                      ldx     #32700>>8
       12A5 : A6 BC                      lda     #32700&255
       12A7 : CD 13 A5                   jsr     set_R1
       12AA : AE 7F                      ldx     #32600>>8
       12AC : A6 58                      lda     #32600&255
       12AE : CD 13 AA                   jsr     set_R2
       12B1 : CD 10 A8                   jsr     comp
       12B4 :
       12B4 : AE 7F                      ldx     #32700>>8
       12B6 : A6 BC                      lda     #32700&255
       12B8 : CD 13 A5                   jsr     set_R1
       12BB : AE 7F                      ldx     #32700>>8
       12BD : A6 BC                      lda     #32700&255
       12BF : CD 13 AA                   jsr     set_R2
       12C2 : CD 10 A8                   jsr     comp
       12C5 :
       12C5 : AE 7F                      ldx     #32600>>8
       12C7 : A6 58                      lda     #32600&255
       12C9 : CD 13 A5                   jsr     set_R1
       12CC : AE 7F                      ldx     #32700>>8
       12CE : A6 BC                      lda     #32700&255
       12D0 : CD 13 AA                   jsr     set_R2
       12D3 : CD 10 A8                   jsr     comp
       12D6 :
       12D6 : AE 80                      ldx     #(-32700)>>8
       12D8 : A6 44                      lda     #(-32700)&255
       12DA : CD 13 A5                   jsr     set_R1
       12DD : AE 80                      ldx     #(-32600)>>8
       12DF : A6 A8                      lda     #(-32600)&255
       12E1 : CD 13 AA                   jsr     set_R2
       12E4 : CD 10 A8                   jsr     comp
       12E7 :
       12E7 : AE 80                      ldx     #(-32700)>>8
       12E9 : A6 44                      lda     #(-32700)&255
       12EB : CD 13 A5                   jsr     set_R1
       12EE : AE 80                      ldx     #(-32700)>>8
       12F0 : A6 44                      lda     #(-32700)&255
       12F2 : CD 13 AA                   jsr     set_R2
       12F5 : CD 10 A8                   jsr     comp
       12F8 :
       12F8 : AE 80                      ldx     #(-32600)>>8
       12FA : A6 A8                      lda     #(-32600)&255
       12FC : CD 13 A5                   jsr     set_R1
       12FF : AE 80                      ldx     #(-32700)>>8
       1301 : A6 44                      lda     #(-32700)&255
       1303 : CD 13 AA                   jsr     set_R2
       1306 : CD 10 A8                   jsr     comp
       1309 :
       1309 : AE 46                      ldx     #18000>>8
       130B : A6 50                      lda     #18000&255
       130D : CD 13 A5                   jsr     set_R1
       1310 : AE 92                      ldx     #(-28000)>>8
       1312 : A6 A0                      lda     #(-28000)&255
       1314 : CD 13 AA                   jsr     set_R2
       1317 : CD 10 A8                   jsr     comp
       131A :
       131A : AE 92                      ldx     #(-28000)>>8
       131C : A6 A0                      lda     #(-28000)&255
       131E : CD 13 A5                   jsr     set_R1
       1321 : AE 92                      ldx     #(-28000)>>8
       1323 : A6 A0                      lda     #(-28000)&255
       1325 : CD 13 AA                   jsr     set_R2
       1328 : CD 10 A8                   jsr     comp
       132B :
       132B : AE 92                      ldx     #(-28000)>>8
       132D : A6 A0                      lda     #(-28000)&255
       132F : CD 13 A5                   jsr     set_R1
       1332 : AE 46                      ldx     #18000>>8
       1334 : A6 50                      lda     #18000&255
       1336 : CD 13 AA                   jsr     set_R2
       1339 : CD 10 A8                   jsr     comp
       133C : 81                         rts
       133D :
       133D :                            include "arith.inc"
(1)    133D :                    ;;; -*- mode: asm; mode: flyspell-prog; -*-
(1)    133D :                    ;;; Print unsigned 16-bit integer as decimal
(1)    133D :                    ;;; @param R0 value
(1)    133D :                    ;;; @clobber A X R0 R1 R2
(1)    133D :                    print_uint16:
(1)    133D : 5F                         clrx
(1)    133E :                    print_uint16_loop:
(1)    133E : B6 51                      lda     R0H
(1)    1340 : B7 53                      sta     R1H
(1)    1342 : B6 52                      lda     R0L
(1)    1344 : B7 54                      sta     R1L             ; dividend = value
(1)    1346 : BA 51                      ora     R0H
(1)    1348 : 27 13                      beq     print_uint16_zero ; branch if value == 0
(1)    134A : 3F 55                      clr     R2H
(1)    134C : A6 0A                      lda     #10
(1)    134E : B7 56                      sta     R2L             ; divisor=10
(1)    1350 : CD 14 60                   jsr     udiv16          ; R0=value/10
(1)    1353 : B6 54                      lda     R1L
(1)    1355 : AA 30                      ora     #'0'
(1)    1357 : D7 13 70                   sta     print_uint16_buf,x
(1)    135A : 5C                         incx
(1)    135B : 20 E1                      bra     print_uint16_loop
(1)    135D :                    print_uint16_zero:
(1)    135D : 5D                         tstx
(1)    135E : 26 05                      bne     print_uint16_print
(1)    1360 : A6 30                      lda     #'0'
(1)    1362 : CC 10 62                   jmp     putchar
(1)    1365 :                    print_uint16_print:
(1)    1365 : 5A                         decx
(1)    1366 : D6 13 70                   lda     print_uint16_buf,x
(1)    1369 : CD 10 62                   jsr     putchar
(1)    136C : 5D                         tstx
(1)    136D : 26 F6                      bne     print_uint16_print
(1)    136F : 81                         rts
(1)    1370 :                    print_uint16_buf:
(1)    1370 :                            rmb     8
(1)    1378 :
(1)    1378 :                    ;;; Print signed 16-bit integer as decimal
(1)    1378 :                    ;;; @param R0 value
(1)    1378 :                    ;;; @clobber A X R0
(1)    1378 :                    print_int16:
(1)    1378 : BE 53                      ldx     R1H
(1)    137A : B6 54                      lda     R1L
(1)    137C : AD 31                      bsr     push_XA         ; push R1
(1)    137E : BE 55                      ldx     R2H
(1)    1380 : B6 56                      lda     R2L
(1)    1382 : AD 2B                      bsr     push_XA         ; push R2
(1)    1384 : B6 51                      lda     R0H
(1)    1386 : 2A 0E                      bpl     print_int16_print
(1)    1388 : A6 2D                      lda     #'-'
(1)    138A : CD 10 62                   jsr     putchar
(1)    138D : B6 51                      lda     R0H
(1)    138F : 40                         nega
(1)    1390 : 30 52                      neg     R0L
(1)    1392 : A2 00                      sbc     #0
(1)    1394 : B7 51                      sta     R0H
(1)    1396 :                    print_int16_print:
(1)    1396 : AD A5                      bsr     print_uint16
(1)    1398 : AD 27                      bsr     pull_XA         ; pull R2
(1)    139A : BF 55                      stx     R2H
(1)    139C : B7 56                      sta     R2L
(1)    139E : AD 21                      bsr     pull_XA         ; pull R1
(1)    13A0 : BF 53                      stx     R1H
(1)    13A2 : B7 54                      sta     R1L
(1)    13A4 : 81                         rts
(1)    13A5 :
(1)    13A5 :                    ;;; Set value to R1
(1)    13A5 :                    ;;; @param X high(value)
(1)    13A5 :                    ;;; @param A low(value)
(1)    13A5 :                    set_R1:
(1)    13A5 : BF 53                      stx     R1H
(1)    13A7 : B7 54                      sta     R1L
(1)    13A9 : 81                         rts
(1)    13AA :
(1)    13AA :                    ;;; Set value to R2
(1)    13AA :                    ;;; @param X high(value)
(1)    13AA :                    ;;; @param A low(value)
(1)    13AA :                    set_R2:
(1)    13AA : BF 55                      stx     R2H
(1)    13AC : B7 56                      sta     R2L
(1)    13AE : 81                         rts
(1)    13AF :
(1)    13AF :                    ;;; Push X:A
(1)    13AF :                    ;;; @param X:A value
(1)    13AF :                    ;;; @clobber X:A
(1)    13AF :                    push_XA:
(1)    13AF : B7 57                      sta     arith_work      ; save A
(1)    13B1 : 9F                         txa
(1)    13B2 : BE 58                      ldx     SP
(1)    13B4 : D7 01 00                   sta     stack,X         ; push high(value))
(1)    13B7 : B6 57                      lda     arith_work
(1)    13B9 : D7 01 01                   sta     stack+1,X       ; push low(register)
(1)    13BC : 5C                         incx
(1)    13BD : 5C                         incx
(1)    13BE : BF 58                      stx     SP              ; update stack pointer
(1)    13C0 : 81                         rts
(1)    13C1 :
(1)    13C1 :                    ;;; Pull X:A
(1)    13C1 :                    ;;; @return X:A value
(1)    13C1 :                    pull_XA:
(1)    13C1 : BE 58                      ldx     SP
(1)    13C3 : 5A                         decx
(1)    13C4 : 5A                         decx
(1)    13C5 : BF 58                      stx     SP              ; update stack pointer
(1)    13C7 : D6 01 01                   lda     stack+1,X       ; pull low(value)
(1)    13CA : DE 01 00                   ldx     stack,X         ; pull high(value)
(1)    13CD : 81                         rts
(1)    13CE :
(1)    13CE :                    ;;; Addition: R0 = R1 + R2
(1)    13CE :                    ;;; @return X:A addition
(1)    13CE :                    ;;; @clobber A
(1)    13CE :                    add16:
(1)    13CE : B6 54                      lda     R1L
(1)    13D0 : BB 56                      add     R2L
(1)    13D2 : B7 52                      sta     R0L
(1)    13D4 : B6 53                      lda     R1H
(1)    13D6 : B9 55                      adc     R2H
(1)    13D8 : B7 51                      sta     R0H
(1)    13DA : 97                         tax
(1)    13DB : B6 52                      lda     R0L
(1)    13DD : 81                         rts
(1)    13DE :
(1)    13DE :                    ;;; Subtraction: R0 = R1 + R2
(1)    13DE :                    ;;; @return X:A subtraction
(1)    13DE :                    ;;; @clobber A
(1)    13DE :                    sub16:
(1)    13DE : B6 54                      lda     R1L
(1)    13E0 : B0 56                      sub     R2L
(1)    13E2 : B7 52                      sta     R0L
(1)    13E4 : B6 53                      lda     R1H
(1)    13E6 : B2 55                      sbc     R2H
(1)    13E8 : B7 51                      sta     R0H
(1)    13EA : 97                         tax
(1)    13EB : B6 52                      lda     R0L
(1)    13ED : 81                         rts
(1)    13EE :
(1)    13EE :                    ;;; Signed compare R0=sign(R1-R2)
(1)    13EE :                    ;;; @return R0=A=0;  BEQ (minuend == subtrahend)
(1)    13EE :                    ;;;         R0=A=1;  BPL (minuend > subtrahend)
(1)    13EE :                    ;;;         R0=A=-1; BMI (minuend < subtrahend)
(1)    13EE :                    ;;; @clobber A
(1)    13EE :                    cmp16:
(1)    13EE : AD EE                      bsr     sub16
(1)    13F0 : B6 51                      lda     R0H
(1)    13F2 : BA 52                      ora     R0L
(1)    13F4 : 27 1A                      beq     cmp16_end       ; return with R0=0
(1)    13F6 : B6 51                      lda     R0H
(1)    13F8 : B8 53                      eor     R1H
(1)    13FA : B7 52                      sta     R0L             ; R0L=(minuend-subtrahend)^minuend
(1)    13FC : B6 53                      lda     R1H
(1)    13FE : B8 55                      eor     R2H             ; minuend^subtrahend
(1)    1400 : B4 52                      and     R0L             ; overflow flag
(1)    1402 : B8 51                      eor     R0H
(1)    1404 : 2B 06                      bmi     cmp16_lt
(1)    1406 :                    cmp16_gt:
(1)    1406 : 3F 51                      clr     R0H
(1)    1408 : A6 01                      lda     #1
(1)    140A : 20 04                      bra     cmp16_end
(1)    140C :                    cmp16_lt:
(1)    140C : A6 FF                      lda     #-1
(1)    140E : B7 51                      sta     R0H
(1)    1410 :                    cmp16_end:
(1)    1410 : B7 52                      sta     R0L
(1)    1412 : 81                         rts
(1)    1413 :
(1)    1413 :                    ;;; Unsigned multiplication: result = multiplicand * multiplier
(1)    1413 :                    ;;; @param R1 multiplicand
(1)    1413 :                    ;;; @param R2 multiplier
(1)    1413 :                    ;;; @return R0 result
(1)    1413 :                    umul16:
(1)    1413 : B6 55                      lda     R2H             ; A=high(multiplier)
(1)    1415 : BE 54                      ldx     R1L             ; X=low(multiplicand)
(1)    1417 : 42                         mul                     ; X:A=low(multiplicand)*high(multiplier)
(1)    1418 : B7 51                      sta     R0H             ; high(result)=A
(1)    141A : B6 56                      lda     R2L             ; A=low(multiplier)
(1)    141C : BE 53                      ldx     R1H             ; X=high(multiplicand)
(1)    141E : 42                         mul                     ; X:A=high(multiplicand)*low(multiplier)
(1)    141F : BB 51                      add     R0H
(1)    1421 : B7 51                      sta     R0H             ; high(result)+=A
(1)    1423 : B6 56                      lda     R2L             ; A=low(multiplier)
(1)    1425 : BE 54                      ldx     R1L             ; X=low(multiplicand)
(1)    1427 : 42                         mul                     ; X:A=result
(1)    1428 : B7 52                      sta     R0L             ; low(result)=A
(1)    142A : 9F                         txa
(1)    142B : BB 51                      add     R0H
(1)    142D : B7 51                      sta     R0H             ; high(result)+=X
(1)    142F : 81                         rts
(1)    1430 :
(1)    1430 :                    ;;; Multiply; result = multiplicand * multiplier
(1)    1430 :                    ;;; @param R1 multiplicand
(1)    1430 :                    ;;; @param R2 multiplier
(1)    1430 :                    ;;; @return R0 result
(1)    1430 :                    ;;; @return X:A result
(1)    1430 :                    ;;; @clobber R1 R2
(1)    1430 :                    mul16:
(1)    1430 : B6 53                      lda     R1H
(1)    1432 : B8 55                      eor     R2H
(1)    1434 : B7 57                      sta     arith_work      ; save hi(multiplicand^multiplier)
(1)    1436 : B6 55                      lda     R2H             ; A=hi(multiplier)
(1)    1438 : 2A 07                      bpl     mul16_multiplicand
(1)    143A : 40                         nega
(1)    143B : 30 56                      neg     R2L
(1)    143D : A2 00                      sbc     #0
(1)    143F : B7 55                      sta     R2H             ; negate multiplier
(1)    1441 :                    mul16_multiplicand:
(1)    1441 : B6 53                      lda     R1H             ; A=hi(multiplicand)
(1)    1443 : 2A 07                      bpl     mul16_multiply
(1)    1445 : 40                         nega
(1)    1446 : 30 54                      neg     R1L
(1)    1448 : A2 00                      sbc     #0
(1)    144A : B7 53                      sta     R1H             ; negate multiplicand
(1)    144C :                    mul16_multiply:
(1)    144C : AD C5                      bsr     umul16          ; R0=result
(1)    144E : B6 57                      lda     arith_work      ; A=(multiplicand^multiplier)
(1)    1450 : 2A 09                      bpl     mul16_end
(1)    1452 : B6 51                      lda     R0H
(1)    1454 : 40                         nega
(1)    1455 : 30 52                      neg     R0L
(1)    1457 : A2 00                      sbc     #0
(1)    1459 : B7 51                      sta     R0H             ; negate result
(1)    145B :                    mul16_end:
(1)    145B : BE 51                      ldx     R0H
(1)    145D : B6 52                      lda     R0L
(1)    145F : 81                         rts
(1)    1460 :
(1)    1460 :                    ;;; Unsigned division: dividend / divisor = quotient ... remainder
(1)    1460 :                    ;;; @praram R1 dividend
(1)    1460 :                    ;;; @praram R2 divisor
(1)    1460 :                    ;;; @return R0 quotient
(1)    1460 :                    ;;; @return R1 remainder
(1)    1460 :                    ;;; @clobber R2
(1)    1460 :                    udiv16:
(1)    1460 : BF 57                      stx     arith_work
(1)    1462 : B6 55                      lda     R2H
(1)    1464 : BA 56                      ora     R2L
(1)    1466 : 27 3C                      beq     udiv16_end      ; branch if R2==0
(1)    1468 : AE 01                      ldx     #1              ; X=bits
(1)    146A : 20 05                      bra     udiv16_prep
(1)    146C :                    udiv16_prep_loop:
(1)    146C : 38 56                      lsl     R2L
(1)    146E : 39 55                      rol     R2H             ; divisor <<= 1
(1)    1470 : 5C                         incx                    ; ++bits
(1)    1471 :                    udiv16_prep:
(1)    1471 : B6 55                      lda     R2H
(1)    1473 : 2A F7                      bpl     udiv16_prep_loop ; while msb(divisor) == 0
(1)    1475 : 3F 51                      clr     R0H
(1)    1477 : 3F 52                      clr     R0L             ; quotient=0
(1)    1479 : 20 08                      bra     udiv16_enter_loop
(1)    147B :                    udiv16_loop:
(1)    147B : 34 55                      lsr     R2H
(1)    147D : 36 56                      ror     R2L             ; divisor >>= 1
(1)    147F : 38 52                      lsl     R0L
(1)    1481 : 39 51                      rol     R0H             ; quotient <<= 1
(1)    1483 :                    udiv16_enter_loop:
(1)    1483 : B6 54                      lda     R1L
(1)    1485 : B0 56                      sub     R2L
(1)    1487 : B7 54                      sta     R1L
(1)    1489 : B6 53                      lda     R1H
(1)    148B : B2 55                      sbc     R2H
(1)    148D : B7 53                      sta     R1H             ; dividend -= divisor
(1)    148F : 25 04                      bcs     udiv16_readd
(1)    1491 : 3C 52                      inc     R0L             ; quotient |= 1
(1)    1493 : 20 0C                      bra     udiv16_next
(1)    1495 :                    udiv16_readd:
(1)    1495 : B6 54                      lda     R1L
(1)    1497 : BB 56                      add     R2L
(1)    1499 : B7 54                      sta     R1L
(1)    149B : B6 53                      lda     R1H
(1)    149D : B9 55                      adc     R2H
(1)    149F : B7 53                      sta     R1H             ; dividend += divisor
(1)    14A1 :                    udiv16_next:
(1)    14A1 : 5A                         decx                    ; --bits
(1)    14A2 : 26 D7                      bne     udiv16_loop     ; while bits != 0
(1)    14A4 :                    udiv16_end:
(1)    14A4 : BE 57                      ldx     arith_work
(1)    14A6 : 81                         rts
(1)    14A7 :
(1)    14A7 :                    ;;; Division; dividend / divisor = quotient ... remainder
(1)    14A7 :                    ;;; @param R1 dividend
(1)    14A7 :                    ;;; @param R2 divisor
(1)    14A7 :                    ;;; @return R0 quotient
(1)    14A7 :                    ;;; @return X:A quotient
(1)    14A7 :                    ;;; @return R1 remainder
(1)    14A7 :                    ;;; @clobber R2
(1)    14A7 :                    div16:
(1)    14A7 : B6 53                      lda     R1H
(1)    14A9 : B8 55                      eor     R2H
(1)    14AB : C7 14 DA                   sta     div16_sign      ; save hi(dividend^divisor)
(1)    14AE : B6 55                      lda     R2H             ; A=hi(divisor)
(1)    14B0 : 2A 07                      bpl     div16_dividend
(1)    14B2 : 40                         nega
(1)    14B3 : 30 56                      neg     R2L
(1)    14B5 : A2 00                      sbc     #0
(1)    14B7 : B7 55                      sta     R2H             ; negate divisor
(1)    14B9 :                    div16_dividend:
(1)    14B9 : B6 53                      lda     R1H             ; A=hi(dividend)
(1)    14BB : 2A 07                      bpl     div16_divide
(1)    14BD : 40                         nega
(1)    14BE : 30 54                      neg     R1L
(1)    14C0 : A2 00                      sbc     #0
(1)    14C2 : B7 53                      sta     R1H             ; negate dividend
(1)    14C4 :                    div16_divide:
(1)    14C4 : CD 14 60                   jsr     udiv16          ; R0=quotient
(1)    14C7 : C6 14 DA                   lda     div16_sign      ; A=(dividend^divisor)
(1)    14CA : 2A 09                      bpl     div16_end
(1)    14CC : B6 51                      lda     R0H
(1)    14CE : 40                         nega
(1)    14CF : 30 52                      neg     R0L
(1)    14D1 : A2 00                      sbc     #0
(1)    14D3 : B7 51                      sta     R0H             ; negate result
(1)    14D5 :                    div16_end:
(1)    14D5 : BE 51                      ldx     R0H
(1)    14D7 : B6 52                      lda     R0L
(1)    14D9 : 81                         rts
(1)    14DA :                    div16_sign:
(1)    14DA :                            rmb     1
       14DB :
       14DB :                    ;;; MC68HC05 compatibility
       FFFC :                            org     $FFFC
       FFFC : FF FC                      fdb     $FFFC           ; SWI: halt to system
       FFFE : 10 00                      fdb     initialize      ; RESET
