          0 :                            include "mc68hc05c0.inc"
(1)       0 :                    ;;; -*- mode: asm; mode: flyspell-prog; -*-
(1)       0 :                            include "mc68hc05.inc"
(2)       0 :                    ;;; -*- mode: asm; mode: flyspell-prog; -*-
(2)       0 :                    ;;; MC68HC05
(2)       0 :                            cpu     68hc05
(2)       0 :                    ;;; Condition Code Register (CC)
(2)       0 : =1                 CC_CARRY      equ  %00000001   ; set to 1 if carry occurred
(2)       0 : =2                 CC_ZERO       equ  %00000010   ; set to 1 if result is zero
(2)       0 : =4                 CC_NEGATIVE   equ  %00000100   ; set to 1 if result is negative
(2)       0 : =8                 CC_IRQ        equ  %00001000   ; if 1, IRQ is masked
(2)       0 : =10                CC_HALF_CARRY equ  %00010000   ; if 1, decimal carry from least digit occurred
(2)       0 :                    ;;; Vector
(2)       0 : =FFFA              VEC_IRQ:        equ     $FFFA   ; External Interrupt
(2)       0 : =FFFC              VEC_SWI:        equ     $FFFC   ; Software
(2)       0 : =FFFE              VEC_RESET:      equ     $FFFE   ; Reset
(1)       0 :                    ;;; MC68HC05C0
(1)       0 :                            option  "pc-bits", 16
(1)       0 :                    ;;; Vector
(1)       0 : =FFF2              VEC_KEY:        equ     $FFF2   ; Keyboard Scan
(1)       0 : =FFF4              VEC_MFT:        equ     $FFF4   ; Multi-Function Timer
(1)       0 : =FFF6              VEC_SCI:        equ     $FFF6   ; Serial Communications Interface
(1)       0 : =FFF8              VEC_TIMER:      equ     $FFF8   ; 16-Bit Timer
(1)       0 :
(1)       0 :                    ;;; Internal Register Area
(1)       0 : =1                 PORTB:  equ     $01     ; Port B Data Register
(1)       0 : =2                 PORTC:  equ     $02     ; Port C Data Register
(1)       0 : =3                 PORTD:  equ     $03     ; Port D Data Register
(1)       0 : =5                 DDRB:   equ     $05     ; Port B Data Direction Register
(1)       0 : =6                 DDRC:   equ     $06     ; Port C Data Direction Register
(1)       0 : =7                 DDRD:   equ     $07     ; Port D Data Direction Register
(1)       0 : =8                 MFTCSR: equ     $08     ; Multi-Function Timer Control/Status Register
(1)       0 : =9                 MFTCR:  equ     $09     ; Multi-Function Timer Counter Register
(1)       0 : =A                 TCR:    equ     $0A     ; 16-Bit Timer Control Register
(1)       0 : =B                 TSR:    equ     $0B     ; 16-Bit Timer Status Register
(1)       0 : =C                 ICR:    equ     $0C     ; 16-Bit Timer Input Capture Register
(1)       0 : =E                 OCR:    equ     $0E     ; 16-Bit Timer Output Compare Register
(1)       0 : =10                CNTR:   equ     $10     ; 16-Bit Timer Counter Register
(1)       0 : =12                ACNTR:  equ     $12     ; 16-Bit Timer Alternate Counter Register
(1)       0 : =14                SCBR:   equ     $14     ; Serial Communications Baud Rate Register
(1)       0 : =6                 SCBR_SCP_gp:    equ     6 ; SCI Prescaler; 0=/1 1=/3 2=/4 3=/13
(1)       0 : =3                 SCBR_SCT_gp:    equ     3 ; SCI Transmit Baud Rate; n=1/(1<<n)
(1)       0 : =0                 SCBR_SCR_gp:    equ     0 ; SCI Receive Baud Rate;  0<=n<=7
(1)       0 : =15                SCCR1:  equ     $15     ; Serial Communications Control Register 1
(1)       0 : =7                 SCCR1_R8_bp:    equ     7 ; Receive Data Bit 8
(1)       0 : =6                 SCCR1_T8_bp:    equ     6 ; Transmit Data Bit 8
(1)       0 : =5                 SCCR1_SCKM_bp:  equ     5 ; Serial Clock Mode 0=-PB4 is GPIO
(1)       0 : =4                 SCCR1_M_bp:     equ     4 ; Mode 1=9-bit, 0=8-nit
(1)       0 : =3                 SCCR1_WAKE_bp:  equ     3 ; Wake-Up Select 1=MSB cause wake-up
(1)       0 : =2                 SCCR1_CPOL_bp:  equ     2 ; Clock Polarity
(1)       0 : =1                 SCCR1_CPHL_bp:  equ     1 ; Clock Phase
(1)       0 : =0                 SCCR1_LBCL_bp:  equ     0 ; Last Bit Clock
(1)       0 : =16                SCCR2:  equ     $16     ; Serial Communications Control Register 2
(1)       0 : =7                 SCCR2_TIE_bp:   equ     7 ; Transmit Interrupt Enable
(1)       0 : =6                 SCCR2_TCIE_bp:  equ     6 ; Transmit Complete Interrupt Enable
(1)       0 : =5                 SCCR2_RIE_bp:   equ     5 ; Receive Interrupt Enable
(1)       0 : =4                 SCCR2_ILIE_bp:  equ     4 ; Idle Line Interrupt Enable
(1)       0 : =3                 SCCR2_TE_bp:    equ     3 ; Transmit Enable
(1)       0 : =2                 SCCR2_RE_bp:    equ     2 ; Receive Enable
(1)       0 : =1                 SCCR2_RWU_bp:   equ     1 ; Receiver Wake-up
(1)       0 : =0                 SCCR2_SBK_bp:   equ     0 ; Send Break
(1)       0 : =17                SCSR:   equ     $17     ; Serial Communications Status Register
(1)       0 : =7                 SCSR_TDRE_bp    equ     7 ; Transmit Data Register Empty Flag
(1)       0 : =6                 SCSR_TC_bp:     equ     6 ; Transmit Complete Flag
(1)       0 : =5                 SCSR_RDRF_bp:   equ     5 ; Receive Data Register Full Flag
(1)       0 : =4                 SCSR_IDLE_bp:   equ     4 ; Idle Line Detected Flag
(1)       0 : =3                 SCSR_OR_bp:     equ     3 ; Overrun Error Flag
(1)       0 : =2                 SCSR_NF_bp:     equ     2 ; Noise Error Flag
(1)       0 : =1                 SCSR_FE_bp      equ     1 ; Framing Error Flag
(1)       0 : =18                SCDR:   equ     $18     ; Serial Communications Data Register
(1)       0 : =19                CNFGR:  equ     $19     ; Configuration Register
(1)       0 : =1A                EICSR:  equ     $1A     ; External Interrupt Control/Status Register
(1)       0 : =7                 EICSR_KSF_bp:   equ     7 ; Keyboard Scan Request Flag
(1)       0 : =6                 EICSR_KSEN_bp:  equ     6 ; Keyboard Scan Enable
(1)       0 : =5                 EICSR_KSA_bp:   equ     5 ; Keyboard Scan Acknowledge
(1)       0 : =4                 EICSR_KSEL_bp:  equ     4 ; Keyboard Scan Edge/Level
(1)       0 : =3                 EICSR_IRQF_bp:  equ     3 ; Interrupt Request Flag
(1)       0 : =2                 EICSR_IRQEN_bp: equ     2 ; Interrupt Request Enable
(1)       0 : =1                 EICSR_IRQA_bp:  equ     1 ; Interrupt Request Acknowledge
(1)       0 : =0                 EICSR_IRQEL_bp: equ     0 ; Interrupt Request Edge/Level
(1)       0 :
(1)       0 : =40                RAM_START:      equ     $0040   ; Internal RAM $0040-$023F
(1)       0 : =FF                STACK_TOP:      equ     $00FF   ; Stack $00FF->$0040
          0 :
          0 :                    ;;; MC6850 Asynchronous Communication Interface Adapter
          0 : =FFE0              ACIA:   equ     $FFE0
          0 : =FFE0              ACIA_HC05:      equ     ACIA   ; for ../mc6805/cputype.inc
          0 :                            include "../mc6800/mc6850.inc"
(1)       0 :                    ;;; -*- mode: asm; mode: flyspell-prog; -*-
(1)       0 :
(1)       0 :                    ;;; MC6850
(1)       0 :                    ;;; Asynchronous Communication Interface Adapter
(1)       0 :
(1)       0 :                    ;;; Control register
(1)       0 : =FFE0              ACIA_control:   equ     ACIA+0
(1)       0 :                            ;; Counter Divider Select Bits
(1)       0 : =3                 CDS_gm:         equ     %11    ; Group mask
(1)       0 : =0                 CDS_DIV1_gc:    equ     %00000000 ; /1
(1)       0 : =1                 CDS_DIV16_gc:   equ     %00000001 ; /16
(1)       0 : =2                 CDS_DIV64_gc:   equ     %00000010 ; /64
(1)       0 : =3                 CDS_RESET_gc:   equ     %00000011 ; Master Reset
(1)       0 :                            ;; Word Select Bits
(1)       0 : =1C                WSB_gm:         equ     %00011100 ; Group mask
(1)       0 : =0                 WSB_7E2_gc:     equ     %00000000 ; 7 Bits + Even Parity + 2 Stop Bits
(1)       0 : =4                 WSB_7O2_gc:     equ     %00000100 ; 7 bits + Odd Parity  + 2 Stop Bits
(1)       0 : =8                 WSB_7E1_gc:     equ     %00001000 ; 7 bits + Even Parity + 1 Stop Bits
(1)       0 : =C                 WSB_7O1_gc:     equ     %00001100 ; 7 bits + Odd Parity  + 1 Stop Bits
(1)       0 : =10                WSB_8N2_gc:     equ     %00010000 ; 8 bits + No Parity   + 2 Stop Bits
(1)       0 : =14                WSB_8N1_gc:     equ     %00010100 ; 8 bits + No Parity   + 1 Stop Bits
(1)       0 : =18                WSB_8E1_gc:     equ     %00011000 ; 8 bits + Even Parity + 1 Stop Bits
(1)       0 : =1C                WSB_8O1_gc:     equ     %00011100 ; 8 bits + Odd Parity  + 1 Stop Bits
(1)       0 :                            ;; Transmit Control Bits
(1)       0 : =60                TCB_gm:         equ     %01100000 ; Group mask
(1)       0 : =0                 TCB_DI_gc:      equ     %00000000 ; RTS=Low,  Tx Interrupt Disabled
(1)       0 : =20                TCB_EI_gc:      equ     %00100000 ; RTS=Low,  Tx Interrupt Enabled
(1)       0 : =40                TCB_RTS_gc:     equ     %01000000 ; RTS=High, Tx Interrupt Disabled
(1)       0 : =60                TCB_BREAK_gc:   equ     %01100000 ; RTS=Low,  Tx Interrupt Disabled
(1)       0 :                                                      ; Transmit Break Level
(1)       0 : =80                RIEB_bm:        equ     %10000000 ; Receive Interrupt Enable Bit mask
(1)       0 :
(1)       0 :                    ;;; Status register
(1)       0 : =FFE0              ACIA_status:    equ     ACIA+0
(1)       0 : =1                 RDRF_bm:        equ     %00000001 ; Receive Data Register Full
(1)       0 : =2                 TDRE_bm:        equ     %00000010 ; Transmit Data Register Empty
(1)       0 : =4                 DCDF_bm:        equ     %00000100 ; Data Carrier Detect Flag
(1)       0 : =8                 CTSF_bm:        equ     %00001000 ; Clear To Send Flag
(1)       0 : =10                FERR_bm:        equ     %00010000 ; Frame Error Flag
(1)       0 : =20                OVRN_bm:        equ     %00100000 ; Receiver Overrun Flag
(1)       0 : =40                PERR_bm:        equ     %01000000 ; Parity Error Flag
(1)       0 : =80                IRQF_bm:        equ     %10000000 ; Interrupt Request Flag
(1)       0 :
(1)       0 :                    ;;; Data register
(1)       0 : =FFE1              ACIA_data:      equ     ACIA+1          ; Data register
          0 : =94                RX_INT_TX_NO:   equ     WSB_8N1_gc|RIEB_bm
          0 :
         50 :                            org     $50             ; RAM on the MC68HC08 too
         50 :                    cputype:
         50 :                            rmb     1
         51 :                    save_a:
         51 :                            rmb     1
         52 :
         80 :                            org     $0080
         80 : =10                rx_queue_size:  equ     16
         80 :                    rx_queue:
         80 :                            rmb     rx_queue_size
         90 :
       FFFA :                            org     VEC_IRQ
       FFFA : 10 E2                      fdb     isr_irq
       FFFC :
       FFFC :                            org     VEC_SWI
       FFFC : FF FC                      fdb     VEC_SWI         ; halt to system
       FFFE :
       FFFE :                            org     VEC_RESET
       FFFE : 10 00                      fdb     initialize
      10000 :
       1000 :                            org     $1000
       1000 :                    initialize:
       1000 :                            include "../mc6805/cputype.inc"
(1)    1000 :                    ;;; -*- mode: asm; mode: flyspell-prog; -*-
(1)    1000 : =FFE0              HC05_control:   equ     ACIA_HC05+(ACIA_control-ACIA)
(1)    1000 : =FFE0              HC05_status:    equ     ACIA_HC05+(ACIA_status-ACIA)
(1)    1000 : =FFE1              HC05_data:      equ     ACIA_HC05+(ACIA_data-ACIA)
(1)    1000 : =FFFF              COP_RESET:      equ     $FFFF   ; MC68HC08 COP; the COP is a mask option there
(1)    1000 : 9C                         rsp                     ; 6805:SP=$7F. 68HC05:SP=$FF
(1)    1001 : 3F 50                      clr     cputype
(1)    1003 : 3F 7E                      clr     $7E             ; clear return address of 6805
(1)    1005 : 3F FE                      clr     $FE             ; clear return address of 68HC05
(1)    1007 : AD 38                      bsr     check_cpu
(1)    1009 : 20 3D                      bra     continue
(1)    100B :                    store_ACIA_control:
(1)    100B : 3D 50                      tst     cputype
(1)    100D : 26 04                      bne     *+6
(1)    100F : C7 FF E0                   sta     ACIA_control
(1)    1012 : 81                         rts
(1)    1013 : C7 FF E0                   sta     HC05_control
(1)    1016 : 81                         rts
(1)    1017 :                    load_ACIA_status:
(1)    1017 : 3D 50                      tst     cputype
(1)    1019 : 26 04                      bne     load_ACIA_status_hc05
(1)    101B : C6 FF E0                   lda     ACIA_status
(1)    101E : 81                         rts
(1)    101F :                    load_ACIA_status_hc05:
(1)    101F : C6 FF FF                   lda     COP_RESET       ; service the MC68HC08's COP, a mask option
(1)    1022 : C7 FF FF                   sta     COP_RESET
(1)    1025 : C6 FF E0                   lda     HC05_status
(1)    1028 : 81                         rts
(1)    1029 :                    load_ACIA_data:
(1)    1029 : 3D 50                      tst     cputype
(1)    102B : 26 04                      bne     *+6
(1)    102D : C6 FF E1                   lda     ACIA_data
(1)    1030 : 81                         rts
(1)    1031 : C6 FF E1                   lda     HC05_data
(1)    1034 : 81                         rts
(1)    1035 :                    store_ACIA_data:
(1)    1035 : 3D 50                      tst     cputype
(1)    1037 : 26 04                      bne     *+6
(1)    1039 : C7 FF E1                   sta     ACIA_data
(1)    103C : 81                         rts
(1)    103D : C7 FF E1                   sta     HC05_data
(1)    1040 : 81                         rts
(1)    1041 :                    check_cpu:
(1)    1041 : 3D 7E                      tst     $7E
(1)    1043 : 26 02                      bne     cpu6805         ; found return address at 6805 stack
(1)    1045 : 3C 50                      inc     cputype         ; 0:6805, 1:68HC05
(1)    1047 :                    cpu6805:
(1)    1047 : 81                         rts
(1)    1048 :                    continue:
       1048 : AE 80                      ldx     #rx_queue
       104A : A6 10                      lda     #rx_queue_size
       104C : CD 10 8A                   jsr     queue_init
       104F :                            ;; initialize ACIA
       104F : A6 03                      lda     #CDS_RESET_gc   ; Master reset
       1051 : CD 10 0B                   jsr     store_ACIA_control
       1054 : A6 94                      lda     #RX_INT_TX_NO
       1056 : CD 10 0B                   jsr     store_ACIA_control
       1059 : 9A                         cli                     ; Enable IRQ
       105A : 20 00                      bra     loop
       105C :
       105C :                    loop:
       105C : C6 FF FF                   lda     COP_RESET       ; service the MC68HC08's COP, a mask option
       105F : C7 FF FF                   sta     COP_RESET
       1062 : AE 80                      ldx     #rx_queue
       1064 : 9B                         sei                     ; Disable IRQ
       1065 : CD 10 C1                   jsr     queue_remove
       1068 : 9A                         cli                     ; Enable IRQ
       1069 : 24 F1                      bcc     loop
       106B : 4D                         tsta
       106C : 27 0C                      beq     halt_to_system
       106E : AD 0B                      bsr     putchar
       1070 : A1 0D                      cmp     #$0D            ; carriage return
       1072 : 26 E8                      bne     loop
       1074 : A6 0A                      lda     #$0A            ; newline
       1076 : AD 03                      bsr     putchar
       1078 : 20 E2                      bra     loop
       107A :                    halt_to_system:
       107A : 83                         swi
       107B :
       107B :                    putchar:
       107B : B7 51                      sta     save_a
       107D :                    putchar_loop:
       107D : CD 10 17                   jsr     load_ACIA_status
       1080 : A5 02                      bit     #TDRE_bm
       1082 : 27 F9                      beq     putchar_loop
       1084 :                    putchar_data:
       1084 : B6 51                      lda     save_a
       1086 : CD 10 35                   jsr     store_ACIA_data
       1089 : 81                         rts
       108A :
       108A :                            include "../mc6805/queue.inc"
(1)    108A :                    ;;; [queue] queue structure
(1)    108A : =0                 queue_len:      equ     0       ; queue length
(1)    108A : =1                 queue_size:     equ     1       ; buffer size
(1)    108A : =2                 queue_put:      equ     2       ; queue put index
(1)    108A : =3                 queue_get:      equ     3       ; queue get index
(1)    108A : =4                 queue_buf:      equ     4       ; buffer start offset
(1)    108A :
(1)    108A :                    ;;; [queue] Initialize queue
(1)    108A :                    ;;; @param X queue work space pointer
(1)    108A :                    ;;; @param A queue work space size
(1)    108A :                    ;;; @clobber A
(1)    108A :                    queue_init:
(1)    108A : 7F                         clr     queue_len,x
(1)    108B : 6F 02                      clr     queue_put,x
(1)    108D : 6F 03                      clr     queue_get,x
(1)    108F : A0 04                      sub     #queue_buf
(1)    1091 : E7 01                      sta     queue_size,x
(1)    1093 : 81                         rts
(1)    1094 :
(1)    1094 :                    ;;; [queue] Add an element to queue
(1)    1094 :                    ;;; @param X queue work space pointer
(1)    1094 :                    ;;; @param A an element
(1)    1094 :                    ;;; @return CC.C 0 if queue is full
(1)    1094 :                    queue_add_X:
(1)    1094 :                            rmb     1               ; save X
(1)    1095 :                    queue_add_A:
(1)    1095 :                            rmb     1               ; save X
(1)    1096 :                    queue_add:
(1)    1096 : C7 10 95                   sta     queue_add_A     ; save A
(1)    1099 : F6                         lda     queue_len,x
(1)    109A : E1 01                      cmp     queue_size,x
(1)    109C : 24 1E                      bhs     queue_add_return ; carry is cleared
(1)    109E : 7C                         inc     queue_len,x      ; increment queue length
(1)    109F : E6 02                      lda     queue_put,x      ; 8 bits offset
(1)    10A1 : 4C                         inca
(1)    10A2 : E7 02                      sta     queue_put,x     ; update put pointer
(1)    10A4 : E1 01                      cmp     queue_size,x
(1)    10A6 : 25 02                      blo     queue_add_elem
(1)    10A8 : 6F 02                      clr     queue_put,x
(1)    10AA :                    queue_add_elem:
(1)    10AA : 4A                         deca                    ; restore put pointer
(1)    10AB : AB 04                      add     #queue_buf
(1)    10AD : CF 10 94                   stx     queue_add_X     ; save X
(1)    10B0 : CB 10 94                   add     queue_add_X
(1)    10B3 : 97                         tax
(1)    10B4 : C6 10 95                   lda     queue_add_A
(1)    10B7 : F7                         sta     ,x              ; put element
(1)    10B8 : CE 10 94                   ldx     queue_add_X     ; restore X
(1)    10BB : 99                         sec                     ; set carry
(1)    10BC :                    queue_add_return:
(1)    10BC : C6 10 95                   lda     queue_add_A     ; restore A
(1)    10BF : 81                         rts
(1)    10C0 :
(1)    10C0 :                    ;;; [queue] Remove an element from queue
(1)    10C0 :                    ;;; @param X queue work space pointer
(1)    10C0 :                    ;;; @return A an element
(1)    10C0 :                    ;;; @return CC.C 0 if queue is empty
(1)    10C0 :                    queue_remove_X:
(1)    10C0 :                            rmb     1
(1)    10C1 :                    queue_remove:
(1)    10C1 : 7D                         tst     queue_len,x
(1)    10C2 : 26 02                      bne     queue_remove_has_elem
(1)    10C4 : 98                         clc                     ; clear carry
(1)    10C5 : 81                         rts
(1)    10C6 :                    queue_remove_has_elem:
(1)    10C6 : 7A                         dec     queue_len,x     ; decrement queue length
(1)    10C7 : E6 03                      lda     queue_get,x     ; 8 bits offset
(1)    10C9 : 4C                         inca
(1)    10CA : E7 03                      sta     queue_get,x     ; update get pointer
(1)    10CC : E1 01                      cmp     queue_size,x
(1)    10CE : 25 02                      blo     queue_remove_elem
(1)    10D0 : 6F 03                      clr     queue_get,x
(1)    10D2 :                    queue_remove_elem:
(1)    10D2 : 4A                         deca                    ; restore get pointer
(1)    10D3 : AB 04                      add     #queue_buf
(1)    10D5 : CF 10 C0                   stx     queue_remove_X  ; save X
(1)    10D8 : CB 10 C0                   add     queue_remove_X
(1)    10DB : 97                         tax
(1)    10DC : F6                         lda     ,x              ; get element
(1)    10DD : CE 10 C0                   ldx     queue_remove_X  ; restore X
(1)    10E0 : 99                         sec                     ; set carry
(1)    10E1 :                    queue_remove_return:
(1)    10E1 : 81                         rts
(1)    10E2 :
(1)    10E2 :                    ;;; Local Variables:
(1)    10E2 :                    ;;; mode: asm
(1)    10E2 :                    ;;; End:
(1)    10E2 :                    ;;; vim: set ft=asm et ts=4 sw=4:
       10E2 :
       10E2 :                    isr_irq:
       10E2 : CD 10 17                   jsr     load_ACIA_status
       10E5 : A5 80                      bit     #IRQF_bm
       10E7 : 27 0C                      beq     isr_irq_return
       10E9 :                    isr_irq_receive:
       10E9 : A5 01                      bit     #RDRF_bm
       10EB : 27 08                      beq     isr_irq_recv_end
       10ED : CD 10 29                   jsr     load_ACIA_data
       10F0 : AE 80                      ldx     #rx_queue
       10F2 : CD 10 96                   jsr     queue_add
       10F5 :                    isr_irq_recv_end:
       10F5 :                    isr_irq_return:
       10F5 : 80                         rti
