          0 :                            include "mc68hc05c0.inc"
(1)       0 :                    ;;; -*- mode: asm; mode: flyspell-prog; -*-
(1)       0 :                            include "mc68hc05.inc"
(2)       0 :                    ;;; -*- mode: asm; mode: flyspell-prog; -*-
(2)       0 :                    ;;; MC68HC05
(2)       0 :                            cpu     68hc05
(2)       0 :                    ;;; Condition Code Register (CC)
(2)       0 : =1                 CC_CARRY      equ  %00000001   ; set to 1 if carry occurred
(2)       0 : =2                 CC_ZERO       equ  %00000010   ; set to 1 if result is zero
(2)       0 : =4                 CC_NEGATIVE   equ  %00000100   ; set to 1 if result is negative
(2)       0 : =8                 CC_IRQ        equ  %00001000   ; if 1, IRQ is masked
(2)       0 : =10                CC_HALF_CARRY equ  %00010000   ; if 1, decimal carry from least digit occurred
(2)       0 :                    ;;; Vector
(2)       0 : =FFFA              VEC_IRQ:        equ     $FFFA   ; External Interrupt
(2)       0 : =FFFC              VEC_SWI:        equ     $FFFC   ; Software
(2)       0 : =FFFE              VEC_RESET:      equ     $FFFE   ; Reset
(1)       0 :                    ;;; MC68HC05C0
(1)       0 :                            option  "pc-bits", 16
(1)       0 :                    ;;; Vector
(1)       0 : =FFF2              VEC_KEY:        equ     $FFF2   ; Keyboard Scan
(1)       0 : =FFF4              VEC_MFT:        equ     $FFF4   ; Multi-Function Timer
(1)       0 : =FFF6              VEC_SCI:        equ     $FFF6   ; Serial Communications Interface
(1)       0 : =FFF8              VEC_TIMER:      equ     $FFF8   ; 16-Bit Timer
(1)       0 :
(1)       0 :                    ;;; Internal Register Area
(1)       0 : =1                 PORTB:  equ     $01     ; Port B Data Register
(1)       0 : =2                 PORTC:  equ     $02     ; Port C Data Register
(1)       0 : =3                 PORTD:  equ     $03     ; Port D Data Register
(1)       0 : =5                 DDRB:   equ     $05     ; Port B Data Direction Register
(1)       0 : =6                 DDRC:   equ     $06     ; Port C Data Direction Register
(1)       0 : =7                 DDRD:   equ     $07     ; Port D Data Direction Register
(1)       0 : =8                 MFTCSR: equ     $08     ; Multi-Function Timer Control/Status Register
(1)       0 : =9                 MFTCR:  equ     $09     ; Multi-Function Timer Counter Register
(1)       0 : =A                 TCR:    equ     $0A     ; 16-Bit Timer Control Register
(1)       0 : =B                 TSR:    equ     $0B     ; 16-Bit Timer Status Register
(1)       0 : =C                 ICR:    equ     $0C     ; 16-Bit Timer Input Capture Register
(1)       0 : =E                 OCR:    equ     $0E     ; 16-Bit Timer Output Compare Register
(1)       0 : =10                CNTR:   equ     $10     ; 16-Bit Timer Counter Register
(1)       0 : =12                ACNTR:  equ     $12     ; 16-Bit Timer Alternate Counter Register
(1)       0 : =14                SCBR:   equ     $14     ; Serial Communications Baud Rate Register
(1)       0 : =6                 SCBR_SCP_gp:    equ     6 ; SCI Prescaler; 0=/1 1=/3 2=/4 3=/13
(1)       0 : =3                 SCBR_SCT_gp:    equ     3 ; SCI Transmit Baud Rate; n=1/(1<<n)
(1)       0 : =0                 SCBR_SCR_gp:    equ     0 ; SCI Receive Baud Rate;  0<=n<=7
(1)       0 : =15                SCCR1:  equ     $15     ; Serial Communications Control Register 1
(1)       0 : =7                 SCCR1_R8_bp:    equ     7 ; Receive Data Bit 8
(1)       0 : =6                 SCCR1_T8_bp:    equ     6 ; Transmit Data Bit 8
(1)       0 : =5                 SCCR1_SCKM_bp:  equ     5 ; Serial Clock Mode 0=-PB4 is GPIO
(1)       0 : =4                 SCCR1_M_bp:     equ     4 ; Mode 1=9-bit, 0=8-nit
(1)       0 : =3                 SCCR1_WAKE_bp:  equ     3 ; Wake-Up Select 1=MSB cause wake-up
(1)       0 : =2                 SCCR1_CPOL_bp:  equ     2 ; Clock Polarity
(1)       0 : =1                 SCCR1_CPHL_bp:  equ     1 ; Clock Phase
(1)       0 : =0                 SCCR1_LBCL_bp:  equ     0 ; Last Bit Clock
(1)       0 : =16                SCCR2:  equ     $16     ; Serial Communications Control Register 2
(1)       0 : =7                 SCCR2_TIE_bp:   equ     7 ; Transmit Interrupt Enable
(1)       0 : =6                 SCCR2_TCIE_bp:  equ     6 ; Transmit Complete Interrupt Enable
(1)       0 : =5                 SCCR2_RIE_bp:   equ     5 ; Receive Interrupt Enable
(1)       0 : =4                 SCCR2_ILIE_bp:  equ     4 ; Idle Line Interrupt Enable
(1)       0 : =3                 SCCR2_TE_bp:    equ     3 ; Transmit Enable
(1)       0 : =2                 SCCR2_RE_bp:    equ     2 ; Receive Enable
(1)       0 : =1                 SCCR2_RWU_bp:   equ     1 ; Receiver Wake-up
(1)       0 : =0                 SCCR2_SBK_bp:   equ     0 ; Send Break
(1)       0 : =17                SCSR:   equ     $17     ; Serial Communications Status Register
(1)       0 : =7                 SCSR_TDRE_bp    equ     7 ; Transmit Data Register Empty Flag
(1)       0 : =6                 SCSR_TC_bp:     equ     6 ; Transmit Complete Flag
(1)       0 : =5                 SCSR_RDRF_bp:   equ     5 ; Receive Data Register Full Flag
(1)       0 : =4                 SCSR_IDLE_bp:   equ     4 ; Idle Line Detected Flag
(1)       0 : =3                 SCSR_OR_bp:     equ     3 ; Overrun Error Flag
(1)       0 : =2                 SCSR_NF_bp:     equ     2 ; Noise Error Flag
(1)       0 : =1                 SCSR_FE_bp      equ     1 ; Framing Error Flag
(1)       0 : =18                SCDR:   equ     $18     ; Serial Communications Data Register
(1)       0 : =19                CNFGR:  equ     $19     ; Configuration Register
(1)       0 : =1A                EICSR:  equ     $1A     ; External Interrupt Control/Status Register
(1)       0 : =7                 EICSR_KSF_bp:   equ     7 ; Keyboard Scan Request Flag
(1)       0 : =6                 EICSR_KSEN_bp:  equ     6 ; Keyboard Scan Enable
(1)       0 : =5                 EICSR_KSA_bp:   equ     5 ; Keyboard Scan Acknowledge
(1)       0 : =4                 EICSR_KSEL_bp:  equ     4 ; Keyboard Scan Edge/Level
(1)       0 : =3                 EICSR_IRQF_bp:  equ     3 ; Interrupt Request Flag
(1)       0 : =2                 EICSR_IRQEN_bp: equ     2 ; Interrupt Request Enable
(1)       0 : =1                 EICSR_IRQA_bp:  equ     1 ; Interrupt Request Acknowledge
(1)       0 : =0                 EICSR_IRQEL_bp: equ     0 ; Interrupt Request Edge/Level
(1)       0 :
(1)       0 : =40                RAM_START:      equ     $0040   ; Internal RAM $0040-$023F
(1)       0 : =FF                STACK_TOP:      equ     $00FF   ; Stack $00FF->$0040
          0 :
          0 :                    ;;; MC6850 Asynchronous Communication Interface Adapter
          0 : =FFE0              ACIA:   equ     $FFE0
          0 : =FFE0              ACIA_HC05:      equ     ACIA   ; for ../mc6805/cputype.inc
          0 :                            include "../mc6800/mc6850.inc"
(1)       0 :                    ;;; -*- mode: asm; mode: flyspell-prog; -*-
(1)       0 :
(1)       0 :                    ;;; MC6850
(1)       0 :                    ;;; Asynchronous Communication Interface Adapter
(1)       0 :
(1)       0 :                    ;;; Control register
(1)       0 : =FFE0              ACIA_control:   equ     ACIA+0
(1)       0 :                            ;; Counter Divider Select Bits
(1)       0 : =3                 CDS_gm:         equ     %11    ; Group mask
(1)       0 : =0                 CDS_DIV1_gc:    equ     %00000000 ; /1
(1)       0 : =1                 CDS_DIV16_gc:   equ     %00000001 ; /16
(1)       0 : =2                 CDS_DIV64_gc:   equ     %00000010 ; /64
(1)       0 : =3                 CDS_RESET_gc:   equ     %00000011 ; Master Reset
(1)       0 :                            ;; Word Select Bits
(1)       0 : =1C                WSB_gm:         equ     %00011100 ; Group mask
(1)       0 : =0                 WSB_7E2_gc:     equ     %00000000 ; 7 Bits + Even Parity + 2 Stop Bits
(1)       0 : =4                 WSB_7O2_gc:     equ     %00000100 ; 7 bits + Odd Parity  + 2 Stop Bits
(1)       0 : =8                 WSB_7E1_gc:     equ     %00001000 ; 7 bits + Even Parity + 1 Stop Bits
(1)       0 : =C                 WSB_7O1_gc:     equ     %00001100 ; 7 bits + Odd Parity  + 1 Stop Bits
(1)       0 : =10                WSB_8N2_gc:     equ     %00010000 ; 8 bits + No Parity   + 2 Stop Bits
(1)       0 : =14                WSB_8N1_gc:     equ     %00010100 ; 8 bits + No Parity   + 1 Stop Bits
(1)       0 : =18                WSB_8E1_gc:     equ     %00011000 ; 8 bits + Even Parity + 1 Stop Bits
(1)       0 : =1C                WSB_8O1_gc:     equ     %00011100 ; 8 bits + Odd Parity  + 1 Stop Bits
(1)       0 :                            ;; Transmit Control Bits
(1)       0 : =60                TCB_gm:         equ     %01100000 ; Group mask
(1)       0 : =0                 TCB_DI_gc:      equ     %00000000 ; RTS=Low,  Tx Interrupt Disabled
(1)       0 : =20                TCB_EI_gc:      equ     %00100000 ; RTS=Low,  Tx Interrupt Enabled
(1)       0 : =40                TCB_RTS_gc:     equ     %01000000 ; RTS=High, Tx Interrupt Disabled
(1)       0 : =60                TCB_BREAK_gc:   equ     %01100000 ; RTS=Low,  Tx Interrupt Disabled
(1)       0 :                                                      ; Transmit Break Level
(1)       0 : =80                RIEB_bm:        equ     %10000000 ; Receive Interrupt Enable Bit mask
(1)       0 :
(1)       0 :                    ;;; Status register
(1)       0 : =FFE0              ACIA_status:    equ     ACIA+0
(1)       0 : =1                 RDRF_bm:        equ     %00000001 ; Receive Data Register Full
(1)       0 : =2                 TDRE_bm:        equ     %00000010 ; Transmit Data Register Empty
(1)       0 : =4                 DCDF_bm:        equ     %00000100 ; Data Carrier Detect Flag
(1)       0 : =8                 CTSF_bm:        equ     %00001000 ; Clear To Send Flag
(1)       0 : =10                FERR_bm:        equ     %00010000 ; Frame Error Flag
(1)       0 : =20                OVRN_bm:        equ     %00100000 ; Receiver Overrun Flag
(1)       0 : =40                PERR_bm:        equ     %01000000 ; Parity Error Flag
(1)       0 : =80                IRQF_bm:        equ     %10000000 ; Interrupt Request Flag
(1)       0 :
(1)       0 :                    ;;; Data register
(1)       0 : =FFE1              ACIA_data:      equ     ACIA+1          ; Data register
          0 :
          0 : =10                rx_queue_size:  equ     16
          0 : =20                tx_queue_size:  equ     32
          0 : =94                RX_INT_TX_NO:   equ     WSB_8N1_gc|RIEB_bm
          0 : =B4                RX_INT_TX_INT:  equ     WSB_8N1_gc|RIEB_bm|TCB_EI_gc
          0 :
         80 :                            org     $80
         80 :                    ;;; Working space for mandelbrot.inc
         80 : =32                F:      equ     50
         80 :                    vC:     rmb     2
         82 :                    vD:     rmb     2
         84 :                    vA:     rmb     2
         86 :                    vB:     rmb     2
         88 :                    vS:     rmb     2
         8A :                    vP:     rmb     2
         8C :                    vQ:     rmb     2
         8E :                    vT:     rmb     2
         90 :                    vY:     rmb     1
         91 :                    vX:     rmb     1
         92 :                    vI:     rmb     1
         93 :
         93 :                    ;;; Working space for arith.inc
         93 :                    R0:
         93 :                    R0H:    rmb     1
         94 :                    R0L:    rmb     1
         95 :                    R1:
         95 :                    R1H:    rmb     1
         96 :                    R1L:    rmb     1
         97 :                    R2:
         97 :                    R2H:    rmb     1
         98 :                    R2L:    rmb     1
         99 :                    arith_work:
         99 :                            rmb     1
         9A :                    SP:     rmb     1
         9B :
         9B :                    cputype:
         9B :                            rmb     1
         9C :                    save_a: rmb     1
         9D :                    save_x: rmb     1
         9E :                    rx_queue:
         9E :                            rmb     rx_queue_size
         AE :                    tx_queue:
         AE :                            rmb     tx_queue_size
         CE :
        100 :                            org     $0100
        100 :                    stack:  rmb     20
        114 :
       FFFA :                            org     VEC_IRQ
       FFFA : 14 72                      fdb     isr_irq
       FFFC :
       FFFC :                            org     VEC_SWI
       FFFC : FF FC                      fdb     VEC_SWI         ; halt to system
       FFFE :
       FFFE :                            org     VEC_RESET
       FFFE : 10 00                      fdb     initialize
      10000 :
       1000 :                            org     $1000
       1000 :                    initialize:
       1000 :                            include "../mc6805/cputype.inc"
(1)    1000 :                    ;;; -*- mode: asm; mode: flyspell-prog; -*-
(1)    1000 : =FFE0              HC05_control:   equ     ACIA_HC05+(ACIA_control-ACIA)
(1)    1000 : =FFE0              HC05_status:    equ     ACIA_HC05+(ACIA_status-ACIA)
(1)    1000 : =FFE1              HC05_data:      equ     ACIA_HC05+(ACIA_data-ACIA)
(1)    1000 : =FFFF              COP_RESET:      equ     $FFFF   ; MC68HC08 COP; the COP is a mask option there
(1)    1000 : 9C                         rsp                     ; 6805:SP=$7F. 68HC05:SP=$FF
(1)    1001 : 3F 9B                      clr     cputype
(1)    1003 : 3F 7E                      clr     $7E             ; clear return address of 6805
(1)    1005 : 3F FE                      clr     $FE             ; clear return address of 68HC05
(1)    1007 : AD 38                      bsr     check_cpu
(1)    1009 : 20 3D                      bra     continue
(1)    100B :                    store_ACIA_control:
(1)    100B : 3D 9B                      tst     cputype
(1)    100D : 26 04                      bne     *+6
(1)    100F : C7 FF E0                   sta     ACIA_control
(1)    1012 : 81                         rts
(1)    1013 : C7 FF E0                   sta     HC05_control
(1)    1016 : 81                         rts
(1)    1017 :                    load_ACIA_status:
(1)    1017 : 3D 9B                      tst     cputype
(1)    1019 : 26 04                      bne     load_ACIA_status_hc05
(1)    101B : C6 FF E0                   lda     ACIA_status
(1)    101E : 81                         rts
(1)    101F :                    load_ACIA_status_hc05:
(1)    101F : C6 FF FF                   lda     COP_RESET       ; service the MC68HC08's COP, a mask option
(1)    1022 : C7 FF FF                   sta     COP_RESET
(1)    1025 : C6 FF E0                   lda     HC05_status
(1)    1028 : 81                         rts
(1)    1029 :                    load_ACIA_data:
(1)    1029 : 3D 9B                      tst     cputype
(1)    102B : 26 04                      bne     *+6
(1)    102D : C6 FF E1                   lda     ACIA_data
(1)    1030 : 81                         rts
(1)    1031 : C6 FF E1                   lda     HC05_data
(1)    1034 : 81                         rts
(1)    1035 :                    store_ACIA_data:
(1)    1035 : 3D 9B                      tst     cputype
(1)    1037 : 26 04                      bne     *+6
(1)    1039 : C7 FF E1                   sta     ACIA_data
(1)    103C : 81                         rts
(1)    103D : C7 FF E1                   sta     HC05_data
(1)    1040 : 81                         rts
(1)    1041 :                    check_cpu:
(1)    1041 : 3D 7E                      tst     $7E
(1)    1043 : 26 02                      bne     cpu6805         ; found return address at 6805 stack
(1)    1045 : 3C 9B                      inc     cputype         ; 0:6805, 1:68HC05
(1)    1047 :                    cpu6805:
(1)    1047 : 81                         rts
(1)    1048 :                    continue:
       1048 : AE 9E                      ldx     #rx_queue
       104A : A6 10                      lda     #rx_queue_size
       104C : CD 14 1A                   jsr     queue_init
       104F : AE AE                      ldx     #tx_queue
       1051 : A6 20                      lda     #tx_queue_size
       1053 : CD 14 1A                   jsr     queue_init
       1056 :                            ;; initialize ACIA
       1056 : A6 03                      lda     #CDS_RESET_gc   ; master reset
       1058 : CD 10 0B                   jsr     store_ACIA_control
       105B : A6 94                      lda     #RX_INT_TX_NO
       105D : CD 10 0B                   jsr     store_ACIA_control
       1060 : 9A                         cli                     ; enable IRQ
       1061 :
       1061 : 3F 9A                      clr     SP
       1063 :                    loop:
       1063 : CD 10 AD                   jsr     mandelbrot
       1066 : CD 10 77                   jsr     newline
       1069 : 20 F8                      bra     loop
       106B :
       106B :                    ;;; Get character
       106B :                    ;;; @clobber X
       106B :                    ;;; @return A
       106B :                    ;;; @return CC.C 0 if no char received
       106B :                    getchar:
       106B : AE 9E                      ldx     #rx_queue
       106D : 9B                         sei                     ; disable IRQ
       106E : CD 14 51                   jsr     queue_remove
       1071 : 9A                         cli                     ; enable IRQ
       1072 : 81                         rts
       1073 :
       1073 :                    ;;; Put character
       1073 :                    ;;; @param A
       1073 :                    ;;; @clobber A
       1073 :                    putspace:
       1073 : A6 20                      lda     #' '
       1075 : 20 06                      bra     putchar
       1077 :                    newline:
       1077 : A6 0D                      lda     #$0D
       1079 : AD 02                      bsr     putchar
       107B : A6 0A                      lda     #$0A
       107D :                    putchar:
       107D : BF 9D                      stx     save_x          ; save X
       107F : AE AE                      ldx     #tx_queue
       1081 :                    putchar_retry:
       1081 : 9B                         sei                     ; disable IRQ
       1082 : CD 14 26                   jsr     queue_add
       1085 : 9A                         cli                     ; enable IRQ
       1086 : 24 F9                      bcc     putchar_retry   ; branch if queue is full
       1088 : A6 B4                      lda     #RX_INT_TX_INT  ; enable Tx interrupt
       108A : CD 10 0B                   jsr     store_ACIA_control
       108D :                    putchar_exit:
       108D : BE 9D                      ldx     save_x          ; restore X
       108F : 81                         rts
       1090 :
       1090 :                            include "../mc6805/mandelbrot.inc"
(1)    1090 :                    ;;; -*- mode: asm; mode: flyspell-prog; -*-
(1)    1090 :                    ;;; Print variable: "A=variable "
(1)    1090 :                    ;;; @param R1 variable
(1)    1090 :                    ;;; @param A variable letter
(1)    1090 :                    ;;; @clobber R0
(1)    1090 :                    print:
(1)    1090 : CD 10 7D                   jsr     putchar         ; print variable letter
(1)    1093 : A6 3D                      lda     #'='
(1)    1095 : CD 10 7D                   jsr     putchar         ; '='
(1)    1098 : BE 95                      ldx     R1H
(1)    109A : B6 96                      lda     R1L
(1)    109C : BF 93                      stx     R0H
(1)    109E : B7 94                      sta     R0L
(1)    10A0 : CD 12 B7                   jsr     print_int16
(1)    10A3 : CC 10 73                   jmp     putspace
(1)    10A6 :
(1)    10A6 :                    ;;; Sign extend 80bit value
(1)    10A6 :                    ;;; @param A variable
(1)    10A6 :                    ;;; @param CC condition of A
(1)    10A6 :                    ;;; @return X:A value
(1)    10A6 :                    sex_A:
(1)    10A6 : 2B 02                      bmi     sex_A_negative
(1)    10A8 : 5F                         clrx
(1)    10A9 : 81                         rts
(1)    10AA :                    sex_A_negative:
(1)    10AA : AE FF                      ldx     #-1
(1)    10AC : 81                         rts
(1)    10AD :
(1)    10AD :                    mandelbrot:
(1)    10AD : A6 F4                      lda     #-12
(1)    10AF : B7 90                      sta     vY              ; Y=-12
(1)    10B1 :                    loop_y:
(1)    10B1 : A6 CF                      lda     #-49
(1)    10B3 : B7 91                      sta     vX              ; X=-49
(1)    10B5 :                    loop_x:
(1)    10B5 : B6 91                      lda     vX
(1)    10B7 : CD 10 A6                   jsr     sex_A
(1)    10BA : CD 12 E4                   jsr     set_R1          ; R1=X
(1)    10BD : 5F                         clrx
(1)    10BE : A6 E5                      lda     #229
(1)    10C0 : CD 12 E9                   jsr     set_R2          ; R2=229
(1)    10C3 : CD 13 6F                   jsr     mul16           ; R0=X*229
(1)    10C6 : CD 12 E4                   jsr     set_R1
(1)    10C9 : 5F                         clrx
(1)    10CA : A6 64                      lda     #100
(1)    10CC : CD 12 E9                   jsr     set_R2          ; R2=100
(1)    10CF : CD 13 E6                   jsr     div16           ; R0=X*229/100
(1)    10D2 : BF 80                      stx     vC
(1)    10D4 : B7 81                      sta     vC+1            ; C=X*229/100
(1)    10D6 : BF 84                      stx     vA
(1)    10D8 : B7 85                      sta     vA+1            ; A=C
(1)    10DA : B6 90                      lda     vY
(1)    10DC : CD 10 A6                   jsr     sex_A
(1)    10DF : CD 12 E4                   jsr     set_R1          ; R1=Y
(1)    10E2 : AE 01                      ldx     #416>>8
(1)    10E4 : A6 A0                      lda     #416&255
(1)    10E6 : CD 12 E9                   jsr     set_R2          ; R2=416
(1)    10E9 : CD 13 6F                   jsr     mul16           ; R0=Y*416
(1)    10EC : CD 12 E4                   jsr     set_R1
(1)    10EF : 5F                         clrx
(1)    10F0 : A6 64                      lda     #100
(1)    10F2 : CD 12 E9                   jsr     set_R2          ; R2=100
(1)    10F5 : CD 13 E6                   jsr     div16           ; R0=Y*416/100
(1)    10F8 : BF 82                      stx     vD
(1)    10FA : B7 83                      sta     vD+1            ; D=Y*416/100
(1)    10FC : BF 86                      stx     vB
(1)    10FE : B7 87                      sta     vB+1            ; B=D
(1)    1100 : 3F 92                      clr     vI              ; I=0
(1)    1102 :
(1)    1102 :                            ;; lda     vY              ; Y
(1)    1102 :                            ;; jsr     sex_A
(1)    1102 :                            ;; jsr     set_R1
(1)    1102 :                            ;; lda     #'Y'
(1)    1102 :                            ;; jsr     print
(1)    1102 :                            ;; lda     vX              ; X
(1)    1102 :                            ;; jsr     sex_A
(1)    1102 :                            ;; jsr     set_R1
(1)    1102 :                            ;; lda     #'X'
(1)    1102 :                            ;; jsr     print
(1)    1102 :                            ;; ldx     vC              ; C
(1)    1102 :                            ;; lda     vC+1
(1)    1102 :                            ;; jsr     set_R1
(1)    1102 :                            ;; lda     #'C'
(1)    1102 :                            ;; jsr     print
(1)    1102 :                            ;; ldx     vD              ; D
(1)    1102 :                            ;; lda     vD+1
(1)    1102 :                            ;; jsr     set_R1
(1)    1102 :                            ;; lda     #'D'
(1)    1102 :                            ;; jsr     print
(1)    1102 :                            ;; jsr     newline
(1)    1102 :
(1)    1102 :                    loop_i:
(1)    1102 : 3D 9B                      tst     cputype
(1)    1104 : 27 06                      beq     loop_i_6805           ; the 6805's $FFFF is its reset vector
(1)    1106 : C6 FF FF                   lda     COP_RESET       ; service the MC68HC08's COP, a mask option
(1)    1109 : C7 FF FF                   sta     COP_RESET
(1)    110C :                    loop_i_6805:
(1)    110C : BE 86                      ldx     vB
(1)    110E : B6 87                      lda     vB+1
(1)    1110 : CD 12 E4                   jsr     set_R1          ; R1=B
(1)    1113 : 5F                         clrx
(1)    1114 : A6 32                      lda     #F
(1)    1116 : CD 12 E9                   jsr     set_R2          ; R2=F
(1)    1119 : CD 13 E6                   jsr     div16           ; R0=B/F
(1)    111C : BF 8C                      stx     vQ
(1)    111E : B7 8D                      sta     vQ+1            ; Q=B/F
(1)    1120 : CD 12 E4                   jsr     set_R1          ; R1=Q
(1)    1123 : 5F                         clrx
(1)    1124 : A6 32                      lda     #F
(1)    1126 : CD 12 E9                   jsr     set_R2          ; R2=F
(1)    1129 : CD 13 6F                   jsr     mul16           ; R0=Q*F
(1)    112C : CD 12 E9                   jsr     set_R2          ; R2=Q*F
(1)    112F : BE 86                      ldx     vB
(1)    1131 : B6 87                      lda     vB+1
(1)    1133 : CD 12 E4                   jsr     set_R1          ; R1=B
(1)    1136 : CD 13 1D                   jsr     sub16           ; R0=B-Q*F
(1)    1139 : BF 88                      stx     vS
(1)    113B : B7 89                      sta     vS+1            ; S=B-Q*F
(1)    113D : BE 84                      ldx     vA
(1)    113F : B6 85                      lda     vA+1
(1)    1141 : CD 12 E4                   jsr     set_R1          ; R1=A
(1)    1144 : CD 12 E9                   jsr     set_R2          ; R2=A
(1)    1147 : CD 13 6F                   jsr     mul16           ; R0=A*A
(1)    114A : CD 12 EE                   jsr     push_XA         ; push A*A
(1)    114D : BE 86                      ldx     vB
(1)    114F : B6 87                      lda     vB+1
(1)    1151 : CD 12 E4                   jsr     set_R1          ; R1=B
(1)    1154 : CD 12 E9                   jsr     set_R2          ; R2=B
(1)    1157 : CD 13 6F                   jsr     mul16           ; R0=B*B
(1)    115A : CD 12 E9                   jsr     set_R2          ; R2=B*B
(1)    115D : CD 13 00                   jsr     pull_XA
(1)    1160 : CD 12 E4                   jsr     set_R1          ; R1=A*A
(1)    1163 : CD 13 1D                   jsr     sub16           ; R0=A*A-B*B
(1)    1166 : CD 12 E4                   jsr     set_R1          ; R1=A*A-B*B
(1)    1169 : 5F                         clrx
(1)    116A : A6 32                      lda     #F
(1)    116C : CD 12 E9                   jsr     set_R2          ; R2=F
(1)    116F : CD 13 E6                   jsr     div16           ; R0=(A*A-B*B)/F
(1)    1172 : CD 12 E4                   jsr     set_R1          ; R1=(A*A-B*B)/F
(1)    1175 : BE 80                      ldx     vC
(1)    1177 : B6 81                      lda     vC+1
(1)    1179 : CD 12 E9                   jsr     set_R2          ; R2=C
(1)    117C : CD 13 0D                   jsr     add16           ; R0=(A*A-B*B)/F+C
(1)    117F : CD 12 EE                   jsr     push_XA         ; push (A*A-B*B)/F+C
(1)    1182 : BE 84                      ldx     vA
(1)    1184 : B6 85                      lda     vA+1
(1)    1186 : CD 12 E4                   jsr     set_R1          ; R1=A
(1)    1189 : BE 8C                      ldx     vQ
(1)    118B : B6 8D                      lda     vQ+1
(1)    118D : CD 12 E9                   jsr     set_R2          ; R2=Q
(1)    1190 : CD 13 6F                   jsr     mul16           ; R0=A*Q
(1)    1193 : CD 12 EE                   jsr     push_XA         ; push A*Q
(1)    1196 : BE 84                      ldx     vA
(1)    1198 : B6 85                      lda     vA+1
(1)    119A : CD 12 E4                   jsr     set_R1          ; R1=A
(1)    119D : BE 88                      ldx     vS
(1)    119F : B6 89                      lda     vS+1
(1)    11A1 : CD 12 E9                   jsr     set_R2          ; R2=S
(1)    11A4 : CD 13 6F                   jsr     mul16           ; R0=A*S
(1)    11A7 : CD 12 E4                   jsr     set_R1          ; R1=A*S
(1)    11AA : 5F                         clrx
(1)    11AB : A6 32                      lda     #F
(1)    11AD : CD 12 E9                   jsr     set_R2          ; R2=F
(1)    11B0 : CD 13 E6                   jsr     div16           ; R0=A*S/F
(1)    11B3 : CD 12 E9                   jsr     set_R2          ; R2=A*S/F
(1)    11B6 : CD 13 00                   jsr     pull_XA         ; pull A*Q
(1)    11B9 : CD 12 E4                   jsr     set_R1          ; R1=A*Q
(1)    11BC : CD 13 0D                   jsr     add16           ; R0=A*Q+A*S/F
(1)    11BF : CD 12 E4                   jsr     set_R1          ; R1=A*Q+A*S/F
(1)    11C2 : CD 12 E9                   jsr     set_R2          ; R2=A*Q+A*S/F
(1)    11C5 : CD 13 0D                   jsr     add16           ; R0=2*(A*Q+A*S/F)
(1)    11C8 : CD 12 E4                   jsr     set_R1          ; R1=2*(A*Q+A*S/F)
(1)    11CB : BE 82                      ldx     vD
(1)    11CD : B6 83                      lda     vD+1
(1)    11CF : CD 12 E9                   jsr     set_R2          ; R2=D
(1)    11D2 : CD 13 0D                   jsr     add16           ; R0=2*(A*Q+A*S/F)+D
(1)    11D5 : BF 86                      stx     vB
(1)    11D7 : B7 87                      sta     vB+1            ; B=2*(A*Q+A*S/F)+D
(1)    11D9 : CD 13 00                   jsr     pull_XA         ; pull (A*A-B*B)/F+C
(1)    11DC : BF 84                      stx     vA
(1)    11DE : B7 85                      sta     vA+1            ; A=(A*A-B*B)/F+C
(1)    11E0 : CD 12 E4                   jsr     set_R1          ; R1=A
(1)    11E3 : 5F                         clrx
(1)    11E4 : A6 32                      lda     #F
(1)    11E6 : CD 12 E9                   jsr     set_R2          ; R2=F
(1)    11E9 : CD 13 E6                   jsr     div16           ; R0=A/F
(1)    11EC : BF 8A                      stx     vP
(1)    11EE : B7 8B                      sta     vP+1            ; P=A/F
(1)    11F0 : CD 12 E4                   jsr     set_R1
(1)    11F3 : CD 12 E9                   jsr     set_R2
(1)    11F6 : CD 13 6F                   jsr     mul16           ; R0=P*P
(1)    11F9 : CD 12 EE                   jsr     push_XA         ; push P*P
(1)    11FC : BE 86                      ldx     vB
(1)    11FE : B6 87                      lda     vB+1
(1)    1200 : CD 12 E4                   jsr     set_R1          ; R1=B
(1)    1203 : 5F                         clrx
(1)    1204 : A6 32                      lda     #F
(1)    1206 : CD 12 E9                   jsr     set_R2          ; R2=F
(1)    1209 : CD 13 E6                   jsr     div16           ; R0=B/F
(1)    120C : BF 8C                      stx     vQ
(1)    120E : B7 8D                      sta     vQ+1            ; Q=B/F
(1)    1210 : CD 12 E4                   jsr     set_R1
(1)    1213 : CD 12 E9                   jsr     set_R2
(1)    1216 : CD 13 6F                   jsr     mul16           ; R0=Q*Q
(1)    1219 : CD 12 E9                   jsr     set_R2          ; R2=Q*Q
(1)    121C : CD 13 00                   jsr     pull_XA         ; pull P*P
(1)    121F : CD 12 E4                   jsr     set_R1          ; R1=P*P
(1)    1222 : CD 13 0D                   jsr     add16           ; R0=P*P+Q*Q
(1)    1225 : BF 8E                      stx     vT
(1)    1227 : B7 8F                      sta     vT+1            ; T=P*P+Q*Q
(1)    1229 :
(1)    1229 :                            ;; jsr     putspace
(1)    1229 :                            ;; lda     vI              ; I
(1)    1229 :                            ;; jsr     sex_A
(1)    1229 :                            ;; jsr     set_R1
(1)    1229 :                            ;; lda     #'I'
(1)    1229 :                            ;; jsr     print
(1)    1229 :                            ;; ldx     vA              ; A
(1)    1229 :                            ;; lda     vA+1
(1)    1229 :                            ;; jsr     set_R1
(1)    1229 :                            ;; lda     #'A'
(1)    1229 :                            ;; jsr     print
(1)    1229 :                            ;; ldx     vB              ; B
(1)    1229 :                            ;; lda     vB+1
(1)    1229 :                            ;; jsr     set_R1
(1)    1229 :                            ;; lda     #'B'
(1)    1229 :                            ;; jsr     print
(1)    1229 :                            ;; ldx     vP              ; P
(1)    1229 :                            ;; lda     vP+1
(1)    1229 :                            ;; jsr     set_R1
(1)    1229 :                            ;; lda     #'P'
(1)    1229 :                            ;; jsr     print
(1)    1229 :                            ;; ldx     vQ              ; Q
(1)    1229 :                            ;; lda     vQ+1
(1)    1229 :                            ;; jsr     set_R1
(1)    1229 :                            ;; lda     #'Q'
(1)    1229 :                            ;; jsr     print
(1)    1229 :                            ;; ldx     vT              ; T
(1)    1229 :                            ;; lda     vT+1
(1)    1229 :                            ;; jsr     set_R1
(1)    1229 :                            ;; lda     #'T'
(1)    1229 :                            ;; jsr     print
(1)    1229 :                            ;; jsr     newline
(1)    1229 :
(1)    1229 : BE 8E                      ldx     vT
(1)    122B : B6 8F                      lda     vT+1
(1)    122D : CD 12 E9                   jsr     set_R2          ; R2=T
(1)    1230 : 5F                         clrx
(1)    1231 : A6 04                      lda     #4
(1)    1233 : CD 12 E4                   jsr     set_R1          ; R1=4
(1)    1236 : CD 13 2D                   jsr     cmp16           ; compare 4 and Q*Q+P*P
(1)    1239 : 2B 0F                      bmi     print_i         ; if 4<P*P+Q*Q
(1)    123B : 3C 92                      inc     vI              ; I+=1
(1)    123D : B6 92                      lda     vI
(1)    123F : A1 10                      cmp     #16
(1)    1241 : 2A 03                      bpl     print_space
(1)    1243 : CC 11 02                   jmp     loop_i          ; if I<16
(1)    1246 :                    print_space:
(1)    1246 : A6 20                      lda     #' '
(1)    1248 : 20 0C                      bra     print_char
(1)    124A :                    print_i:
(1)    124A : B6 92                      lda     vI
(1)    124C : A0 0A                      sub     #10
(1)    124E : 2A 04                      bpl     print_i2       ; if I>=10
(1)    1250 : AB 3A                      add     #10+'0'
(1)    1252 : 20 02                      bra     print_char
(1)    1254 :                    print_i2:
(1)    1254 : AB 41                      add     #'A'
(1)    1256 :                    print_char:
(1)    1256 : CD 10 7D                   jsr     putchar
(1)    1259 :
(1)    1259 :                            ;; sta     arith_work
(1)    1259 :                            ;; lda     #'@'
(1)    1259 :                            ;; jsr     putchar
(1)    1259 :                            ;; lda     #'='
(1)    1259 :                            ;; jsr     putchar
(1)    1259 :                            ;; lda     arith_work
(1)    1259 :                            ;; jsr     putchar
(1)    1259 :                            ;; jsr     newline
(1)    1259 :
(1)    1259 : CD 10 6B                   jsr     getchar
(1)    125C : 24 04                      bcc     next_x
(1)    125E : 4D                         tsta
(1)    125F : 26 01                      bne     next_x
(1)    1261 : 83                         swi                     ; halt to system
(1)    1262 :                    next_x:
(1)    1262 : 3C 91                      inc     vX              ; X+=1
(1)    1264 : B6 91                      lda     vX
(1)    1266 : A1 1E                      cmp     #30
(1)    1268 : 2A 03                      bpl     next_y
(1)    126A : CC 10 B5                   jmp     loop_x          ; if X<30
(1)    126D :                    next_y:
(1)    126D : CD 10 77                   jsr     newline
(1)    1270 : 3C 90                      inc     vY              ; Y+=1
(1)    1272 : B6 90                      lda     vY
(1)    1274 : A1 0D                      cmp     #13
(1)    1276 : 2A 03                      bpl     mandelbrot_end
(1)    1278 : CC 10 B1                   jmp     loop_y          ; if Y<13
(1)    127B :                    mandelbrot_end:
(1)    127B : 81                         rts
       127C :                            include "arith.inc"
(1)    127C :                    ;;; -*- mode: asm; mode: flyspell-prog; -*-
(1)    127C :                    ;;; Print unsigned 16-bit integer as decimal
(1)    127C :                    ;;; @param R0 value
(1)    127C :                    ;;; @clobber A X R0 R1 R2
(1)    127C :                    print_uint16:
(1)    127C : 5F                         clrx
(1)    127D :                    print_uint16_loop:
(1)    127D : B6 93                      lda     R0H
(1)    127F : B7 95                      sta     R1H
(1)    1281 : B6 94                      lda     R0L
(1)    1283 : B7 96                      sta     R1L             ; dividend = value
(1)    1285 : BA 93                      ora     R0H
(1)    1287 : 27 13                      beq     print_uint16_zero ; branch if value == 0
(1)    1289 : 3F 97                      clr     R2H
(1)    128B : A6 0A                      lda     #10
(1)    128D : B7 98                      sta     R2L             ; divisor=10
(1)    128F : CD 13 9F                   jsr     udiv16          ; R0=value/10
(1)    1292 : B6 96                      lda     R1L
(1)    1294 : AA 30                      ora     #'0'
(1)    1296 : D7 12 AF                   sta     print_uint16_buf,x
(1)    1299 : 5C                         incx
(1)    129A : 20 E1                      bra     print_uint16_loop
(1)    129C :                    print_uint16_zero:
(1)    129C : 5D                         tstx
(1)    129D : 26 05                      bne     print_uint16_print
(1)    129F : A6 30                      lda     #'0'
(1)    12A1 : CC 10 7D                   jmp     putchar
(1)    12A4 :                    print_uint16_print:
(1)    12A4 : 5A                         decx
(1)    12A5 : D6 12 AF                   lda     print_uint16_buf,x
(1)    12A8 : CD 10 7D                   jsr     putchar
(1)    12AB : 5D                         tstx
(1)    12AC : 26 F6                      bne     print_uint16_print
(1)    12AE : 81                         rts
(1)    12AF :                    print_uint16_buf:
(1)    12AF :                            rmb     8
(1)    12B7 :
(1)    12B7 :                    ;;; Print signed 16-bit integer as decimal
(1)    12B7 :                    ;;; @param R0 value
(1)    12B7 :                    ;;; @clobber A X R0
(1)    12B7 :                    print_int16:
(1)    12B7 : BE 95                      ldx     R1H
(1)    12B9 : B6 96                      lda     R1L
(1)    12BB : AD 31                      bsr     push_XA         ; push R1
(1)    12BD : BE 97                      ldx     R2H
(1)    12BF : B6 98                      lda     R2L
(1)    12C1 : AD 2B                      bsr     push_XA         ; push R2
(1)    12C3 : B6 93                      lda     R0H
(1)    12C5 : 2A 0E                      bpl     print_int16_print
(1)    12C7 : A6 2D                      lda     #'-'
(1)    12C9 : CD 10 7D                   jsr     putchar
(1)    12CC : B6 93                      lda     R0H
(1)    12CE : 40                         nega
(1)    12CF : 30 94                      neg     R0L
(1)    12D1 : A2 00                      sbc     #0
(1)    12D3 : B7 93                      sta     R0H
(1)    12D5 :                    print_int16_print:
(1)    12D5 : AD A5                      bsr     print_uint16
(1)    12D7 : AD 27                      bsr     pull_XA         ; pull R2
(1)    12D9 : BF 97                      stx     R2H
(1)    12DB : B7 98                      sta     R2L
(1)    12DD : AD 21                      bsr     pull_XA         ; pull R1
(1)    12DF : BF 95                      stx     R1H
(1)    12E1 : B7 96                      sta     R1L
(1)    12E3 : 81                         rts
(1)    12E4 :
(1)    12E4 :                    ;;; Set value to R1
(1)    12E4 :                    ;;; @param X high(value)
(1)    12E4 :                    ;;; @param A low(value)
(1)    12E4 :                    set_R1:
(1)    12E4 : BF 95                      stx     R1H
(1)    12E6 : B7 96                      sta     R1L
(1)    12E8 : 81                         rts
(1)    12E9 :
(1)    12E9 :                    ;;; Set value to R2
(1)    12E9 :                    ;;; @param X high(value)
(1)    12E9 :                    ;;; @param A low(value)
(1)    12E9 :                    set_R2:
(1)    12E9 : BF 97                      stx     R2H
(1)    12EB : B7 98                      sta     R2L
(1)    12ED : 81                         rts
(1)    12EE :
(1)    12EE :                    ;;; Push X:A
(1)    12EE :                    ;;; @param X:A value
(1)    12EE :                    ;;; @clobber X:A
(1)    12EE :                    push_XA:
(1)    12EE : B7 99                      sta     arith_work      ; save A
(1)    12F0 : 9F                         txa
(1)    12F1 : BE 9A                      ldx     SP
(1)    12F3 : D7 01 00                   sta     stack,X         ; push high(value))
(1)    12F6 : B6 99                      lda     arith_work
(1)    12F8 : D7 01 01                   sta     stack+1,X       ; push low(register)
(1)    12FB : 5C                         incx
(1)    12FC : 5C                         incx
(1)    12FD : BF 9A                      stx     SP              ; update stack pointer
(1)    12FF : 81                         rts
(1)    1300 :
(1)    1300 :                    ;;; Pull X:A
(1)    1300 :                    ;;; @return X:A value
(1)    1300 :                    pull_XA:
(1)    1300 : BE 9A                      ldx     SP
(1)    1302 : 5A                         decx
(1)    1303 : 5A                         decx
(1)    1304 : BF 9A                      stx     SP              ; update stack pointer
(1)    1306 : D6 01 01                   lda     stack+1,X       ; pull low(value)
(1)    1309 : DE 01 00                   ldx     stack,X         ; pull high(value)
(1)    130C : 81                         rts
(1)    130D :
(1)    130D :                    ;;; Addition: R0 = R1 + R2
(1)    130D :                    ;;; @return X:A addition
(1)    130D :                    ;;; @clobber A
(1)    130D :                    add16:
(1)    130D : B6 96                      lda     R1L
(1)    130F : BB 98                      add     R2L
(1)    1311 : B7 94                      sta     R0L
(1)    1313 : B6 95                      lda     R1H
(1)    1315 : B9 97                      adc     R2H
(1)    1317 : B7 93                      sta     R0H
(1)    1319 : 97                         tax
(1)    131A : B6 94                      lda     R0L
(1)    131C : 81                         rts
(1)    131D :
(1)    131D :                    ;;; Subtraction: R0 = R1 + R2
(1)    131D :                    ;;; @return X:A subtraction
(1)    131D :                    ;;; @clobber A
(1)    131D :                    sub16:
(1)    131D : B6 96                      lda     R1L
(1)    131F : B0 98                      sub     R2L
(1)    1321 : B7 94                      sta     R0L
(1)    1323 : B6 95                      lda     R1H
(1)    1325 : B2 97                      sbc     R2H
(1)    1327 : B7 93                      sta     R0H
(1)    1329 : 97                         tax
(1)    132A : B6 94                      lda     R0L
(1)    132C : 81                         rts
(1)    132D :
(1)    132D :                    ;;; Signed compare R0=sign(R1-R2)
(1)    132D :                    ;;; @return R0=A=0;  BEQ (minuend == subtrahend)
(1)    132D :                    ;;;         R0=A=1;  BPL (minuend > subtrahend)
(1)    132D :                    ;;;         R0=A=-1; BMI (minuend < subtrahend)
(1)    132D :                    ;;; @clobber A
(1)    132D :                    cmp16:
(1)    132D : AD EE                      bsr     sub16
(1)    132F : B6 93                      lda     R0H
(1)    1331 : BA 94                      ora     R0L
(1)    1333 : 27 1A                      beq     cmp16_end       ; return with R0=0
(1)    1335 : B6 93                      lda     R0H
(1)    1337 : B8 95                      eor     R1H
(1)    1339 : B7 94                      sta     R0L             ; R0L=(minuend-subtrahend)^minuend
(1)    133B : B6 95                      lda     R1H
(1)    133D : B8 97                      eor     R2H             ; minuend^subtrahend
(1)    133F : B4 94                      and     R0L             ; overflow flag
(1)    1341 : B8 93                      eor     R0H
(1)    1343 : 2B 06                      bmi     cmp16_lt
(1)    1345 :                    cmp16_gt:
(1)    1345 : 3F 93                      clr     R0H
(1)    1347 : A6 01                      lda     #1
(1)    1349 : 20 04                      bra     cmp16_end
(1)    134B :                    cmp16_lt:
(1)    134B : A6 FF                      lda     #-1
(1)    134D : B7 93                      sta     R0H
(1)    134F :                    cmp16_end:
(1)    134F : B7 94                      sta     R0L
(1)    1351 : 81                         rts
(1)    1352 :
(1)    1352 :                    ;;; Unsigned multiplication: result = multiplicand * multiplier
(1)    1352 :                    ;;; @param R1 multiplicand
(1)    1352 :                    ;;; @param R2 multiplier
(1)    1352 :                    ;;; @return R0 result
(1)    1352 :                    umul16:
(1)    1352 : B6 97                      lda     R2H             ; A=high(multiplier)
(1)    1354 : BE 96                      ldx     R1L             ; X=low(multiplicand)
(1)    1356 : 42                         mul                     ; X:A=low(multiplicand)*high(multiplier)
(1)    1357 : B7 93                      sta     R0H             ; high(result)=A
(1)    1359 : B6 98                      lda     R2L             ; A=low(multiplier)
(1)    135B : BE 95                      ldx     R1H             ; X=high(multiplicand)
(1)    135D : 42                         mul                     ; X:A=high(multiplicand)*low(multiplier)
(1)    135E : BB 93                      add     R0H
(1)    1360 : B7 93                      sta     R0H             ; high(result)+=A
(1)    1362 : B6 98                      lda     R2L             ; A=low(multiplier)
(1)    1364 : BE 96                      ldx     R1L             ; X=low(multiplicand)
(1)    1366 : 42                         mul                     ; X:A=result
(1)    1367 : B7 94                      sta     R0L             ; low(result)=A
(1)    1369 : 9F                         txa
(1)    136A : BB 93                      add     R0H
(1)    136C : B7 93                      sta     R0H             ; high(result)+=X
(1)    136E : 81                         rts
(1)    136F :
(1)    136F :                    ;;; Multiply; result = multiplicand * multiplier
(1)    136F :                    ;;; @param R1 multiplicand
(1)    136F :                    ;;; @param R2 multiplier
(1)    136F :                    ;;; @return R0 result
(1)    136F :                    ;;; @return X:A result
(1)    136F :                    ;;; @clobber R1 R2
(1)    136F :                    mul16:
(1)    136F : B6 95                      lda     R1H
(1)    1371 : B8 97                      eor     R2H
(1)    1373 : B7 99                      sta     arith_work      ; save hi(multiplicand^multiplier)
(1)    1375 : B6 97                      lda     R2H             ; A=hi(multiplier)
(1)    1377 : 2A 07                      bpl     mul16_multiplicand
(1)    1379 : 40                         nega
(1)    137A : 30 98                      neg     R2L
(1)    137C : A2 00                      sbc     #0
(1)    137E : B7 97                      sta     R2H             ; negate multiplier
(1)    1380 :                    mul16_multiplicand:
(1)    1380 : B6 95                      lda     R1H             ; A=hi(multiplicand)
(1)    1382 : 2A 07                      bpl     mul16_multiply
(1)    1384 : 40                         nega
(1)    1385 : 30 96                      neg     R1L
(1)    1387 : A2 00                      sbc     #0
(1)    1389 : B7 95                      sta     R1H             ; negate multiplicand
(1)    138B :                    mul16_multiply:
(1)    138B : AD C5                      bsr     umul16          ; R0=result
(1)    138D : B6 99                      lda     arith_work      ; A=(multiplicand^multiplier)
(1)    138F : 2A 09                      bpl     mul16_end
(1)    1391 : B6 93                      lda     R0H
(1)    1393 : 40                         nega
(1)    1394 : 30 94                      neg     R0L
(1)    1396 : A2 00                      sbc     #0
(1)    1398 : B7 93                      sta     R0H             ; negate result
(1)    139A :                    mul16_end:
(1)    139A : BE 93                      ldx     R0H
(1)    139C : B6 94                      lda     R0L
(1)    139E : 81                         rts
(1)    139F :
(1)    139F :                    ;;; Unsigned division: dividend / divisor = quotient ... remainder
(1)    139F :                    ;;; @praram R1 dividend
(1)    139F :                    ;;; @praram R2 divisor
(1)    139F :                    ;;; @return R0 quotient
(1)    139F :                    ;;; @return R1 remainder
(1)    139F :                    ;;; @clobber R2
(1)    139F :                    udiv16:
(1)    139F : BF 99                      stx     arith_work
(1)    13A1 : B6 97                      lda     R2H
(1)    13A3 : BA 98                      ora     R2L
(1)    13A5 : 27 3C                      beq     udiv16_end      ; branch if R2==0
(1)    13A7 : AE 01                      ldx     #1              ; X=bits
(1)    13A9 : 20 05                      bra     udiv16_prep
(1)    13AB :                    udiv16_prep_loop:
(1)    13AB : 38 98                      lsl     R2L
(1)    13AD : 39 97                      rol     R2H             ; divisor <<= 1
(1)    13AF : 5C                         incx                    ; ++bits
(1)    13B0 :                    udiv16_prep:
(1)    13B0 : B6 97                      lda     R2H
(1)    13B2 : 2A F7                      bpl     udiv16_prep_loop ; while msb(divisor) == 0
(1)    13B4 : 3F 93                      clr     R0H
(1)    13B6 : 3F 94                      clr     R0L             ; quotient=0
(1)    13B8 : 20 08                      bra     udiv16_enter_loop
(1)    13BA :                    udiv16_loop:
(1)    13BA : 34 97                      lsr     R2H
(1)    13BC : 36 98                      ror     R2L             ; divisor >>= 1
(1)    13BE : 38 94                      lsl     R0L
(1)    13C0 : 39 93                      rol     R0H             ; quotient <<= 1
(1)    13C2 :                    udiv16_enter_loop:
(1)    13C2 : B6 96                      lda     R1L
(1)    13C4 : B0 98                      sub     R2L
(1)    13C6 : B7 96                      sta     R1L
(1)    13C8 : B6 95                      lda     R1H
(1)    13CA : B2 97                      sbc     R2H
(1)    13CC : B7 95                      sta     R1H             ; dividend -= divisor
(1)    13CE : 25 04                      bcs     udiv16_readd
(1)    13D0 : 3C 94                      inc     R0L             ; quotient |= 1
(1)    13D2 : 20 0C                      bra     udiv16_next
(1)    13D4 :                    udiv16_readd:
(1)    13D4 : B6 96                      lda     R1L
(1)    13D6 : BB 98                      add     R2L
(1)    13D8 : B7 96                      sta     R1L
(1)    13DA : B6 95                      lda     R1H
(1)    13DC : B9 97                      adc     R2H
(1)    13DE : B7 95                      sta     R1H             ; dividend += divisor
(1)    13E0 :                    udiv16_next:
(1)    13E0 : 5A                         decx                    ; --bits
(1)    13E1 : 26 D7                      bne     udiv16_loop     ; while bits != 0
(1)    13E3 :                    udiv16_end:
(1)    13E3 : BE 99                      ldx     arith_work
(1)    13E5 : 81                         rts
(1)    13E6 :
(1)    13E6 :                    ;;; Division; dividend / divisor = quotient ... remainder
(1)    13E6 :                    ;;; @param R1 dividend
(1)    13E6 :                    ;;; @param R2 divisor
(1)    13E6 :                    ;;; @return R0 quotient
(1)    13E6 :                    ;;; @return X:A quotient
(1)    13E6 :                    ;;; @return R1 remainder
(1)    13E6 :                    ;;; @clobber R2
(1)    13E6 :                    div16:
(1)    13E6 : B6 95                      lda     R1H
(1)    13E8 : B8 97                      eor     R2H
(1)    13EA : C7 14 19                   sta     div16_sign      ; save hi(dividend^divisor)
(1)    13ED : B6 97                      lda     R2H             ; A=hi(divisor)
(1)    13EF : 2A 07                      bpl     div16_dividend
(1)    13F1 : 40                         nega
(1)    13F2 : 30 98                      neg     R2L
(1)    13F4 : A2 00                      sbc     #0
(1)    13F6 : B7 97                      sta     R2H             ; negate divisor
(1)    13F8 :                    div16_dividend:
(1)    13F8 : B6 95                      lda     R1H             ; A=hi(dividend)
(1)    13FA : 2A 07                      bpl     div16_divide
(1)    13FC : 40                         nega
(1)    13FD : 30 96                      neg     R1L
(1)    13FF : A2 00                      sbc     #0
(1)    1401 : B7 95                      sta     R1H             ; negate dividend
(1)    1403 :                    div16_divide:
(1)    1403 : CD 13 9F                   jsr     udiv16          ; R0=quotient
(1)    1406 : C6 14 19                   lda     div16_sign      ; A=(dividend^divisor)
(1)    1409 : 2A 09                      bpl     div16_end
(1)    140B : B6 93                      lda     R0H
(1)    140D : 40                         nega
(1)    140E : 30 94                      neg     R0L
(1)    1410 : A2 00                      sbc     #0
(1)    1412 : B7 93                      sta     R0H             ; negate result
(1)    1414 :                    div16_end:
(1)    1414 : BE 93                      ldx     R0H
(1)    1416 : B6 94                      lda     R0L
(1)    1418 : 81                         rts
(1)    1419 :                    div16_sign:
(1)    1419 :                            rmb     1
       141A :                            include "../mc6805/queue.inc"
(1)    141A :                    ;;; [queue] queue structure
(1)    141A : =0                 queue_len:      equ     0       ; queue length
(1)    141A : =1                 queue_size:     equ     1       ; buffer size
(1)    141A : =2                 queue_put:      equ     2       ; queue put index
(1)    141A : =3                 queue_get:      equ     3       ; queue get index
(1)    141A : =4                 queue_buf:      equ     4       ; buffer start offset
(1)    141A :
(1)    141A :                    ;;; [queue] Initialize queue
(1)    141A :                    ;;; @param X queue work space pointer
(1)    141A :                    ;;; @param A queue work space size
(1)    141A :                    ;;; @clobber A
(1)    141A :                    queue_init:
(1)    141A : 7F                         clr     queue_len,x
(1)    141B : 6F 02                      clr     queue_put,x
(1)    141D : 6F 03                      clr     queue_get,x
(1)    141F : A0 04                      sub     #queue_buf
(1)    1421 : E7 01                      sta     queue_size,x
(1)    1423 : 81                         rts
(1)    1424 :
(1)    1424 :                    ;;; [queue] Add an element to queue
(1)    1424 :                    ;;; @param X queue work space pointer
(1)    1424 :                    ;;; @param A an element
(1)    1424 :                    ;;; @return CC.C 0 if queue is full
(1)    1424 :                    queue_add_X:
(1)    1424 :                            rmb     1               ; save X
(1)    1425 :                    queue_add_A:
(1)    1425 :                            rmb     1               ; save X
(1)    1426 :                    queue_add:
(1)    1426 : C7 14 25                   sta     queue_add_A     ; save A
(1)    1429 : F6                         lda     queue_len,x
(1)    142A : E1 01                      cmp     queue_size,x
(1)    142C : 24 1E                      bhs     queue_add_return ; carry is cleared
(1)    142E : 7C                         inc     queue_len,x      ; increment queue length
(1)    142F : E6 02                      lda     queue_put,x      ; 8 bits offset
(1)    1431 : 4C                         inca
(1)    1432 : E7 02                      sta     queue_put,x     ; update put pointer
(1)    1434 : E1 01                      cmp     queue_size,x
(1)    1436 : 25 02                      blo     queue_add_elem
(1)    1438 : 6F 02                      clr     queue_put,x
(1)    143A :                    queue_add_elem:
(1)    143A : 4A                         deca                    ; restore put pointer
(1)    143B : AB 04                      add     #queue_buf
(1)    143D : CF 14 24                   stx     queue_add_X     ; save X
(1)    1440 : CB 14 24                   add     queue_add_X
(1)    1443 : 97                         tax
(1)    1444 : C6 14 25                   lda     queue_add_A
(1)    1447 : F7                         sta     ,x              ; put element
(1)    1448 : CE 14 24                   ldx     queue_add_X     ; restore X
(1)    144B : 99                         sec                     ; set carry
(1)    144C :                    queue_add_return:
(1)    144C : C6 14 25                   lda     queue_add_A     ; restore A
(1)    144F : 81                         rts
(1)    1450 :
(1)    1450 :                    ;;; [queue] Remove an element from queue
(1)    1450 :                    ;;; @param X queue work space pointer
(1)    1450 :                    ;;; @return A an element
(1)    1450 :                    ;;; @return CC.C 0 if queue is empty
(1)    1450 :                    queue_remove_X:
(1)    1450 :                            rmb     1
(1)    1451 :                    queue_remove:
(1)    1451 : 7D                         tst     queue_len,x
(1)    1452 : 26 02                      bne     queue_remove_has_elem
(1)    1454 : 98                         clc                     ; clear carry
(1)    1455 : 81                         rts
(1)    1456 :                    queue_remove_has_elem:
(1)    1456 : 7A                         dec     queue_len,x     ; decrement queue length
(1)    1457 : E6 03                      lda     queue_get,x     ; 8 bits offset
(1)    1459 : 4C                         inca
(1)    145A : E7 03                      sta     queue_get,x     ; update get pointer
(1)    145C : E1 01                      cmp     queue_size,x
(1)    145E : 25 02                      blo     queue_remove_elem
(1)    1460 : 6F 03                      clr     queue_get,x
(1)    1462 :                    queue_remove_elem:
(1)    1462 : 4A                         deca                    ; restore get pointer
(1)    1463 : AB 04                      add     #queue_buf
(1)    1465 : CF 14 50                   stx     queue_remove_X  ; save X
(1)    1468 : CB 14 50                   add     queue_remove_X
(1)    146B : 97                         tax
(1)    146C : F6                         lda     ,x              ; get element
(1)    146D : CE 14 50                   ldx     queue_remove_X  ; restore X
(1)    1470 : 99                         sec                     ; set carry
(1)    1471 :                    queue_remove_return:
(1)    1471 : 81                         rts
(1)    1472 :
(1)    1472 :                    ;;; Local Variables:
(1)    1472 :                    ;;; mode: asm
(1)    1472 :                    ;;; End:
(1)    1472 :                    ;;; vim: set ft=asm et ts=4 sw=4:
       1472 :
       1472 :                    isr_irq:
       1472 : CD 10 17                   jsr     load_ACIA_status
       1475 : A5 80                      bit     #IRQF_bm
       1477 : 27 1D                      beq     isr_irq_exit
       1479 : A5 01                      bit     #RDRF_bm
       147B : 27 08                      beq     isr_irq_send
       147D : CD 10 29                   jsr     load_ACIA_data       ; receive character
       1480 : AE 9E                      ldx     #rx_queue
       1482 : CD 14 26                   jsr     queue_add
       1485 :                    isr_irq_send:
       1485 : CD 10 17                   jsr     load_ACIA_status
       1488 : A5 02                      bit     #TDRE_bm
       148A : 27 0A                      beq     isr_irq_exit
       148C : AE AE                      ldx     #tx_queue
       148E : CD 14 51                   jsr     queue_remove
       1491 : 24 04                      bcc     isr_irq_send_empty
       1493 : CD 10 35                   jsr     store_ACIA_data       ; send character
       1496 :                    isr_irq_exit:
       1496 : 80                         rti
       1497 :                    isr_irq_send_empty:
       1497 : A6 94                      lda     #RX_INT_TX_NO
       1499 : CD 10 0B                   jsr     store_ACIA_control    ; disable Tx interrupt
       149C : 80                         rti
