          0 :                            include "mc6809.inc"
(1)       0 :                    ;;; -*- mode: asm; mode: flyspell-prog; -*-
(1)       0 :                            cpu     6809
(1)       0 :                    ;;; Condition Code Register (CC)
(1)       0 : =1                 CC_CARRY      equ  %00000001   ; set to 1 if carry occurred
(1)       0 : =2                 CC_OVERFLOW   equ  %00000010   ; set to 1 if overflow occurred
(1)       0 : =4                 CC_ZERO       equ  %00000100   ; set to 1 if result is zero
(1)       0 : =8                 CC_NEGATIVE   equ  %00001000   ; set to 1 if result is negative
(1)       0 : =10                CC_IRQ        equ  %00010000   ; if 1, IRQ is masked
(1)       0 : =20                CC_HALF_CARRY equ  %00100000   ; if 1, decimal carry from least digit occurred
(1)       0 : =40                CC_FIRQ       equ  %01000000   ; if 1, FIRQ is masked
(1)       0 : =80                CC_ENTIRE     equ  %10000000   ; set to 1 if entire registers are pushed
(1)       0 :
(1)       0 :                    ;;; Vector
(1)       0 : =FFF2              VEC_SWI3:       equ     $FFF2  ; $FFF2: Software Interrupt 3
(1)       0 : =FFF4              VEC_SWI2:       equ     $FFF4  ; $FFF4: Software Interrupt 2
(1)       0 : =FFF6              VEC_FIRQ:       equ     $FFF6  ; $FFF6: Fast Interrupt Request
(1)       0 : =FFF8              VEC_IRQ:        equ     $FFF8  ; $FFF8: Interrupt Request
(1)       0 : =FFFA              VEC_SWI:        equ     $FFFA  ; $FFFA: Software Interrupt
(1)       0 : =FFFC              VEC_NMI:        equ     $FFFC  ; $FFFC: Non Maskable Interrupt
(1)       0 : =FFFE              VEC_RESET:      equ     $FFFE  ; $FFFE: Reset
          0 :
          0 :                    ;;; MC6850 Asynchronous Communication Interface Adapter
          0 : =DF00              ACIA:   equ     $DF00
          0 :                            include "../mc6800/mc6850.inc"
(1)       0 :                    ;;; -*- mode: asm; mode: flyspell-prog; -*-
(1)       0 :
(1)       0 :                    ;;; MC6850
(1)       0 :                    ;;; Asynchronous Communication Interface Adapter
(1)       0 :
(1)       0 :                    ;;; Control register
(1)       0 : =DF00              ACIA_control:   equ     ACIA+0
(1)       0 :                            ;; Counter Divider Select Bits
(1)       0 : =3                 CDS_gm:         equ     %11    ; Group mask
(1)       0 : =0                 CDS_DIV1_gc:    equ     %00000000 ; /1
(1)       0 : =1                 CDS_DIV16_gc:   equ     %00000001 ; /16
(1)       0 : =2                 CDS_DIV64_gc:   equ     %00000010 ; /64
(1)       0 : =3                 CDS_RESET_gc:   equ     %00000011 ; Master Reset
(1)       0 :                            ;; Word Select Bits
(1)       0 : =1C                WSB_gm:         equ     %00011100 ; Group mask
(1)       0 : =0                 WSB_7E2_gc:     equ     %00000000 ; 7 Bits + Even Parity + 2 Stop Bits
(1)       0 : =4                 WSB_7O2_gc:     equ     %00000100 ; 7 bits + Odd Parity  + 2 Stop Bits
(1)       0 : =8                 WSB_7E1_gc:     equ     %00001000 ; 7 bits + Even Parity + 1 Stop Bits
(1)       0 : =C                 WSB_7O1_gc:     equ     %00001100 ; 7 bits + Odd Parity  + 1 Stop Bits
(1)       0 : =10                WSB_8N2_gc:     equ     %00010000 ; 8 bits + No Parity   + 2 Stop Bits
(1)       0 : =14                WSB_8N1_gc:     equ     %00010100 ; 8 bits + No Parity   + 1 Stop Bits
(1)       0 : =18                WSB_8E1_gc:     equ     %00011000 ; 8 bits + Even Parity + 1 Stop Bits
(1)       0 : =1C                WSB_8O1_gc:     equ     %00011100 ; 8 bits + Odd Parity  + 1 Stop Bits
(1)       0 :                            ;; Transmit Control Bits
(1)       0 : =60                TCB_gm:         equ     %01100000 ; Group mask
(1)       0 : =0                 TCB_DI_gc:      equ     %00000000 ; RTS=Low,  Tx Interrupt Disabled
(1)       0 : =20                TCB_EI_gc:      equ     %00100000 ; RTS=Low,  Tx Interrupt Enabled
(1)       0 : =40                TCB_RTS_gc:     equ     %01000000 ; RTS=High, Tx Interrupt Disabled
(1)       0 : =60                TCB_BREAK_gc:   equ     %01100000 ; RTS=Low,  Tx Interrupt Disabled
(1)       0 :                                                      ; Transmit Break Level
(1)       0 : =80                RIEB_bm:        equ     %10000000 ; Receive Interrupt Enable Bit mask
(1)       0 :
(1)       0 :                    ;;; Status register
(1)       0 : =DF00              ACIA_status:    equ     ACIA+0
(1)       0 : =1                 RDRF_bm:        equ     %00000001 ; Receive Data Register Full
(1)       0 : =2                 TDRE_bm:        equ     %00000010 ; Transmit Data Register Empty
(1)       0 : =4                 DCDF_bm:        equ     %00000100 ; Data Carrier Detect Flag
(1)       0 : =8                 CTSF_bm:        equ     %00001000 ; Clear To Send Flag
(1)       0 : =10                FERR_bm:        equ     %00010000 ; Frame Error Flag
(1)       0 : =20                OVRN_bm:        equ     %00100000 ; Receiver Overrun Flag
(1)       0 : =40                PERR_bm:        equ     %01000000 ; Parity Error Flag
(1)       0 : =80                IRQF_bm:        equ     %10000000 ; Interrupt Request Flag
(1)       0 :
(1)       0 :                    ;;; Data register
(1)       0 : =DF01              ACIA_data:      equ     ACIA+1          ; Data register
          0 :
       2000 :                            org     $2000
       2000 :
       2000 : =80                rx_queue_size:  equ     128
       2000 :                    rx_queue:       rmb     rx_queue_size
       2080 : =80                tx_queue_size:  equ     128
       2080 :                    tx_queue:       rmb     tx_queue_size
       2100 : =94                RX_INT_TX_NO:   equ     WSB_8N1_gc|RIEB_bm
       2100 : =B4                RX_INT_TX_INT:  equ     WSB_8N1_gc|RIEB_bm|TCB_EI_gc
       2100 :
       1000 :                            org     $1000
       1000 : =1000              stack:  equ     *
       1000 :
       FFF6 :                            org     VEC_FIRQ
       FFF6 : 10 EE                      fdb     isr_firq
       FFF8 :
       FFFA :                            org     VEC_SWI
       FFFA : FF FA                      fdb     VEC_SWI         ; for halt to system
       FFFC :
       FFFE :                            org     VEC_RESET
       FFFE : 10 00                      fdb     initialize
      10000 :
       1000 :                            org     $1000
       1000 :                    initialize:
       1000 : 10 CE 10 00                lds     #stack
       1004 : 8E 20 00                   ldx     #rx_queue
       1007 : C6 80                      ldb     #rx_queue_size
       1009 : 17 00 97                   lbsr    queue_init
       100C : 8E 20 80                   ldx     #tx_queue
       100F : C6 80                      ldb     #tx_queue_size
       1011 : 17 00 8F                   lbsr    queue_init
       1014 :                            ;; initialize ACIA
       1014 : 86 03                      lda     #CDS_RESET_gc   ; master reset
       1016 : B7 DF 00                   sta     ACIA_control
       1019 : 86 94                      lda     #RX_INT_TX_NO
       101B : B7 DF 00                   sta     ACIA_control
       101E : 86 F6                      lda     #VEC_FIRQ
       1020 : B7 DF 02                   sta     ACIA+2          ; set #FIRQ name for MC6850 emulator
       1023 :
       1023 :                    loop:
       1023 : 1A 40                      orcc    #CC_FIRQ        ; disable FIRQ
       1025 : 8E 20 00                   ldx     #rx_queue
       1028 : 17 00 A4                   lbsr    queue_remove
       102B : 25 04                      bcs     receive
       102D : 3C BF                      cwai    #~CC_FIRQ       ; enable FIRQ and wait, as one step
       102F : 20 F2                      bra     loop
       1031 :                    receive:
       1031 : 1C BF                      andcc   #~CC_FIRQ       ; enable FIRQ
       1033 : 4D                         tsta
       1034 : 27 14                      beq     halt_to_system
       1036 : 1F 89                      tfr     a,b
       1038 : 8D 55                      bsr     putchar         ; echo
       103A : 86 20                      lda     #' '            ; space
       103C : 8D 51                      bsr     putchar
       103E : 8D 13                      bsr     put_hex8        ; print in hex
       1040 : 86 20                      lda     #' '
       1042 : 8D 4B                      bsr     putchar
       1044 : 8D 2D                      bsr     put_bin8        ; print in binary
       1046 : 8D 03                      bsr     newline
       1048 : 20 D9                      bra     loop
       104A :                    halt_to_system:
       104A : 3F                         swi                     ; halt to system
       104B :
       104B :                    ;;; Put newline
       104B :                    ;;; @clobber A
       104B :                    newline:
       104B : 86 0D                      lda     #$0D
       104D : 8D 40                      bsr     putchar
       104F : 86 0A                      lda     #$0A
       1051 : 20 3C                      bra     putchar
       1053 :
       1053 :                    ;;; Print uint8_t in hex
       1053 :                    ;;; @param B uint8_t value to be printed in hex.
       1053 :                    ;;; @clobber A
       1053 :                    put_hex8:
       1053 : 86 30                      lda     #'0'
       1055 : 8D 38                      bsr     putchar
       1057 : 86 78                      lda     #'x'
       1059 : 8D 34                      bsr     putchar
       105B : 1F 98                      tfr     b,a
       105D : 44                         lsra
       105E : 44                         lsra
       105F : 44                         lsra
       1060 : 44                         lsra
       1061 : 8D 02                      bsr     put_hex4
       1063 : 1F 98                      tfr     b,a
       1065 :                    put_hex4:
       1065 : 84 0F                      anda    #$0f
       1067 : 81 0A                      cmpa    #10
       1069 : 25 04                      blo     put_hex8_dec
       106B : 8B 37                      adda    #'A'-10
       106D : 20 20                      bra     putchar
       106F :                    put_hex8_dec:
       106F : 8B 30                      adda    #'0'
       1071 : 20 1C                      bra     putchar
       1073 :
       1073 :                    ;;; Print uint8_t in binary
       1073 :                    ;;; @param B uint8_t value to be printed in binary.
       1073 :                    ;;; @clobber A
       1073 :                    put_bin8:
       1073 : 34 04                      pshs    b
       1075 : 86 30                      lda     #'0'
       1077 : 8D 16                      bsr     putchar
       1079 : 86 62                      lda     #'b'
       107B : 8D 12                      bsr     putchar
       107D : 8D 04                      bsr     put_bin4
       107F : 8D 02                      bsr     put_bin4
       1081 : 35 84                      puls    b,pc
       1083 :                    put_bin4:
       1083 : 8D 00                      bsr     put_bin2
       1085 :                    put_bin2:
       1085 : 8D 00                      bsr     put_bin1
       1087 :                    put_bin1:
       1087 : 86 30                      lda     #'0'
       1089 : 58                         lslb                    ; C=MSB
       108A : 24 03                      bcc     putchar         ; MSB=0
       108C : 4C                         inca                    ; MSB=1
       108D : 20 00                      bra     putchar
       108F :
       108F :                    ;;; Put character
       108F :                    ;;; @param A
       108F :                    putchar:
       108F : 34 12                      pshs    x,a
       1091 : 8E 20 80                   ldx     #tx_queue
       1094 :                    putchar_retry:
       1094 : 1A 40                      orcc    #CC_FIRQ         ; disable FIRQ
       1096 : 8D 19                      bsr     queue_add
       1098 : 1C BF                      andcc   #~CC_FIRQ        ; enable FIRQ
       109A : 24 F8                      bcc     putchar_retry    ; branch if queue is full
       109C : 86 B4                      lda     #RX_INT_TX_INT   ; enable Tx interrupt
       109E : B7 DF 00                   sta     ACIA_control
       10A1 : 35 92                      puls    a,x,pc
       10A3 :
       10A3 :                            include "queue.inc"
(1)    10A3 :                    ;;; -*- mode: asm; mode: flying-spell; -*-
(1)    10A3 :                    ;;; [queue] queue structure
(1)    10A3 : =0                 queue_len:      equ     0       ; queue length
(1)    10A3 : =1                 queue_size:     equ     1       ; buffer size
(1)    10A3 : =2                 queue_put:      equ     2       ; queue put index
(1)    10A3 : =3                 queue_get:      equ     3       ; queue get index
(1)    10A3 : =4                 queue_buf:      equ     4       ; buffer start offset
(1)    10A3 :
(1)    10A3 :                    ;;; [queue] Initialize queue
(1)    10A3 :                    ;;; @param X queue work space pointer
(1)    10A3 :                    ;;; @param B queue work space size
(1)    10A3 :                    queue_init:
(1)    10A3 : 34 14                      pshs    x,b
(1)    10A5 :                    queue_init_loop:
(1)    10A5 : 6F 80                      clr     ,x+
(1)    10A7 : 5A                         decb
(1)    10A8 : 26 FB                      bne     queue_init_loop
(1)    10AA : 35 14                      puls    b,x
(1)    10AC : C0 04                      subb    #queue_buf
(1)    10AE : E7 01                      stb     queue_size,x
(1)    10B0 : 39                         rts
(1)    10B1 :
(1)    10B1 :                    ;;; [queue] Add an element to queue
(1)    10B1 :                    ;;; @param X queue work space pointer
(1)    10B1 :                    ;;; @param A an element
(1)    10B1 :                    ;;; @return CC.C 0 if queue is full
(1)    10B1 :                    queue_add:
(1)    10B1 : 34 54                      pshs    u,x,b
(1)    10B3 : 1F 13                      tfr     x,u
(1)    10B5 : E6 C4                      ldb     queue_len,u
(1)    10B7 : E1 41                      cmpb    queue_size,u
(1)    10B9 : 24 12                      bhs     queue_add_return ;carry is cleared
(1)    10BB : E6 42                      ldb     queue_put,u     ; 8 bits offset
(1)    10BD : 3A                         abx                     ; X+=B
(1)    10BE : A7 04                      sta     queue_buf,x     ; store an element
(1)    10C0 : 6C C4                      inc     queue_len,u
(1)    10C2 : 5C                         incb
(1)    10C3 : E7 42                      stb     queue_put,u
(1)    10C5 : E1 41                      cmpb    queue_size,u
(1)    10C7 : 25 04                      blo     queue_add_return ; carry is set
(1)    10C9 : 6F 42                      clr     queue_put,u
(1)    10CB : 1A 01                      orcc    #CC_CARRY       ; set carry
(1)    10CD :                    queue_add_return:
(1)    10CD : 35 D4                      puls    b,x,u,pc
(1)    10CF :
(1)    10CF :                    ;;; [queue] Remove an element from queue
(1)    10CF :                    ;;; @param X queue work space pointer
(1)    10CF :                    ;;; @return A an element
(1)    10CF :                    ;;; @return CC.C 0 if queue is empty
(1)    10CF :                    queue_remove:
(1)    10CF : 6D 84                      tst     queue_len,x
(1)    10D1 : 26 03                      bne     queue_remove_elem
(1)    10D3 : 1C FE                      andcc   #~CC_CARRY      ; clear carry
(1)    10D5 : 39                         rts
(1)    10D6 :                    queue_remove_elem:
(1)    10D6 : 34 54                      pshs    u,x,b
(1)    10D8 : 1F 13                      tfr     x,u
(1)    10DA : E6 43                      ldb     queue_get,u     ; 8 bits offset
(1)    10DC : 3A                         abx                     ; X+=B
(1)    10DD : A6 04                      lda     queue_buf,x
(1)    10DF : 6A C4                      dec     queue_len,u
(1)    10E1 : 5C                         incb
(1)    10E2 : E7 43                      stb     queue_get,u
(1)    10E4 : E1 41                      cmpb    queue_size,u
(1)    10E6 : 25 04                      blo     queue_remove_return ; carry is set
(1)    10E8 : 6F 43                      clr     queue_get,u
(1)    10EA : 1A 01                      orcc    #CC_CARRY       ; set carry
(1)    10EC :                    queue_remove_return:
(1)    10EC : 35 D4                      puls    b,x,u,pc
       10EE :
       10EE :                    isr_firq:
       10EE : 34 16                      pshs    x,b,a
       10F0 : F6 DF 00                   ldb     ACIA_status
       10F3 : C5 80                      bitb    #IRQF_bm
       10F5 : 27 1C                      beq     isr_firq_exit
       10F7 : C5 01                      bitb    #RDRF_bm
       10F9 : 27 09                      beq     isr_firq_send
       10FB : B6 DF 01                   lda     ACIA_data       ; receive character
       10FE : 8E 20 00                   ldx     #rx_queue
       1101 : BD 10 B1                   jsr     queue_add
       1104 :                    isr_firq_send:
       1104 : C5 02                      bitb    #TDRE_bm
       1106 : 27 0B                      beq     isr_firq_exit
       1108 : 8E 20 80                   ldx     #tx_queue
       110B : BD 10 CF                   jsr     queue_remove
       110E : 24 06                      bcc     isr_firq_send_empty
       1110 : B7 DF 01                   sta     ACIA_data       ; send character
       1113 :                    isr_firq_exit:
       1113 : 35 16                      puls    a,b,x
       1115 : 3B                         rti
       1116 :                    isr_firq_send_empty:
       1116 : 86 94                      lda     #RX_INT_TX_NO
       1118 : B7 DF 00                   sta     ACIA_control    ; disable Tx interrupt
       111B : 35 16                      puls    a,b,x
       111D : 3B                         rti
