          0 :                    ;;; -*- mode: asm; mode: flyspell-prog; -*-
          0 :                            include "z180.inc"
(1)       0 :                    ;;; -*- mode: asm; mode: flyspell-prog; -*-
(1)       0 :                            include "../z80/z80.inc"
(2)       0 :                    ;;; -*- mode: asm; mode: flyspell-prog; -*-
(2)       0 :                    ;;; z80
(2)       0 :                            cpu     z80
(2)       0 :                    ;;; FLAGS Register
(2)       0 : =80                F_SIGN:         equ     10000000B ; set to 1 if negative
(2)       0 : =40                F_ZERO:         equ     01000000B ; set to 1 if zero
(2)       0 : =10                F_HALF_CARRY:   equ     00010000B ; set to 1 if carry from bit-3
(2)       0 : =4                 F_PARITY:       equ     00000100B ; set to 1 if even parity
(2)       0 : =4                 F_OVERFLOW:     equ     00000100B ; set to 1 if overflow
(2)       0 : =2                 F_NBCD:         equ     00000010B ; set to 1 if subtraction
(2)       0 : =1                 F_CARRY:        equ     00000001B ; set to 1 if carry
(2)       0 :                    ;;; Interrupt origin
(2)       0 : =0                 ORG_RESET:      equ     0000H   ; RESET
(2)       0 : =0                 ORG_RST00:      equ     0000H   ; RST 00H
(2)       0 : =8                 ORG_RST08:      equ     0008H   ; RST 08H
(2)       0 : =10                ORG_RST10:      equ     0010H   ; RST 10H
(2)       0 : =18                ORG_RST18:      equ     0018H   ; RST 18H
(2)       0 : =20                ORG_RST20:      equ     0020H   ; RST 20H
(2)       0 : =28                ORG_RST28:      equ     0028H   ; RST 28H
(2)       0 : =30                ORG_RST30:      equ     0030H   ; RST 30H
(2)       0 : =38                ORG_RST38:      equ     0038H   ; RST 38H
(2)       0 : =38                ORG_INT:        equ     0038H   ; Mode 1 INT
(2)       0 : =66                ORG_NMI:        equ     0066H   ; NMI
(1)       0 :                    ;;; Z180
(1)       0 :                            cpu     z180
          0 :                            include "usart.inc"
(1)       0 :                    ;;; -*- mode: asm; mode: flyspell-prog; -*-
(1)       0 :                    ;;; i8251 Universal Synchronous/Asynchronous Receiver/Transmitter
(1)       0 : =140               USART:  equ     0140H
(1)       0 : =140               USARTD: equ     USART+0         ; Data register
(1)       0 : =141               USARTS: equ     USART+1         ; Status register
(1)       0 : =141               USARTC: equ     USART+1         ; Control register
(1)       0 : =142               USARTRV:        equ     USART+2 ; Receive interrupt vector (ORG_*)
(1)       0 : =143               USARTTV:        equ     USART+3 ; Transmit interrupt vector (ORG_*)
(1)       0 :                            include "../z80/i8251.inc"
(2)       0 :                    ;;; -*- mode: asm; mode: flyspell-prog; -*-
(2)       0 :
(2)       0 :                    ;;; i8251 USART device emulator.
(2)       0 : =6                 MODE_STOP_gp:   equ     6
(2)       0 : =C0                MODE_STOP_gm:   equ     11000000B
(2)       0 : =40                MODE_STOP1_gc:  equ     (1 << MODE_STOP_gp)
(2)       0 : =80                MODE_STOP15_gc: equ     (2 << MODE_STOP_gp)
(2)       0 : =C0                MODE_STOP2_gc:  equ     (3 << MODE_STOP_gp)
(2)       0 : =20                MODE_EVEN_bm:   equ     00100000B
(2)       0 : =10                MODE_PARITY_bm: equ     00010000B
(2)       0 : =2                 MODE_LEN_gp:    equ     2
(2)       0 : =C                 MODE_LEN_gm:    equ     00001100B
(2)       0 : =0                 MODE_LEN5_gc:   equ     (0 << MODE_LEN_gp)
(2)       0 : =4                 MODE_LEN6_gc:   equ     (1 << MODE_LEN_gp)
(2)       0 : =8                 MODE_LEN7_gc:   equ     (2 << MODE_LEN_gp)
(2)       0 : =C                 MODE_LEN8_gc:   equ     (3 << MODE_LEN_gp)
(2)       0 : =0                 MODE_BAUD_gp:   equ     0
(2)       0 : =3                 MODE_BAUD_gm:   equ     00000011B
(2)       0 : =1                 MODE_BAUD_X1:   equ     (1 << MODE_BAUD_gp)
(2)       0 : =2                 MODE_BAUD_X16:  equ (2 << MODE_BAUD_gp)
(2)       0 : =3                 MODE_BAUD_X64:  equ (3 << MODE_BAUD_gp)
(2)       0 :                    ;;; Bit Definition of command register
(2)       0 : =80                CMD_EH_bm:      equ     10000000B   ; Enter hunt mode
(2)       0 : =40                CMD_IR_bm:      equ     01000000B   ; Internal Reset
(2)       0 : =20                CMD_RTS_bm:     equ     00100000B   ; Request To Send
(2)       0 : =10                CMD_ER_bm:      equ     00010000B   ; Error Reset
(2)       0 : =8                 CMD_SBRK_bm:    equ     00001000B   ; Send Break
(2)       0 : =4                 CMD_RxEN_bm:    equ     00000100B   ; Receive Enable
(2)       0 : =2                 CMD_DTR_bm:     equ     00000010B   ; Data Terminal Ready
(2)       0 : =1                 CMD_TxEN_bm:    equ     00000001B   ; Transmit enable
(2)       0 :
(2)       0 :                    ;;; Bit definition of status register
(2)       0 : =80                ST_DSR_bm:      equ     10000000B   ; Data Set Ready
(2)       0 : =40                ST_BRK_bm:      equ     01000000B   ; BREAK detected
(2)       0 : =20                ST_FE_bm:       equ     00100000B   ; Framing Error
(2)       0 : =10                ST_OE_bm:       equ     00010000B   ; Iverrun Error
(2)       0 : =8                 ST_PE_bm:       equ     00001000B   ; Parity Error
(2)       0 : =2                 ST_TxEMPTY_bp:  equ     2           ; Transmitter empty
(2)       0 : =1                 ST_RxRDY_bp:    equ     1           ; Receiver ready
(2)       0 : =0                 ST_TxRDY_bp:    equ     0           ; Transmitter ready
(1)       0 :                    ;;; Async 1stop 8data x16
(1)       0 : =4E                ASYNC_MODE:     equ     MODE_STOP1_gc|MODE_LEN8_gc|MODE_BAUD_X16
(1)       0 :                    ;;; RTS/DTR, error reset, Rx enable, Tx enable
(1)       0 : =37                RX_EN_TX_EN:    equ     CMD_RTS_bm|CMD_DTR_bm|CMD_ER_bm|CMD_RxEN_bm|CMD_TxEN_bm
(1)       0 : =36                RX_EN_TX_DIS:   equ     CMD_RTS_bm|CMD_DTR_bm|CMD_ER_bm|CMD_RxEN_bm
          0 :
       2000 :                            org     2000H
       2000 : =80                rx_queue_size:  equ     128
       2000 :                    rx_queue:       ds      rx_queue_size
       2080 :
       1000 :                            org     1000H
       1000 : =1000              stack:  equ     $
       1000 :
          0 :                            org     ORG_RESET
          0 : C3 00 01                   jp      init
          3 :
         38 :                            org     ORG_INT         ; mode 1
         38 : C3 CF 01                   jp      isr_intr
         3B :
        100 :                            org     0100H
        100 :                    init:
        100 : 31 00 10                   ld      SP, stack
        103 : 21 00 20                   ld      HL, rx_queue
        106 : 06 80                      ld      B, rx_queue_size
        108 : CD 64 01                   call     queue_init
        10B :                    init_usart:
        10B : AF                         xor     A               ; clear A
        10C : 01 41 01                   ld      BC, USARTC
        10F : ED 79                      out     (C), A          ; (USARTC)
        111 : ED 79                      out     (C), A          ; (USARTC)
        113 : ED 79                      out     (C), A          ; safest way to sync mode
        115 : 3E 40                      ld      A, CMD_IR_bm
        117 : ED 79                      out     (C), A     ; reset
        119 : 00                         nop
        11A : 00                         nop
        11B : 3E 4E                      ld      A, ASYNC_MODE
        11D : ED 79                      out     (C), A
        11F : 00                         nop
        120 : 00                         nop
        121 : 3E 37                      ld      A, RX_EN_TX_EN
        123 : ED 79                      out     (C), A
        125 : 3E 38                      ld      A, ORG_INT
        127 : 01 42 01                   ld      BC, USARTRV
        12A : ED 79                      out     (C), A          ; enable RxRDY interrupt using RST 7
        12C : 3E 00                      ld      A, ORG_RESET
        12E : 01 43 01                   ld      BC, USARTTV
        131 : ED 79                      out     (C), A          ; disable TxRDY interrupt
        133 :
        133 : ED 56                      im      1
        135 : FB                         ei
        136 :
        136 : 21 00 20                   ld      HL, rx_queue
        139 :                    receive_loop:
        139 : F3                         di                      ; Disable INTR
        13A : CD A9 01                   call    queue_remove
        13D : FB                         ei                      ; Enable INTR
        13E : 30 F9                      jr      NC, receive_loop
        140 : 57                         ld      D, A            ; save character
        141 : B7                         or      A
        142 : 28 1A                      jr      Z, halt_to_system
        144 : 01 41 01                   ld      BC, USARTS
        147 :                    transmit_loop:
        147 : ED 78                      in      A, (C)          ; (USARTS)
        149 : CB 47                      bit     ST_TxRDY_bp, A
        14B : 28 FA                      jr      Z, transmit_loop
        14D :                    transmit_data:
        14D : 7A                         ld      A, D
        14E : 01 40 01                   ld      BC, USARTD
        151 : ED 79                      out     (C), A          ; (USARTD)
        153 : FE 0D                      cp      0DH
        155 : 20 E2                      jr      NZ, receive_loop
        157 : 16 0A                      ld      D, 0AH
        159 : 01 41 01                   ld      BC, USARTS
        15C : 18 E9                      jr      transmit_loop
        15E :                    halt_to_system:
        15E : 21 38 00                   ld      HL, ORG_RST38
        161 : 36 FF                      ld      (HL), 0FFH
        163 : FF                         rst     38h
        164 :
        164 :                            include "../z80/queue.inc"
(1)     164 :                    ;;; -*- mode: asm; mode: flyspell-prog; -*-
(1)     164 :                    ;;; [queue] queue structure
(1)     164 : =0                 queue_len:      equ     0       ; queue length
(1)     164 : =1                 queue_size:     equ     1       ; buffer size
(1)     164 : =2                 queue_put:      equ     2       ; queue put index
(1)     164 : =3                 queue_get:      equ     3       ; queue get index
(1)     164 : =4                 queue_buf:      equ     4       ; buffer start offset
(1)     164 :
(1)     164 :                    ;;; [queue] Initialize queue
(1)     164 :                    ;;; @param HL queue work space pointer
(1)     164 :                    ;;; @param B queue work space size
(1)     164 :                    ;;; @clobber B
(1)     164 :                    queue_init:
(1)     164 : F5                         push    AF
(1)     165 : E5                         push    HL
(1)     166 : 36 00                      ld      (HL), 0         ; queue_len
(1)     168 : 78                         ld      A, B
(1)     169 : D6 04                      sub     queue_buf
(1)     16B : 23                         inc     HL
(1)     16C : 77                         ld      (HL), A         ; queue_size
(1)     16D : C6 02                      add     A, 2            ; for queue_put and queue_get
(1)     16F :                    queue_init_loop:
(1)     16F : 23                         inc     HL
(1)     170 : 36 00                      ld      (HL), 0
(1)     172 : 3D                         dec     A
(1)     173 : 20 FA                      jr      NZ, queue_init_loop
(1)     175 : E1                         pop     HL
(1)     176 : F1                         pop     AF
(1)     177 : C9                         ret
(1)     178 :
(1)     178 :                    ;;; [queue] Add an element to queue
(1)     178 :                    ;;; @param HL queue work space pointer
(1)     178 :                    ;;; @param A an element
(1)     178 :                    ;;; @return F.C 0 if queue is full
(1)     178 :                    queue_add:
(1)     178 : D5                         push    DE
(1)     179 : E5                         push    HL
(1)     17A : DD E3                      ex      (SP), IX        ; IX points queue structure
(1)     17C : 57                         ld      D, A            ; save an element
(1)     17D : DD 7E 00                   ld      A, (IX+queue_len)
(1)     180 : DD BE 01                   cp      (IX+queue_size)
(1)     183 : 7A                         ld      A, D               ; restore an element
(1)     184 : 38 05                      jr      C, queue_add_store ; queue_len < queue_size
(1)     186 : DD E3                      ex      (SP), IX           ; F.C=1
(1)     188 : E1                         pop     HL
(1)     189 : D1                         pop     DE
(1)     18A : C9                         ret
(1)     18B :                    queue_add_store:
(1)     18B : DD 34 00                   inc     (IX+queue_len)
(1)     18E : 11 04 00                   ld      DE, queue_buf
(1)     191 : 19                         add     HL, DE
(1)     192 : DD 5E 02                   ld      E, (IX+queue_put)
(1)     195 : 19                         add     HL, DE          ; HL=&queue_buf[queue_put]
(1)     196 : 77                         ld      (HL), A         ; store an element
(1)     197 : 7B                         ld      A, E
(1)     198 : 3C                         inc     A               ; queue_put++
(1)     199 : DD BE 01                   cp      (IX+queue_size)
(1)     19C : 38 01                      jr      C, queue_add_update ; queue_put < queue_size
(1)     19E : AF                         xor     A                   ; wrap around
(1)     19F :                    queue_add_update:
(1)     19F : DD 77 02                   ld      (IX+queue_put), A
(1)     1A2 : 7E                         ld      A, (HL)         ; restore an element
(1)     1A3 : DD E3                      ex      (SP), IX
(1)     1A5 : E1                         pop     HL
(1)     1A6 : D1                         pop     DE
(1)     1A7 : 37                         scf                     ; set carry
(1)     1A8 : C9                         ret
(1)     1A9 :
(1)     1A9 :                    ;;; [queue] Remove an element from queue
(1)     1A9 :                    ;;; @param HL queue work space pointer
(1)     1A9 :                    ;;; @return A an element
(1)     1A9 :                    ;;; @return F.C 0 if queue is empty
(1)     1A9 :                    queue_remove:
(1)     1A9 : 7E                         ld      A, (HL)               ; queue_len
(1)     1AA : B7                         or      A                     ; clear carry
(1)     1AB : 20 01                      jr      NZ, queue_remove_elem ; queue_len > 0
(1)     1AD : C9                         ret
(1)     1AE :                    queue_remove_elem:
(1)     1AE : D5                         push    DE
(1)     1AF : E5                         push    HL
(1)     1B0 : DD E3                      ex      (SP), IX        ; IX points queue structure
(1)     1B2 : DD 35 00                   dec     (IX+queue_len)
(1)     1B5 : 11 04 00                   ld      DE, queue_buf
(1)     1B8 : 19                         add     HL, DE
(1)     1B9 : DD 5E 03                   ld      E, (IX+queue_get)
(1)     1BC : 19                         add     HL, DE          ; HL=&queue_buf[queue_get]
(1)     1BD : 7B                         ld      A, E
(1)     1BE : 3C                         inc     A               ; queue_get++
(1)     1BF : DD BE 01                   cp      (IX+queue_size)
(1)     1C2 : 38 01                      jr      C, queue_remove_update ; queue_get < queue_size
(1)     1C4 : AF                         xor     A                      ; wrap around
(1)     1C5 :                    queue_remove_update:
(1)     1C5 : DD 77 03                   ld      (IX+queue_get), A
(1)     1C8 : 7E                         ld      A, (HL)         ; read an element
(1)     1C9 : DD E3                      ex      (SP), IX
(1)     1CB : E1                         pop     HL
(1)     1CC : D1                         pop     DE
(1)     1CD : 37                         scf                     ; set carry
(1)     1CE : C9                         ret
        1CF :
        1CF :                    isr_intr:
        1CF : F5                         push    AF
        1D0 : C5                         push    BC
        1D1 : 01 41 01                   ld      BC, USARTS
        1D4 : ED 78                      in      A, (C)          ; (USARTS)
        1D6 : CB 4F                      bit     ST_RxRDY_bp, A
        1D8 : 28 0D                      jr      Z, isr_intr_recv_end
        1DA : 01 40 01                   ld      BC, USARTD
        1DD : ED 78                      in      A, (C)          ; (USARTD)
        1DF : E5                         push    HL
        1E0 : 21 00 20                   ld      HL, rx_queue
        1E3 : CD 78 01                   call    queue_add
        1E6 : E1                         pop     HL
        1E7 :                    isr_intr_recv_end:
        1E7 : C1                         pop     BC
        1E8 : F1                         pop     AF
        1E9 : FB                         ei
        1EA : ED 4D                      reti
