          0 :                    ;;; -*- mode: asm; mode: flyspell-prog; -*-
          0 :                            cpu     z8002           ; nonsegmented: the Z8002's code
          0 :                            include "z8001.inc"
(1)       0 :                    ;;; -*- mode: asm; mode: flyspell-prog; -*-
(1)       0 :                    ;;; Z8001. A sample says `cpu z8001` for segmented code, its addresses
(1)       0 :                    ;;; seg<<16|off written <<seg>>off, or `cpu z8002` for code that runs
(1)       0 :                    ;;; nonsegmented, its addresses offsets in the PC's segment.
(1)       0 :
(1)       0 :                    ;;; Reset reads the FCW at 0002H, then the PC's segment at 0004H and its
(1)       0 :                    ;;; offset at 0006H, the reset entry of a Program Status Area at 0000H in
(1)       0 :                    ;;; segment 0.
(1)       0 : =0                 ORG_RESET:      equ     0000H
(1)       0 :                    ;;; Program Status Area offsets: a reserved word, an FCW, then a PC's
(1)       0 :                    ;;; segment and offset.
(1)       0 : =8                 PSA_EPA:        equ     08H     ; extended instruction trap
(1)       0 : =10                PSA_PRIV:       equ     10H     ; privileged instruction trap
(1)       0 : =18                PSA_SC:         equ     18H     ; system call
(1)       0 : =20                PSA_SEGT:       equ     20H     ; segment trap
(1)       0 : =28                PSA_NMI:        equ     28H     ; non-maskable interrupt
(1)       0 : =30                PSA_NVI:        equ     30H     ; non-vectored interrupt
(1)       0 : =38                PSA_VI:         equ     38H     ; vectored interrupt: the FCW, then a PC
(1)       0 :                                                    ; for each even identifier from 3CH, the
(1)       0 :                                                    ; one for identifier n at PSA_VI+4+2*n
(1)       0 :                    ;;; Flag and Control Word
(1)       0 : =8000              FCW_SEG:        equ     8000H   ; segmented mode
(1)       0 : =4000              FCW_SN:         equ     4000H   ; system mode
(1)       0 : =2000              FCW_EPA:        equ     2000H   ; extended processor architecture
(1)       0 : =1000              FCW_VIE:        equ     1000H   ; vectored interrupt enable
(1)       0 : =800               FCW_NVIE:       equ     0800H   ; non-vectored interrupt enable
(1)       0 :
(1)       0 :                    ;;; Where the segmented samples live, each in a segment of its own.
(1)       0 : =10000             CODE:           equ     010000H ; code, segment 1
(1)       0 : =100               CODE_SEG:       equ     0100H   ; its segment word: the number in bits 14-8
(1)       0 : =20000             DATA:           equ     020000H ; queues and variables, segment 2
(1)       0 : =3001000           STACK:          equ     03001000H ; RR14: segment 3, offset 1000H
(1)       0 :                    ;;; The normal mode stack, NSPSEG and NSPOFF: segment 4, offset 1000H.
(1)       0 : =400               USTACK_SEG:     equ     0400H
(1)       0 : =1000              USTACK_OFF:     equ     1000H
(1)       0 :
(1)       0 :                    ;;; SC #SC_EXIT hands control back to the debugger.
(1)       0 : =FE                SC_EXIT:        equ     0FEH
          0 :                            include "../z8002/usart.inc"
(1)       0 :                    ;;; -*- mode: asm; mode: flyspell-prog; -*-
(1)       0 :                    ;;; i8251 Universal Synchronous/Asynchronous Receiver/Transmitter
(1)       0 : =140               USART:  equ     140H
(1)       0 : =140               USARTD: equ     USART+0         ; Data register
(1)       0 : =141               USARTS: equ     USART+1         ; Status register
(1)       0 : =141               USARTC: equ     USART+1         ; Control register
(1)       0 : =142               USARTRV:        equ     USART+2 ; Receive interrupt identifier
(1)       0 : =143               USARTTV:        equ     USART+3 ; Transmit interrupt identifier
(1)       0 :                    ;;; The identifiers the USART answers its vectored interrupts with: even,
(1)       0 :                    ;;; as the Z8001 requires.
(1)       0 : =2                 RX_ID:          equ     2
(1)       0 : =4                 TX_ID:          equ     4
(1)       0 :                            include "../z80/i8251.inc"
(2)       0 :                    ;;; -*- mode: asm; mode: flyspell-prog; -*-
(2)       0 :
(2)       0 :                    ;;; i8251 USART device emulator.
(2)       0 : =6                 MODE_STOP_gp:   equ     6
(2)       0 : =C0                MODE_STOP_gm:   equ     11000000B
(2)       0 : =40                MODE_STOP1_gc:  equ     (1 << MODE_STOP_gp)
(2)       0 : =80                MODE_STOP15_gc: equ     (2 << MODE_STOP_gp)
(2)       0 : =C0                MODE_STOP2_gc:  equ     (3 << MODE_STOP_gp)
(2)       0 : =20                MODE_EVEN_bm:   equ     00100000B
(2)       0 : =10                MODE_PARITY_bm: equ     00010000B
(2)       0 : =2                 MODE_LEN_gp:    equ     2
(2)       0 : =C                 MODE_LEN_gm:    equ     00001100B
(2)       0 : =0                 MODE_LEN5_gc:   equ     (0 << MODE_LEN_gp)
(2)       0 : =4                 MODE_LEN6_gc:   equ     (1 << MODE_LEN_gp)
(2)       0 : =8                 MODE_LEN7_gc:   equ     (2 << MODE_LEN_gp)
(2)       0 : =C                 MODE_LEN8_gc:   equ     (3 << MODE_LEN_gp)
(2)       0 : =0                 MODE_BAUD_gp:   equ     0
(2)       0 : =3                 MODE_BAUD_gm:   equ     00000011B
(2)       0 : =1                 MODE_BAUD_X1:   equ     (1 << MODE_BAUD_gp)
(2)       0 : =2                 MODE_BAUD_X16:  equ (2 << MODE_BAUD_gp)
(2)       0 : =3                 MODE_BAUD_X64:  equ (3 << MODE_BAUD_gp)
(2)       0 :                    ;;; Bit Definition of command register
(2)       0 : =80                CMD_EH_bm:      equ     10000000B   ; Enter hunt mode
(2)       0 : =40                CMD_IR_bm:      equ     01000000B   ; Internal Reset
(2)       0 : =20                CMD_RTS_bm:     equ     00100000B   ; Request To Send
(2)       0 : =10                CMD_ER_bm:      equ     00010000B   ; Error Reset
(2)       0 : =8                 CMD_SBRK_bm:    equ     00001000B   ; Send Break
(2)       0 : =4                 CMD_RxEN_bm:    equ     00000100B   ; Receive Enable
(2)       0 : =2                 CMD_DTR_bm:     equ     00000010B   ; Data Terminal Ready
(2)       0 : =1                 CMD_TxEN_bm:    equ     00000001B   ; Transmit enable
(2)       0 :
(2)       0 :                    ;;; Bit definition of status register
(2)       0 : =80                ST_DSR_bm:      equ     10000000B   ; Data Set Ready
(2)       0 : =40                ST_BRK_bm:      equ     01000000B   ; BREAK detected
(2)       0 : =20                ST_FE_bm:       equ     00100000B   ; Framing Error
(2)       0 : =10                ST_OE_bm:       equ     00010000B   ; Overrun Error
(2)       0 : =8                 ST_PE_bm:       equ     00001000B   ; Parity Error
(2)       0 : =2                 ST_TxEMPTY_bp:  equ     2           ; Transmitter empty
(2)       0 : =1                 ST_RxRDY_bp:    equ     1           ; Receiver ready
(2)       0 : =0                 ST_TxRDY_bp:    equ     0           ; Transmitter ready
(1)       0 :                    ;;; Async 1stop 8data x16
(1)       0 : =4E                ASYNC_MODE:     equ     MODE_STOP1_gc|MODE_LEN8_gc|MODE_BAUD_X16
(1)       0 :                    ;;; RTS/DTR, error reset, Rx enable, Tx enable
(1)       0 : =37                RX_EN_TX_EN:    equ     CMD_RTS_bm|CMD_DTR_bm|CMD_ER_bm|CMD_RxEN_bm|CMD_TxEN_bm
(1)       0 : =36                RX_EN_TX_DIS:   equ     CMD_RTS_bm|CMD_DTR_bm|CMD_ER_bm|CMD_RxEN_bm
          0 :
          0 : =2000              rx_queue:       equ     2000H
          0 : =80                rx_queue_size:  equ     128
          0 :
          0 : =1000              stack:  equ     1000H
          0 :
          0 :                            org     ORG_RESET
          0 : 0000                       word    0
          2 : 4000                       word    FCW_SN          ; system mode, interrupts disabled
          4 : 0000                       word    0               ; segment 0
          6 : 0100                       word    init
          8 :
         30 :                            org     PSA_NVI
         30 : 0000                       word    0
         32 : 4000                       word    FCW_SN          ; the handler runs with interrupts disabled
         34 : 0000 01F4                  word    0, isr_nvi
         38 :
        100 :                            org     0100H
        100 :                    init:
        100 : 210F 1000                  ld      r15, #stack
        104 : 8D08                       clr     r0
        106 : 7D0D                       ldctl   psap, r0        ; the Program Status Area at 0000H
        108 : 2101 2000                  ld      r1, #rx_queue
        10C : C880                       ldb     rl0, #rx_queue_size
        10E : 5F00 0174                  call    queue_init
        112 :                    init_usart:
        112 : 8C88                       clrb    rl0
        114 : 3A86 0141                  outb    USARTC, rl0
        118 : 3A86 0141                  outb    USARTC, rl0
        11C : 3A86 0141                  outb    USARTC, rl0     ; safest way to sync mode
        120 : C840                       ldb     rl0, #CMD_IR_bm
        122 : 3A86 0141                  outb    USARTC, rl0     ; reset
        126 : 8D07                       nop
        128 : 8D07                       nop
        12A : C84E                       ldb     rl0, #ASYNC_MODE
        12C : 3A86 0141                  outb    USARTC, rl0
        130 : 8D07                       nop
        132 : 8D07                       nop
        134 : C837                       ldb     rl0, #RX_EN_TX_EN
        136 : 3A86 0141                  outb    USARTC, rl0
        13A : C801                       ldb     rl0, #1
        13C : 3A86 0142                  outb    USARTRV, rl0    ; enable RxRDY interrupt, identifier 1
        140 : 8C88                       clrb    rl0
        142 : 3A86 0143                  outb    USARTTV, rl0    ; disable TxRDY interrupt
        146 : 7C06                       ei      nvi
        148 :
        148 :                    receive_loop:
        148 : 2101 2000                  ld      r1, #rx_queue
        14C : 7C02                       di      nvi
        14E : 5F00 01C2                  call    queue_remove
        152 : 7C06                       ei      nvi
        154 : EFF9                       jr      nc, receive_loop
        156 : A08B                       ldb     rl3, rl0        ; save character
        158 : 8CB4                       testb   rl3
        15A : E60B                       jr      z, halt_to_system
        15C :                    transmit_loop:
        15C : 3A84 0141                  inb     rl0, USARTS
        160 : A680                       bitb    rl0, #ST_TxRDY_bp
        162 : E6FC                       jr      z, transmit_loop
        164 :                    transmit_data:
        164 : 3AB6 0140                  outb    USARTD, rl3
        168 : 0A0B 0D0D                  cpb     rl3, #0DH
        16C : EEED                       jr      ne, receive_loop
        16E : CB0A                       ldb     rl3, #0AH
        170 : E8F5                       jr      transmit_loop
        172 :                    halt_to_system:
        172 : 7FFE                       sc      #SC_EXIT
        174 :
        174 :                            include "../z8002/queue.inc"
(1)     174 :                    ;;; -*- mode: asm; mode: flyspell-prog; -*-
(1)     174 :                    ;;; [queue] queue structure
(1)     174 : =0                 queue_len:      equ     0       ; queue length
(1)     174 : =1                 queue_size:     equ     1       ; buffer size
(1)     174 : =2                 queue_put:      equ     2       ; queue put index
(1)     174 : =3                 queue_get:      equ     3       ; queue get index
(1)     174 : =4                 queue_buf:      equ     4       ; buffer start offset
(1)     174 :
(1)     174 :                    ;;; [queue] Initialize queue
(1)     174 :                    ;;; @param R1 queue work space pointer
(1)     174 :                    ;;; @param RL0 queue work space size
(1)     174 :                    ;;; @clobber RL0
(1)     174 :                    queue_init:
(1)     174 : 4C18 0000                  clrb    queue_len(r1)
(1)     178 : 0208 0404                  subb    rl0, #queue_buf
(1)     17C : 6E18 0001                  ldb     queue_size(r1), rl0
(1)     180 : 4C18 0002                  clrb    queue_put(r1)
(1)     184 : 4C18 0003                  clrb    queue_get(r1)
(1)     188 : 9E08                       ret
(1)     18A :
(1)     18A :                    ;;; [queue] Add an element to queue
(1)     18A :                    ;;; @param R1 queue work space pointer
(1)     18A :                    ;;; @param RL0 an element
(1)     18A :                    ;;; @return FLAGS.C 0 if queue is full
(1)     18A :                    queue_add:
(1)     18A : 93F2                       push    @r15, r2
(1)     18C : 601A 0000                  ldb     rl2, queue_len(r1)
(1)     190 : 4A1A 0001                  cpb     rl2, queue_size(r1)
(1)     194 : E703                       jr      c, queue_add_store ; queue_len < queue_size
(1)     196 : 97F2                       pop     r2, @r15
(1)     198 : 8D83                       resflg  c
(1)     19A : 9E08                       ret
(1)     19C :                    queue_add_store:
(1)     19C : 6810 0000                  incb    queue_len(r1), #1
(1)     1A0 : 8D28                       clr     r2
(1)     1A2 : 601A 0002                  ldb     rl2, queue_put(r1)
(1)     1A6 : 8112                       add     r2, r1
(1)     1A8 : 6E28 0004                  ldb     queue_buf(r2), rl0 ; store an element
(1)     1AC : 8312                       sub     r2, r1
(1)     1AE : A8A0                       incb    rl2, #1            ; queue_put++
(1)     1B0 : 4A1A 0001                  cpb     rl2, queue_size(r1)
(1)     1B4 : E701                       jr      c, queue_add_update ; queue_put < queue_size
(1)     1B6 : 8CA8                       clrb    rl2                 ; wrap around
(1)     1B8 :                    queue_add_update:
(1)     1B8 : 6E1A 0002                  ldb     queue_put(r1), rl2
(1)     1BC : 97F2                       pop     r2, @r15
(1)     1BE : 8D81                       setflg  c
(1)     1C0 : 9E08                       ret
(1)     1C2 :
(1)     1C2 :                    ;;; [queue] Remove an element from queue
(1)     1C2 :                    ;;; @param R1 queue work space pointer
(1)     1C2 :                    ;;; @return RL0 an element
(1)     1C2 :                    ;;; @return FLAGS.C 0 if queue is empty
(1)     1C2 :                    queue_remove:
(1)     1C2 : 4C14 0000                  testb   queue_len(r1)
(1)     1C6 : EE02                       jr      nz, queue_remove_elem
(1)     1C8 : 8D83                       resflg  c
(1)     1CA : 9E08                       ret
(1)     1CC :                    queue_remove_elem:
(1)     1CC : 93F2                       push    @r15, r2
(1)     1CE : 6A10 0000                  decb    queue_len(r1), #1
(1)     1D2 : 8D28                       clr     r2
(1)     1D4 : 601A 0003                  ldb     rl2, queue_get(r1)
(1)     1D8 : 8112                       add     r2, r1
(1)     1DA : 6028 0004                  ldb     rl0, queue_buf(r2) ; read an element
(1)     1DE : 8312                       sub     r2, r1
(1)     1E0 : A8A0                       incb    rl2, #1            ; queue_get++
(1)     1E2 : 4A1A 0001                  cpb     rl2, queue_size(r1)
(1)     1E6 : E701                       jr      c, queue_remove_update ; queue_get < queue_size
(1)     1E8 : 8CA8                       clrb    rl2                    ; wrap around
(1)     1EA :                    queue_remove_update:
(1)     1EA : 6E1A 0003                  ldb     queue_get(r1), rl2
(1)     1EE : 97F2                       pop     r2, @r15
(1)     1F0 : 8D81                       setflg  c
(1)     1F2 : 9E08                       ret
        1F4 :
        1F4 :                    isr_nvi:
        1F4 : 93F0                       push    @r15, r0
        1F6 : 93F1                       push    @r15, r1
        1F8 : 3A84 0141                  inb     rl0, USARTS
        1FC : A681                       bitb    rl0, #ST_RxRDY_bp
        1FE : E606                       jr      z, isr_nvi_exit
        200 : 3A84 0140                  inb     rl0, USARTD
        204 : 2101 2000                  ld      r1, #rx_queue
        208 : 5F00 018A                  call    queue_add
        20C :                    isr_nvi_exit:
        20C : 97F1                       pop     r1, @r15
        20E : 97F0                       pop     r0, @r15
        210 : 5E08 0214                  jp      isr_return
        214 :
        214 :                    ;;; Return from an interrupt handler. The Z8001 must be segmented to IRET
        214 :                    ;;; (its operation in nonsegmented mode is undefined), and then pops the
        214 :                    ;;; frame through RR14, the system stack's segment the debugger zeroes
        214 :                    ;;; at reset. LDPS switches the mode and the PC together; LDCTL FCW alone
        214 :                    ;;; does not reliably set SEG on an NMOS part.
        214 :                    isr_return:
        214 : 93F1                       push    @r15, r1
        216 : 7900 021E                  ldps    isr_return_ps
        21A :                    isr_return_seg:
        21A : 97E1                       word    97E1H           ; pop r1, @rr14
        21C : 7B00                       iret
        21E :                    isr_return_ps:
        21E : C000                       word    FCW_SEG|FCW_SN  ; segmented system mode, interrupts disabled
        220 : 021A                       word    isr_return_seg
