          0 :                    ;;; -*- mode: asm; mode: flyspell-prog; -*-
          0 :                            cpu     z8002           ; nonsegmented: the Z8002's code
          0 :                            include "z8001.inc"
(1)       0 :                    ;;; -*- mode: asm; mode: flyspell-prog; -*-
(1)       0 :                    ;;; Z8001. A sample says `cpu z8001` for segmented code, its addresses
(1)       0 :                    ;;; seg<<16|off written <<seg>>off, or `cpu z8002` for code that runs
(1)       0 :                    ;;; nonsegmented, its addresses offsets in the PC's segment.
(1)       0 :
(1)       0 :                    ;;; Reset reads the FCW at 0002H, then the PC's segment at 0004H and its
(1)       0 :                    ;;; offset at 0006H, the reset entry of a Program Status Area at 0000H in
(1)       0 :                    ;;; segment 0.
(1)       0 : =0                 ORG_RESET:      equ     0000H
(1)       0 :                    ;;; Program Status Area offsets: a reserved word, an FCW, then a PC's
(1)       0 :                    ;;; segment and offset.
(1)       0 : =8                 PSA_EPA:        equ     08H     ; extended instruction trap
(1)       0 : =10                PSA_PRIV:       equ     10H     ; privileged instruction trap
(1)       0 : =18                PSA_SC:         equ     18H     ; system call
(1)       0 : =20                PSA_SEGT:       equ     20H     ; segment trap
(1)       0 : =28                PSA_NMI:        equ     28H     ; non-maskable interrupt
(1)       0 : =30                PSA_NVI:        equ     30H     ; non-vectored interrupt
(1)       0 : =38                PSA_VI:         equ     38H     ; vectored interrupt: the FCW, then a PC
(1)       0 :                                                    ; for each even identifier from 3CH, the
(1)       0 :                                                    ; one for identifier n at PSA_VI+4+2*n
(1)       0 :                    ;;; Flag and Control Word
(1)       0 : =8000              FCW_SEG:        equ     8000H   ; segmented mode
(1)       0 : =4000              FCW_SN:         equ     4000H   ; system mode
(1)       0 : =2000              FCW_EPA:        equ     2000H   ; extended processor architecture
(1)       0 : =1000              FCW_VIE:        equ     1000H   ; vectored interrupt enable
(1)       0 : =800               FCW_NVIE:       equ     0800H   ; non-vectored interrupt enable
(1)       0 :
(1)       0 :                    ;;; Where the segmented samples live, each in a segment of its own.
(1)       0 : =10000             CODE:           equ     010000H ; code, segment 1
(1)       0 : =100               CODE_SEG:       equ     0100H   ; its segment word: the number in bits 14-8
(1)       0 : =20000             DATA:           equ     020000H ; queues and variables, segment 2
(1)       0 : =3001000           STACK:          equ     03001000H ; RR14: segment 3, offset 1000H
(1)       0 :                    ;;; The normal mode stack, NSPSEG and NSPOFF: segment 4, offset 1000H.
(1)       0 : =400               USTACK_SEG:     equ     0400H
(1)       0 : =1000              USTACK_OFF:     equ     1000H
(1)       0 :
(1)       0 :                    ;;; SC #SC_EXIT hands control back to the debugger.
(1)       0 : =FE                SC_EXIT:        equ     0FEH
          0 :                            include "../z8002/usart.inc"
(1)       0 :                    ;;; -*- mode: asm; mode: flyspell-prog; -*-
(1)       0 :                    ;;; i8251 Universal Synchronous/Asynchronous Receiver/Transmitter
(1)       0 : =140               USART:  equ     140H
(1)       0 : =140               USARTD: equ     USART+0         ; Data register
(1)       0 : =141               USARTS: equ     USART+1         ; Status register
(1)       0 : =141               USARTC: equ     USART+1         ; Control register
(1)       0 : =142               USARTRV:        equ     USART+2 ; Receive interrupt identifier
(1)       0 : =143               USARTTV:        equ     USART+3 ; Transmit interrupt identifier
(1)       0 :                    ;;; The identifiers the USART answers its vectored interrupts with: even,
(1)       0 :                    ;;; as the Z8001 requires.
(1)       0 : =2                 RX_ID:          equ     2
(1)       0 : =4                 TX_ID:          equ     4
(1)       0 :                            include "../z80/i8251.inc"
(2)       0 :                    ;;; -*- mode: asm; mode: flyspell-prog; -*-
(2)       0 :
(2)       0 :                    ;;; i8251 USART device emulator.
(2)       0 : =6                 MODE_STOP_gp:   equ     6
(2)       0 : =C0                MODE_STOP_gm:   equ     11000000B
(2)       0 : =40                MODE_STOP1_gc:  equ     (1 << MODE_STOP_gp)
(2)       0 : =80                MODE_STOP15_gc: equ     (2 << MODE_STOP_gp)
(2)       0 : =C0                MODE_STOP2_gc:  equ     (3 << MODE_STOP_gp)
(2)       0 : =20                MODE_EVEN_bm:   equ     00100000B
(2)       0 : =10                MODE_PARITY_bm: equ     00010000B
(2)       0 : =2                 MODE_LEN_gp:    equ     2
(2)       0 : =C                 MODE_LEN_gm:    equ     00001100B
(2)       0 : =0                 MODE_LEN5_gc:   equ     (0 << MODE_LEN_gp)
(2)       0 : =4                 MODE_LEN6_gc:   equ     (1 << MODE_LEN_gp)
(2)       0 : =8                 MODE_LEN7_gc:   equ     (2 << MODE_LEN_gp)
(2)       0 : =C                 MODE_LEN8_gc:   equ     (3 << MODE_LEN_gp)
(2)       0 : =0                 MODE_BAUD_gp:   equ     0
(2)       0 : =3                 MODE_BAUD_gm:   equ     00000011B
(2)       0 : =1                 MODE_BAUD_X1:   equ     (1 << MODE_BAUD_gp)
(2)       0 : =2                 MODE_BAUD_X16:  equ (2 << MODE_BAUD_gp)
(2)       0 : =3                 MODE_BAUD_X64:  equ (3 << MODE_BAUD_gp)
(2)       0 :                    ;;; Bit Definition of command register
(2)       0 : =80                CMD_EH_bm:      equ     10000000B   ; Enter hunt mode
(2)       0 : =40                CMD_IR_bm:      equ     01000000B   ; Internal Reset
(2)       0 : =20                CMD_RTS_bm:     equ     00100000B   ; Request To Send
(2)       0 : =10                CMD_ER_bm:      equ     00010000B   ; Error Reset
(2)       0 : =8                 CMD_SBRK_bm:    equ     00001000B   ; Send Break
(2)       0 : =4                 CMD_RxEN_bm:    equ     00000100B   ; Receive Enable
(2)       0 : =2                 CMD_DTR_bm:     equ     00000010B   ; Data Terminal Ready
(2)       0 : =1                 CMD_TxEN_bm:    equ     00000001B   ; Transmit enable
(2)       0 :
(2)       0 :                    ;;; Bit definition of status register
(2)       0 : =80                ST_DSR_bm:      equ     10000000B   ; Data Set Ready
(2)       0 : =40                ST_BRK_bm:      equ     01000000B   ; BREAK detected
(2)       0 : =20                ST_FE_bm:       equ     00100000B   ; Framing Error
(2)       0 : =10                ST_OE_bm:       equ     00010000B   ; Overrun Error
(2)       0 : =8                 ST_PE_bm:       equ     00001000B   ; Parity Error
(2)       0 : =2                 ST_TxEMPTY_bp:  equ     2           ; Transmitter empty
(2)       0 : =1                 ST_RxRDY_bp:    equ     1           ; Receiver ready
(2)       0 : =0                 ST_TxRDY_bp:    equ     0           ; Transmitter ready
(1)       0 :                    ;;; Async 1stop 8data x16
(1)       0 : =4E                ASYNC_MODE:     equ     MODE_STOP1_gc|MODE_LEN8_gc|MODE_BAUD_X16
(1)       0 :                    ;;; RTS/DTR, error reset, Rx enable, Tx enable
(1)       0 : =37                RX_EN_TX_EN:    equ     CMD_RTS_bm|CMD_DTR_bm|CMD_ER_bm|CMD_RxEN_bm|CMD_TxEN_bm
(1)       0 : =36                RX_EN_TX_DIS:   equ     CMD_RTS_bm|CMD_DTR_bm|CMD_ER_bm|CMD_RxEN_bm
          0 :
          0 : =1000              stack:  equ     1000H
          0 :
          0 :                            org     ORG_RESET
          0 : 0000                       word    0
          2 : 4000                       word    FCW_SN          ; system mode, interrupts disabled
          4 : 0000                       word    0               ; segment 0
          6 : 0100                       word    init
          8 :
         38 :                            org     PSA_VI
         38 : 0000                       word    0
         3A : 4000                       word    FCW_SN          ; the handlers run with interrupts disabled
         40 :                            org     PSA_VI+4+2*RX_ID
         40 : 0000 0208                  word    0, isr_rx
         44 :                            org     PSA_VI+4+2*TX_ID
         44 : 0000 0228                  word    0, isr_tx
         48 :
        100 :                            org     0100H
        100 :                    init:
        100 : 210F 1000                  ld      r15, #stack
        104 : 8D08                       clr     r0
        106 : 7D0D                       ldctl   psap, r0        ; the Program Status Area at 0000H
        108 : 5F00 0182                  call    init_io
        10C : 7C05                       ei      vi
        10E :
        10E :                    receive_loop:
        10E : 5F00 01CC                  call    getchar
        112 : EFFD                       jr      nc, receive_loop
        114 : 8C84                       testb   rl0
        116 : E60E                       jr      z, halt_to_system
        118 :                    echo_back:
        118 : A08B                       ldb     rl3, rl0
        11A : 5F00 01E6                  call    putchar         ; echo
        11E : 5F00 0204                  call    putspace
        122 : 5F00 0136                  call    put_hex8        ; print in hex
        126 : 5F00 0204                  call    putspace
        12A : 5F00 0162                  call    put_bin8        ; print in binary
        12E : 5F00 01DE                  call    newline
        132 : E8ED                       jr      receive_loop
        134 :                    halt_to_system:
        134 : 7FFE                       sc      #SC_EXIT
        136 :
        136 :                    ;;; Print uint8_t in hex
        136 :                    ;;; @param RL3 uint8_t value to be printed in hex.
        136 :                    ;;; @clobber RL0
        136 :                    put_hex8:
        136 : C830                       ldb     rl0, #'0'
        138 : 5F00 01E6                  call    putchar
        13C : C878                       ldb     rl0, #'x'
        13E : 5F00 01E6                  call    putchar
        142 : A0B8                       ldb     rl0, rl3
        144 : B281 00FC                  srlb    rl0, #4
        148 : 5F00 014E                  call    put_hex4
        14C : A0B8                       ldb     rl0, rl3
        14E :                    put_hex4:
        14E : 0608 0F0F                  andb    rl0, #0FH
        152 : 0A08 0A0A                  cpb     rl0, #10
        156 : E702                       jr      c, put_hex4_digit
        158 : 0008 0707                  addb    rl0, #'A'-'0'-10
        15C :                    put_hex4_digit:
        15C : 0008 3030                  addb    rl0, #'0'
        160 : E842                       jr      putchar
        162 :
        162 :                    ;;; Print uint8_t in binary
        162 :                    ;;; @param RL3 uint8_t value to be printed in binary.
        162 :                    ;;; @clobber RL0 R2
        162 :                    put_bin8:
        162 : C830                       ldb     rl0, #'0'
        164 : 5F00 01E6                  call    putchar
        168 : C862                       ldb     rl0, #'b'
        16A : 5F00 01E6                  call    putchar
        16E : A0B2                       ldb     rh2, rl3
        170 : CA08                       ldb     rl2, #8
        172 :                    put_bin8_loop:
        172 : C830                       ldb     rl0, #'0'
        174 : B220                       rlb     rh2, #1         ; FLAGS.C=MSB
        176 : EF01                       jr      nc, put_bin8_bit
        178 : A880                       incb    rl0, #1
        17A :                    put_bin8_bit:
        17A : 5F00 01E6                  call    putchar
        17E : FA07                       dbjnz   rl2, put_bin8_loop
        180 : 9E08                       ret
        182 :
        182 :                            include "../z8002/io.inc"
(1)     182 :                    ;;; -*- mode: asm; mode: flyspell-prog; -*-
(1)     182 :                    ;;; Console through the USART's interrupts: received characters queue
(1)     182 :                    ;;; at rx_queue, characters to send at tx_queue. The USART interrupts on
(1)     182 :                    ;;; VI with identifier RX_ID or TX_ID, which usart.inc defines.
(1)     182 : =2000              rx_queue:       equ     2000H
(1)     182 : =80                rx_queue_size:  equ     128
(1)     182 : =2080              tx_queue:       equ     2080H
(1)     182 : =80                tx_queue_size:  equ     128
(1)     182 :
(1)     182 :                    ;;; Initialize the queues and the USART
(1)     182 :                    ;;; @clobber R0 R1
(1)     182 :                    init_io:
(1)     182 : 2101 2000                  ld      r1, #rx_queue
(1)     186 : C880                       ldb     rl0, #rx_queue_size
(1)     188 : 5F00 028E                  call    queue_init
(1)     18C : 2101 2080                  ld      r1, #tx_queue
(1)     190 : C880                       ldb     rl0, #tx_queue_size
(1)     192 : 5F00 028E                  call    queue_init
(1)     196 : 8C88                       clrb    rl0
(1)     198 : 3A86 0141                  outb    USARTC, rl0
(1)     19C : 3A86 0141                  outb    USARTC, rl0
(1)     1A0 : 3A86 0141                  outb    USARTC, rl0     ; safest way to sync mode
(1)     1A4 : C840                       ldb     rl0, #CMD_IR_bm
(1)     1A6 : 3A86 0141                  outb    USARTC, rl0     ; reset
(1)     1AA : 8D07                       nop
(1)     1AC : 8D07                       nop
(1)     1AE : C84E                       ldb     rl0, #ASYNC_MODE
(1)     1B0 : 3A86 0141                  outb    USARTC, rl0
(1)     1B4 : 8D07                       nop
(1)     1B6 : 8D07                       nop
(1)     1B8 : C836                       ldb     rl0, #RX_EN_TX_DIS
(1)     1BA : 3A86 0141                  outb    USARTC, rl0
(1)     1BE : C802                       ldb     rl0, #RX_ID
(1)     1C0 : 3A86 0142                  outb    USARTRV, rl0    ; RxRDY interrupt identifier
(1)     1C4 : C804                       ldb     rl0, #TX_ID
(1)     1C6 : 3A86 0143                  outb    USARTTV, rl0    ; TxRDY interrupt identifier
(1)     1CA : 9E08                       ret
(1)     1CC :
(1)     1CC :                    ;;; Get character
(1)     1CC :                    ;;; @return RL0
(1)     1CC :                    ;;; @return FLAGS.C 0 if no character
(1)     1CC :                    getchar:
(1)     1CC : 93F1                       push    @r15, r1
(1)     1CE : 2101 2000                  ld      r1, #rx_queue
(1)     1D2 : 7C01                       di      vi
(1)     1D4 : 5F00 02DC                  call    queue_remove
(1)     1D8 : 7C05                       ei      vi
(1)     1DA : 97F1                       pop     r1, @r15
(1)     1DC : 9E08                       ret
(1)     1DE :
(1)     1DE :                    ;;; Put newline
(1)     1DE :                    ;;; @clobber RL0
(1)     1DE :                    newline:
(1)     1DE : C80D                       ldb     rl0, #0DH
(1)     1E0 : 5F00 01E6                  call    putchar
(1)     1E4 : C80A                       ldb     rl0, #0AH
(1)     1E6 :                    ;;; Put character
(1)     1E6 :                    ;;; @param RL0
(1)     1E6 :                    putchar:
(1)     1E6 : 93F1                       push    @r15, r1
(1)     1E8 : 2101 2080                  ld      r1, #tx_queue
(1)     1EC :                    putchar_retry:
(1)     1EC : 7C01                       di      vi
(1)     1EE : 5F00 02A4                  call    queue_add
(1)     1F2 : 7C05                       ei      vi
(1)     1F4 : EFFB                       jr      nc, putchar_retry ; branch if queue is full
(1)     1F6 : 97F1                       pop     r1, @r15
(1)     1F8 : 93F0                       push    @r15, r0
(1)     1FA : C837                       ldb     rl0, #RX_EN_TX_EN ; enable Tx
(1)     1FC : 3A86 0141                  outb    USARTC, rl0
(1)     200 : 97F0                       pop     r0, @r15
(1)     202 : 9E08                       ret
(1)     204 :
(1)     204 :                    ;;; Put space
(1)     204 :                    ;;; @clobber RL0
(1)     204 :                    putspace:
(1)     204 : C820                       ldb     rl0, #' '
(1)     206 : E8EF                       jr      putchar
(1)     208 :
(1)     208 :                    isr_rx:
(1)     208 : 93F0                       push    @r15, r0
(1)     20A : 93F1                       push    @r15, r1
(1)     20C : 3A84 0141                  inb     rl0, USARTS
(1)     210 : A681                       bitb    rl0, #ST_RxRDY_bp
(1)     212 : E606                       jr      z, isr_rx_exit
(1)     214 : 3A84 0140                  inb     rl0, USARTD     ; receive character
(1)     218 : 2101 2000                  ld      r1, #rx_queue
(1)     21C : 5F00 02A4                  call    queue_add
(1)     220 :                    isr_rx_exit:
(1)     220 : 97F1                       pop     r1, @r15
(1)     222 : 97F0                       pop     r0, @r15
(1)     224 : 5E08 030E                  jp      isr_return
(1)     228 :
(1)     228 :                    isr_tx:
(1)     228 : 93F0                       push    @r15, r0
(1)     22A : 93F1                       push    @r15, r1
(1)     22C : 3A84 0141                  inb     rl0, USARTS
(1)     230 : A680                       bitb    rl0, #ST_TxRDY_bp
(1)     232 : E60B                       jr      z, isr_tx_exit
(1)     234 : 2101 2080                  ld      r1, #tx_queue
(1)     238 : 5F00 02DC                  call    queue_remove
(1)     23C : EF03                       jr      nc, isr_tx_empty
(1)     23E : 3A86 0140                  outb    USARTD, rl0     ; send character
(1)     242 : E803                       jr      isr_tx_exit
(1)     244 :                    isr_tx_empty:
(1)     244 : C836                       ldb     rl0, #RX_EN_TX_DIS
(1)     246 : 3A86 0141                  outb    USARTC, rl0     ; disable Tx
(1)     24A :                    isr_tx_exit:
(1)     24A : 97F1                       pop     r1, @r15
(1)     24C : 97F0                       pop     r0, @r15
(1)     24E : 5E08 030E                  jp      isr_return
(1)     252 :
(1)     252 :                    ;;; System calls for a program in normal mode, which may not do I/O:
(1)     252 :                    ;;; SC #n with the arguments and results of the routine n names.
(1)     252 : =1                 SC_GETCHAR:     equ     1       ; getchar
(1)     252 : =2                 SC_PUTCHAR:     equ     2       ; putchar
(1)     252 : =3                 SC_NEWLINE:     equ     3       ; newline
(1)     252 :
(1)     252 :                    ;;; The frame lies above R1 pushed here: the SC's identifier at 2, the
(1)     252 :                    ;;; caller's FCW at 4, which getchar's carry goes back in.
(1)     252 :                    isr_sc:
(1)     252 : 93F1                       push    @r15, r1
(1)     254 : 31F1 0002                  ld      r1, r15(#2)    ; SC #n: 7F00H|n
(1)     258 : 0A09 0101                  cpb     rl1, #SC_GETCHAR
(1)     25C : E60C                       jr      eq, isr_sc_getchar
(1)     25E : 0A09 0202                  cpb     rl1, #SC_PUTCHAR
(1)     262 : E606                       jr      eq, isr_sc_putchar
(1)     264 : 0A09 0303                  cpb     rl1, #SC_NEWLINE
(1)     268 : EE0F                       jr      ne, isr_sc_exit
(1)     26A : 5F00 01DE                  call    newline
(1)     26E : E80C                       jr      isr_sc_exit
(1)     270 :                    isr_sc_putchar:
(1)     270 : 5F00 01E6                  call    putchar
(1)     274 : E809                       jr      isr_sc_exit
(1)     276 :                    isr_sc_getchar:
(1)     276 : 5F00 01CC                  call    getchar
(1)     27A : 31F1 0004                  ld      r1, r15(#4)
(1)     27E : A317                       res     r1, #7          ; FCW C
(1)     280 : EF01                       jr      nc, isr_sc_return
(1)     282 : A517                       set     r1, #7
(1)     284 :                    isr_sc_return:
(1)     284 : 33F1 0004                  ld      r15(#4), r1
(1)     288 :                    isr_sc_exit:
(1)     288 : 97F1                       pop     r1, @r15
(1)     28A : 5E08 030E                  jp      isr_return
(1)     28E :
(1)     28E :                            include "queue.inc"
(2)     28E :                    ;;; -*- mode: asm; mode: flyspell-prog; -*-
(2)     28E :                    ;;; [queue] queue structure
(2)     28E : =0                 queue_len:      equ     0       ; queue length
(2)     28E : =1                 queue_size:     equ     1       ; buffer size
(2)     28E : =2                 queue_put:      equ     2       ; queue put index
(2)     28E : =3                 queue_get:      equ     3       ; queue get index
(2)     28E : =4                 queue_buf:      equ     4       ; buffer start offset
(2)     28E :
(2)     28E :                    ;;; [queue] Initialize queue
(2)     28E :                    ;;; @param R1 queue work space pointer
(2)     28E :                    ;;; @param RL0 queue work space size
(2)     28E :                    ;;; @clobber RL0
(2)     28E :                    queue_init:
(2)     28E : 4C18 0000                  clrb    queue_len(r1)
(2)     292 : 0208 0404                  subb    rl0, #queue_buf
(2)     296 : 6E18 0001                  ldb     queue_size(r1), rl0
(2)     29A : 4C18 0002                  clrb    queue_put(r1)
(2)     29E : 4C18 0003                  clrb    queue_get(r1)
(2)     2A2 : 9E08                       ret
(2)     2A4 :
(2)     2A4 :                    ;;; [queue] Add an element to queue
(2)     2A4 :                    ;;; @param R1 queue work space pointer
(2)     2A4 :                    ;;; @param RL0 an element
(2)     2A4 :                    ;;; @return FLAGS.C 0 if queue is full
(2)     2A4 :                    queue_add:
(2)     2A4 : 93F2                       push    @r15, r2
(2)     2A6 : 601A 0000                  ldb     rl2, queue_len(r1)
(2)     2AA : 4A1A 0001                  cpb     rl2, queue_size(r1)
(2)     2AE : E703                       jr      c, queue_add_store ; queue_len < queue_size
(2)     2B0 : 97F2                       pop     r2, @r15
(2)     2B2 : 8D83                       resflg  c
(2)     2B4 : 9E08                       ret
(2)     2B6 :                    queue_add_store:
(2)     2B6 : 6810 0000                  incb    queue_len(r1), #1
(2)     2BA : 8D28                       clr     r2
(2)     2BC : 601A 0002                  ldb     rl2, queue_put(r1)
(2)     2C0 : 8112                       add     r2, r1
(2)     2C2 : 6E28 0004                  ldb     queue_buf(r2), rl0 ; store an element
(2)     2C6 : 8312                       sub     r2, r1
(2)     2C8 : A8A0                       incb    rl2, #1            ; queue_put++
(2)     2CA : 4A1A 0001                  cpb     rl2, queue_size(r1)
(2)     2CE : E701                       jr      c, queue_add_update ; queue_put < queue_size
(2)     2D0 : 8CA8                       clrb    rl2                 ; wrap around
(2)     2D2 :                    queue_add_update:
(2)     2D2 : 6E1A 0002                  ldb     queue_put(r1), rl2
(2)     2D6 : 97F2                       pop     r2, @r15
(2)     2D8 : 8D81                       setflg  c
(2)     2DA : 9E08                       ret
(2)     2DC :
(2)     2DC :                    ;;; [queue] Remove an element from queue
(2)     2DC :                    ;;; @param R1 queue work space pointer
(2)     2DC :                    ;;; @return RL0 an element
(2)     2DC :                    ;;; @return FLAGS.C 0 if queue is empty
(2)     2DC :                    queue_remove:
(2)     2DC : 4C14 0000                  testb   queue_len(r1)
(2)     2E0 : EE02                       jr      nz, queue_remove_elem
(2)     2E2 : 8D83                       resflg  c
(2)     2E4 : 9E08                       ret
(2)     2E6 :                    queue_remove_elem:
(2)     2E6 : 93F2                       push    @r15, r2
(2)     2E8 : 6A10 0000                  decb    queue_len(r1), #1
(2)     2EC : 8D28                       clr     r2
(2)     2EE : 601A 0003                  ldb     rl2, queue_get(r1)
(2)     2F2 : 8112                       add     r2, r1
(2)     2F4 : 6028 0004                  ldb     rl0, queue_buf(r2) ; read an element
(2)     2F8 : 8312                       sub     r2, r1
(2)     2FA : A8A0                       incb    rl2, #1            ; queue_get++
(2)     2FC : 4A1A 0001                  cpb     rl2, queue_size(r1)
(2)     300 : E701                       jr      c, queue_remove_update ; queue_get < queue_size
(2)     302 : 8CA8                       clrb    rl2                    ; wrap around
(2)     304 :                    queue_remove_update:
(2)     304 : 6E1A 0003                  ldb     queue_get(r1), rl2
(2)     308 : 97F2                       pop     r2, @r15
(2)     30A : 8D81                       setflg  c
(2)     30C : 9E08                       ret
        30E :
        30E :                    ;;; Return from an interrupt handler. The Z8001 must be segmented to IRET
        30E :                    ;;; (its operation in nonsegmented mode is undefined), and then pops the
        30E :                    ;;; frame through RR14, the system stack's segment the debugger zeroes
        30E :                    ;;; at reset. LDPS switches the mode and the PC together; LDCTL FCW alone
        30E :                    ;;; does not reliably set SEG on an NMOS part.
        30E :                    isr_return:
        30E : 93F1                       push    @r15, r1
        310 : 7900 0318                  ldps    isr_return_ps
        314 :                    isr_return_seg:
        314 : 97E1                       word    97E1H           ; pop r1, @rr14
        316 : 7B00                       iret
        318 :                    isr_return_ps:
        318 : C000                       word    FCW_SEG|FCW_SN  ; segmented system mode, interrupts disabled
        31A : 0314                       word    isr_return_seg
