          0 :                    ;;; -*- mode: asm; mode: flyspell-prog; -*-
          0 :                            cpu     z8001
          0 :                            include "z8001.inc"
(1)       0 :                    ;;; -*- mode: asm; mode: flyspell-prog; -*-
(1)       0 :                    ;;; Z8001. A sample says `cpu z8001` for segmented code, its addresses
(1)       0 :                    ;;; seg<<16|off written <<seg>>off, or `cpu z8002` for code that runs
(1)       0 :                    ;;; nonsegmented, its addresses offsets in the PC's segment.
(1)       0 :
(1)       0 :                    ;;; Reset reads the FCW at 0002H, then the PC's segment at 0004H and its
(1)       0 :                    ;;; offset at 0006H, the reset entry of a Program Status Area at 0000H in
(1)       0 :                    ;;; segment 0.
(1)       0 : =0                 ORG_RESET:      equ     0000H
(1)       0 :                    ;;; Program Status Area offsets: a reserved word, an FCW, then a PC's
(1)       0 :                    ;;; segment and offset.
(1)       0 : =8                 PSA_EPA:        equ     08H     ; extended instruction trap
(1)       0 : =10                PSA_PRIV:       equ     10H     ; privileged instruction trap
(1)       0 : =18                PSA_SC:         equ     18H     ; system call
(1)       0 : =20                PSA_SEGT:       equ     20H     ; segment trap
(1)       0 : =28                PSA_NMI:        equ     28H     ; non-maskable interrupt
(1)       0 : =30                PSA_NVI:        equ     30H     ; non-vectored interrupt
(1)       0 : =38                PSA_VI:         equ     38H     ; vectored interrupt: the FCW, then a PC
(1)       0 :                                                    ; for each even identifier from 3CH, the
(1)       0 :                                                    ; one for identifier n at PSA_VI+4+2*n
(1)       0 :                    ;;; Flag and Control Word
(1)       0 : =8000              FCW_SEG:        equ     8000H   ; segmented mode
(1)       0 : =4000              FCW_SN:         equ     4000H   ; system mode
(1)       0 : =2000              FCW_EPA:        equ     2000H   ; extended processor architecture
(1)       0 : =1000              FCW_VIE:        equ     1000H   ; vectored interrupt enable
(1)       0 : =800               FCW_NVIE:       equ     0800H   ; non-vectored interrupt enable
(1)       0 :
(1)       0 :                    ;;; Where the segmented samples live, each in a segment of its own.
(1)       0 : =10000             CODE:           equ     010000H ; code, segment 1
(1)       0 : =100               CODE_SEG:       equ     0100H   ; its segment word: the number in bits 14-8
(1)       0 : =20000             DATA:           equ     020000H ; queues and variables, segment 2
(1)       0 : =3001000           STACK:          equ     03001000H ; RR14: segment 3, offset 1000H
(1)       0 :                    ;;; The normal mode stack, NSPSEG and NSPOFF: segment 4, offset 1000H.
(1)       0 : =400               USTACK_SEG:     equ     0400H
(1)       0 : =1000              USTACK_OFF:     equ     1000H
(1)       0 :
(1)       0 :                    ;;; SC #SC_EXIT hands control back to the debugger.
(1)       0 : =FE                SC_EXIT:        equ     0FEH
          0 :                            include "../z8002/usart.inc"
(1)       0 :                    ;;; -*- mode: asm; mode: flyspell-prog; -*-
(1)       0 :                    ;;; i8251 Universal Synchronous/Asynchronous Receiver/Transmitter
(1)       0 : =140               USART:  equ     140H
(1)       0 : =140               USARTD: equ     USART+0         ; Data register
(1)       0 : =141               USARTS: equ     USART+1         ; Status register
(1)       0 : =141               USARTC: equ     USART+1         ; Control register
(1)       0 : =142               USARTRV:        equ     USART+2 ; Receive interrupt identifier
(1)       0 : =143               USARTTV:        equ     USART+3 ; Transmit interrupt identifier
(1)       0 :                    ;;; The identifiers the USART answers its vectored interrupts with: even,
(1)       0 :                    ;;; as the Z8001 requires.
(1)       0 : =2                 RX_ID:          equ     2
(1)       0 : =4                 TX_ID:          equ     4
(1)       0 :                            include "../z80/i8251.inc"
(2)       0 :                    ;;; -*- mode: asm; mode: flyspell-prog; -*-
(2)       0 :
(2)       0 :                    ;;; i8251 USART device emulator.
(2)       0 : =6                 MODE_STOP_gp:   equ     6
(2)       0 : =C0                MODE_STOP_gm:   equ     11000000B
(2)       0 : =40                MODE_STOP1_gc:  equ     (1 << MODE_STOP_gp)
(2)       0 : =80                MODE_STOP15_gc: equ     (2 << MODE_STOP_gp)
(2)       0 : =C0                MODE_STOP2_gc:  equ     (3 << MODE_STOP_gp)
(2)       0 : =20                MODE_EVEN_bm:   equ     00100000B
(2)       0 : =10                MODE_PARITY_bm: equ     00010000B
(2)       0 : =2                 MODE_LEN_gp:    equ     2
(2)       0 : =C                 MODE_LEN_gm:    equ     00001100B
(2)       0 : =0                 MODE_LEN5_gc:   equ     (0 << MODE_LEN_gp)
(2)       0 : =4                 MODE_LEN6_gc:   equ     (1 << MODE_LEN_gp)
(2)       0 : =8                 MODE_LEN7_gc:   equ     (2 << MODE_LEN_gp)
(2)       0 : =C                 MODE_LEN8_gc:   equ     (3 << MODE_LEN_gp)
(2)       0 : =0                 MODE_BAUD_gp:   equ     0
(2)       0 : =3                 MODE_BAUD_gm:   equ     00000011B
(2)       0 : =1                 MODE_BAUD_X1:   equ     (1 << MODE_BAUD_gp)
(2)       0 : =2                 MODE_BAUD_X16:  equ (2 << MODE_BAUD_gp)
(2)       0 : =3                 MODE_BAUD_X64:  equ (3 << MODE_BAUD_gp)
(2)       0 :                    ;;; Bit Definition of command register
(2)       0 : =80                CMD_EH_bm:      equ     10000000B   ; Enter hunt mode
(2)       0 : =40                CMD_IR_bm:      equ     01000000B   ; Internal Reset
(2)       0 : =20                CMD_RTS_bm:     equ     00100000B   ; Request To Send
(2)       0 : =10                CMD_ER_bm:      equ     00010000B   ; Error Reset
(2)       0 : =8                 CMD_SBRK_bm:    equ     00001000B   ; Send Break
(2)       0 : =4                 CMD_RxEN_bm:    equ     00000100B   ; Receive Enable
(2)       0 : =2                 CMD_DTR_bm:     equ     00000010B   ; Data Terminal Ready
(2)       0 : =1                 CMD_TxEN_bm:    equ     00000001B   ; Transmit enable
(2)       0 :
(2)       0 :                    ;;; Bit definition of status register
(2)       0 : =80                ST_DSR_bm:      equ     10000000B   ; Data Set Ready
(2)       0 : =40                ST_BRK_bm:      equ     01000000B   ; BREAK detected
(2)       0 : =20                ST_FE_bm:       equ     00100000B   ; Framing Error
(2)       0 : =10                ST_OE_bm:       equ     00010000B   ; Overrun Error
(2)       0 : =8                 ST_PE_bm:       equ     00001000B   ; Parity Error
(2)       0 : =2                 ST_TxEMPTY_bp:  equ     2           ; Transmitter empty
(2)       0 : =1                 ST_RxRDY_bp:    equ     1           ; Receiver ready
(2)       0 : =0                 ST_TxRDY_bp:    equ     0           ; Transmitter ready
(1)       0 :                    ;;; Async 1stop 8data x16
(1)       0 : =4E                ASYNC_MODE:     equ     MODE_STOP1_gc|MODE_LEN8_gc|MODE_BAUD_X16
(1)       0 :                    ;;; RTS/DTR, error reset, Rx enable, Tx enable
(1)       0 : =37                RX_EN_TX_EN:    equ     CMD_RTS_bm|CMD_DTR_bm|CMD_ER_bm|CMD_RxEN_bm|CMD_TxEN_bm
(1)       0 : =36                RX_EN_TX_DIS:   equ     CMD_RTS_bm|CMD_DTR_bm|CMD_ER_bm|CMD_RxEN_bm
          0 :
          0 :                            org     ORG_RESET
          0 : 0000                       word    0
          2 : C000                       word    FCW_SEG|FCW_SN  ; segmented system mode, interrupts disabled
          4 : 0100 0100                  word    CODE_SEG, init-CODE
          8 :
         18 :                            org     PSA_SC
         18 : 0000                       word    0
         1A : C000                       word    FCW_SEG|FCW_SN  ; I/O for the program in normal mode
         1C : 0100 032E                  word    CODE_SEG, isr_sc-CODE
         20 :
         38 :                            org     PSA_VI
         38 : 0000                       word    0
         3A : C000                       word    FCW_SEG|FCW_SN  ; the handlers run with interrupts disabled
         40 :                            org     PSA_VI+4+2*RX_ID
         40 : 0100 02DC                  word    CODE_SEG, isr_rx-CODE
         44 :                            org     PSA_VI+4+2*TX_ID
         44 : 0100 0300                  word    CODE_SEG, isr_tx-CODE
         48 :
      10100 :                            org     CODE+0100H
      10100 :                    init:
      10100 : 140E 0300 1000             ldl     rr14, #STACK
      10106 : 8D08                       clr     r0
      10108 : 7D0C                       ldctl   psapseg, r0
      1010A : 7D0D                       ldctl   psapoff, r0     ; the Program Status Area at <<0>>0000H
      1010C : 2100 0400                  ld      r0, #USTACK_SEG
      10110 : 7D0E                       ldctl   nspseg, r0
      10112 : 2100 1000                  ld      r0, #USTACK_OFF
      10116 : 7D0F                       ldctl   nspoff, r0
      10118 : 5F00 8100 024C             call    init_io
      1011E : 7900 8100 012E             ldps    user_ps         ; on in normal mode, which does I/O by SC
      10124 :
      10124 :                    loop:
      10124 : 5F00 8100 0136             call    mandelbrot
      1012A : 7F03                       sc      #SC_NEWLINE
      1012C : E8FB                       jr      loop
      1012E :
      1012E :                    user_ps:
      1012E : 0000                       word    0
      10130 : 9000                       word    FCW_SEG|FCW_VIE ; normal mode, vectored interrupts enabled
      10132 : 0100 0124                  word    CODE_SEG, loop-CODE
      10136 :
      10136 :                            include "mandelbrot.inc"
(1)   10136 :                    ;;; -*- mode: asm; mode: flyspell-prog; -*-
(1)   10136 :                    ;;; samples/arith/mandelbrot.c: MULT gives each product in 32 bits, and
(1)   10136 :                    ;;; DIV divides it rounded toward zero, the remainder with the dividend's
(1)   10136 :                    ;;; sign, as C does.
(1)   10136 :
(1)   10136 : =32                Fv:     equ     50
(1)   10136 :                    mandelbrot:
(1)   10136 : 2101 FFF4                  ld      r1, #-12
(1)   1013A : 6F01 0210                  ld      vY, r1          ; Y=-12
(1)   1013E :                    loop_y:
(1)   1013E : 2101 FFCF                  ld      r1, #-49
(1)   10142 : 6F01 0212                  ld      vX, r1          ; X=-49
(1)   10146 :                    loop_x:
(1)   10146 : 6103 0212                  ld      r3, vX
(1)   1014A : 1902 00E5                  mult    rr2, #229       ; RR2=X*229
(1)   1014E : 1B02 0064                  div     rr2, #100       ; R3=X*229/100
(1)   10152 : 6F03 0200                  ld      vC, r3          ; C=X*229/100
(1)   10156 : 6F03 0204                  ld      vA, r3          ; A=C
(1)   1015A : 6103 0210                  ld      r3, vY
(1)   1015E : 1902 01A0                  mult    rr2, #416       ; RR2=Y*416
(1)   10162 : 1B02 0064                  div     rr2, #100       ; R3=Y*416/100
(1)   10166 : 6F03 0202                  ld      vD, r3          ; D=Y*416/100
(1)   1016A : 6F03 0206                  ld      vB, r3          ; B=D
(1)   1016E : 4D08 0214                  clr     vIter           ; I=0
(1)   10172 :
(1)   10172 :                    loop_i:
(1)   10172 : 6103 0206                  ld      r3, vB
(1)   10176 : B12A                       exts    rr2
(1)   10178 : 1B02 0032                  div     rr2, #Fv        ; R3=B/F, R2=B-(B/F)*F
(1)   1017C : 6F03 020A                  ld      vQ, r3          ; Q=B/F
(1)   10180 : 6F02 020C                  ld      vS, r2          ; S=B-Q*F
(1)   10184 : 6105 0206                  ld      r5, vB
(1)   10188 : 5904 0206                  mult    rr4, vB         ; RR4=B*B
(1)   1018C : 6107 0204                  ld      r7, vA
(1)   10190 : 5906 0204                  mult    rr6, vA         ; RR6=A*A
(1)   10194 : 9246                       subl    rr6, rr4        ; A*A-B*B
(1)   10196 : 1B06 0032                  div     rr6, #Fv        ; R7=(A*A-B*B)/F
(1)   1019A : 4107 0200                  add     r7, vC          ; (A*A-B*B)/F+C
(1)   1019E : 93E7                       push    @rr14, r7        ; push (A*A-B*B)/F+C
(1)   101A0 : 6105 0204                  ld      r5, vA
(1)   101A4 : 5904 020C                  mult    rr4, vS         ; RR4=A*S
(1)   101A8 : 1B04 0032                  div     rr4, #Fv        ; R5=A*S/F
(1)   101AC : 6107 0204                  ld      r7, vA
(1)   101B0 : 5906 020A                  mult    rr6, vQ         ; RR6=A*Q
(1)   101B4 : 8157                       add     r7, r5          ; A*Q+A*S/F
(1)   101B6 : 8177                       add     r7, r7          ; 2*(A*Q+A*S/F)
(1)   101B8 : 4107 0202                  add     r7, vD          ; 2*(A*Q+A*S/F)+D
(1)   101BC : 6F07 0206                  ld      vB, r7          ; B=2*(A*Q+A*S/F)+D
(1)   101C0 : 97E7                       pop     r7, @rr14        ; pop (A*A-B*B)/F+C
(1)   101C2 : 6F07 0204                  ld      vA, r7          ; A=(A*A-B*B)/F+C
(1)   101C6 : B16A                       exts    rr6
(1)   101C8 : 1B06 0032                  div     rr6, #Fv        ; R7=A/F
(1)   101CC : 6F07 0208                  ld      vP, r7          ; P=A/F
(1)   101D0 : A175                       ld      r5, r7
(1)   101D2 : 9974                       mult    rr4, r7         ; RR4=P*P
(1)   101D4 : 6107 0206                  ld      r7, vB
(1)   101D8 : B16A                       exts    rr6
(1)   101DA : 1B06 0032                  div     rr6, #Fv        ; R7=B/F
(1)   101DE : 6F07 020A                  ld      vQ, r7          ; Q=B/F
(1)   101E2 : A173                       ld      r3, r7
(1)   101E4 : 9972                       mult    rr2, r7         ; RR2=Q*Q
(1)   101E6 : 8135                       add     r5, r3          ; P*P+Q*Q
(1)   101E8 : 6F05 020E                  ld      vT, r5          ; T=P*P+Q*Q
(1)   101EC : 0B05 0004                  cp      r5, #4
(1)   101F0 : EA09                       jr      gt, print_i     ; if 4<T
(1)   101F2 : 6900 0214                  inc     vIter, #1       ; I+=1
(1)   101F6 : 6101 0214                  ld      r1, vIter
(1)   101FA : 0B01 0010                  cp      r1, #16
(1)   101FE : E1B9                       jr      lt, loop_i      ; if I<16
(1)   10200 : C820                       ldb     rl0, #' '
(1)   10202 : E80A                       jr      print_char
(1)   10204 :                    print_i:
(1)   10204 : 6101 0214                  ld      r1, vIter
(1)   10208 : A098                       ldb     rl0, rl1
(1)   1020A : 0A08 0A0A                  cpb     rl0, #10
(1)   1020E : E102                       jr      lt, print_digit
(1)   10210 : 0008 0707                  addb    rl0, #'A'-'0'-10
(1)   10214 :                    print_digit:
(1)   10214 : 0008 3030                  addb    rl0, #'0'
(1)   10218 :                    print_char:
(1)   10218 : 7F02                       sc      #SC_PUTCHAR
(1)   1021A :
(1)   1021A : 7F01                       sc      #SC_GETCHAR
(1)   1021C : EF03                       jr      nc, next_x
(1)   1021E : 8C84                       testb   rl0
(1)   10220 : EE01                       jr      nz, next_x
(1)   10222 :                    halt_to_system:
(1)   10222 : 7FFE                       sc      #SC_EXIT
(1)   10224 :
(1)   10224 :                    next_x:
(1)   10224 : 6900 0212                  inc     vX, #1          ; X+=1
(1)   10228 : 6101 0212                  ld      r1, vX
(1)   1022C : 0B01 001E                  cp      r1, #30
(1)   10230 : 5E01 8100 0146             jp      lt, loop_x      ; if X<30
(1)   10236 : 7F03                       sc      #SC_NEWLINE
(1)   10238 : 6900 0210                  inc     vY, #1          ; Y+=1
(1)   1023C : 6101 0210                  ld      r1, vY
(1)   10240 : 0B01 000D                  cp      r1, #13
(1)   10244 : 5E01 8100 013E             jp      lt, loop_y      ; if Y<13
(1)   1024A : 9E08                       ret
(1)   1024C :
(1)   1024C :                    ;;; workspace, in segment DATA
(1)   1024C : =20000             vC:      equ     DATA+00H
(1)   1024C : =20002             vD:      equ     DATA+02H
(1)   1024C : =20004             vA:      equ     DATA+04H
(1)   1024C : =20006             vB:      equ     DATA+06H
(1)   1024C : =20008             vP:      equ     DATA+08H
(1)   1024C : =2000A             vQ:      equ     DATA+0AH
(1)   1024C : =2000C             vS:      equ     DATA+0CH
(1)   1024C : =2000E             vT:      equ     DATA+0EH
(1)   1024C : =20010             vY:      equ     DATA+10H
(1)   1024C : =20012             vX:      equ     DATA+12H
(1)   1024C : =20014             vIter:   equ     DATA+14H
      1024C :                            include "io.inc"
(1)   1024C :                    ;;; -*- mode: asm; mode: flyspell-prog; -*-
(1)   1024C :                    ;;; Console through the USART's interrupts: received characters queue
(1)   1024C :                    ;;; at rx_queue, characters to send at tx_queue. The USART interrupts on
(1)   1024C :                    ;;; VI with identifier RX_ID or TX_ID. The queues are offsets in segment
(1)   1024C :                    ;;; DATA.
(1)   1024C : =2000              rx_queue:       equ     2000H
(1)   1024C : =80                rx_queue_size:  equ     128
(1)   1024C : =2080              tx_queue:       equ     2080H
(1)   1024C : =80                tx_queue_size:  equ     128
(1)   1024C :
(1)   1024C :                    ;;; Initialize the queues and the USART
(1)   1024C :                    ;;; @clobber R0 R1
(1)   1024C :                    init_io:
(1)   1024C : 2101 2000                  ld      r1, #rx_queue
(1)   10250 : C880                       ldb     rl0, #rx_queue_size
(1)   10252 : 5F00 8100 0372             call    queue_init
(1)   10258 : 2101 2080                  ld      r1, #tx_queue
(1)   1025C : C880                       ldb     rl0, #tx_queue_size
(1)   1025E : 5F00 8100 0372             call    queue_init
(1)   10264 : 8C88                       clrb    rl0
(1)   10266 : 3A86 0141                  outb    USARTC, rl0
(1)   1026A : 3A86 0141                  outb    USARTC, rl0
(1)   1026E : 3A86 0141                  outb    USARTC, rl0     ; safest way to sync mode
(1)   10272 : C840                       ldb     rl0, #CMD_IR_bm
(1)   10274 : 3A86 0141                  outb    USARTC, rl0     ; reset
(1)   10278 : 8D07                       nop
(1)   1027A : 8D07                       nop
(1)   1027C : C84E                       ldb     rl0, #ASYNC_MODE
(1)   1027E : 3A86 0141                  outb    USARTC, rl0
(1)   10282 : 8D07                       nop
(1)   10284 : 8D07                       nop
(1)   10286 : C836                       ldb     rl0, #RX_EN_TX_DIS
(1)   10288 : 3A86 0141                  outb    USARTC, rl0
(1)   1028C : C802                       ldb     rl0, #RX_ID
(1)   1028E : 3A86 0142                  outb    USARTRV, rl0    ; RxRDY interrupt identifier
(1)   10292 : C804                       ldb     rl0, #TX_ID
(1)   10294 : 3A86 0143                  outb    USARTTV, rl0    ; TxRDY interrupt identifier
(1)   10298 : 9E08                       ret
(1)   1029A :
(1)   1029A :                    ;;; Get character
(1)   1029A :                    ;;; @return RL0
(1)   1029A :                    ;;; @return FLAGS.C 0 if no character
(1)   1029A :                    getchar:
(1)   1029A : 93E1                       push    @rr14, r1
(1)   1029C : 2101 2000                  ld      r1, #rx_queue
(1)   102A0 : 7C01                       di      vi
(1)   102A2 : 5F00 8100 03C0             call    queue_remove
(1)   102A8 : 7C05                       ei      vi
(1)   102AA : 97E1                       pop     r1, @rr14
(1)   102AC : 9E08                       ret
(1)   102AE :
(1)   102AE :                    ;;; Put newline
(1)   102AE :                    ;;; @clobber RL0
(1)   102AE :                    newline:
(1)   102AE : C80D                       ldb     rl0, #0DH
(1)   102B0 : 5F00 8100 02B8             call    putchar
(1)   102B6 : C80A                       ldb     rl0, #0AH
(1)   102B8 :                    ;;; Put character
(1)   102B8 :                    ;;; @param RL0
(1)   102B8 :                    putchar:
(1)   102B8 : 93E1                       push    @rr14, r1
(1)   102BA : 2101 2080                  ld      r1, #tx_queue
(1)   102BE :                    putchar_retry:
(1)   102BE : 7C01                       di      vi
(1)   102C0 : 5F00 8100 0388             call    queue_add
(1)   102C6 : 7C05                       ei      vi
(1)   102C8 : EFFA                       jr      nc, putchar_retry ; branch if queue is full
(1)   102CA : 97E1                       pop     r1, @rr14
(1)   102CC : 93E0                       push    @rr14, r0
(1)   102CE : C837                       ldb     rl0, #RX_EN_TX_EN ; enable Tx
(1)   102D0 : 3A86 0141                  outb    USARTC, rl0
(1)   102D4 : 97E0                       pop     r0, @rr14
(1)   102D6 : 9E08                       ret
(1)   102D8 :
(1)   102D8 :                    ;;; Put space
(1)   102D8 :                    ;;; @clobber RL0
(1)   102D8 :                    putspace:
(1)   102D8 : C820                       ldb     rl0, #' '
(1)   102DA : E8EE                       jr      putchar
(1)   102DC :
(1)   102DC :                    isr_rx:
(1)   102DC : 93E0                       push    @rr14, r0
(1)   102DE : 93E1                       push    @rr14, r1
(1)   102E0 : 3A84 0141                  inb     rl0, USARTS
(1)   102E4 : A681                       bitb    rl0, #ST_RxRDY_bp
(1)   102E6 : E607                       jr      z, isr_rx_exit
(1)   102E8 : 3A84 0140                  inb     rl0, USARTD     ; receive character
(1)   102EC : 2101 2000                  ld      r1, #rx_queue
(1)   102F0 : 5F00 8100 0388             call    queue_add
(1)   102F6 :                    isr_rx_exit:
(1)   102F6 : 97E1                       pop     r1, @rr14
(1)   102F8 : 97E0                       pop     r0, @rr14
(1)   102FA : 5E08 8100 03F2             jp      isr_return
(1)   10300 :
(1)   10300 :                    isr_tx:
(1)   10300 : 93E0                       push    @rr14, r0
(1)   10302 : 93E1                       push    @rr14, r1
(1)   10304 : 3A84 0141                  inb     rl0, USARTS
(1)   10308 : A680                       bitb    rl0, #ST_TxRDY_bp
(1)   1030A : E60C                       jr      z, isr_tx_exit
(1)   1030C : 2101 2080                  ld      r1, #tx_queue
(1)   10310 : 5F00 8100 03C0             call    queue_remove
(1)   10316 : EF03                       jr      nc, isr_tx_empty
(1)   10318 : 3A86 0140                  outb    USARTD, rl0     ; send character
(1)   1031C : E803                       jr      isr_tx_exit
(1)   1031E :                    isr_tx_empty:
(1)   1031E : C836                       ldb     rl0, #RX_EN_TX_DIS
(1)   10320 : 3A86 0141                  outb    USARTC, rl0     ; disable Tx
(1)   10324 :                    isr_tx_exit:
(1)   10324 : 97E1                       pop     r1, @rr14
(1)   10326 : 97E0                       pop     r0, @rr14
(1)   10328 : 5E08 8100 03F2             jp      isr_return
(1)   1032E :
(1)   1032E :                    ;;; System calls for a program in normal mode, which may not do I/O:
(1)   1032E :                    ;;; SC #n with the arguments and results of the routine n names.
(1)   1032E : =1                 SC_GETCHAR:     equ     1       ; getchar
(1)   1032E : =2                 SC_PUTCHAR:     equ     2       ; putchar
(1)   1032E : =3                 SC_NEWLINE:     equ     3       ; newline
(1)   1032E :
(1)   1032E :                    ;;; The frame lies above R1 pushed here: the SC's identifier at 2, the
(1)   1032E :                    ;;; caller's FCW at 4, which getchar's carry goes back in.
(1)   1032E :                    isr_sc:
(1)   1032E : 93E1                       push    @rr14, r1
(1)   10330 : 31E1 0002                  ld      r1, rr14(#2)    ; SC #n: 7F00H|n
(1)   10334 : 0A09 0101                  cpb     rl1, #SC_GETCHAR
(1)   10338 : E60E                       jr      eq, isr_sc_getchar
(1)   1033A : 0A09 0202                  cpb     rl1, #SC_PUTCHAR
(1)   1033E : E607                       jr      eq, isr_sc_putchar
(1)   10340 : 0A09 0303                  cpb     rl1, #SC_NEWLINE
(1)   10344 : EE12                       jr      ne, isr_sc_exit
(1)   10346 : 5F00 8100 02AE             call    newline
(1)   1034C : E80E                       jr      isr_sc_exit
(1)   1034E :                    isr_sc_putchar:
(1)   1034E : 5F00 8100 02B8             call    putchar
(1)   10354 : E80A                       jr      isr_sc_exit
(1)   10356 :                    isr_sc_getchar:
(1)   10356 : 5F00 8100 029A             call    getchar
(1)   1035C : 31E1 0004                  ld      r1, rr14(#4)
(1)   10360 : A317                       res     r1, #7          ; FCW C
(1)   10362 : EF01                       jr      nc, isr_sc_return
(1)   10364 : A517                       set     r1, #7
(1)   10366 :                    isr_sc_return:
(1)   10366 : 33E1 0004                  ld      rr14(#4), r1
(1)   1036A :                    isr_sc_exit:
(1)   1036A : 97E1                       pop     r1, @rr14
(1)   1036C : 5E08 8100 03F2             jp      isr_return
(1)   10372 :
(1)   10372 :                            include "queue.inc"
(2)   10372 :                    ;;; -*- mode: asm; mode: flyspell-prog; -*-
(2)   10372 :                    ;;; [queue] queue structure: the queues live in segment DATA, a pointer
(2)   10372 :                    ;;; their offset there
(2)   10372 : =0                 queue_len:      equ     0       ; queue length
(2)   10372 : =1                 queue_size:     equ     1       ; buffer size
(2)   10372 : =2                 queue_put:      equ     2       ; queue put index
(2)   10372 : =3                 queue_get:      equ     3       ; queue get index
(2)   10372 : =4                 queue_buf:      equ     4       ; buffer start offset
(2)   10372 :
(2)   10372 :                    ;;; [queue] Initialize queue
(2)   10372 :                    ;;; @param R1 queue work space pointer
(2)   10372 :                    ;;; @param RL0 queue work space size
(2)   10372 :                    ;;; @clobber RL0
(2)   10372 :                    queue_init:
(2)   10372 : 4C18 0200                  clrb    DATA+queue_len(r1)
(2)   10376 : 0208 0404                  subb    rl0, #queue_buf
(2)   1037A : 6E18 0201                  ldb     DATA+queue_size(r1), rl0
(2)   1037E : 4C18 0202                  clrb    DATA+queue_put(r1)
(2)   10382 : 4C18 0203                  clrb    DATA+queue_get(r1)
(2)   10386 : 9E08                       ret
(2)   10388 :
(2)   10388 :                    ;;; [queue] Add an element to queue
(2)   10388 :                    ;;; @param R1 queue work space pointer
(2)   10388 :                    ;;; @param RL0 an element
(2)   10388 :                    ;;; @return FLAGS.C 0 if queue is full
(2)   10388 :                    queue_add:
(2)   10388 : 93E2                       push    @rr14, r2
(2)   1038A : 601A 0200                  ldb     rl2, DATA+queue_len(r1)
(2)   1038E : 4A1A 0201                  cpb     rl2, DATA+queue_size(r1)
(2)   10392 : E703                       jr      c, queue_add_store ; queue_len < queue_size
(2)   10394 : 97E2                       pop     r2, @rr14
(2)   10396 : 8D83                       resflg  c
(2)   10398 : 9E08                       ret
(2)   1039A :                    queue_add_store:
(2)   1039A : 6810 0200                  incb    DATA+queue_len(r1), #1
(2)   1039E : 8D28                       clr     r2
(2)   103A0 : 601A 0202                  ldb     rl2, DATA+queue_put(r1)
(2)   103A4 : 8112                       add     r2, r1
(2)   103A6 : 6E28 0204                  ldb     DATA+queue_buf(r2), rl0 ; store an element
(2)   103AA : 8312                       sub     r2, r1
(2)   103AC : A8A0                       incb    rl2, #1            ; queue_put++
(2)   103AE : 4A1A 0201                  cpb     rl2, DATA+queue_size(r1)
(2)   103B2 : E701                       jr      c, queue_add_update ; queue_put < queue_size
(2)   103B4 : 8CA8                       clrb    rl2                 ; wrap around
(2)   103B6 :                    queue_add_update:
(2)   103B6 : 6E1A 0202                  ldb     DATA+queue_put(r1), rl2
(2)   103BA : 97E2                       pop     r2, @rr14
(2)   103BC : 8D81                       setflg  c
(2)   103BE : 9E08                       ret
(2)   103C0 :
(2)   103C0 :                    ;;; [queue] Remove an element from queue
(2)   103C0 :                    ;;; @param R1 queue work space pointer
(2)   103C0 :                    ;;; @return RL0 an element
(2)   103C0 :                    ;;; @return FLAGS.C 0 if queue is empty
(2)   103C0 :                    queue_remove:
(2)   103C0 : 4C14 0200                  testb   DATA+queue_len(r1)
(2)   103C4 : EE02                       jr      nz, queue_remove_elem
(2)   103C6 : 8D83                       resflg  c
(2)   103C8 : 9E08                       ret
(2)   103CA :                    queue_remove_elem:
(2)   103CA : 93E2                       push    @rr14, r2
(2)   103CC : 6A10 0200                  decb    DATA+queue_len(r1), #1
(2)   103D0 : 8D28                       clr     r2
(2)   103D2 : 601A 0203                  ldb     rl2, DATA+queue_get(r1)
(2)   103D6 : 8112                       add     r2, r1
(2)   103D8 : 6028 0204                  ldb     rl0, DATA+queue_buf(r2) ; read an element
(2)   103DC : 8312                       sub     r2, r1
(2)   103DE : A8A0                       incb    rl2, #1            ; queue_get++
(2)   103E0 : 4A1A 0201                  cpb     rl2, DATA+queue_size(r1)
(2)   103E4 : E701                       jr      c, queue_remove_update ; queue_get < queue_size
(2)   103E6 : 8CA8                       clrb    rl2                    ; wrap around
(2)   103E8 :                    queue_remove_update:
(2)   103E8 : 6E1A 0203                  ldb     DATA+queue_get(r1), rl2
(2)   103EC : 97E2                       pop     r2, @rr14
(2)   103EE : 8D81                       setflg  c
(2)   103F0 : 9E08                       ret
      103F2 :
      103F2 :                    ;;; Return from an interrupt handler.
      103F2 :                    isr_return:
      103F2 : 7B00                       iret
